@NLA.RA08.orderedSpectral_exists : ∀ {n : ℕ} (A : NLA.RA08.RealMatrix n),
  Matrix.PosSemidef.{0, 0} A → Nonempty.{1} (NLA.RA08.OrderedSpectralData A)
'NLA.RA08.orderedSpectral_exists' depends on axioms: [propext, Classical.choice.{u}, Quot.sound.{u}]
@NLA.RA08.orderedSpectral_semantics : ∀ {n : ℕ} {A : NLA.RA08.RealMatrix n} (d : NLA.RA08.OrderedSpectralData A),
  Matrix.PosSemidef.{0, 0} A ∧
    Eq.{1} (NLA.RA08.spectralCombination d d.eigenvalues) A ∧
      (∀ (i j : Fin n),
          Eq.{1} (dotProduct.{0, 0} (fun r => ↑d.orthogonal r i) fun r => ↑d.orthogonal r j)
            (ite.{1} (Eq.{1} i j) 1 0)) ∧
        ∀ (i : Fin n),
          Eq.{1} (Matrix.mulVec.{0, 0, 0} A fun r => ↑d.orthogonal r i)
            (HSMul.hSMul.{0, 0, 0} (d.eigenvalues i) fun r => ↑d.orthogonal r i)
'NLA.RA08.orderedSpectral_semantics' depends on axioms: [propext, Classical.choice.{u}, Quot.sound.{u}]
@NLA.RA08.functionalCalculus_spectral : ∀ {n : ℕ} {A : NLA.RA08.RealMatrix n} (d : NLA.RA08.OrderedSpectralData A)
  (f : ℝ → ℝ),
  Eq.{1} (NLA.RA08.functionalCalculus f A) (NLA.RA08.spectralCombination d fun i => f (d.eigenvalues i)) ∧
    ∀ (g : ℝ → ℝ),
      Set.EqOn.{0, 0} f g (Set.Ici.{0} 0) → Eq.{1} (NLA.RA08.functionalCalculus f A) (NLA.RA08.functionalCalculus g A)
'NLA.RA08.functionalCalculus_spectral' depends on axioms: [propext, Classical.choice.{u}, Quot.sound.{u}]
@NLA.RA08.spectral_tail_norms : ∀ {n : ℕ} {A : NLA.RA08.RealMatrix n} (d : NLA.RA08.OrderedSpectralData A) (k : ℕ)
  (hk : LT.lt.{0} k n) (f : ℝ → ℝ),
  NLA.RA08.AdmissibleFunction f →
    Eq.{1} (NLA.RA08.spectralNorm (HSub.hSub.{0, 0, 0} A (NLA.RA08.truncation d k))) (d.eigenvalues ⟨k, hk⟩) ∧
      Eq.{1}
        (NLA.RA08.spectralNorm
          (HSub.hSub.{0, 0, 0} (NLA.RA08.functionalCalculus f A) (NLA.RA08.functionTruncation d f k)))
        (f (d.eigenvalues ⟨k, hk⟩))
'NLA.RA08.spectral_tail_norms' depends on axioms: [propext, Classical.choice.{u}, Quot.sound.{u}]
@NLA.RA08.operator_rayleigh_bound : ∀ {n : ℕ} (A : NLA.RA08.RealMatrix n) (x : Fin n → ℝ),
  LE.le.{0} (abs.{0} (dotProduct.{0, 0} x (Matrix.mulVec.{0, 0, 0} A x)))
    (HMul.hMul.{0, 0, 0} (NLA.RA08.spectralNorm A) (dotProduct.{0, 0} x x))
'NLA.RA08.operator_rayleigh_bound' depends on axioms: [propext, Classical.choice.{u}, Quot.sound.{u}]
NLA.RA08.witness_data : NLA.RA08.AdmissibleFunction NLA.RA08.witnessFunction ∧
  Eq.{1} (NLA.RA08.witnessFunction 0) 0 ∧
    LT.lt.{0} 0 NLA.RA08.witnessT ∧
      LT.lt.{0} (HAdd.hAdd.{0, 0, 0} NLA.RA08.witnessB NLA.RA08.witnessT) 1 ∧
        Eq.{1} (HMul.hMul.{0, 0, 0} (Matrix.transpose.{0, 0, 0} NLA.RA08.witnessU) NLA.RA08.witnessU) 1 ∧
          Eq.{1} (HPow.hPow.{0, 0, 0} NLA.RA08.witnessF 2) NLA.RA08.witnessF ∧
            Matrix.PosSemidef.{0, 0} NLA.RA08.witnessF ∧
              Matrix.PosSemidef.{0, 0} (HSub.hSub.{0, 0, 0} 1 NLA.RA08.witnessF) ∧
                Matrix.PosSemidef.{0, 0} NLA.RA08.witnessApproximation ∧
                  Matrix.PosDef.{0, 0} NLA.RA08.witnessMatrix ∧
                    LE.le.{0} NLA.RA08.witnessApproximation NLA.RA08.witnessMatrix
'NLA.RA08.witness_data' depends on axioms: [propext, Classical.choice.{u}, Quot.sound.{u}]
NLA.RA08.witness_spectral_location : spectrum.{0, 0} ℝ NLA.RA08.witnessMatrix ⊆
  Union.union.{0} (Set.Icc.{0} 0 1) (Set.Ici.{0} NLA.RA08.witnessA)
'NLA.RA08.witness_spectral_location' depends on axioms: [propext, Classical.choice.{u}, Quot.sound.{u}]
NLA.RA08.minorant_scalar : ∀ (x : ℝ),
  LE.le.{0} 0 x →
    LE.le.{0} x 1 ∨ LE.le.{0} NLA.RA08.witnessA x → LE.le.{0} (NLA.RA08.minorantFunction x) (NLA.RA08.witnessFunction x)
'NLA.RA08.minorant_scalar' depends on axioms: [propext, Classical.choice.{u}, Quot.sound.{u}]
NLA.RA08.minorant_functional_calculus : Eq.{1}
    (NLA.RA08.functionalCalculus NLA.RA08.minorantFunction NLA.RA08.witnessMatrix)
    (NLA.RA08.minorantMatrix NLA.RA08.witnessMatrix) ∧
  LE.le.{0} (NLA.RA08.minorantMatrix NLA.RA08.witnessMatrix)
    (NLA.RA08.functionalCalculus NLA.RA08.witnessFunction NLA.RA08.witnessMatrix)
'NLA.RA08.minorant_functional_calculus' depends on axioms: [propext, Classical.choice.{u}, Quot.sound.{u}]
NLA.RA08.witness_tail_data : ∀ (dA : NLA.RA08.OrderedSpectralData NLA.RA08.witnessMatrix)
  (dAhat : NLA.RA08.OrderedSpectralData NLA.RA08.witnessApproximation),
  Eq.{1} (NLA.RA08.spectralNorm (HSub.hSub.{0, 0, 0} NLA.RA08.witnessMatrix NLA.RA08.witnessApproximation))
      NLA.RA08.witnessT ∧
    Eq.{1} (dA.eigenvalues 3) NLA.RA08.witnessT ∧
      Eq.{1} (NLA.RA08.truncation dAhat 3) NLA.RA08.witnessApproximation ∧
        Eq.{1} (NLA.RA08.functionTruncation dAhat NLA.RA08.witnessFunction 3)
            (NLA.RA08.functionalCalculus NLA.RA08.witnessFunction NLA.RA08.witnessApproximation) ∧
          Eq.{1} (NLA.RA08.spectralNorm (HSub.hSub.{0, 0, 0} NLA.RA08.witnessMatrix (NLA.RA08.truncation dA 3)))
              NLA.RA08.witnessT ∧
            Eq.{1}
              (NLA.RA08.spectralNorm
                (HSub.hSub.{0, 0, 0} (NLA.RA08.functionalCalculus NLA.RA08.witnessFunction NLA.RA08.witnessMatrix)
                  (NLA.RA08.functionTruncation dA NLA.RA08.witnessFunction 3)))
              NLA.RA08.witnessT
'NLA.RA08.witness_tail_data' depends on axioms: [propext, Classical.choice.{u}, Quot.sound.{u}]
NLA.RA08.witness_rational_certificate : Eq.{1} (dotProduct.{0, 0} NLA.RA08.witnessVector NLA.RA08.witnessVector) 26 ∧
  Eq.{1} (dotProduct.{0, 0} NLA.RA08.witnessVector (Matrix.mulVec.{0, 0, 0} NLA.RA08.witnessF NLA.RA08.witnessVector))
      (14912 / 585) ∧
    Eq.{1} (Matrix.mulVec.{0, 0, 0} (NLA.RA08.matrixK NLA.RA08.witnessMatrix) NLA.RA08.witnessVector)
        NLA.RA08.witnessKVector ∧
      Eq.{1} (dotProduct.{0, 0} NLA.RA08.witnessKVector NLA.RA08.witnessKVector)
          (1800760572753083906132034496291 / 1019907849866242673982515970048000) ∧
        Eq.{1} (NLA.RA08.functionalCalculus NLA.RA08.witnessFunction NLA.RA08.witnessApproximation)
            NLA.RA08.witnessApproximationImage ∧
          Eq.{1}
            (dotProduct.{0, 0} NLA.RA08.witnessVector
              (Matrix.mulVec.{0, 0, 0}
                (HSub.hSub.{0, 0, 0} (NLA.RA08.minorantMatrix NLA.RA08.witnessMatrix)
                  (NLA.RA08.functionalCalculus NLA.RA08.witnessFunction NLA.RA08.witnessApproximation))
                NLA.RA08.witnessVector))
            (HMul.hMul.{0, 0, 0} (HMul.hMul.{0, 0, 0} 26 NLA.RA08.witnessT) (HAdd.hAdd.{0, 0, 0} 1 NLA.RA08.witnessGap))
'NLA.RA08.witness_rational_certificate' depends on axioms: [propext, Classical.choice.{u}, Quot.sound.{u}]
NLA.RA08.numerical_gap_positive : LT.lt.{0} 0 NLA.RA08.witnessGap
'NLA.RA08.numerical_gap_positive' depends on axioms: [propext, Classical.choice.{u}, Quot.sound.{u}]
NLA.RA08.counterexample : ∀ (dA : NLA.RA08.OrderedSpectralData NLA.RA08.witnessMatrix)
  (dAhat : NLA.RA08.OrderedSpectralData NLA.RA08.witnessApproximation),
  LE.le.{0} (NLA.RA08.spectralNorm (HSub.hSub.{0, 0, 0} NLA.RA08.witnessMatrix (NLA.RA08.truncation dAhat 3)))
      (NLA.RA08.spectralNorm (HSub.hSub.{0, 0, 0} NLA.RA08.witnessMatrix (NLA.RA08.truncation dA 3))) ∧
    ¬LE.le.{0}
        (NLA.RA08.spectralNorm
          (HSub.hSub.{0, 0, 0} (NLA.RA08.functionalCalculus NLA.RA08.witnessFunction NLA.RA08.witnessMatrix)
            (NLA.RA08.functionTruncation dAhat NLA.RA08.witnessFunction 3)))
        (NLA.RA08.spectralNorm
          (HSub.hSub.{0, 0, 0} (NLA.RA08.functionalCalculus NLA.RA08.witnessFunction NLA.RA08.witnessMatrix)
            (NLA.RA08.functionTruncation dA NLA.RA08.witnessFunction 3)))
'NLA.RA08.counterexample' depends on axioms: [propext, Classical.choice.{u}, Quot.sound.{u}]
NLA.RA08.not_concaveSpectralTransferConjecture : ¬NLA.RA08.ConcaveSpectralTransferConjecture
'NLA.RA08.not_concaveSpectralTransferConjecture' depends on axioms: [propext, Classical.choice.{u}, Quot.sound.{u}]
theorem NLA.RA08.numerical_gap_positive_proved : LT.lt.{0} 0 NLA.RA08.witnessGap :=
id.{0}
  (have h0 :=
    LeanCert.Validity.verify_strict_upper_bound_dyadic_checked (LeanCert.Core.Expr.const (Rat.divInt 0 1))
      (Rat.divInt 0 1) (Rat.divInt 0 1) (le_refl.{0} (Rat.divInt 0 1))
      (Rat.divInt 78605142319958855341529309 11432529876841442781954048000) (-53) 10
      (of_decide_eq_true (id.{0} (Eq.refl.{1} true))) NLA.RA08.numerical_gap_positive_proved._proof_1_7
      ↑(Rat.divInt 0 1) ⟨le_refl.{0} ↑(Rat.divInt 0 1), le_refl.{0} ↑(Rat.divInt 0 1)⟩;
  Eq.mpr.{0}
    (eq_of_heq.{1}
      ((fun α self a a' e'_3 a_1 a'_1 e'_4 =>
          Eq.casesOn.{0, 1} (motive := fun a_2 x =>
            Eq.{1} a' a_2 → HEq.{0} e'_3 x → HEq.{1} (LT.lt.{0} a a_1) (LT.lt.{0} a' a'_1)) e'_3
            (fun h =>
              Eq.ndrec.{0, 1} (motive := fun a' =>
                ∀ (e_3 : Eq.{1} a a'), HEq.{0} e_3 (Eq.refl.{1} a) → HEq.{1} (LT.lt.{0} a a_1) (LT.lt.{0} a' a'_1))
                (fun e_3 h =>
                  Eq.casesOn.{0, 1} (motive := fun a_2 x =>
                    Eq.{1} a'_1 a_2 → HEq.{0} e'_4 x → HEq.{1} (LT.lt.{0} a a_1) (LT.lt.{0} a a'_1)) e'_4
                    (fun h =>
                      Eq.ndrec.{0, 1} (motive := fun a' =>
                        ∀ (e_4 : Eq.{1} a_1 a'),
                          HEq.{0} e_4 (Eq.refl.{1} a_1) → HEq.{1} (LT.lt.{0} a a_1) (LT.lt.{0} a a'))
                        (fun e_4 h => HEq.refl.{1} (LT.lt.{0} a a_1)) (Eq.symm.{1} h) e'_4)
                    (Eq.refl.{1} a'_1) (HEq.refl.{0} e'_4))
                (Eq.symm.{1} h) e'_3)
            (Eq.refl.{1} a') (HEq.refl.{0} e'_3))
        ℝ Real.instLT 0 (↑(HDiv.hDiv.{0, 0, 0} ↑0 ↑1))
        (Mathlib.Meta.NormNum.isNat_eq_true.{0} (Mathlib.Meta.NormNum.isNat_ofNat.{0} ℝ Nat.cast_zero.{0})
          (Mathlib.Meta.NormNum.isNat_ratCast.{0}
            (Mathlib.Meta.NormNum.IsNNRat.to_isNat.{0}
              (Mathlib.Meta.NormNum.isNNRat_div.{0}
                (Mathlib.Meta.NormNum.IsNat.to_isNNRat.{0}
                  (Mathlib.Meta.NormNum.isNat_mul.{0} (Eq.refl.{1} HMul.hMul.{0, 0, 0})
                    (Mathlib.Meta.NormNum.isNat_intCast.{0} 0 0
                      (Mathlib.Meta.NormNum.isNat_ofNat.{0} ℤ (Eq.refl.{1} 0)))
                    (Mathlib.Meta.NormNum.IsNNRat.to_isNat.{0}
                      (Mathlib.Meta.NormNum.isNNRat_inv_pos.{0}
                        (Mathlib.Meta.NormNum.IsNat.to_isNNRat.{0}
                          (Mathlib.Meta.NormNum.isNat_intCast.{0} 1 1
                            (Mathlib.Meta.NormNum.isNat_ofNat.{0} ℤ (Eq.refl.{1} 1))))))
                    (Eq.refl.{1} 0)))))))
        (78605142319958855341529309 / 11432529876841442781954048000)
        (↑(HDiv.hDiv.{0, 0, 0} ↑78605142319958855341529309 ↑11432529876841442781954048000))
        (Mathlib.Meta.NormNum.isNNRat_eq_true.{0}
          (Mathlib.Meta.NormNum.isNNRat_div.{0}
            (Mathlib.Meta.NormNum.isNNRat_mul.{0} (Eq.refl.{1} HMul.hMul.{0, 0, 0})
              (Mathlib.Meta.NormNum.IsNat.to_isNNRat.{0}
                (Mathlib.Meta.NormNum.isNat_ofNat.{0} ℝ (Eq.refl.{1} 78605142319958855341529309)))
              (Mathlib.Meta.NormNum.isNNRat_inv_pos.{0}
                (Mathlib.Meta.NormNum.IsNat.to_isNNRat.{0}
                  (Mathlib.Meta.NormNum.isNat_ofNat.{0} ℝ (Eq.refl.{1} 11432529876841442781954048000))))
              (Eq.refl.{1} (Nat.mul 78605142319958855341529309 1)) (Eq.refl.{1} 11432529876841442781954048000)))
          (Mathlib.Meta.NormNum.isNNRat_ratCast.{0}
            (Mathlib.Meta.NormNum.isNNRat_div.{0}
              (Mathlib.Meta.NormNum.isNNRat_mul.{0} (Eq.refl.{1} HMul.hMul.{0, 0, 0})
                (Mathlib.Meta.NormNum.IsNat.to_isNNRat.{0}
                  (Mathlib.Meta.NormNum.isNat_intCast.{0} 78605142319958855341529309 78605142319958855341529309
                    (Mathlib.Meta.NormNum.isNat_ofNat.{0} ℤ (Eq.refl.{1} 78605142319958855341529309))))
                (Mathlib.Meta.NormNum.isNNRat_inv_pos.{0}
                  (Mathlib.Meta.NormNum.IsNat.to_isNNRat.{0}
                    (Mathlib.Meta.NormNum.isNat_intCast.{0} 11432529876841442781954048000 11432529876841442781954048000
                      (Mathlib.Meta.NormNum.isNat_ofNat.{0} ℤ (Eq.refl.{1} 11432529876841442781954048000)))))
                (Eq.refl.{1} (Nat.mul 78605142319958855341529309 1)) (Eq.refl.{1} 11432529876841442781954048000)))))))
    (Eq.mp.{0}
      (congr.{1, 1} (congrArg.{1, 1} LT.lt.{0} (congrArg.{1, 1} Rat.cast.{0} (Rat.divInt_eq_div 0 1)))
        (congrArg.{1, 1} Rat.cast.{0} (Rat.divInt_eq_div 78605142319958855341529309 11432529876841442781954048000)))
      h0))
