ℹ [3145/3161] Built NLA.RA08.SpectralCFC (18s)
info: NLA/RA08/SpectralCFC.lean:115:0: 'NLA.RA08.selected_data_spectrum' depends on axioms: [propext, Classical.choice, Quot.sound]
info: NLA/RA08/SpectralCFC.lean:116:0: 'NLA.RA08.selectedCfcAux_continuous' depends on axioms: [propext, Classical.choice, Quot.sound]
info: NLA/RA08/SpectralCFC.lean:117:0: 'NLA.RA08.selectedCfcAux_id' depends on axioms: [propext, Classical.choice, Quot.sound]
info: NLA/RA08/SpectralCFC.lean:118:0: 'NLA.RA08.selected_cfc_eq' depends on axioms: [propext, Classical.choice, Quot.sound]
info: NLA/RA08/SpectralCFC.lean:119:0: 'NLA.RA08.functionalCalculus_spectral_proved' depends on axioms: [propext, Classical.choice, Quot.sound]
ℹ [3146/3161] Built NLA.RA08.OrderedExistence (17s)
info: NLA/RA08/OrderedExistence.lean:74:0: 'NLA.RA08.orderedSpectral_exists_proved' depends on axioms: [propext, Classical.choice, Quot.sound]
ℹ [3147/3161] Built NLA.RA08.Scalar (19s)
info: NLA/RA08/Scalar.lean:56:0: 'NLA.RA08.minorant_shift_identity' depends on axioms: [propext, Classical.choice, Quot.sound]
info: NLA/RA08/Scalar.lean:57:0: 'NLA.RA08.minorant_scalar_proved' depends on axioms: [propext, Classical.choice, Quot.sound]
ℹ [3148/3161] Built NLA.RA08.Numerical (17s)
info: NLA/RA08/Numerical.lean:22:0: 'NLA.RA08.numerical_gap_positive_proved' depends on axioms: [propext, Classical.choice, Quot.sound]
ℹ [3149/3161] Built NLA.RA08.Witness (23s)
info: NLA/RA08/Witness.lean:157:0: 'NLA.RA08.witnessFunction_admissible' depends on axioms: [propext, Classical.choice, Quot.sound]
info: NLA/RA08/Witness.lean:158:0: 'NLA.RA08.witnessF_idempotent' depends on axioms: [propext, Classical.choice, Quot.sound]
info: NLA/RA08/Witness.lean:159:0: 'NLA.RA08.witnessMatrix_psd' depends on axioms: [propext, Classical.choice, Quot.sound]
info: NLA/RA08/Witness.lean:160:0: 'NLA.RA08.witness_data_proved' depends on axioms: [propext, Classical.choice, Quot.sound]
ℹ [3150/3161] Built NLA.RA08.Spectral (26s)
info: NLA/RA08/Spectral.lean:134:0: 'NLA.RA08.orderedSpectral_semantics_proved' depends on axioms: [propext, Classical.choice, Quot.sound]
info: NLA/RA08/Spectral.lean:135:0: 'NLA.RA08.spectralCombination_norm' depends on axioms: [propext, Classical.choice, Quot.sound]
info: NLA/RA08/Spectral.lean:136:0: 'NLA.RA08.tail_function_norm' depends on axioms: [propext, Classical.choice, Quot.sound]
info: NLA/RA08/Spectral.lean:137:0: 'NLA.RA08.operator_rayleigh_bound_proved' depends on axioms: [propext, Classical.choice, Quot.sound]
info: NLA/RA08/Spectral.lean:138:0: 'NLA.RA08.spectral_tail_norms_proved' depends on axioms: [propext, Classical.choice, Quot.sound]
ℹ [3151/3161] Built NLA.RA08.Basis (27s)
info: NLA/RA08/Basis.lean:118:0: 'NLA.RA08.rectangular_kernel' depends on axioms: [propext, Classical.choice, Quot.sound]
info: NLA/RA08/Basis.lean:119:0: 'NLA.RA08.basis_quadratic' depends on axioms: [propext, Classical.choice, Quot.sound]
info: NLA/RA08/Basis.lean:120:0: 'NLA.RA08.basis_rayleigh_lower' depends on axioms: [propext, Classical.choice, Quot.sound]
info: NLA/RA08/Basis.lean:121:0: 'NLA.RA08.basis_rayleigh_upper' depends on axioms: [propext, Classical.choice, Quot.sound]
ℹ [3152/3161] Built NLA.RA08.ProjectionNorm (28s)
info: NLA/RA08/ProjectionNorm.lean:49:0: 'NLA.RA08.witness_projection_norm' depends on axioms: [propext, Classical.choice, Quot.sound]
info: NLA/RA08/ProjectionNorm.lean:50:0: 'NLA.RA08.witness_residual_norm' depends on axioms: [propext, Classical.choice, Quot.sound]
ℹ [3153/3161] Built NLA.RA08.Location (28s)
info: NLA/RA08/Location.lean:130:0: 'NLA.RA08.witness_no_gap_eigenvector' depends on axioms: [propext, Classical.choice, Quot.sound]
info: NLA/RA08/Location.lean:131:0: 'NLA.RA08.witness_spectral_location_proved' depends on axioms: [propext, Classical.choice, Quot.sound]
ℹ [3154/3161] Built NLA.RA08.Polynomial (28s)
info: NLA/RA08/Polynomial.lean:93:0: 'NLA.RA08.matrixK_cfc' depends on axioms: [propext, Classical.choice, Quot.sound]
info: NLA/RA08/Polynomial.lean:94:0: 'NLA.RA08.minorant_cfc' depends on axioms: [propext, Classical.choice, Quot.sound]
info: NLA/RA08/Polynomial.lean:95:0: 'NLA.RA08.matrixK_symmetric' depends on axioms: [propext, Classical.choice, Quot.sound]
info: NLA/RA08/Polynomial.lean:96:0: 'NLA.RA08.approximation_cfc' depends on axioms: [propext, Classical.choice, Quot.sound]
ℹ [3155/3161] Built NLA.RA08.Fourth (29s)
info: NLA/RA08/Fourth.lean:175:0: 'NLA.RA08.fourth_le_of_three_coordinate_kernel' depends on axioms: [propext, Classical.choice, Quot.sound]
info: NLA/RA08/Fourth.lean:176:0: 'NLA.RA08.fourth_ge_of_two_coordinate_kernel' depends on axioms: [propext, Classical.choice, Quot.sound]
info: NLA/RA08/Fourth.lean:177:0: 'NLA.RA08.witness_fourth' depends on axioms: [propext, Classical.choice, Quot.sound]
info: NLA/RA08/Fourth.lean:178:0: 'NLA.RA08.approximation_fourth' depends on axioms: [propext, Classical.choice, Quot.sound]
ℹ [3156/3161] Built NLA.RA08.Functional (29s)
info: NLA/RA08/Functional.lean:35:0: 'NLA.RA08.minorant_functional_calculus_proved' depends on axioms: [propext, Classical.choice, Quot.sound]
ℹ [3157/3161] Built NLA.RA08.Certificate (30s)
info: NLA/RA08/Certificate.lean:121:0: 'NLA.RA08.first_product' depends on axioms: [propext, Classical.choice, Quot.sound]
info: NLA/RA08/Certificate.lean:122:0: 'NLA.RA08.second_product' depends on axioms: [propext, Classical.choice, Quot.sound]
info: NLA/RA08/Certificate.lean:123:0: 'NLA.RA08.third_product' depends on axioms: [propext, Classical.choice, Quot.sound]
info: NLA/RA08/Certificate.lean:124:0: 'NLA.RA08.witness_rational_certificate_proved' depends on axioms: [propext, Classical.choice, Quot.sound]
ℹ [3158/3161] Built NLA.RA08.Tails (14s)
info: NLA/RA08/Tails.lean:68:0: 'NLA.RA08.approximation_truncation' depends on axioms: [propext, Classical.choice, Quot.sound]
info: NLA/RA08/Tails.lean:69:0: 'NLA.RA08.approximation_function_truncation' depends on axioms: [propext, Classical.choice, Quot.sound]
info: NLA/RA08/Tails.lean:70:0: 'NLA.RA08.witness_tail_data_proved' depends on axioms: [propext, Classical.choice, Quot.sound]
ℹ [3159/3161] Built NLA.RA08.Proof (12s)
info: NLA/RA08/Proof.lean:77:0: 'NLA.RA08.witness_functional_rayleigh_lower' depends on axioms: [propext, Classical.choice, Quot.sound]
info: NLA/RA08/Proof.lean:78:0: 'NLA.RA08.counterexample_proved' depends on axioms: [propext, Classical.choice, Quot.sound]
info: NLA/RA08/Proof.lean:79:0: 'NLA.RA08.not_concaveSpectralTransferConjecture_proved' depends on axioms: [propext, Classical.choice, Quot.sound]
ℹ [3160/3161] Built Solution (2.9s)
info: Solution.lean:146:0: 'NLA.RA08.orderedSpectral_exists' depends on axioms: [propext, Classical.choice, Quot.sound]
info: Solution.lean:148:0: 'NLA.RA08.orderedSpectral_semantics' depends on axioms: [propext, Classical.choice, Quot.sound]
info: Solution.lean:150:0: 'NLA.RA08.functionalCalculus_spectral' depends on axioms: [propext, Classical.choice, Quot.sound]
info: Solution.lean:152:0: 'NLA.RA08.spectral_tail_norms' depends on axioms: [propext, Classical.choice, Quot.sound]
info: Solution.lean:154:0: 'NLA.RA08.operator_rayleigh_bound' depends on axioms: [propext, Classical.choice, Quot.sound]
info: Solution.lean:156:0: 'NLA.RA08.witness_data' depends on axioms: [propext, Classical.choice, Quot.sound]
info: Solution.lean:158:0: 'NLA.RA08.witness_spectral_location' depends on axioms: [propext, Classical.choice, Quot.sound]
info: Solution.lean:160:0: 'NLA.RA08.minorant_scalar' depends on axioms: [propext, Classical.choice, Quot.sound]
info: Solution.lean:162:0: 'NLA.RA08.minorant_functional_calculus' depends on axioms: [propext, Classical.choice, Quot.sound]
info: Solution.lean:164:0: 'NLA.RA08.witness_tail_data' depends on axioms: [propext, Classical.choice, Quot.sound]
info: Solution.lean:166:0: 'NLA.RA08.witness_rational_certificate' depends on axioms: [propext, Classical.choice, Quot.sound]
info: Solution.lean:168:0: 'NLA.RA08.numerical_gap_positive' depends on axioms: [propext, Classical.choice, Quot.sound]
info: Solution.lean:170:0: 'NLA.RA08.counterexample' depends on axioms: [propext, Classical.choice, Quot.sound]
info: Solution.lean:172:0: 'NLA.RA08.not_concaveSpectralTransferConjecture' depends on axioms: [propext, Classical.choice, Quot.sound]
Build completed successfully (3161 jobs).
