Mathlib/LinearAlgebra/FiniteDimensional/Lemmas.lean-51-
Mathlib/LinearAlgebra/FiniteDimensional/Lemmas.lean-52-/-- The sum of the dimensions of s + t and s ∩ t is the sum of the dimensions of s and t -/
Mathlib/LinearAlgebra/FiniteDimensional/Lemmas.lean:53:theorem finrank_sup_add_finrank_inf_eq (s t : Submodule K V) [FiniteDimensional K s]
Mathlib/LinearAlgebra/FiniteDimensional/Lemmas.lean-54-    [FiniteDimensional K t] :
Mathlib/LinearAlgebra/FiniteDimensional/Lemmas.lean-55-    finrank K ↑(s ⊔ t) + finrank K ↑(s ⊓ t) = finrank K ↑s + finrank K ↑t := by
Mathlib/LinearAlgebra/FiniteDimensional/Lemmas.lean-56-  have key : Module.rank K ↑(s ⊔ t) + Module.rank K ↑(s ⊓ t) = Module.rank K s + Module.rank K t :=
Mathlib/LinearAlgebra/FiniteDimensional/Lemmas.lean-57-    rank_sup_add_rank_inf_eq s t
--
Mathlib/LinearAlgebra/FiniteDimensional/Lemmas.lean-61-theorem finrank_add_le_finrank_add_finrank (s t : Submodule K V) [FiniteDimensional K s]
Mathlib/LinearAlgebra/FiniteDimensional/Lemmas.lean-62-    [FiniteDimensional K t] : finrank K (s ⊔ t : Submodule K V) ≤ finrank K s + finrank K t := by
Mathlib/LinearAlgebra/FiniteDimensional/Lemmas.lean:63:  rw [← finrank_sup_add_finrank_inf_eq]
Mathlib/LinearAlgebra/FiniteDimensional/Lemmas.lean-64-  exact self_le_add_right _ _
Mathlib/LinearAlgebra/FiniteDimensional/Lemmas.lean-65-
Mathlib/LinearAlgebra/FiniteDimensional/Lemmas.lean-66-theorem finrank_add_finrank_le_of_disjoint [FiniteDimensional K V]
Mathlib/LinearAlgebra/FiniteDimensional/Lemmas.lean-67-    {s t : Submodule K V} (hdisjoint : Disjoint s t) :
Mathlib/LinearAlgebra/FiniteDimensional/Lemmas.lean-68-    finrank K s + finrank K t ≤ finrank K V := by
Mathlib/LinearAlgebra/FiniteDimensional/Lemmas.lean:69:  rw [← Submodule.finrank_sup_add_finrank_inf_eq s t, hdisjoint.eq_bot, finrank_bot, add_zero]
Mathlib/LinearAlgebra/FiniteDimensional/Lemmas.lean-70-  exact Submodule.finrank_le _
Mathlib/LinearAlgebra/FiniteDimensional/Lemmas.lean-71-
Mathlib/LinearAlgebra/FiniteDimensional/Lemmas.lean-72-theorem eq_top_of_disjoint [FiniteDimensional K V] (s t : Submodule K V)
Mathlib/LinearAlgebra/FiniteDimensional/Lemmas.lean-73-    (hdim : finrank K V ≤ finrank K s + finrank K t) (hdisjoint : Disjoint s t) : s ⊔ t = ⊤ := by
--
Mathlib/LinearAlgebra/FiniteDimensional/Lemmas.lean-79-    le_antisymm hdim (finrank_add_finrank_le_of_disjoint hdisjoint)
Mathlib/LinearAlgebra/FiniteDimensional/Lemmas.lean-80-  rw [hdim]
Mathlib/LinearAlgebra/FiniteDimensional/Lemmas.lean:81:  convert! s.finrank_sup_add_finrank_inf_eq t
Mathlib/LinearAlgebra/FiniteDimensional/Lemmas.lean-82-  rw [h_finrank_inf, add_zero]
Mathlib/LinearAlgebra/FiniteDimensional/Lemmas.lean-83-
Mathlib/LinearAlgebra/FiniteDimensional/Lemmas.lean-84-theorem isCompl_iff_disjoint [FiniteDimensional K V] (s t : Submodule K V)
Mathlib/LinearAlgebra/FiniteDimensional/Lemmas.lean-85-    (hdim : finrank K V ≤ finrank K s + finrank K t) :
--
Mathlib/LinearAlgebra/FiniteDimensional/Lemmas.lean-92-  · suffices W ⊓ span K {v} = ⊥ by
Mathlib/LinearAlgebra/FiniteDimensional/Lemmas.lean-93-      have hv₀ : v ≠ 0 := by aesop
Mathlib/LinearAlgebra/FiniteDimensional/Lemmas.lean:94:      have aux := finrank_sup_add_finrank_inf_eq W (span K {v})
Mathlib/LinearAlgebra/FiniteDimensional/Lemmas.lean-95-      rw [hW, finrank_span_singleton hv₀, this, finrank_bot, finrank_top,
Mathlib/LinearAlgebra/FiniteDimensional/Lemmas.lean-96-        ← finrank_quotient_add_finrank W] at aux
Mathlib/LinearAlgebra/FiniteDimensional/Lemmas.lean-97-      lia
Mathlib/LinearAlgebra/FiniteDimensional/Lemmas.lean-98-    refine (Submodule.eq_bot_iff _).mpr fun w hw ↦ ?_
--
Mathlib/LinearAlgebra/FiniteDimensional/Lemmas.lean-108-theorem finrank_sup_span_singleton [Module.Finite K V] {p : Submodule K V} {v : V} (hv : v ∉ p) :
Mathlib/LinearAlgebra/FiniteDimensional/Lemmas.lean-109-    finrank K (p ⊔ Submodule.span K {v} : Submodule K V) = finrank K p + 1 := by
Mathlib/LinearAlgebra/FiniteDimensional/Lemmas.lean:110:  rw [← Nat.add_left_inj, finrank_sup_add_finrank_inf_eq, add_assoc,
Mathlib/LinearAlgebra/FiniteDimensional/Lemmas.lean-111-    Nat.add_left_cancel_iff, finrank_span_singleton (by aesop),
Mathlib/LinearAlgebra/FiniteDimensional/Lemmas.lean-112-    Nat.left_eq_add, Submodule.finrank_eq_zero, eq_bot_iff]
Mathlib/LinearAlgebra/FiniteDimensional/Lemmas.lean-113-  intro x
Mathlib/LinearAlgebra/FiniteDimensional/Lemmas.lean-114-  simp only [mem_inf, mem_span_singleton]
--
Mathlib/LinearAlgebra/FiniteDimensional/Lemmas.lean-243-theorem finrank_add_eq_of_isCompl [FiniteDimensional K V] {U W : Submodule K V} (h : IsCompl U W) :
Mathlib/LinearAlgebra/FiniteDimensional/Lemmas.lean-244-    finrank K U + finrank K W = finrank K V := by
Mathlib/LinearAlgebra/FiniteDimensional/Lemmas.lean:245:  rw [← finrank_sup_add_finrank_inf_eq, h.codisjoint.eq_top, h.disjoint.eq_bot, finrank_bot,
Mathlib/LinearAlgebra/FiniteDimensional/Lemmas.lean-246-    add_zero]
Mathlib/LinearAlgebra/FiniteDimensional/Lemmas.lean-247-  exact finrank_top _ _
Mathlib/LinearAlgebra/FiniteDimensional/Lemmas.lean-248-
Mathlib/LinearAlgebra/FiniteDimensional/Lemmas.lean-249-end DivisionRing
--
Mathlib/LinearAlgebra/FiniteDimensional/Lemmas.lean-262-    span K (Set.range b) = ⊤ := by
Mathlib/LinearAlgebra/FiniteDimensional/Lemmas.lean-263-  by_contra ne_top
Mathlib/LinearAlgebra/FiniteDimensional/Lemmas.lean:264:  rw [← finrank_span_eq_card lin_ind] at card_eq
Mathlib/LinearAlgebra/FiniteDimensional/Lemmas.lean-265-  exact ne_of_lt (Submodule.finrank_lt ne_top) card_eq
Mathlib/LinearAlgebra/FiniteDimensional/Lemmas.lean-266-
Mathlib/LinearAlgebra/FiniteDimensional/Lemmas.lean-267-theorem LinearIndependent.span_eq_top_of_card_eq_finrank [Nonempty ι]
Mathlib/LinearAlgebra/FiniteDimensional/Lemmas.lean-268-    {b : ι → V} (lin_ind : LinearIndependent K b)
--
Mathlib/LinearAlgebra/LinearIndependent/Defs.lean-134-  linearIndependent_iff_injective_finsuppLinearCombination
Mathlib/LinearAlgebra/LinearIndependent/Defs.lean-135-
Mathlib/LinearAlgebra/LinearIndependent/Defs.lean:136:theorem linearIndependent_iff_injective_fintypeLinearCombination [Fintype ι] :
Mathlib/LinearAlgebra/LinearIndependent/Defs.lean-137-    LinearIndependent R v ↔ Injective (Fintype.linearCombination R v) := by
Mathlib/LinearAlgebra/LinearIndependent/Defs.lean-138-  simp [← Finsupp.linearCombination_eq_fintype_linearCombination, LinearIndependent]
Mathlib/LinearAlgebra/LinearIndependent/Defs.lean-139-
Mathlib/LinearAlgebra/LinearIndependent/Defs.lean-140-alias ⟨LinearIndependent.fintypeLinearCombination_injective, _⟩ :=
Mathlib/LinearAlgebra/LinearIndependent/Defs.lean:141:  linearIndependent_iff_injective_fintypeLinearCombination
Mathlib/LinearAlgebra/LinearIndependent/Defs.lean-142-
Mathlib/LinearAlgebra/LinearIndependent/Defs.lean-143-theorem LinearIndependent.injective [Nontrivial R] (hv : LinearIndependent R v) : Injective v := by
Mathlib/LinearAlgebra/LinearIndependent/Defs.lean-144-  simpa [comp_def]
Mathlib/LinearAlgebra/LinearIndependent/Defs.lean-145-    using Injective.comp hv (Finsupp.single_left_injective one_ne_zero)
--
Mathlib/LinearAlgebra/LinearIndependent/Defs.lean-266-theorem Fintype.linearIndependent_iffₛ [Fintype ι] :
Mathlib/LinearAlgebra/LinearIndependent/Defs.lean-267-    LinearIndependent R v ↔ ∀ f g : ι → R, ∑ i, f i • v i = ∑ i, g i • v i → ∀ i, f i = g i := by
Mathlib/LinearAlgebra/LinearIndependent/Defs.lean:268:  simp_rw [linearIndependent_iff_injective_fintypeLinearCombination,
Mathlib/LinearAlgebra/LinearIndependent/Defs.lean-269-    Injective, Fintype.linearCombination_apply, funext_iff]
Mathlib/LinearAlgebra/LinearIndependent/Defs.lean-270-
Mathlib/LinearAlgebra/LinearIndependent/Defs.lean-271-theorem Fintype.not_linearIndependent_iffₛ [Fintype ι] :
Mathlib/LinearAlgebra/LinearIndependent/Defs.lean-272-    ¬LinearIndependent R v ↔ ∃ f g : ι → R, ∑ i, f i • v i = ∑ i, g i • v i ∧ ∃ i, f i ≠ g i := by
--
Mathlib/LinearAlgebra/LinearIndependent/Defs.lean-333-  simp_rw [LinearIndependent, Finsupp.linearCombination_linear_comp, coe_comp]
Mathlib/LinearAlgebra/LinearIndependent/Defs.lean-334-  rw [hf_inj.injective_iff]
Mathlib/LinearAlgebra/LinearIndependent/Defs.lean:335:  rw [← Finsupp.range_linearCombination, LinearMap.coe_range]
Mathlib/LinearAlgebra/LinearIndependent/Defs.lean-336-
Mathlib/LinearAlgebra/LinearIndependent/Defs.lean-337-protected theorem LinearMap.linearIndepOn_iff_of_injOn (f : M →ₗ[R] M')
Mathlib/LinearAlgebra/LinearIndependent/Defs.lean-338-    (hf_inj : Set.InjOn f (span R (v '' s))) :
Mathlib/LinearAlgebra/LinearIndependent/Defs.lean-339-    LinearIndepOn R (f ∘ v) s ↔ LinearIndepOn R v s :=
--
Mathlib/LinearAlgebra/LinearIndependent/Defs.lean-452-  refine LinearEquiv.ofBijective (LinearMap.codRestrict (span R (range v))
Mathlib/LinearAlgebra/LinearIndependent/Defs.lean-453-    (Finsupp.linearCombination R v) ?_) ⟨hv.codRestrict _, ?_⟩
Mathlib/LinearAlgebra/LinearIndependent/Defs.lean:454:  · simp_rw [← Finsupp.range_linearCombination]; exact fun c ↦ ⟨c, rfl⟩
Mathlib/LinearAlgebra/LinearIndependent/Defs.lean-455-  rw [← LinearMap.range_eq_top, LinearMap.range_eq_map, LinearMap.map_codRestrict,
Mathlib/LinearAlgebra/LinearIndependent/Defs.lean-456-    ← LinearMap.range_le_iff_comap, range_subtype, Submodule.map_top,
Mathlib/LinearAlgebra/LinearIndependent/Defs.lean:457:    Finsupp.range_linearCombination]
Mathlib/LinearAlgebra/LinearIndependent/Defs.lean-458-
Mathlib/LinearAlgebra/LinearIndependent/Defs.lean-459-/-- Linear combination representing a vector in the span of linearly independent vectors.
Mathlib/LinearAlgebra/LinearIndependent/Defs.lean-460-
Mathlib/LinearAlgebra/LinearIndependent/Defs.lean-461-Given a family of linearly independent vectors, we can represent any vector in their span as
--
Mathlib/LinearAlgebra/Finsupp/LinearCombination.lean-121-  linearCombination_surjective R Function.surjective_id
Mathlib/LinearAlgebra/Finsupp/LinearCombination.lean-122-
Mathlib/LinearAlgebra/Finsupp/LinearCombination.lean:123:theorem range_linearCombination : LinearMap.range (linearCombination R v) = span R (range v) := by
Mathlib/LinearAlgebra/Finsupp/LinearCombination.lean-124-  ext x
Mathlib/LinearAlgebra/Finsupp/LinearCombination.lean-125-  constructor
Mathlib/LinearAlgebra/Finsupp/LinearCombination.lean-126-  · intro hx
Mathlib/LinearAlgebra/Finsupp/LinearCombination.lean-127-    rw [LinearMap.mem_range] at hx
--
Mathlib/LinearAlgebra/Finsupp/LinearCombination.lean-140-    Submodule.span R (Set.range v) = ⊤ ↔
Mathlib/LinearAlgebra/Finsupp/LinearCombination.lean-141-      Function.Surjective (Finsupp.linearCombination R v) := by
Mathlib/LinearAlgebra/Finsupp/LinearCombination.lean:142:  rw [← LinearMap.range_eq_top, range_linearCombination]
Mathlib/LinearAlgebra/Finsupp/LinearCombination.lean-143-
Mathlib/LinearAlgebra/Finsupp/LinearCombination.lean-144-theorem lmapDomain_linearCombination (f : α → α') (g : M →ₗ[R] M') (h : ∀ i, g (v i) = v' (f i)) :
Mathlib/LinearAlgebra/Finsupp/LinearCombination.lean-145-    (linearCombination R v').comp (lmapDomain R R f) = g.comp (linearCombination R v) := by
Mathlib/LinearAlgebra/Finsupp/LinearCombination.lean-146-  ext l
--
Mathlib/LinearAlgebra/Finsupp/LinearCombination.lean-167-  rw [equivMapDomain_eq_mapDomain, linearCombination_mapDomain]
Mathlib/LinearAlgebra/Finsupp/LinearCombination.lean-168-
Mathlib/LinearAlgebra/Finsupp/LinearCombination.lean:169:/-- A version of `Finsupp.range_linearCombination` which is useful for going in the other
Mathlib/LinearAlgebra/Finsupp/LinearCombination.lean-170-direction -/
Mathlib/LinearAlgebra/Finsupp/LinearCombination.lean:171:theorem span_eq_range_linearCombination (s : Set M) :
Mathlib/LinearAlgebra/Finsupp/LinearCombination.lean-172-    span R s = LinearMap.range (linearCombination R ((↑) : s → M)) := by
Mathlib/LinearAlgebra/Finsupp/LinearCombination.lean:173:  rw [range_linearCombination, Subtype.range_coe_subtype, Set.ofPred_mem_eq]
Mathlib/LinearAlgebra/Finsupp/LinearCombination.lean-174-
Mathlib/LinearAlgebra/Finsupp/LinearCombination.lean-175-theorem mem_span_iff_linearCombination (s : Set M) (x : M) :
Mathlib/LinearAlgebra/Finsupp/LinearCombination.lean-176-    x ∈ span R s ↔ ∃ l : s →₀ R, linearCombination R (↑) l = x :=
Mathlib/LinearAlgebra/Finsupp/LinearCombination.lean:177:  (SetLike.ext_iff.1 <| span_eq_range_linearCombination _ _) x
Mathlib/LinearAlgebra/Finsupp/LinearCombination.lean-178-
Mathlib/LinearAlgebra/Finsupp/LinearCombination.lean-179-variable {R} in
Mathlib/LinearAlgebra/Finsupp/LinearCombination.lean-180-theorem mem_span_range_iff_exists_finsupp {v : α → M} {x : M} :
Mathlib/LinearAlgebra/Finsupp/LinearCombination.lean-181-    x ∈ span R (range v) ↔ ∃ c : α →₀ R, (c.sum fun i a => a • v i) = x := by
Mathlib/LinearAlgebra/Finsupp/LinearCombination.lean:182:  simp only [← Finsupp.range_linearCombination, LinearMap.mem_range, linearCombination_apply]
Mathlib/LinearAlgebra/Finsupp/LinearCombination.lean-183-
Mathlib/LinearAlgebra/Finsupp/LinearCombination.lean-184-theorem span_image_eq_map_linearCombination (s : Set α) :
Mathlib/LinearAlgebra/Finsupp/LinearCombination.lean-185-    span R (v '' s) = Submodule.map (linearCombination R v) (supported R R s) := by
Mathlib/LinearAlgebra/Finsupp/LinearCombination.lean-186-  apply span_eq_of_le
--
Mathlib/LinearAlgebra/Finsupp/LinearCombination.lean-341-
Mathlib/LinearAlgebra/Finsupp/LinearCombination.lean-342-@[simp]
Mathlib/LinearAlgebra/Finsupp/LinearCombination.lean:343:theorem Fintype.range_linearCombination :
Mathlib/LinearAlgebra/Finsupp/LinearCombination.lean-344-    LinearMap.range (Fintype.linearCombination R v) = Submodule.span R (Set.range v) := by
Mathlib/LinearAlgebra/Finsupp/LinearCombination.lean-345-  rw [← Finsupp.linearCombination_eq_fintype_linearCombination, LinearMap.range_comp,
Mathlib/LinearAlgebra/Finsupp/LinearCombination.lean:346:      LinearEquiv.range, Submodule.map_top, Finsupp.range_linearCombination]
Mathlib/LinearAlgebra/Finsupp/LinearCombination.lean-347-
Mathlib/LinearAlgebra/Finsupp/LinearCombination.lean-348-theorem span_range_eq_top_iff_surjective_fintypeLinearCombination :
Mathlib/LinearAlgebra/Finsupp/LinearCombination.lean-349-    Submodule.span R (Set.range v) = ⊤ ↔
Mathlib/LinearAlgebra/Finsupp/LinearCombination.lean-350-      Function.Surjective (Fintype.linearCombination R v) := by
Mathlib/LinearAlgebra/Finsupp/LinearCombination.lean:351:  rw [← LinearMap.range_eq_top, Fintype.range_linearCombination]
Mathlib/LinearAlgebra/Finsupp/LinearCombination.lean-352-
Mathlib/LinearAlgebra/Finsupp/LinearCombination.lean-353-/-- `Fintype.bilinearCombination R S v f` is the linear combination of vectors in `v` with weights
Mathlib/LinearAlgebra/Finsupp/LinearCombination.lean-354-in `f`. This variant of `Finsupp.linearCombination` is defined on fintype indexed vectors.
Mathlib/LinearAlgebra/Finsupp/LinearCombination.lean-355-
--
Mathlib/LinearAlgebra/Dimension/Constructions.lean-426-
Mathlib/LinearAlgebra/Dimension/Constructions.lean-427-theorem rank_span_le (s : Set M) : Module.rank R (span R s) ≤ #s := by
Mathlib/LinearAlgebra/Dimension/Constructions.lean:428:  rw [Finsupp.span_eq_range_linearCombination, ← lift_strictMono.le_iff_le]
Mathlib/LinearAlgebra/Dimension/Constructions.lean-429-  refine (lift_rank_range_le _).trans ?_
Mathlib/LinearAlgebra/Dimension/Constructions.lean-430-  rw [rank_finsupp_self]
Mathlib/LinearAlgebra/Dimension/Constructions.lean-431-  simp only [lift_lift, le_refl]
Mathlib/LinearAlgebra/Dimension/Constructions.lean-432-
--
Mathlib/LinearAlgebra/Dimension/Constructions.lean-459-  exact Finset.card_image_le
Mathlib/LinearAlgebra/Dimension/Constructions.lean-460-
Mathlib/LinearAlgebra/Dimension/Constructions.lean:461:theorem finrank_span_eq_card [Nontrivial R] {ι : Type*} [Fintype ι] {b : ι → M}
Mathlib/LinearAlgebra/Dimension/Constructions.lean-462-    (hb : LinearIndependent R b) :
Mathlib/LinearAlgebra/Dimension/Constructions.lean-463-    finrank R (span R (Set.range b)) = Fintype.card ι :=
Mathlib/LinearAlgebra/Dimension/Constructions.lean-464-  finrank_eq_of_rank_eq
Mathlib/LinearAlgebra/Dimension/Constructions.lean-465-    (by
