/private/tmp/nla-lean-ra09-worktree/randomized-and-low-rank-approximation/RA-09/lean/NLA/RA09/Scalar.lean:38:41: error: Type mismatch
  le_rfl
has type
  ?m.93 ≤ ?m.93
but is expected to have type
  0 ∈ Set.Ici 0
/private/tmp/nla-lean-ra09-worktree/randomized-and-low-rank-approximation/RA-09/lean/NLA/RA09/Scalar.lean:64:33: error: Application type mismatch: The argument
  scalar_cross f hf hx ht hxt
has type
  x * f t ≤ t * f x
but is expected to have type
  ?m.181 ≤ ?m.180 * t
in the application
  (div_le_iff₀ ht).mpr (scalar_cross f hf hx ht hxt)
/private/tmp/nla-lean-ra09-worktree/randomized-and-low-rank-approximation/RA-09/lean/NLA/RA09/Scalar.lean:70:4: error: Type mismatch: After simplification, term
  h'
 has type
  f x ≤ x * f τ / τ
but is expected to have type
  f x ≤ x * (f τ / τ)
/private/tmp/nla-lean-ra09-worktree/randomized-and-low-rank-approximation/RA-09/lean/NLA/RA09/Scalar.lean:130:21: error: #assert_trust: '_private.NLA.RA09.Scalar.0.NLA.RA09.scalar_cross' depends on sorry or unrecognized axioms
  foundational: propext, Classical.choice, Quot.sound
  sorryAx: sorryAx
/private/tmp/nla-lean-ra09-worktree/randomized-and-low-rank-approximation/RA-09/lean/NLA/RA09/Scalar.lean:131:21: error: #assert_trust: 'NLA.RA09.admissible_scalar_consequences_proved' depends on sorry or unrecognized axioms
  foundational: propext, Classical.choice, Quot.sound
  sorryAx: sorryAx
'_private.NLA.RA09.Scalar.0.NLA.RA09.scalar_cross' depends on axioms: [propext, sorryAx, Classical.choice, Quot.sound]
'NLA.RA09.admissible_scalar_consequences_proved' depends on axioms: [propext, sorryAx, Classical.choice, Quot.sound]
'NLA.RA09.scalar_branch_certificates_proved' depends on axioms: [propext, Classical.choice, Quot.sound]
