Mathlib/LinearAlgebra/Matrix/Charpoly/Coeff.lean:229:lemma charpoly_fin_two [Nontrivial R] (M : Matrix (Fin 2) (Fin 2) R) :
Mathlib/LinearAlgebra/Matrix/Charpoly/Coeff.lean:253:  (aeval_modByMonic_eq_self_of_root M.aeval_self_charpoly).symm
Mathlib/LinearAlgebra/Matrix/Charpoly/Coeff.lean:259:    M ^ k = aeval M (X ^ k %ₘ M.charpoly) := by rw [← aeval_eq_aeval_mod_charpoly, map_pow, aeval_X]
Mathlib/LinearAlgebra/Matrix/Charpoly/Coeff.lean:309:      map_mul, involutive_invert p, charpoly_natDegree_eq_dim,
Mathlib/LinearAlgebra/Matrix/Charpoly/Coeff.lean:310:      ← mul_one (Fintype.card n : ℤ), ← T_pow, map_pow, invert_T, mul_comm]
Mathlib/LinearAlgebra/Matrix/Charpoly/Coeff.lean:313:  simp [t_inv, map_sub, map_one, map_mul, t, smul_eq_diagonal_mul]
Mathlib/LinearAlgebra/Matrix/Charpoly/Coeff.lean:324:  _ = C A⁻¹.det * (C.mapMatrix A * scalar n X - 1).det := by rw [mul_sub, ← map_mul]; simp
Mathlib/LinearAlgebra/Matrix/Charpoly/Coeff.lean:348:    rw [← C.mapMatrix_apply, smul_pow, ← map_pow, hk, map_zero, smul_zero, sub_zero]
Mathlib/Data/Matrix/Basic.lean:149:  map_multiset_sum (diagAddMonoidHom n α) s
Mathlib/Data/Matrix/Basic.lean:172:    map_mul' := fun _ _ => (diagonal_mul_diagonal' _ _).symm }
Mathlib/Data/Matrix/Basic.lean:182:  (map_pow (diagonalRingHom n α) v k).symm
Mathlib/Data/Matrix/Basic.lean:597:    map_mul' := fun _ _ => Matrix.map_mul }
Mathlib/Data/Matrix/Basic.lean:608:protected lemma _root_.Matrix.map_pow {α β : Type*} [Semiring α] [Semiring β]
Mathlib/Data/Matrix/Basic.lean:610:  f.mapMatrix.map_pow M a
Mathlib/Data/Matrix/Basic.lean:650:  map_mul' _ _ := unop_injective <| by ext; simp [mul_apply]
Mathlib/Data/Matrix/Basic.lean:658:    ⟨RingEquiv.mopMatrix, by simp⟩ RingEquiv.mopMatrix.map_mul) (RingEquiv.injective _)
Mathlib/Data/Matrix/Basic.lean:839:  map_mul' _ _ := by ext; simp [Matrix.mul_apply]
Mathlib/Data/Matrix/Basic.lean:876:  (transposeAddEquiv m n α).toAddMonoidHom.map_multiset_sum s
Mathlib/Data/Matrix/Basic.lean:907:  map_mul' M N := (congrArg MulOpposite.op <| transpose_mul M N).trans <| MulOpposite.op_mul ..
Mathlib/Data/Matrix/Basic.lean:914:  MulOpposite.op_injective <| map_pow (transposeRingEquiv m α) M k
Mathlib/Data/Matrix/Mul.lean:439:protected theorem map_mul [Fintype n] {L : Matrix m n α} {M : Matrix n o α}
Mathlib/Data/Matrix/Mul.lean:595:    Matrix.map_one _ (map_zero f) (map_one f)⟩ fun _ _ ↦ Matrix.map_mul
Mathlib/Data/Matrix/Mul.lean:1267:  simp only [dotProduct, map_sum f, f.map_mul, Function.comp]
Mathlib/Data/Matrix/Mul.lean:1273:theorem map_mulVec [NonAssocSemiring R] [NonAssocSemiring S] (f : R →+* S) (M : Matrix m n R)
Mathlib/LinearAlgebra/Matrix/Charpoly/Basic.lean:214:See `LinearMap.aeval_self_charpoly` for the equivalent statement about endomorphisms.
Mathlib/LinearAlgebra/Matrix/Charpoly/Basic.lean:216:theorem aeval_self_charpoly (M : Matrix n n R) : aeval M M.charpoly = 0 := by
Mathlib/LinearAlgebra/Matrix/Charpoly/Basic.lean:224:  simp only [map_mul, matPolyEquiv_charmatrix] at h
Mathlib/LinearAlgebra/Matrix/Charpoly/Basic.lean:282:    simp [-Matrix.map_mul, mul_sub, ← pow_succ, h, dotProduct_comm, smul_eq_C_mul]
