$ systemd-run --user --quiet --wait --pipe --collect -p 'RestrictAddressFamilies=~AF_UNIX' --working-directory /home/runner/work/_temp/nla-lean-tools/.verification-tmp/nla-fresh-proof-3jt0_uib/project /usr/bin/env -i PATH=/home/runner/.elan/toolchains/leanprover--lean4---v4.33.1/bin:/home/runner/.elan/bin:/home/runner/go/bin:/opt/hostedtoolcache/go/1.27.1/x64/bin:/snap/bin:/home/runner/.local/bin:/opt/pipx_bin:/home/runner/.cargo/bin:/home/runner/.config/composer/vendor/bin:/usr/local/.ghcup/bin:/home/runner/.dotnet/tools:/usr/local/sbin:/usr/local/bin:/usr/sbin:/usr/bin:/sbin:/bin:/usr/games:/usr/local/games:/snap/bin HOME=/home/runner LANG=C.UTF-8 XDG_RUNTIME_DIR=/run/user/1001 DBUS_SESSION_BUS_ADDRESS=unix:path=/run/user/1001/bus GIT_TERMINAL_PROMPT=0 GIT_CONFIG_NOSYSTEM=1 GIT_CONFIG_GLOBAL=/dev/null COMPARATOR_BIN=/home/runner/work/_temp/nla-lean-tools/.tools/comparator/.lake/build/bin/comparator COMPARATOR_LEAN4EXPORT=/home/runner/work/_temp/nla-lean-tools/.tools/lean4export/.lake/build/bin/lean4export COMPARATOR_LANDRUN=/home/runner/work/_temp/nla-lean-tools/scripts/strict_landrun.py XDG_CACHE_HOME=/home/runner/work/_temp/nla-lean-tools/.tools/cache TMPDIR=/home/runner/work/_temp/nla-lean-tools/.verification-tmp lake env /home/runner/work/_temp/nla-lean-tools/.tools/comparator/.lake/build/bin/comparator comparator.json
Building Challenge
✔ [2797/2823] Built LeanCert.Core.Interval (3.7s)
✔ [2798/2823] Built LeanCert.Core.DerivativeIntervals (4.1s)
✔ [2799/2829] Built LeanCert.Contrib.Sinc (5.2s)
✔ [2800/2832] Built LeanCert.Core.Expr (6.5s)
✔ [2801/2832] Built LeanCert.Core.Dyadic (4.4s)
✔ [2802/2832] Built LeanCert.Core.IntervalRat.Basic (9.6s)
✔ [2804/2834] Built LeanCert.Core.IntervalRat.LogReduction (7.1s)
✔ [2805/2834] Built LeanCert.Core.Taylor (9.4s)
✔ [2807/2840] Built LeanCert.Core.Support (4.8s)
✔ [2809/2840] Built LeanCert.Engine.Eval.Result (2.7s)
✔ [2813/2840] Built LeanCert.Core.TrigReduction (3.4s)
✔ [2814/2840] Built LeanCert.Core.IntervalRat.Transcendental (4.4s)
✔ [2815/2840] Built LeanCert.Core.IntervalRat.Taylor (10s)
✔ [2816/2840] Built LeanCert.Core.IntervalReal (1.7s)
✔ [2817/2840] Built LeanCert.Core.IntervalRat.TrigReduced (2.0s)
✔ [2818/2840] Built LeanCert.Core.IntervalRealEndpoints (2.0s)
✔ [2819/2840] Built LeanCert.Core.IntervalDyadic (4.0s)
✔ [2820/2840] Built LeanCert.Engine.Eval.Core (4.1s)
✔ [2821/2840] Built LeanCert.Engine.Eval.Extended (2.4s)
✔ [2822/2840] Built LeanCert.Engine.Bounds.Lemmas (1.8s)
✔ [2823/2840] Built LeanCert.Engine.IntervalEval (1.6s)
✔ [2824/2840] Built LeanCert.Engine.Optimization.Box (2.2s)
✔ [2825/2840] Built LeanCert.Engine.AD.Basic (2.4s)
✔ [2826/2840] Built LeanCert.Engine.IntervalEvalDyadic (4.4s)
✔ [2827/2840] Built LeanCert.Engine.AD.Transcendental (2.0s)
✔ [2828/2840] Built LeanCert.Engine.AD.Eval (1.6s)
✔ [2829/2840] Built LeanCert.Engine.AD.Correctness (2.2s)
✔ [2830/2840] Built LeanCert.Engine.AD.Computable (2.5s)
✔ [2831/2840] Built LeanCert.Engine.AD.PartialCorrectness (3.9s)
✔ [2832/2840] Built LeanCert.Engine.AD.DomainChecked (2.2s)
✔ [2833/2840] Built LeanCert.Engine.AD.Dyadic (2.6s)
✔ [2834/2840] Built LeanCert.Engine.AD (1.6s)
✔ [2835/2840] Built LeanCert.Engine.Optimize (3.3s)
✔ [2836/2840] Built LeanCert.Engine.Optimization.Gradient (3.2s)
✔ [2837/2840] Built LeanCert.Engine.RootFinding.Krawczyk (2.9s)
✔ [2838/2840] Built NLA.MF16.Definitions (2.8s)
⚠ [2839/2840] Built Challenge (1.7s)
warning: Challenge.lean:16:8: declaration uses `sorry`
warning: Challenge.lean:26:8: declaration uses `sorry`
warning: Challenge.lean:33:8: declaration uses `sorry`
warning: Challenge.lean:41:8: declaration uses `sorry`
warning: Challenge.lean:49:8: declaration uses `sorry`
warning: Challenge.lean:58:8: declaration uses `sorry`
warning: Challenge.lean:63:8: declaration uses `sorry`
warning: Challenge.lean:71:8: declaration uses `sorry`
warning: Challenge.lean:79:8: declaration uses `sorry`
Build completed successfully (2840 jobs).
Exporting #[Quot, Quot.mk, Quot.lift, Quot.ind, NLA.MF16.word_semantics, NLA.MF16.source_data, NLA.MF16.twelfth_power_reduction, NLA.MF16.polynomial_word_equivalence, NLA.MF16.krawczyk_certificate, NLA.MF16.certified_root, NLA.MF16.root_to_matrix, NLA.MF16.counterexample, NLA.MF16.not_wordUniquenessConjecture, propext, Classical.choice, Quot.sound, Nat.add, Nat.sub, Nat.mul, Nat.pow, Nat.gcd, Nat.div, Nat.mod, Nat.beq, Nat.ble, Nat.land, Nat.lor, Nat.xor, Nat.shiftLeft, Nat.shiftRight, String.ofList, Char.ofNat, List, eagerReduce, Nat, String, String.mk, Char, optParam, autoParam, semiOutParam, outParam] from Challenge
Building Solution
✔ [2855/2863] Built LeanCert.Tactic.Verification (1.0s)
✔ [2856/2863] Built NLA.MF16.Algebra (3.2s)
✔ [2857/2863] Built NLA.MF16.Recovery (3.3s)
✔ [2858/2863] Built NLA.MF16.Polynomial (3.6s)
ℹ [2859/2863] Built NLA.MF16.CayleyHamilton (5.6s)
info: NLA/MF16/CayleyHamilton.lean:65:0: '_private.NLA.MF16.CayleyHamilton.0.NLA.MF16.twelfth_polynomial_remainder' depends on axioms: [propext,
 Classical.choice,
 Quot.sound]
info: NLA/MF16/CayleyHamilton.lean:66:0: 'NLA.MF16.matrix_twelfth_power_of_det_three' depends on axioms: [propext, Classical.choice, Quot.sound]
info: NLA/MF16/CayleyHamilton.lean:67:0: 'NLA.MF16.twelfth_power_reduction_proved' depends on axioms: [propext, Classical.choice, Quot.sound]
ℹ [2860/2863] Built NLA.MF16.Numerical (6.4s)
info: NLA/MF16/Numerical.lean:47:0: 'NLA.MF16.actual_krawczyk_checked' depends on axioms: [propext, Classical.choice, Quot.sound]
info: NLA/MF16/Numerical.lean:48:0: 'NLA.MF16.preconditioner_det_exact' depends on axioms: [propext, Classical.choice, Quot.sound]
info: NLA/MF16/Numerical.lean:49:0: 'NLA.MF16.box_radius_exact' depends on axioms: [propext, Classical.choice, Quot.sound]
info: NLA/MF16/Numerical.lean:50:0: 'NLA.MF16.contraction_bound_small' depends on axioms: [propext, Classical.choice, Quot.sound]
info: NLA/MF16/Numerical.lean:51:0: 'NLA.MF16.certified_root_proved' depends on axioms: [propext, Classical.choice, Quot.sound]
ℹ [2861/2863] Built NLA.MF16.Proof (2.0s)
info: NLA/MF16/Proof.lean:72:0: 'NLA.MF16.reducedWord_eq' depends on axioms: [propext, Classical.choice, Quot.sound]
info: NLA/MF16/Proof.lean:73:0: 'NLA.MF16.polynomial_word_equivalence_proved' depends on axioms: [propext, Classical.choice, Quot.sound]
info: NLA/MF16/Proof.lean:74:0: 'NLA.MF16.root_to_matrix_proved' depends on axioms: [propext, Classical.choice, Quot.sound]
info: NLA/MF16/Proof.lean:75:0: 'NLA.MF16.counterexample_proved' depends on axioms: [propext, Classical.choice, Quot.sound]
info: NLA/MF16/Proof.lean:76:0: 'NLA.MF16.not_wordUniquenessConjecture_proved' depends on axioms: [propext, Classical.choice, Quot.sound]
ℹ [2862/2863] Built Solution (2.1s)
info: Solution.lean:86:0: 'NLA.MF16.word_semantics' depends on axioms: [propext, Classical.choice, Quot.sound]
info: Solution.lean:87:0: 'NLA.MF16.source_data' depends on axioms: [propext, Classical.choice, Quot.sound]
info: Solution.lean:88:0: 'NLA.MF16.twelfth_power_reduction' depends on axioms: [propext, Classical.choice, Quot.sound]
info: Solution.lean:89:0: 'NLA.MF16.polynomial_word_equivalence' depends on axioms: [propext, Classical.choice, Quot.sound]
info: Solution.lean:90:0: 'NLA.MF16.krawczyk_certificate' depends on axioms: [propext, Classical.choice, Quot.sound]
info: Solution.lean:91:0: 'NLA.MF16.certified_root' depends on axioms: [propext, Classical.choice, Quot.sound]
info: Solution.lean:92:0: 'NLA.MF16.root_to_matrix' depends on axioms: [propext, Classical.choice, Quot.sound]
info: Solution.lean:93:0: 'NLA.MF16.counterexample' depends on axioms: [propext, Classical.choice, Quot.sound]
info: Solution.lean:94:0: 'NLA.MF16.not_wordUniquenessConjecture' depends on axioms: [propext, Classical.choice, Quot.sound]
Build completed successfully (2863 jobs).
Exporting #[Quot, Quot.mk, Quot.lift, Quot.ind, NLA.MF16.word_semantics, NLA.MF16.source_data, NLA.MF16.twelfth_power_reduction, NLA.MF16.polynomial_word_equivalence, NLA.MF16.krawczyk_certificate, NLA.MF16.certified_root, NLA.MF16.root_to_matrix, NLA.MF16.counterexample, NLA.MF16.not_wordUniquenessConjecture, propext, Classical.choice, Quot.sound, Nat.add, Nat.sub, Nat.mul, Nat.pow, Nat.gcd, Nat.div, Nat.mod, Nat.beq, Nat.ble, Nat.land, Nat.lor, Nat.xor, Nat.shiftLeft, Nat.shiftRight, String.ofList, Char.ofNat, List, eagerReduce, Nat, String, String.mk, Char, optParam, autoParam, semiOutParam, outParam] from Solution
Running Lean default kernel on solution.
Lean default kernel accepts the solution
Your solution is okay!

EXIT_STATUS=0
