$ python3 /home/runner/work/_temp/nla-lean-tools/reproduction/checks/comparator_regressions.py
Comparator regressions: RestrictAddressFamilies=~AF_UNIX; .tools/env.sh selects the real strict sandbox.

CASE simple_match
info: ComparatorRegression: no previous manifest, creating one from scratch
info: toolchain not updated; already up-to-date
Building Challenge
⚠ [2/3] Built Challenge (202ms)
warning: Challenge.lean:1:8: declaration uses `sorry`
Build completed successfully (3 jobs).
Exporting #[Quot, Quot.mk, Quot.lift, Quot.ind, comm, propext, Quot.sound, Classical.choice, Nat.add, Nat.sub, Nat.mul, Nat.pow, Nat.gcd, Nat.div, Nat.mod, Nat.beq, Nat.ble, Nat.land, Nat.lor, Nat.xor, Nat.shiftLeft, Nat.shiftRight, String.ofList, Char.ofNat, List, eagerReduce, Nat, String, String.mk, Char, optParam, autoParam, semiOutParam, outParam] from Challenge
Building Solution
✔ [2/3] Built Solution (203ms)
Build completed successfully (3 jobs).
Exporting #[Quot, Quot.mk, Quot.lift, Quot.ind, comm, propext, Quot.sound, Classical.choice, Nat.add, Nat.sub, Nat.mul, Nat.pow, Nat.gcd, Nat.div, Nat.mod, Nat.beq, Nat.ble, Nat.land, Nat.lor, Nat.xor, Nat.shiftLeft, Nat.shiftRight, String.ofList, Char.ofNat, List, eagerReduce, Nat, String, String.mk, Char, optParam, autoParam, semiOutParam, outParam] from Solution
Running Lean default kernel on solution.
Lean default kernel accepts the solution
Your solution is okay!
PASS simple_match: exit 0, expected 0; required phase: Your solution is okay!

CASE simple_mismatch
info: ComparatorRegression: no previous manifest, creating one from scratch
info: toolchain not updated; already up-to-date
Building Challenge
⚠ [2/3] Built Challenge (205ms)
warning: Challenge.lean:1:8: declaration uses `sorry`
Build completed successfully (3 jobs).
Exporting #[Quot, Quot.mk, Quot.lift, Quot.ind, comm, propext, Quot.sound, Classical.choice, Nat.add, Nat.sub, Nat.mul, Nat.pow, Nat.gcd, Nat.div, Nat.mod, Nat.beq, Nat.ble, Nat.land, Nat.lor, Nat.xor, Nat.shiftLeft, Nat.shiftRight, String.ofList, Char.ofNat, List, eagerReduce, Nat, String, String.mk, Char, optParam, autoParam, semiOutParam, outParam] from Challenge
Building Solution
✔ [2/3] Built Solution (198ms)
Build completed successfully (3 jobs).
Exporting #[Quot, Quot.mk, Quot.lift, Quot.ind, comm, propext, Quot.sound, Classical.choice, Nat.add, Nat.sub, Nat.mul, Nat.pow, Nat.gcd, Nat.div, Nat.mod, Nat.beq, Nat.ble, Nat.land, Nat.lor, Nat.xor, Nat.shiftLeft, Nat.shiftRight, String.ofList, Char.ofNat, List, eagerReduce, Nat, String, String.mk, Char, optParam, autoParam, semiOutParam, outParam] from Solution
uncaught exception: Challenge and solution constant kind don't match: 'comm'
PASS simple_mismatch: exit 1, expected 1; required phase: Challenge and solution constant kind don't match: 'comm'

CASE simple_axiom_issue
info: ComparatorRegression: no previous manifest, creating one from scratch
info: toolchain not updated; already up-to-date
Building Challenge
⚠ [2/3] Built Challenge (199ms)
warning: Challenge.lean:1:8: declaration uses `sorry`
Build completed successfully (3 jobs).
Exporting #[Quot, Quot.mk, Quot.lift, Quot.ind, comm, propext, Quot.sound, Classical.choice, Nat.add, Nat.sub, Nat.mul, Nat.pow, Nat.gcd, Nat.div, Nat.mod, Nat.beq, Nat.ble, Nat.land, Nat.lor, Nat.xor, Nat.shiftLeft, Nat.shiftRight, String.ofList, Char.ofNat, List, eagerReduce, Nat, String, String.mk, Char, optParam, autoParam, semiOutParam, outParam] from Challenge
Building Solution
✔ [2/3] Built Solution (203ms)
Build completed successfully (3 jobs).
Exporting #[Quot, Quot.mk, Quot.lift, Quot.ind, comm, propext, Quot.sound, Classical.choice, Nat.add, Nat.sub, Nat.mul, Nat.pow, Nat.gcd, Nat.div, Nat.mod, Nat.beq, Nat.ble, Nat.land, Nat.lor, Nat.xor, Nat.shiftLeft, Nat.shiftRight, String.ofList, Char.ofNat, List, eagerReduce, Nat, String, String.mk, Char, optParam, autoParam, semiOutParam, outParam] from Solution
uncaught exception: Illegal axiom detected: 'helper'
PASS simple_axiom_issue: exit 1, expected 1; required phase: Illegal axiom detected: 'helper'

CASE simple_kind_mismatch
info: ComparatorRegression: no previous manifest, creating one from scratch
info: toolchain not updated; already up-to-date
Building Challenge
⚠ [2/3] Built Challenge (200ms)
warning: Challenge.lean:1:8: declaration uses `sorry`
Build completed successfully (3 jobs).
Exporting #[Quot, Quot.mk, Quot.lift, Quot.ind, comm, propext, Quot.sound, Classical.choice, Nat.add, Nat.sub, Nat.mul, Nat.pow, Nat.gcd, Nat.div, Nat.mod, Nat.beq, Nat.ble, Nat.land, Nat.lor, Nat.xor, Nat.shiftLeft, Nat.shiftRight, String.ofList, Char.ofNat, List, eagerReduce, Nat, String, String.mk, Char, optParam, autoParam, semiOutParam, outParam] from Challenge
Building Solution
✔ [2/3] Built Solution (198ms)
Build completed successfully (3 jobs).
Exporting #[Quot, Quot.mk, Quot.lift, Quot.ind, comm, propext, Quot.sound, Classical.choice, Nat.add, Nat.sub, Nat.mul, Nat.pow, Nat.gcd, Nat.div, Nat.mod, Nat.beq, Nat.ble, Nat.land, Nat.lor, Nat.xor, Nat.shiftLeft, Nat.shiftRight, String.ofList, Char.ofNat, List, eagerReduce, Nat, String, String.mk, Char, optParam, autoParam, semiOutParam, outParam] from Solution
uncaught exception: Illegal axiom detected: 'helper'
PASS simple_kind_mismatch: exit 1, expected 1; required phase: Illegal axiom detected: 'helper'

CASE type_mismatch
info: ComparatorRegression: no previous manifest, creating one from scratch
info: toolchain not updated; already up-to-date
Building Challenge
✔ [2/3] Built Challenge (201ms)
Build completed successfully (3 jobs).
Exporting #[Quot, Quot.mk, Quot.lift, Quot.ind, checked, propext, Quot.sound, Classical.choice, Nat.add, Nat.sub, Nat.mul, Nat.pow, Nat.gcd, Nat.div, Nat.mod, Nat.beq, Nat.ble, Nat.land, Nat.lor, Nat.xor, Nat.shiftLeft, Nat.shiftRight, String.ofList, Char.ofNat, List, eagerReduce, Nat, String, String.mk, Char, optParam, autoParam, semiOutParam, outParam] from Challenge
Building Solution
✔ [2/3] Built Solution (198ms)
Build completed successfully (3 jobs).
Exporting #[Quot, Quot.mk, Quot.lift, Quot.ind, checked, propext, Quot.sound, Classical.choice, Nat.add, Nat.sub, Nat.mul, Nat.pow, Nat.gcd, Nat.div, Nat.mod, Nat.beq, Nat.ble, Nat.land, Nat.lor, Nat.xor, Nat.shiftLeft, Nat.shiftRight, String.ofList, Char.ofNat, List, eagerReduce, Nat, String, String.mk, Char, optParam, autoParam, semiOutParam, outParam] from Solution
uncaught exception: Challenge and solution theorem statement do not match: 'checked'
PASS type_mismatch: exit 1, expected 1; required phase: Challenge and solution theorem statement do not match: 'checked'
PASS: all five Comparator regressions

EXIT_STATUS=0
