$ systemd-run --user --quiet --wait --pipe --collect -p 'RestrictAddressFamilies=~AF_UNIX' --working-directory /home/runner/work/_temp/nla-lean-tools/.verification-tmp/nla-fresh-proof-jqiubjxf/project /usr/bin/env -i PATH=/home/runner/.elan/toolchains/leanprover--lean4---v4.33.1/bin:/home/runner/.elan/bin:/home/runner/go/bin:/opt/hostedtoolcache/go/1.27.1/x64/bin:/snap/bin:/home/runner/.local/bin:/opt/pipx_bin:/home/runner/.cargo/bin:/home/runner/.config/composer/vendor/bin:/usr/local/.ghcup/bin:/home/runner/.dotnet/tools:/usr/local/sbin:/usr/local/bin:/usr/sbin:/usr/bin:/sbin:/bin:/usr/games:/usr/local/games:/snap/bin HOME=/home/runner LANG=C.UTF-8 XDG_RUNTIME_DIR=/run/user/1001 DBUS_SESSION_BUS_ADDRESS=unix:path=/run/user/1001/bus GIT_TERMINAL_PROMPT=0 GIT_CONFIG_NOSYSTEM=1 GIT_CONFIG_GLOBAL=/dev/null COMPARATOR_BIN=/home/runner/work/_temp/nla-lean-tools/.tools/comparator/.lake/build/bin/comparator COMPARATOR_LEAN4EXPORT=/home/runner/work/_temp/nla-lean-tools/.tools/lean4export/.lake/build/bin/lean4export COMPARATOR_LANDRUN=/home/runner/work/_temp/nla-lean-tools/scripts/strict_landrun.py XDG_CACHE_HOME=/home/runner/work/_temp/nla-lean-tools/.tools/cache TMPDIR=/home/runner/work/_temp/nla-lean-tools/.verification-tmp lake env /home/runner/work/_temp/nla-lean-tools/.tools/comparator/.lake/build/bin/comparator comparator.json
Building Challenge
✔ [2378/2380] Built NLA.IE19.Definitions (1.0s)
⚠ [2379/2380] Built Challenge (1.6s)
warning: Challenge.lean:8:8: declaration uses `sorry`
warning: Challenge.lean:17:8: declaration uses `sorry`
warning: Challenge.lean:20:8: declaration uses `sorry`
Build completed successfully (2380 jobs).
Exporting #[Quot, Quot.mk, Quot.lift, Quot.ind, NLA.IE19.counterexample, NLA.IE19.not_lowerBoundConjecture, NLA.IE19.not_sharpConjecture, propext, Classical.choice, Quot.sound, Nat.add, Nat.sub, Nat.mul, Nat.pow, Nat.gcd, Nat.div, Nat.mod, Nat.beq, Nat.ble, Nat.land, Nat.lor, Nat.xor, Nat.shiftLeft, Nat.shiftRight, String.ofList, Char.ofNat, List, eagerReduce, Nat, String, String.mk, Char, optParam, autoParam, semiOutParam, outParam] from Challenge
Building Solution
✔ [2779/2812] Built LeanCert.Core.Interval (3.4s)
✔ [2780/2812] Built LeanCert.Core.DerivativeIntervals (3.8s)
✔ [2781/2818] Built LeanCert.Contrib.Sinc (5.4s)
✔ [2782/2819] Built LeanCert.Core.Expr (5.9s)
✔ [2783/2819] Built LeanCert.Core.Dyadic (5.1s)
✔ [2784/2823] Built LeanCert.Tactic.Verification (5.4s)
✔ [2785/2823] Built LeanCert.Core.Taylor (8.9s)
✔ [2786/2824] Built LeanCert.Core.IntervalRat.Basic (9.7s)
✔ [2787/2824] Built LeanCert.Core.Support (3.6s)
✔ [2788/2824] Built LeanCert.Core.IntervalRat.LogReduction (5.3s)
✔ [2789/2824] Built LeanCert.Tactic.LeanCert.Bridge.Environment (2.8s)
✔ [2790/2824] Built LeanCert.Meta.Numeral (3.9s)
✔ [2791/2824] Built LeanCert.Engine.Eval.Result (2.8s)
✔ [2792/2824] Built LeanCert.Tactic.NumericalRefinement (643ms)
✔ [2793/2824] Built LeanCert.Core.TrigReduction (3.2s)
✔ [2794/2824] Built LeanCert.Tactic.IntervalAuto.Types (3.0s)
✔ [2795/2824] Built LeanCert.Core.IntervalRat.Transcendental (4.0s)
✔ [2796/2849] Built LeanCert.Tactic.IntervalAuto.Extract (3.8s)
✔ [2849/2930] Built LeanCert.Tactic.IntervalAuto.Norm (5.9s)
✔ [2851/2934] Built LeanCert.Tactic.VecUtil (4.1s)
✔ [2852/2934] Built LeanCert.Meta.ToExpr (7.3s)
✔ [2853/2934] Built LeanCert.Tactic.FinSumExpand (3.3s)
✔ [2854/2934] Built LeanCert.Tactic.BridgeNative (2.5s)
✔ [2855/2967] Built LeanCert.Tactic.FinsetParse (4.6s)
✔ [3515/3597] Built LeanCert.Tactic.LeanCert.Normalize (3.5s)
✔ [3516/3601] Built LeanCert.Validity.Eventual (3.3s)
✔ [3517/3604] Built LeanCert.Tactic.LeanCert.Semantic.Domain (1.7s)
✔ [3518/3604] Built LeanCert.Tactic.IntervalAuto.Parse (5.8s)
✔ [3519/3604] Built LeanCert.Core.IntervalRat.Taylor (18s)
✔ [3520/3604] Built LeanCert.Tactic.LeanCert.Semantic.Goal (1.9s)
✔ [3521/3604] Built LeanCert.Tactic.VecSimp (1.6s)
✔ [3522/3606] Built LeanCert.Tactic.IntervalAuto.Diagnostic (3.0s)
✔ [3523/3608] Built LeanCert.Tactic.EventualBound (4.9s)
✔ [3524/3609] Built LeanCert.Core.IntervalReal (2.5s)
✔ [3525/3609] Built LeanCert.Core.IntervalRat.TrigReduced (2.0s)
✔ [3526/3609] Built LeanCert.Tactic.LeanCert.Semantic.Parse.Comparison (1.5s)
✔ [3527/3609] Built LeanCert.Tactic.Extension.Protocol (2.8s)
✔ [3528/3609] Built LeanCert.Core.IntervalRealEndpoints (5.6s)
✔ [3529/3611] Built LeanCert.Engine.Affine.Basic (7.5s)
✔ [3530/3611] Built LeanCert.Tactic.LeanCert.Diagnostic.Evidence (5.6s)
✔ [3531/3612] Built LeanCert.Core.IntervalDyadic (8.3s)
✔ [3532/3612] Built LeanCert.Tactic.LeanCert.Semantic.Parse.Bound (3.6s)
✔ [3533/3612] Built LeanCert.Tactic.Extension.Registry (3.2s)
✔ [3534/3616] Built LeanCert.Tactic.LeanCert.Config (2.0s)
✔ [3536/3625] Built LeanCert.Engine.Affine.Nonlinear (6.0s)
✔ [3537/3627] Built LeanCert.Engine.Eval.Core (8.4s)
✔ [3539/3632] Built LeanCert.Engine.Algebra.QPoly (5.9s)
✔ [3540/3632] Built LeanCert.Core.DyadicCell (6.6s)
✔ [3541/3632] Built LeanCert.Engine.FloatEval (2.7s)
✔ [3542/3632] Built LeanCert.Tactic.Extension.Command (2.8s)
✔ [3543/3632] Built LeanCert.Engine.Eval.Extended (4.1s)
✔ [3544/3632] Built LeanCert.Engine.Algebra.QPolyIntegral (3.5s)
✔ [3545/3632] Built LeanCert.Core.DyadicFrontier (2.9s)
✔ [3546/3632] Built LeanCert.Tactic.Extension (2.2s)
✔ [3547/3632] Built LeanCert.Engine.Bounds.Lemmas (2.1s)
✔ [3548/3632] Built LeanCert.Engine.IntervalEval (1.7s)
✔ [3549/3632] Built LeanCert.Validity.Bounds.Checked (2.8s)
✔ [3550/3632] Built LeanCert.Validity.Bounds.Core (2.0s)
✔ [3551/3632] Built LeanCert.Engine.Affine.Transcendental (4.0s)
✔ [3552/3632] Built LeanCert.Engine.IntervalEvalDyadic (6.8s)
✔ [3553/3632] Built LeanCert.Engine.Optimization.Box (4.3s)
✔ [3554/3632] Built LeanCert.Engine.RootFinding.Basic (5.4s)
✔ [3555/3632] Built LeanCert.Engine.AD.Basic (3.4s)
✔ [3556/3632] Built LeanCert.Engine.Integrate (6.6s)
✔ [3557/3632] Built LeanCert.Validity.DyadicBounds (4.2s)
✔ [3558/3632] Built LeanCert.Engine.IntervalEvalAffine (6.7s)
✔ [3559/3632] Built LeanCert.Engine.FinSumDyadic (6.1s)
✔ [3560/3632] Built LeanCert.Engine.TaylorModel.Core (10s)
✔ [3561/3632] Built LeanCert.Engine.Search.Heuristic (3.4s)
✔ [3562/3632] Built LeanCert.Engine.RootFinding.Bisection (5.5s)
✔ [3563/3632] Built LeanCert.Engine.Affine.Environment (3.9s)
✔ [3564/3632] Built LeanCert.Engine.AD.Transcendental (4.1s)
✔ [3565/3632] Built LeanCert.Engine.WitnessSum (3.6s)
✔ [3566/3632] Built LeanCert.Engine.TaylorModel.Special (3.0s)
✔ [3567/3632] Built LeanCert.Engine.TaylorModel.Integral (3.7s)
✔ [3568/3632] Built LeanCert.Engine.AD.Eval (5.0s)
✔ [3569/3632] Built LeanCert.Engine.TaylorModel.ExpLog (9.1s)
✔ [3570/3632] Built LeanCert.Engine.AD.Correctness (4.6s)
✔ [3571/3632] Built LeanCert.Engine.TaylorModel.Hyperbolic (13s)
✔ [3572/3632] Built LeanCert.Engine.TaylorModel.Trig (11s)
✔ [3573/3632] Built LeanCert.Engine.AD.Computable (3.6s)
✔ [3574/3632] Built LeanCert.Engine.TaylorModel.Functions (2.4s)
✔ [3575/3632] Built LeanCert.Engine.AD.PartialCorrectness (5.4s)
✔ [3576/3632] Built LeanCert.Engine.AD.DomainChecked (3.5s)
✔ [3577/3632] Built LeanCert.Engine.TaylorModel.Expr (3.7s)
✔ [3578/3632] Built LeanCert.Engine.TaylorModel (1.9s)
✔ [3579/3632] Built LeanCert.Engine.AD.Dyadic (2.9s)
✔ [3580/3632] Built LeanCert.Engine.AD (1.6s)
✔ [3581/3632] Built LeanCert.Validity.Bounds.Smart (3.4s)
✔ [3582/3632] Built LeanCert.Meta.ProveSupported (4.2s)
✔ [3583/3632] Built LeanCert.Engine.IntervalEvalRefined (4.2s)
✔ [3584/3632] Built LeanCert.Engine.Optimize (6.1s)
✔ [3585/3632] Built LeanCert.Validity.Bounds.Bridge (3.4s)
✔ [3586/3632] Built LeanCert.Meta.ProveContinuous (4.6s)
✔ [3587/3632] Built LeanCert.Tactic.IntervalAuto.ProveCommon (6.0s)
✔ [3588/3632] Built LeanCert.Validity.Bounds.Basic (2.9s)
✔ [3589/3632] Built LeanCert.Engine.Optimization.Gradient (6.2s)
✔ [3590/3632] Built LeanCert.Engine.RootFinding.Newton (5.8s)
✔ [3591/3632] Built LeanCert.Tactic.LeanCert.Bridge.ReifiedFunction (3.5s)
✔ [3592/3632] Built LeanCert.Tactic.IntervalAuto.Basic (3.1s)
✔ [3593/3632] Built LeanCert.Validity.Integration (6.0s)
✔ [3594/3632] Built LeanCert.Engine.RootFinding.Krawczyk (8.8s)
✔ [3595/3632] Built LeanCert.Tactic.LeanCert.Semantic.Prepare (8.7s)
✔ [3596/3632] Built LeanCert.Engine.RootFinding.MVTBounds (10s)
✔ [3597/3632] Built LeanCert.Validity.Krawczyk (3.5s)
✔ [3598/3632] Built LeanCert.Engine.RootFinding.KrawczykCandidate (4.7s)
✔ [3599/3632] Built LeanCert.Tactic.LeanCert.Integral (8.4s)
✔ [3600/3632] Built LeanCert.Tactic.LeanCert.Solver.Protocol (6.0s)
✔ [3601/3632] Built LeanCert.Engine.Optimization.Global (23s)
✔ [3602/3632] Built LeanCert.Tactic.Extension.Execute (7.4s)
✔ [3603/3632] Built LeanCert.Engine.RootFinding.Contraction (5.4s)
✔ [3604/3632] Built LeanCert.Validity.Types (3.1s)
✔ [3605/3632] Built LeanCert.Tactic.LeanCert.Diagnostic.Render (3.8s)
✔ [3606/3632] Built LeanCert.Engine.Optimization.Guided (2.0s)
✔ [3607/3632] Built LeanCert.Engine.Search.CounterExample (2.9s)
✔ [3608/3632] Built LeanCert.Engine.RootFinding.Main (2.4s)
✔ [3609/3632] Built LeanCert.Engine.Optimization.BoundVerify (2.9s)
✔ [3610/3632] Built LeanCert.Tactic.Enclosure (3.4s)
✔ [3611/3632] Built LeanCert.Validity.Bounds (4.1s)
✔ [3612/3632] Built LeanCert.Discovery.Find (3.5s)
✔ [3613/3632] Built LeanCert.Tactic.IntervalAuto.RootBound (3.8s)
✔ [3614/3632] Built LeanCert.Tactic.IntervalAuto.OptBound (3.9s)
✔ [3615/3632] Built LeanCert.Tactic.IntervalAuto.Multivariate (5.3s)
✔ [3616/3632] Built LeanCert.Tactic.IntervalAuto.Bound (10s)
✔ [3617/3632] Built LeanCert.Tactic.IntervalAuto.Subdiv (4.8s)
✔ [3618/3632] Built LeanCert.Tactic.IntervalAuto.Adaptive (6.1s)
✔ [3619/3632] Built LeanCert.Tactic.IntervalAuto.PointIneq (7.5s)
✔ [3620/3632] Built LeanCert.Tactic.IntervalAuto (2.1s)
✔ [3621/3632] Built LeanCert.Tactic.Refute (2.8s)
✔ [3622/3632] Built LeanCert.Tactic.FinSumWitness (4.6s)
✔ [3623/3632] Built LeanCert.Tactic.FinSumBound (3.6s)
✔ [3624/3632] Built LeanCert.Tactic.LeanCert.Semantic.Parse (2.7s)
✔ [3625/3632] Built LeanCert.Tactic.Discovery (10s)
✔ [3626/3632] Built LeanCert.Tactic.Krawczyk (2.8s)
✔ [3627/3632] Built LeanCert.Tactic.LeanCert.Router (6.2s)
✔ [3628/3632] Built LeanCert.Tactic.LeanCert (2.2s)
✔ [3629/3632] Built LeanCert.Tactic (2.2s)
ℹ [3630/3632] Built NLA.IE19.Proof (3.5s)
info: NLA/IE19/Proof.lean:128:0: 'NLA.IE19.strict_scalar_gap' depends on axioms: [propext, Classical.choice, Quot.sound]
info: NLA/IE19/Proof.lean:130:0: 'NLA.IE19.counterexample_proved' depends on axioms: [propext, Classical.choice, Quot.sound]
info: NLA/IE19/Proof.lean:132:0: 'NLA.IE19.not_lowerBoundConjecture_proved' depends on axioms: [propext, Classical.choice, Quot.sound]
info: NLA/IE19/Proof.lean:134:0: 'NLA.IE19.not_sharpConjecture_proved' depends on axioms: [propext, Classical.choice, Quot.sound]
ℹ [3631/3632] Built Solution (2.3s)
info: Solution.lean:29:0: 'NLA.IE19.counterexample' depends on axioms: [propext, Classical.choice, Quot.sound]
info: Solution.lean:31:0: 'NLA.IE19.not_lowerBoundConjecture' depends on axioms: [propext, Classical.choice, Quot.sound]
info: Solution.lean:33:0: 'NLA.IE19.not_sharpConjecture' depends on axioms: [propext, Classical.choice, Quot.sound]
Build completed successfully (3632 jobs).
Exporting #[Quot, Quot.mk, Quot.lift, Quot.ind, NLA.IE19.counterexample, NLA.IE19.not_lowerBoundConjecture, NLA.IE19.not_sharpConjecture, propext, Classical.choice, Quot.sound, Nat.add, Nat.sub, Nat.mul, Nat.pow, Nat.gcd, Nat.div, Nat.mod, Nat.beq, Nat.ble, Nat.land, Nat.lor, Nat.xor, Nat.shiftLeft, Nat.shiftRight, String.ofList, Char.ofNat, List, eagerReduce, Nat, String, String.mk, Char, optParam, autoParam, semiOutParam, outParam] from Solution
Running Lean default kernel on solution.
Lean default kernel accepts the solution
Your solution is okay!

EXIT_STATUS=0
