$ systemd-run --user --quiet --wait --pipe --collect -p 'RestrictAddressFamilies=~AF_UNIX' --working-directory /home/runner/work/_temp/nla-lean-tools/.verification-tmp/nla-fresh-proof-v8_qslbq/project /usr/bin/env -i PATH=/home/runner/.elan/toolchains/leanprover--lean4---v4.33.1/bin:/home/runner/.elan/bin:/home/runner/go/bin:/opt/hostedtoolcache/go/1.27.1/x64/bin:/snap/bin:/home/runner/.local/bin:/opt/pipx_bin:/home/runner/.cargo/bin:/home/runner/.config/composer/vendor/bin:/usr/local/.ghcup/bin:/home/runner/.dotnet/tools:/usr/local/sbin:/usr/local/bin:/usr/sbin:/usr/bin:/sbin:/bin:/usr/games:/usr/local/games:/snap/bin HOME=/home/runner LANG=C.UTF-8 XDG_RUNTIME_DIR=/run/user/1001 DBUS_SESSION_BUS_ADDRESS=unix:path=/run/user/1001/bus GIT_TERMINAL_PROMPT=0 GIT_CONFIG_NOSYSTEM=1 GIT_CONFIG_GLOBAL=/dev/null COMPARATOR_BIN=/home/runner/work/_temp/nla-lean-tools/.tools/comparator/.lake/build/bin/comparator COMPARATOR_LEAN4EXPORT=/home/runner/work/_temp/nla-lean-tools/.tools/lean4export/.lake/build/bin/lean4export COMPARATOR_LANDRUN=/home/runner/work/_temp/nla-lean-tools/scripts/strict_landrun.py XDG_CACHE_HOME=/home/runner/work/_temp/nla-lean-tools/.tools/cache TMPDIR=/home/runner/work/_temp/nla-lean-tools/.verification-tmp lake env /home/runner/work/_temp/nla-lean-tools/.tools/comparator/.lake/build/bin/comparator comparator.json
Building Challenge
✔ [2708/2710] Built NLA.MI07.Definitions (2.0s)
⚠ [2709/2710] Built Challenge (1.8s)
warning: Challenge.lean:11:8: declaration uses `sorry`
warning: Challenge.lean:16:8: declaration uses `sorry`
warning: Challenge.lean:22:8: declaration uses `sorry`
warning: Challenge.lean:28:8: declaration uses `sorry`
warning: Challenge.lean:41:8: declaration uses `sorry`
warning: Challenge.lean:48:8: declaration uses `sorry`
warning: Challenge.lean:64:8: declaration uses `sorry`
Build completed successfully (2710 jobs).
Exporting #[Quot, Quot.mk, Quot.lift, Quot.ind, NLA.MI07.modulus_eq_sqrt, NLA.MI07.maximalModulus_eq_of_tendsto, NLA.MI07.root_limit_iff_spectralNorm, NLA.MI07.witness_moduli, NLA.MI07.witness_root_limits, NLA.MI07.counterexample, NLA.MI07.not_triangleConjecture, propext, Classical.choice, Quot.sound, Nat.add, Nat.sub, Nat.mul, Nat.pow, Nat.gcd, Nat.div, Nat.mod, Nat.beq, Nat.ble, Nat.land, Nat.lor, Nat.xor, Nat.shiftLeft, Nat.shiftRight, String.ofList, Char.ofNat, List, eagerReduce, Nat, String, String.mk, Char, optParam, autoParam, semiOutParam, outParam] from Challenge
Building Solution
✔ [3005/3028] Built LeanCert.Core.Interval (3.4s)
✔ [3008/3043] Built NLA.MI07.FunctionalCalculus (3.6s)
✔ [3012/3044] Built LeanCert.Core.DerivativeIntervals (3.6s)
✔ [3013/3044] Built LeanCert.Core.Expr (5.4s)
✔ [3014/3044] Built LeanCert.Contrib.Sinc (6.3s)
✔ [3015/3044] Built LeanCert.Core.IntervalRat.Basic (8.7s)
✔ [3016/3050] Built LeanCert.Core.IntervalRat.LogReduction (7.2s)
✔ [3017/3050] Built LeanCert.Core.Taylor (9.2s)
✔ [3018/3050] Built LeanCert.Core.Support (3.8s)
✔ [3019/3050] Built LeanCert.Engine.Eval.Result (2.8s)
✔ [3020/3051] Built LeanCert.Meta.Numeral (3.8s)
✔ [3021/3051] Built LeanCert.Core.TrigReduction (3.2s)
✔ [3022/3051] Built LeanCert.Core.IntervalRat.Transcendental (4.6s)
✔ [3023/3051] Built LeanCert.Tactic.IntervalAuto.Types (4.5s)
✔ [3024/3051] Built LeanCert.Core.Dyadic (4.3s)
✔ [3025/3055] Built LeanCert.Tactic.IntervalAuto.Extract (4.7s)
✔ [3026/3055] Built LeanCert.Tactic.Verification (4.7s)
✔ [3027/3056] Built LeanCert.Meta.ToExpr (6.8s)
✔ [3028/3056] Built LeanCert.Tactic.IntervalAuto.Norm (5.8s)
✔ [3029/3056] Built LeanCert.Tactic.LeanCert.Bridge.Environment (3.9s)
✔ [3031/3149] Built LeanCert.Tactic.NumericalRefinement (607ms)
✔ [3083/3149] Built LeanCert.Tactic.LeanCert.Normalize (2.9s)
✔ [3084/3149] Built LeanCert.Tactic.IntervalAuto.Parse (5.3s)
✔ [3085/3149] Built LeanCert.Core.IntervalRat.Taylor (16s)
✔ [3086/3149] Built LeanCert.Tactic.IntervalAuto.Diagnostic (2.2s)
✔ [3087/3149] Built LeanCert.Core.IntervalReal (1.9s)
✔ [3088/3149] Built LeanCert.Core.IntervalRat.TrigReduced (2.3s)
✔ [3089/3149] Built LeanCert.Core.IntervalRealEndpoints (4.5s)
✔ [3090/3149] Built LeanCert.Core.IntervalDyadic (6.5s)
✔ [3091/3149] Built LeanCert.Engine.Affine.Basic (6.5s)
✔ [3092/3149] Built LeanCert.Engine.Eval.Core (5.8s)
✔ [3093/3149] Built LeanCert.Engine.Affine.Nonlinear (3.8s)
✔ [3094/3149] Built LeanCert.Engine.Eval.Extended (2.4s)
✔ [3095/3149] Built LeanCert.Engine.Bounds.Lemmas (1.8s)
✔ [3096/3149] Built LeanCert.Engine.IntervalEval (1.6s)
✔ [3097/3149] Built LeanCert.Validity.Bounds.Core (2.8s)
✔ [3098/3149] Built LeanCert.Validity.Bounds.Checked (2.9s)
✔ [3099/3149] Built LeanCert.Engine.Affine.Transcendental (3.9s)
✔ [3100/3149] Built LeanCert.Engine.IntervalEvalDyadic (6.3s)
✔ [3101/3149] Built LeanCert.Engine.Optimization.Box (3.9s)
✔ [3102/3149] Built LeanCert.Engine.RootFinding.Basic (5.6s)
✔ [3103/3149] Built LeanCert.Engine.AD.Basic (3.3s)
✔ [3104/3149] Built LeanCert.Engine.Integrate (6.5s)
✔ [3105/3149] Built LeanCert.Validity.DyadicBounds (4.1s)
✔ [3106/3149] Built LeanCert.Engine.IntervalEvalAffine (7.1s)
✔ [3107/3149] Built LeanCert.Engine.TaylorModel.Core (9.6s)
✔ [3108/3149] Built LeanCert.Engine.RootFinding.Bisection (5.7s)
✔ [3109/3149] Built LeanCert.Engine.AD.Transcendental (4.8s)
✔ [3110/3149] Built LeanCert.Engine.TaylorModel.Special (2.9s)
✔ [3111/3149] Built LeanCert.Engine.TaylorModel.Integral (3.4s)
✔ [3112/3149] Built LeanCert.Engine.Affine.Environment (3.9s)
✔ [3113/3149] Built LeanCert.Engine.AD.Eval (3.3s)
✔ [3114/3149] Built LeanCert.Engine.TaylorModel.ExpLog (9.0s)
✔ [3115/3149] Built LeanCert.Engine.AD.Correctness (6.8s)
✔ [3116/3149] Built LeanCert.Engine.TaylorModel.Trig (11s)
✔ [3117/3149] Built LeanCert.Engine.TaylorModel.Hyperbolic (12s)
✔ [3118/3149] Built LeanCert.Engine.AD.Computable (3.6s)
✔ [3119/3149] Built LeanCert.Engine.TaylorModel.Functions (2.5s)
✔ [3120/3149] Built LeanCert.Engine.AD.PartialCorrectness (5.8s)
✔ [3121/3149] Built LeanCert.Engine.AD.DomainChecked (2.8s)
✔ [3122/3149] Built LeanCert.Engine.TaylorModel.Expr (3.7s)
✔ [3123/3149] Built LeanCert.Engine.AD.Dyadic (3.2s)
✔ [3124/3149] Built LeanCert.Engine.TaylorModel (1.9s)
✔ [3125/3149] Built LeanCert.Engine.AD (1.6s)
✔ [3126/3149] Built LeanCert.Validity.Bounds.Smart (3.9s)
✔ [3127/3149] Built LeanCert.Engine.IntervalEvalRefined (4.2s)
✔ [3128/3149] Built LeanCert.Meta.ProveSupported (4.2s)
✔ [3129/3149] Built LeanCert.Engine.Optimize (6.1s)
✔ [3130/3149] Built LeanCert.Validity.Bounds.Bridge (3.2s)
✔ [3131/3149] Built LeanCert.Meta.ProveContinuous (4.7s)
✔ [3132/3149] Built LeanCert.Tactic.IntervalAuto.ProveCommon (5.8s)
✔ [3133/3149] Built LeanCert.Engine.Optimization.Gradient (5.7s)
✔ [3134/3149] Built LeanCert.Validity.Bounds.Basic (2.0s)
✔ [3135/3149] Built LeanCert.Engine.RootFinding.Newton (5.1s)
✔ [3136/3149] Built LeanCert.Tactic.IntervalAuto.Basic (2.0s)
✔ [3137/3149] Built LeanCert.Validity.Integration (7.1s)
✔ [3138/3149] Built LeanCert.Engine.RootFinding.Krawczyk (6.5s)
✔ [3139/3149] Built LeanCert.Engine.RootFinding.MVTBounds (9.3s)
✔ [3140/3149] Built LeanCert.Engine.RootFinding.Contraction (3.5s)
✔ [3141/3149] Built LeanCert.Engine.Optimization.Global (16s)
✔ [3142/3149] Built LeanCert.Engine.RootFinding.Main (1.7s)
✔ [3143/3149] Built LeanCert.Engine.Optimization.BoundVerify (2.2s)
✔ [3144/3149] Built LeanCert.Validity.Bounds (4.0s)
✔ [3145/3149] Built LeanCert.Tactic.IntervalAuto.Bound (10s)
✔ [3146/3149] Built LeanCert.Tactic.IntervalAuto.PointIneq (5.7s)
ℹ [3147/3149] Built NLA.MI07.Proof (4.3s)
info: NLA/MI07/Proof.lean:325:0: 'NLA.MI07.modulus_eq_sqrt_proved' depends on axioms: [propext, Classical.choice, Quot.sound]
info: NLA/MI07/Proof.lean:326:0: 'NLA.MI07.maximalModulus_eq_of_tendsto_proved' depends on axioms: [propext, Classical.choice, Quot.sound]
info: NLA/MI07/Proof.lean:327:0: 'NLA.MI07.root_limit_iff_spectralNorm_proved' depends on axioms: [propext, Classical.choice, Quot.sound]
info: NLA/MI07/Proof.lean:328:0: 'NLA.MI07.witness_moduli_proved' depends on axioms: [propext, Classical.choice, Quot.sound]
info: NLA/MI07/Proof.lean:329:0: 'NLA.MI07.rpow_projection' depends on axioms: [propext, Classical.choice, Quot.sound]
info: NLA/MI07/Proof.lean:330:0: 'NLA.MI07.rpow_real_smul' depends on axioms: [propext, Classical.choice, Quot.sound]
info: NLA/MI07/Proof.lean:331:0: 'NLA.MI07.posDef_rpow_tendsto_one' depends on axioms: [propext, Classical.choice, Quot.sound]
info: NLA/MI07/Proof.lean:332:0: 'NLA.MI07.rootSequence_witnessA' depends on axioms: [propext, Classical.choice, Quot.sound]
info: NLA/MI07/Proof.lean:333:0: 'NLA.MI07.rootSequence_witnessB' depends on axioms: [propext, Classical.choice, Quot.sound]
info: NLA/MI07/Proof.lean:334:0: 'NLA.MI07.rootSequence_sum' depends on axioms: [propext, Classical.choice, Quot.sound]
info: NLA/MI07/Proof.lean:335:0: 'NLA.MI07.witness_root_limits_proved' depends on axioms: [propext, Classical.choice, Quot.sound]
info: NLA/MI07/Proof.lean:336:0: 'NLA.MI07.trace_unitaryConjugate' depends on axioms: [propext, Classical.choice, Quot.sound]
info: NLA/MI07/Proof.lean:337:0: 'NLA.MI07.scalar_gap_positive' depends on axioms: [propext, Classical.choice, Quot.sound]
info: NLA/MI07/Proof.lean:338:0: 'NLA.MI07.no_unitary_domination' depends on axioms: [propext, Classical.choice, Quot.sound]
info: NLA/MI07/Proof.lean:339:0: 'NLA.MI07.counterexample_proved' depends on axioms: [propext, Classical.choice, Quot.sound]
info: NLA/MI07/Proof.lean:340:0: 'NLA.MI07.not_triangleConjecture_proved' depends on axioms: [propext, Classical.choice, Quot.sound]
ℹ [3148/3149] Built Solution (2.3s)
info: Solution.lean:91:0: 'NLA.MI07.modulus_eq_sqrt' depends on axioms: [propext, Classical.choice, Quot.sound]
info: Solution.lean:92:0: 'NLA.MI07.maximalModulus_eq_of_tendsto' depends on axioms: [propext, Classical.choice, Quot.sound]
info: Solution.lean:93:0: 'NLA.MI07.root_limit_iff_spectralNorm' depends on axioms: [propext, Classical.choice, Quot.sound]
info: Solution.lean:94:0: 'NLA.MI07.witness_moduli' depends on axioms: [propext, Classical.choice, Quot.sound]
info: Solution.lean:95:0: 'NLA.MI07.witness_root_limits' depends on axioms: [propext, Classical.choice, Quot.sound]
info: Solution.lean:96:0: 'NLA.MI07.counterexample' depends on axioms: [propext, Classical.choice, Quot.sound]
info: Solution.lean:97:0: 'NLA.MI07.not_triangleConjecture' depends on axioms: [propext, Classical.choice, Quot.sound]
Build completed successfully (3149 jobs).
Exporting #[Quot, Quot.mk, Quot.lift, Quot.ind, NLA.MI07.modulus_eq_sqrt, NLA.MI07.maximalModulus_eq_of_tendsto, NLA.MI07.root_limit_iff_spectralNorm, NLA.MI07.witness_moduli, NLA.MI07.witness_root_limits, NLA.MI07.counterexample, NLA.MI07.not_triangleConjecture, propext, Classical.choice, Quot.sound, Nat.add, Nat.sub, Nat.mul, Nat.pow, Nat.gcd, Nat.div, Nat.mod, Nat.beq, Nat.ble, Nat.land, Nat.lor, Nat.xor, Nat.shiftLeft, Nat.shiftRight, String.ofList, Char.ofNat, List, eagerReduce, Nat, String, String.mk, Char, optParam, autoParam, semiOutParam, outParam] from Solution
Running Lean default kernel on solution.
Lean default kernel accepts the solution
Your solution is okay!

EXIT_STATUS=0
