$ systemd-run --user --quiet --wait --pipe --collect -p 'RestrictAddressFamilies=~AF_UNIX' --working-directory /home/runner/work/_temp/nla-lean-tools/.verification-tmp/nla-fresh-proof-kabiysnj/project /usr/bin/env -i PATH=/home/runner/.elan/toolchains/leanprover--lean4---v4.33.1/bin:/home/runner/.elan/bin:/home/runner/go/bin:/opt/hostedtoolcache/go/1.27.1/x64/bin:/snap/bin:/home/runner/.local/bin:/opt/pipx_bin:/home/runner/.cargo/bin:/home/runner/.config/composer/vendor/bin:/usr/local/.ghcup/bin:/home/runner/.dotnet/tools:/usr/local/sbin:/usr/local/bin:/usr/sbin:/usr/bin:/sbin:/bin:/usr/games:/usr/local/games:/snap/bin HOME=/home/runner LANG=C.UTF-8 XDG_RUNTIME_DIR=/run/user/1001 DBUS_SESSION_BUS_ADDRESS=unix:path=/run/user/1001/bus GIT_TERMINAL_PROMPT=0 GIT_CONFIG_NOSYSTEM=1 GIT_CONFIG_GLOBAL=/dev/null COMPARATOR_BIN=/home/runner/work/_temp/nla-lean-tools/.tools/comparator/.lake/build/bin/comparator COMPARATOR_LEAN4EXPORT=/home/runner/work/_temp/nla-lean-tools/.tools/lean4export/.lake/build/bin/lean4export COMPARATOR_LANDRUN=/home/runner/work/_temp/nla-lean-tools/scripts/strict_landrun.py XDG_CACHE_HOME=/home/runner/work/_temp/nla-lean-tools/.tools/cache TMPDIR=/home/runner/work/_temp/nla-lean-tools/.verification-tmp lake env /home/runner/work/_temp/nla-lean-tools/.tools/comparator/.lake/build/bin/comparator comparator.json
Building Challenge
✔ [2708/2710] Built NLA.RA09.Definitions (2.3s)
⚠ [2709/2710] Built Challenge (2.3s)
warning: Challenge.lean:18:8: declaration uses `sorry`
warning: Challenge.lean:27:8: declaration uses `sorry`
warning: Challenge.lean:35:8: declaration uses `sorry`
warning: Challenge.lean:41:8: declaration uses `sorry`
warning: Challenge.lean:54:8: declaration uses `sorry`
warning: Challenge.lean:63:8: declaration uses `sorry`
warning: Challenge.lean:74:8: declaration uses `sorry`
warning: Challenge.lean:84:8: declaration uses `sorry`
warning: Challenge.lean:97:8: declaration uses `sorry`
warning: Challenge.lean:117:8: declaration uses `sorry`
warning: Challenge.lean:126:8: declaration uses `sorry`
warning: Challenge.lean:134:8: declaration uses `sorry`
warning: Challenge.lean:149:8: declaration uses `sorry`
warning: Challenge.lean:166:8: declaration uses `sorry`
warning: Challenge.lean:175:8: declaration uses `sorry`
warning: Challenge.lean:189:8: declaration uses `sorry`
warning: Challenge.lean:205:8: declaration uses `sorry`
Build completed successfully (2710 jobs).
Exporting #[Quot, Quot.mk, Quot.lift, Quot.ind, NLA.RA09.frobenius_semantics, NLA.RA09.frobenius_orthogonal_invariance, NLA.RA09.orderedSpectral_exists, NLA.RA09.orderedSpectral_semantics, NLA.RA09.functionalCalculus_spectral, NLA.RA09.truncation_semantics, NLA.RA09.trace_deficit_reduction, NLA.RA09.admissible_scalar_consequences, NLA.RA09.scalar_branch_certificates, NLA.RA09.ordered_scalar_certificate, NLA.RA09.harmonic_constraint, NLA.RA09.overlap_semantics, NLA.RA09.overlap_error_expansions, NLA.RA09.zero_column_average, NLA.RA09.positive_tail_transfer, NLA.RA09.zero_tail_closure, NLA.RA09.concaveFrobeniusTransferConjecture, propext, Classical.choice, Quot.sound, Nat.add, Nat.sub, Nat.mul, Nat.pow, Nat.gcd, Nat.div, Nat.mod, Nat.beq, Nat.ble, Nat.land, Nat.lor, Nat.xor, Nat.shiftLeft, Nat.shiftRight, String.ofList, Char.ofNat, List, eagerReduce, Nat, String, String.mk, Char, optParam, autoParam, semiOutParam, outParam] from Challenge
Building Solution
✔ [2710/2726] Built LeanCert.Tactic.Verification (2.2s)
ℹ [2711/2726] Built NLA.RA09.ZeroColumn (4.9s)
info: NLA/RA09/ZeroColumn.lean:39:0: 'NLA.RA09.zero_column_average_proved' depends on axioms: [propext, Classical.choice, Quot.sound]
ℹ [2712/2726] Built NLA.RA09.Frobenius (5.2s)
info: NLA/RA09/Frobenius.lean:134:0: 'NLA.RA09.frobenius_semantics_proved' depends on axioms: [propext, Classical.choice, Quot.sound]
info: NLA/RA09/Frobenius.lean:135:0: 'NLA.RA09.frobenius_orthogonal_invariance_proved' depends on axioms: [propext, Classical.choice, Quot.sound]
info: NLA/RA09/Frobenius.lean:136:0: 'NLA.RA09.trace_deficit_reduction_proved' depends on axioms: [propext, Classical.choice, Quot.sound]
ℹ [2713/2726] Built NLA.RA09.Harmonic (6.1s)
info: NLA/RA09/Harmonic.lean:112:0: 'NLA.RA09.outerSquare_mulVec' depends on axioms: [propext, Classical.choice, Quot.sound]
info: NLA/RA09/Harmonic.lean:113:0: 'NLA.RA09.diagonal_outer_quadratic' depends on axioms: [propext, Classical.choice, Quot.sound]
info: NLA/RA09/Harmonic.lean:114:0: 'NLA.RA09.harmonic_constraint_proved' depends on axioms: [propext, Classical.choice, Quot.sound]
ℹ [2714/2726] Built NLA.RA09.Scalar (9.7s)
info: NLA/RA09/Scalar.lean:232:0: '_private.NLA.RA09.Scalar.0.NLA.RA09.scalar_cross' depends on axioms: [propext, Classical.choice, Quot.sound]
info: NLA/RA09/Scalar.lean:233:0: 'NLA.RA09.admissible_scalar_consequences_proved' depends on axioms: [propext, Classical.choice, Quot.sound]
info: NLA/RA09/Scalar.lean:234:0: 'NLA.RA09.scalar_branch_certificates_proved' depends on axioms: [propext, Classical.choice, Quot.sound]
info: NLA/RA09/Scalar.lean:235:0: '_private.NLA.RA09.Scalar.0.NLA.RA09.normalized_ordered_certificate' depends on axioms: [propext,
 Classical.choice,
 Quot.sound]
info: NLA/RA09/Scalar.lean:236:0: 'NLA.RA09.ordered_scalar_certificate_proved' depends on axioms: [propext, Classical.choice, Quot.sound]
ℹ [2715/2726] Built NLA.RA09.SpectralCFC (4.9s)
info: NLA/RA09/SpectralCFC.lean:119:0: 'NLA.RA09.selected_data_spectrum' depends on axioms: [propext, Classical.choice, Quot.sound]
info: NLA/RA09/SpectralCFC.lean:120:0: 'NLA.RA09.selectedCfcAux_continuous' depends on axioms: [propext, Classical.choice, Quot.sound]
info: NLA/RA09/SpectralCFC.lean:121:0: 'NLA.RA09.selectedCfcAux_id' depends on axioms: [propext, Classical.choice, Quot.sound]
info: NLA/RA09/SpectralCFC.lean:122:0: 'NLA.RA09.selected_cfc_eq' depends on axioms: [propext, Classical.choice, Quot.sound]
info: NLA/RA09/SpectralCFC.lean:123:0: 'NLA.RA09.functionalCalculus_spectral_proved' depends on axioms: [propext, Classical.choice, Quot.sound]
ℹ [2716/2726] Built NLA.RA09.OrderedExistence (4.6s)
info: NLA/RA09/OrderedExistence.lean:78:0: 'NLA.RA09.orderedSpectral_exists_proved' depends on axioms: [propext, Classical.choice, Quot.sound]
ℹ [2717/2726] Built NLA.RA09.Spectral (2.8s)
info: NLA/RA09/Spectral.lean:159:0: 'NLA.RA09.orderedSpectral_semantics_proved' depends on axioms: [propext, Classical.choice, Quot.sound]
info: NLA/RA09/Spectral.lean:160:0: 'NLA.RA09.truncation_semantics_proved' depends on axioms: [propext, Classical.choice, Quot.sound]
ℹ [2718/2726] Built NLA.RA09.Averaging (2.9s)
info: NLA/RA09/Averaging.lean:82:0: 'NLA.RA09.positive_column_average' depends on axioms: [propext, Classical.choice, Quot.sound]
ℹ [2719/2726] Built NLA.RA09.ZeroTail (2.7s)
info: NLA/RA09/ZeroTail.lean:87:0: 'NLA.RA09.functionTail_of_vanishing' depends on axioms: [propext, Classical.choice, Quot.sound]
info: NLA/RA09/ZeroTail.lean:88:0: 'NLA.RA09.function_error_of_vanishing_tail' depends on axioms: [propext, Classical.choice, Quot.sound]
info: NLA/RA09/ZeroTail.lean:89:0: 'NLA.RA09.zero_tail_closure_proved' depends on axioms: [propext, Classical.choice, Quot.sound]
ℹ [2720/2726] Built NLA.RA09.Overlap (3.7s)
info: NLA/RA09/Overlap.lean:144:0: 'NLA.RA09.overlap_error_expansions_proved' depends on axioms: [propext, Classical.choice, Quot.sound]
ℹ [2721/2726] Built NLA.RA09.TailScale (3.8s)
info: NLA/RA09/TailScale.lean:76:0: 'NLA.RA09.spectral_auxiliary_sum' depends on axioms: [propext, Classical.choice, Quot.sound]
info: NLA/RA09/TailScale.lean:77:0: 'NLA.RA09.spectral_tail_scaling' depends on axioms: [propext, Classical.choice, Quot.sound]
ℹ [2722/2726] Built NLA.RA09.OverlapOrder (2.4s)
info: NLA/RA09/OverlapOrder.lean:103:0: 'NLA.RA09.overlap_semantics_proved' depends on axioms: [propext, Classical.choice, Quot.sound]
ℹ [2723/2726] Built NLA.RA09.Transfer (2.8s)
info: NLA/RA09/Transfer.lean:121:0: 'NLA.RA09.selected_column_average' depends on axioms: [propext, Classical.choice, Quot.sound]
info: NLA/RA09/Transfer.lean:122:0: 'NLA.RA09.function_residual_scale_bound' depends on axioms: [propext, Classical.choice, Quot.sound]
info: NLA/RA09/Transfer.lean:123:0: 'NLA.RA09.positive_tail_transfer_proved' depends on axioms: [propext, Classical.choice, Quot.sound]
ℹ [2724/2726] Built NLA.RA09.Proof (3.6s)
info: NLA/RA09/Proof.lean:50:0: 'NLA.RA09.concaveFrobeniusTransferConjecture_proved' depends on axioms: [propext, Classical.choice, Quot.sound]
ℹ [2725/2726] Built Solution (2.7s)
info: Solution.lean:210:0: 'NLA.RA09.frobenius_semantics' depends on axioms: [propext, Classical.choice, Quot.sound]
info: Solution.lean:212:0: 'NLA.RA09.frobenius_orthogonal_invariance' depends on axioms: [propext, Classical.choice, Quot.sound]
info: Solution.lean:214:0: 'NLA.RA09.orderedSpectral_exists' depends on axioms: [propext, Classical.choice, Quot.sound]
info: Solution.lean:216:0: 'NLA.RA09.orderedSpectral_semantics' depends on axioms: [propext, Classical.choice, Quot.sound]
info: Solution.lean:218:0: 'NLA.RA09.functionalCalculus_spectral' depends on axioms: [propext, Classical.choice, Quot.sound]
info: Solution.lean:220:0: 'NLA.RA09.truncation_semantics' depends on axioms: [propext, Classical.choice, Quot.sound]
info: Solution.lean:222:0: 'NLA.RA09.trace_deficit_reduction' depends on axioms: [propext, Classical.choice, Quot.sound]
info: Solution.lean:224:0: 'NLA.RA09.admissible_scalar_consequences' depends on axioms: [propext, Classical.choice, Quot.sound]
info: Solution.lean:226:0: 'NLA.RA09.scalar_branch_certificates' depends on axioms: [propext, Classical.choice, Quot.sound]
info: Solution.lean:228:0: 'NLA.RA09.ordered_scalar_certificate' depends on axioms: [propext, Classical.choice, Quot.sound]
info: Solution.lean:230:0: 'NLA.RA09.harmonic_constraint' depends on axioms: [propext, Classical.choice, Quot.sound]
info: Solution.lean:232:0: 'NLA.RA09.overlap_semantics' depends on axioms: [propext, Classical.choice, Quot.sound]
info: Solution.lean:234:0: 'NLA.RA09.overlap_error_expansions' depends on axioms: [propext, Classical.choice, Quot.sound]
info: Solution.lean:236:0: 'NLA.RA09.zero_column_average' depends on axioms: [propext, Classical.choice, Quot.sound]
info: Solution.lean:238:0: 'NLA.RA09.positive_tail_transfer' depends on axioms: [propext, Classical.choice, Quot.sound]
info: Solution.lean:240:0: 'NLA.RA09.zero_tail_closure' depends on axioms: [propext, Classical.choice, Quot.sound]
info: Solution.lean:242:0: 'NLA.RA09.concaveFrobeniusTransferConjecture' depends on axioms: [propext, Classical.choice, Quot.sound]
Build completed successfully (2726 jobs).
Exporting #[Quot, Quot.mk, Quot.lift, Quot.ind, NLA.RA09.frobenius_semantics, NLA.RA09.frobenius_orthogonal_invariance, NLA.RA09.orderedSpectral_exists, NLA.RA09.orderedSpectral_semantics, NLA.RA09.functionalCalculus_spectral, NLA.RA09.truncation_semantics, NLA.RA09.trace_deficit_reduction, NLA.RA09.admissible_scalar_consequences, NLA.RA09.scalar_branch_certificates, NLA.RA09.ordered_scalar_certificate, NLA.RA09.harmonic_constraint, NLA.RA09.overlap_semantics, NLA.RA09.overlap_error_expansions, NLA.RA09.zero_column_average, NLA.RA09.positive_tail_transfer, NLA.RA09.zero_tail_closure, NLA.RA09.concaveFrobeniusTransferConjecture, propext, Classical.choice, Quot.sound, Nat.add, Nat.sub, Nat.mul, Nat.pow, Nat.gcd, Nat.div, Nat.mod, Nat.beq, Nat.ble, Nat.land, Nat.lor, Nat.xor, Nat.shiftLeft, Nat.shiftRight, String.ofList, Char.ofNat, List, eagerReduce, Nat, String, String.mk, Char, optParam, autoParam, semiOutParam, outParam] from Solution
Running Lean default kernel on solution.
Lean default kernel accepts the solution
Your solution is okay!

EXIT_STATUS=0
