/private/tmp/nla-lean-is03-worktree/eigenvalues-and-inverse-problems/IS-03/lean/NLA/IS03/Newton.lean:69:4: error: ring failed, ring expressions not equal
ι : Type u_1
inst✝ : Fintype ι
μ : ι → ℂ
hcard : Fintype.card ι = 6
hprod : ∏ i, (X - C (μ i)) = map (algebraMap ℝ ℂ) derivativePolynomial
hc : ∀ k ≤ 6, (map (algebraMap ℝ ℂ) derivativePolynomial).coeff k = (-1) ^ (6 - k) * elementaryMoments μ (6 - k)
h : 3 / 7 = elementaryMoments μ 1
⊢ -6 / 7 + elementaryMoments μ 1 * 2 = 0
/private/tmp/nla-lean-is03-worktree/eigenvalues-and-inverse-problems/IS-03/lean/NLA/IS03/Newton.lean:97:43: warning: try 'simp' instead of 'simpa'

Note: This linter can be disabled with `set_option linter.unnecessarySimpa false`
/private/tmp/nla-lean-is03-worktree/eigenvalues-and-inverse-problems/IS-03/lean/NLA/IS03/Newton.lean:101:16: error(lean.unknownIdentifier): Unknown constant `Finset.antidiagonal_eq_image`
/private/tmp/nla-lean-is03-worktree/eigenvalues-and-inverse-problems/IS-03/lean/NLA/IS03/Newton.lean:101:46: error(lean.unknownIdentifier): Unknown constant `Finset.range_succ`
/private/tmp/nla-lean-is03-worktree/eigenvalues-and-inverse-problems/IS-03/lean/NLA/IS03/Newton.lean:99:38: error: unsolved goals
ι : Type u_1
inst✝ : Fintype ι
μ : ι → ℂ
hcard : Fintype.card ι = 6
hprod : ∏ i, (X - C (μ i)) = map (algebraMap ℝ ℂ) derivativePolynomial
hc : ∀ k ≤ 6, (map (algebraMap ℝ ℂ) derivativePolynomial).coeff k = (-1) ^ (6 - k) * elementaryMoments μ (6 - k)
e1 : elementaryMoments μ 1 = 3 / 7
e2 : elementaryMoments μ 2 = -5 / 7
e3 : elementaryMoments μ 3 = -2 / 7
e4 : elementaryMoments μ 4 = -3 / 7
e5 : elementaryMoments μ 5 = -1 / 7
e6 : elementaryMoments μ 6 = 1 / 7
e7 : elementaryMoments μ 7 = 0
⊢ 3 / 7 =
    3 / 7 -
      ∑ x ∈ Finset.antidiagonal 1 with 0 < x.1 ∧ x.1 = 0, (-1) ^ x.1 * elementaryMoments μ x.1 * powerMoments μ x.2
/private/tmp/nla-lean-is03-worktree/eigenvalues-and-inverse-problems/IS-03/lean/NLA/IS03/Newton.lean:104:16: error(lean.unknownIdentifier): Unknown constant `Finset.antidiagonal_eq_image`
/private/tmp/nla-lean-is03-worktree/eigenvalues-and-inverse-problems/IS-03/lean/NLA/IS03/Newton.lean:104:46: error(lean.unknownIdentifier): Unknown constant `Finset.range_succ`
/private/tmp/nla-lean-is03-worktree/eigenvalues-and-inverse-problems/IS-03/lean/NLA/IS03/Newton.lean:102:40: error: unsolved goals
ι : Type u_1
inst✝ : Fintype ι
μ : ι → ℂ
hcard : Fintype.card ι = 6
hprod : ∏ i, (X - C (μ i)) = map (algebraMap ℝ ℂ) derivativePolynomial
hc : ∀ k ≤ 6, (map (algebraMap ℝ ℂ) derivativePolynomial).coeff k = (-1) ^ (6 - k) * elementaryMoments μ (6 - k)
e1 : elementaryMoments μ 1 = 3 / 7
e2 : elementaryMoments μ 2 = -5 / 7
e3 : elementaryMoments μ 3 = -2 / 7
e4 : elementaryMoments μ 4 = -3 / 7
e5 : elementaryMoments μ 5 = -1 / 7
e6 : elementaryMoments μ 6 = 1 / 7
e7 : elementaryMoments μ 7 = 0
s1 : powerMoments μ 1 = 3 / 7
⊢ 79 / 49 =
    10 / 7 -
      ∑ x ∈ Finset.antidiagonal 2 with 0 < x.1 ∧ x.1 ≤ 1, (-1) ^ x.1 * elementaryMoments μ x.1 * powerMoments μ x.2
/private/tmp/nla-lean-is03-worktree/eigenvalues-and-inverse-problems/IS-03/lean/NLA/IS03/Newton.lean:107:16: error(lean.unknownIdentifier): Unknown constant `Finset.antidiagonal_eq_image`
/private/tmp/nla-lean-is03-worktree/eigenvalues-and-inverse-problems/IS-03/lean/NLA/IS03/Newton.lean:107:46: error(lean.unknownIdentifier): Unknown constant `Finset.range_succ`
/private/tmp/nla-lean-is03-worktree/eigenvalues-and-inverse-problems/IS-03/lean/NLA/IS03/Newton.lean:105:41: error: unsolved goals
ι : Type u_1
inst✝ : Fintype ι
μ : ι → ℂ
hcard : Fintype.card ι = 6
hprod : ∏ i, (X - C (μ i)) = map (algebraMap ℝ ℂ) derivativePolynomial
hc : ∀ k ≤ 6, (map (algebraMap ℝ ℂ) derivativePolynomial).coeff k = (-1) ^ (6 - k) * elementaryMoments μ (6 - k)
e1 : elementaryMoments μ 1 = 3 / 7
e2 : elementaryMoments μ 2 = -5 / 7
e3 : elementaryMoments μ 3 = -2 / 7
e4 : elementaryMoments μ 4 = -3 / 7
e5 : elementaryMoments μ 5 = -1 / 7
e6 : elementaryMoments μ 6 = 1 / 7
e7 : elementaryMoments μ 7 = 0
s1 : powerMoments μ 1 = 3 / 7
s2 : powerMoments μ 2 = 79 / 49
⊢ 48 / 343 =
    -(6 / 7) -
      ∑ x ∈ Finset.antidiagonal 3 with 0 < x.1 ∧ x.1 < 3, (-1) ^ x.1 * elementaryMoments μ x.1 * powerMoments μ x.2
/private/tmp/nla-lean-is03-worktree/eigenvalues-and-inverse-problems/IS-03/lean/NLA/IS03/Newton.lean:110:16: error(lean.unknownIdentifier): Unknown constant `Finset.antidiagonal_eq_image`
/private/tmp/nla-lean-is03-worktree/eigenvalues-and-inverse-problems/IS-03/lean/NLA/IS03/Newton.lean:110:46: error(lean.unknownIdentifier): Unknown constant `Finset.range_succ`
/private/tmp/nla-lean-is03-worktree/eigenvalues-and-inverse-problems/IS-03/lean/NLA/IS03/Newton.lean:108:44: error: unsolved goals
ι : Type u_1
inst✝ : Fintype ι
μ : ι → ℂ
hcard : Fintype.card ι = 6
hprod : ∏ i, (X - C (μ i)) = map (algebraMap ℝ ℂ) derivativePolynomial
hc : ∀ k ≤ 6, (map (algebraMap ℝ ℂ) derivativePolynomial).coeff k = (-1) ^ (6 - k) * elementaryMoments μ (6 - k)
e1 : elementaryMoments μ 1 = 3 / 7
e2 : elementaryMoments μ 2 = -5 / 7
e3 : elementaryMoments μ 3 = -2 / 7
e4 : elementaryMoments μ 4 = -3 / 7
e5 : elementaryMoments μ 5 = -1 / 7
e6 : elementaryMoments μ 6 = 1 / 7
e7 : elementaryMoments μ 7 = 0
s1 : powerMoments μ 1 = 3 / 7
s2 : powerMoments μ 2 = 79 / 49
s3 : powerMoments μ 3 = 48 / 343
⊢ 6731 / 2401 =
    12 / 7 -
      ∑ x ∈ Finset.antidiagonal 4 with 0 < x.1 ∧ x.1 < 4, (-1) ^ x.1 * elementaryMoments μ x.1 * powerMoments μ x.2
/private/tmp/nla-lean-is03-worktree/eigenvalues-and-inverse-problems/IS-03/lean/NLA/IS03/Newton.lean:114:16: error(lean.unknownIdentifier): Unknown constant `Finset.antidiagonal_eq_image`
/private/tmp/nla-lean-is03-worktree/eigenvalues-and-inverse-problems/IS-03/lean/NLA/IS03/Newton.lean:114:46: error(lean.unknownIdentifier): Unknown constant `Finset.range_succ`
/private/tmp/nla-lean-is03-worktree/eigenvalues-and-inverse-problems/IS-03/lean/NLA/IS03/Newton.lean:112:45: error: unsolved goals
ι : Type u_1
inst✝ : Fintype ι
μ : ι → ℂ
hcard : Fintype.card ι = 6
hprod : ∏ i, (X - C (μ i)) = map (algebraMap ℝ ℂ) derivativePolynomial
hc : ∀ k ≤ 6, (map (algebraMap ℝ ℂ) derivativePolynomial).coeff k = (-1) ^ (6 - k) * elementaryMoments μ (6 - k)
e1 : elementaryMoments μ 1 = 3 / 7
e2 : elementaryMoments μ 2 = -5 / 7
e3 : elementaryMoments μ 3 = -2 / 7
e4 : elementaryMoments μ 4 = -3 / 7
e5 : elementaryMoments μ 5 = -1 / 7
e6 : elementaryMoments μ 6 = 1 / 7
e7 : elementaryMoments μ 7 = 0
s1 : powerMoments μ 1 = 3 / 7
s2 : powerMoments μ 2 = 79 / 49
s3 : powerMoments μ 3 = 48 / 343
s4 : powerMoments μ 4 = 6731 / 2401
⊢ 5213 / 16807 =
    -(5 / 7) -
      ∑ x ∈ Finset.antidiagonal 5 with 0 < x.1 ∧ x.1 < 5, (-1) ^ x.1 * elementaryMoments μ x.1 * powerMoments μ x.2
/private/tmp/nla-lean-is03-worktree/eigenvalues-and-inverse-problems/IS-03/lean/NLA/IS03/Newton.lean:118:16: error(lean.unknownIdentifier): Unknown constant `Finset.antidiagonal_eq_image`
/private/tmp/nla-lean-is03-worktree/eigenvalues-and-inverse-problems/IS-03/lean/NLA/IS03/Newton.lean:118:46: error(lean.unknownIdentifier): Unknown constant `Finset.range_succ`
/private/tmp/nla-lean-is03-worktree/eigenvalues-and-inverse-problems/IS-03/lean/NLA/IS03/Newton.lean:116:48: error: unsolved goals
ι : Type u_1
inst✝ : Fintype ι
μ : ι → ℂ
hcard : Fintype.card ι = 6
hprod : ∏ i, (X - C (μ i)) = map (algebraMap ℝ ℂ) derivativePolynomial
hc : ∀ k ≤ 6, (map (algebraMap ℝ ℂ) derivativePolynomial).coeff k = (-1) ^ (6 - k) * elementaryMoments μ (6 - k)
e1 : elementaryMoments μ 1 = 3 / 7
e2 : elementaryMoments μ 2 = -5 / 7
e3 : elementaryMoments μ 3 = -2 / 7
e4 : elementaryMoments μ 4 = -3 / 7
e5 : elementaryMoments μ 5 = -1 / 7
e6 : elementaryMoments μ 6 = 1 / 7
e7 : elementaryMoments μ 7 = 0
s1 : powerMoments μ 1 = 3 / 7
s2 : powerMoments μ 2 = 79 / 49
s3 : powerMoments μ 3 = 48 / 343
s4 : powerMoments μ 4 = 6731 / 2401
s5 : powerMoments μ 5 = 5213 / 16807
⊢ 219766 / 117649 =
    -(6 / 7) -
      ∑ x ∈ Finset.antidiagonal 6 with 0 < x.1 ∧ x.1 < 6, (-1) ^ x.1 * elementaryMoments μ x.1 * powerMoments μ x.2
/private/tmp/nla-lean-is03-worktree/eigenvalues-and-inverse-problems/IS-03/lean/NLA/IS03/Newton.lean:122:16: error(lean.unknownIdentifier): Unknown constant `Finset.antidiagonal_eq_image`
/private/tmp/nla-lean-is03-worktree/eigenvalues-and-inverse-problems/IS-03/lean/NLA/IS03/Newton.lean:122:46: error(lean.unknownIdentifier): Unknown constant `Finset.range_succ`
/private/tmp/nla-lean-is03-worktree/eigenvalues-and-inverse-problems/IS-03/lean/NLA/IS03/Newton.lean:120:47: error: unsolved goals
ι : Type u_1
inst✝ : Fintype ι
μ : ι → ℂ
hcard : Fintype.card ι = 6
hprod : ∏ i, (X - C (μ i)) = map (algebraMap ℝ ℂ) derivativePolynomial
hc : ∀ k ≤ 6, (map (algebraMap ℝ ℂ) derivativePolynomial).coeff k = (-1) ^ (6 - k) * elementaryMoments μ (6 - k)
e1 : elementaryMoments μ 1 = 3 / 7
e2 : elementaryMoments μ 2 = -5 / 7
e3 : elementaryMoments μ 3 = -2 / 7
e4 : elementaryMoments μ 4 = -3 / 7
e5 : elementaryMoments μ 5 = -1 / 7
e6 : elementaryMoments μ 6 = 1 / 7
e7 : elementaryMoments μ 7 = 0
s1 : powerMoments μ 1 = 3 / 7
s2 : powerMoments μ 2 = 79 / 49
s3 : powerMoments μ 3 = 48 / 343
s4 : powerMoments μ 4 = 6731 / 2401
s5 : powerMoments μ 5 = 5213 / 16807
s6 : powerMoments μ 6 = 219766 / 117649
⊢ 8593 / 823543 =
    ∑ x ∈ Finset.antidiagonal 7 with 0 < x.1 ∧ x.1 < 7, (-1) ^ x.1 * elementaryMoments μ x.1 * powerMoments μ x.2
/private/tmp/nla-lean-is03-worktree/eigenvalues-and-inverse-problems/IS-03/lean/NLA/IS03/Newton.lean:126:28: error: Invalid `←` modifier: `powerMoments` is a declaration name to be unfolded

Hint: The simplifier cannot "refold" definitions by name. Use `rw` for this instead,
                      or use the `←` simp modifier with an equational lemma for `powerMoments`.
/private/tmp/nla-lean-is03-worktree/eigenvalues-and-inverse-problems/IS-03/lean/NLA/IS03/Newton.lean:126:28: error: Invalid `←` modifier: `powerMoments` is a declaration name to be unfolded

Hint: The simplifier cannot "refold" definitions by name. Use `rw` for this instead,
                      or use the `←` simp modifier with an equational lemma for `powerMoments`.
/private/tmp/nla-lean-is03-worktree/eigenvalues-and-inverse-problems/IS-03/lean/NLA/IS03/Newton.lean:126:28: error: Invalid `←` modifier: `powerMoments` is a declaration name to be unfolded

Hint: The simplifier cannot "refold" definitions by name. Use `rw` for this instead,
                      or use the `←` simp modifier with an equational lemma for `powerMoments`.
/private/tmp/nla-lean-is03-worktree/eigenvalues-and-inverse-problems/IS-03/lean/NLA/IS03/Newton.lean:126:28: error: Invalid `←` modifier: `powerMoments` is a declaration name to be unfolded

Hint: The simplifier cannot "refold" definitions by name. Use `rw` for this instead,
                      or use the `←` simp modifier with an equational lemma for `powerMoments`.
/private/tmp/nla-lean-is03-worktree/eigenvalues-and-inverse-problems/IS-03/lean/NLA/IS03/Newton.lean:126:28: error: Invalid `←` modifier: `powerMoments` is a declaration name to be unfolded

Hint: The simplifier cannot "refold" definitions by name. Use `rw` for this instead,
                      or use the `←` simp modifier with an equational lemma for `powerMoments`.
/private/tmp/nla-lean-is03-worktree/eigenvalues-and-inverse-problems/IS-03/lean/NLA/IS03/Newton.lean:126:28: error: Invalid `←` modifier: `powerMoments` is a declaration name to be unfolded

Hint: The simplifier cannot "refold" definitions by name. Use `rw` for this instead,
                      or use the `←` simp modifier with an equational lemma for `powerMoments`.
/private/tmp/nla-lean-is03-worktree/eigenvalues-and-inverse-problems/IS-03/lean/NLA/IS03/Newton.lean:126:28: error: Invalid `←` modifier: `powerMoments` is a declaration name to be unfolded

Hint: The simplifier cannot "refold" definitions by name. Use `rw` for this instead,
                      or use the `←` simp modifier with an equational lemma for `powerMoments`.
/private/tmp/nla-lean-is03-worktree/eigenvalues-and-inverse-problems/IS-03/lean/NLA/IS03/Newton.lean:58:68: error: unsolved goals
case «0»
ι : Type u_1
inst✝ : Fintype ι
μ : ι → ℂ
hcard : Fintype.card ι = 6
hprod : ∏ i, (X - C (μ i)) = map (algebraMap ℝ ℂ) derivativePolynomial
hc : ∀ k ≤ 6, (map (algebraMap ℝ ℂ) derivativePolynomial).coeff k = (-1) ^ (6 - k) * elementaryMoments μ (6 - k)
e1 : elementaryMoments μ 1 = 3 / 7
e2 : elementaryMoments μ 2 = -5 / 7
e3 : elementaryMoments μ 3 = -2 / 7
e4 : elementaryMoments μ 4 = -3 / 7
e5 : elementaryMoments μ 5 = -1 / 7
e6 : elementaryMoments μ 6 = 1 / 7
e7 : elementaryMoments μ 7 = 0
s1 : powerMoments μ 1 = 3 / 7
s2 : powerMoments μ 2 = 79 / 49
s3 : powerMoments μ 3 = 48 / 343
s4 : powerMoments μ 4 = 6731 / 2401
s5 : powerMoments μ 5 = 5213 / 16807
s6 : powerMoments μ 6 = 219766 / 117649
s7 : powerMoments μ 7 = -8593 / 823543
⊢ ∑ x, μ x = 3 / 7

case «1»
ι : Type u_1
inst✝ : Fintype ι
μ : ι → ℂ
hcard : Fintype.card ι = 6
hprod : ∏ i, (X - C (μ i)) = map (algebraMap ℝ ℂ) derivativePolynomial
hc : ∀ k ≤ 6, (map (algebraMap ℝ ℂ) derivativePolynomial).coeff k = (-1) ^ (6 - k) * elementaryMoments μ (6 - k)
e1 : elementaryMoments μ 1 = 3 / 7
e2 : elementaryMoments μ 2 = -5 / 7
e3 : elementaryMoments μ 3 = -2 / 7
e4 : elementaryMoments μ 4 = -3 / 7
e5 : elementaryMoments μ 5 = -1 / 7
e6 : elementaryMoments μ 6 = 1 / 7
e7 : elementaryMoments μ 7 = 0
s1 : powerMoments μ 1 = 3 / 7
s2 : powerMoments μ 2 = 79 / 49
s3 : powerMoments μ 3 = 48 / 343
s4 : powerMoments μ 4 = 6731 / 2401
s5 : powerMoments μ 5 = 5213 / 16807
s6 : powerMoments μ 6 = 219766 / 117649
s7 : powerMoments μ 7 = -8593 / 823543
⊢ ∑ x, μ x ^ 2 = 79 / 49

case «2»
ι : Type u_1
inst✝ : Fintype ι
μ : ι → ℂ
hcard : Fintype.card ι = 6
hprod : ∏ i, (X - C (μ i)) = map (algebraMap ℝ ℂ) derivativePolynomial
hc : ∀ k ≤ 6, (map (algebraMap ℝ ℂ) derivativePolynomial).coeff k = (-1) ^ (6 - k) * elementaryMoments μ (6 - k)
e1 : elementaryMoments μ 1 = 3 / 7
e2 : elementaryMoments μ 2 = -5 / 7
e3 : elementaryMoments μ 3 = -2 / 7
e4 : elementaryMoments μ 4 = -3 / 7
e5 : elementaryMoments μ 5 = -1 / 7
e6 : elementaryMoments μ 6 = 1 / 7
e7 : elementaryMoments μ 7 = 0
s1 : powerMoments μ 1 = 3 / 7
s2 : powerMoments μ 2 = 79 / 49
s3 : powerMoments μ 3 = 48 / 343
s4 : powerMoments μ 4 = 6731 / 2401
s5 : powerMoments μ 5 = 5213 / 16807
s6 : powerMoments μ 6 = 219766 / 117649
s7 : powerMoments μ 7 = -8593 / 823543
⊢ ∑ x, μ x ^ 3 = 48 / 343

case «3»
ι : Type u_1
inst✝ : Fintype ι
μ : ι → ℂ
hcard : Fintype.card ι = 6
hprod : ∏ i, (X - C (μ i)) = map (algebraMap ℝ ℂ) derivativePolynomial
hc : ∀ k ≤ 6, (map (algebraMap ℝ ℂ) derivativePolynomial).coeff k = (-1) ^ (6 - k) * elementaryMoments μ (6 - k)
e1 : elementaryMoments μ 1 = 3 / 7
e2 : elementaryMoments μ 2 = -5 / 7
e3 : elementaryMoments μ 3 = -2 / 7
e4 : elementaryMoments μ 4 = -3 / 7
e5 : elementaryMoments μ 5 = -1 / 7
e6 : elementaryMoments μ 6 = 1 / 7
e7 : elementaryMoments μ 7 = 0
s1 : powerMoments μ 1 = 3 / 7
s2 : powerMoments μ 2 = 79 / 49
s3 : powerMoments μ 3 = 48 / 343
s4 : powerMoments μ 4 = 6731 / 2401
s5 : powerMoments μ 5 = 5213 / 16807
s6 : powerMoments μ 6 = 219766 / 117649
s7 : powerMoments μ 7 = -8593 / 823543
⊢ ∑ x, μ x ^ 4 = 6731 / 2401

case «4»
ι : Type u_1
inst✝ : Fintype ι
μ : ι → ℂ
hcard : Fintype.card ι = 6
hprod : ∏ i, (X - C (μ i)) = map (algebraMap ℝ ℂ) derivativePolynomial
hc : ∀ k ≤ 6, (map (algebraMap ℝ ℂ) derivativePolynomial).coeff k = (-1) ^ (6 - k) * elementaryMoments μ (6 - k)
e1 : elementaryMoments μ 1 = 3 / 7
e2 : elementaryMoments μ 2 = -5 / 7
e3 : elementaryMoments μ 3 = -2 / 7
e4 : elementaryMoments μ 4 = -3 / 7
e5 : elementaryMoments μ 5 = -1 / 7
e6 : elementaryMoments μ 6 = 1 / 7
e7 : elementaryMoments μ 7 = 0
s1 : powerMoments μ 1 = 3 / 7
s2 : powerMoments μ 2 = 79 / 49
s3 : powerMoments μ 3 = 48 / 343
s4 : powerMoments μ 4 = 6731 / 2401
s5 : powerMoments μ 5 = 5213 / 16807
s6 : powerMoments μ 6 = 219766 / 117649
s7 : powerMoments μ 7 = -8593 / 823543
⊢ ∑ x, μ x ^ 5 = 5213 / 16807

case «5»
ι : Type u_1
inst✝ : Fintype ι
μ : ι → ℂ
hcard : Fintype.card ι = 6
hprod : ∏ i, (X - C (μ i)) = map (algebraMap ℝ ℂ) derivativePolynomial
hc : ∀ k ≤ 6, (map (algebraMap ℝ ℂ) derivativePolynomial).coeff k = (-1) ^ (6 - k) * elementaryMoments μ (6 - k)
e1 : elementaryMoments μ 1 = 3 / 7
e2 : elementaryMoments μ 2 = -5 / 7
e3 : elementaryMoments μ 3 = -2 / 7
e4 : elementaryMoments μ 4 = -3 / 7
e5 : elementaryMoments μ 5 = -1 / 7
e6 : elementaryMoments μ 6 = 1 / 7
e7 : elementaryMoments μ 7 = 0
s1 : powerMoments μ 1 = 3 / 7
s2 : powerMoments μ 2 = 79 / 49
s3 : powerMoments μ 3 = 48 / 343
s4 : powerMoments μ 4 = 6731 / 2401
s5 : powerMoments μ 5 = 5213 / 16807
s6 : powerMoments μ 6 = 219766 / 117649
s7 : powerMoments μ 7 = -8593 / 823543
⊢ ∑ x, μ x ^ 6 = 219766 / 117649

case «6»
ι : Type u_1
inst✝ : Fintype ι
μ : ι → ℂ
hcard : Fintype.card ι = 6
hprod : ∏ i, (X - C (μ i)) = map (algebraMap ℝ ℂ) derivativePolynomial
hc : ∀ k ≤ 6, (map (algebraMap ℝ ℂ) derivativePolynomial).coeff k = (-1) ^ (6 - k) * elementaryMoments μ (6 - k)
e1 : elementaryMoments μ 1 = 3 / 7
e2 : elementaryMoments μ 2 = -5 / 7
e3 : elementaryMoments μ 3 = -2 / 7
e4 : elementaryMoments μ 4 = -3 / 7
e5 : elementaryMoments μ 5 = -1 / 7
e6 : elementaryMoments μ 6 = 1 / 7
e7 : elementaryMoments μ 7 = 0
s1 : powerMoments μ 1 = 3 / 7
s2 : powerMoments μ 2 = 79 / 49
s3 : powerMoments μ 3 = 48 / 343
s4 : powerMoments μ 4 = 6731 / 2401
s5 : powerMoments μ 5 = 5213 / 16807
s6 : powerMoments μ 6 = 219766 / 117649
s7 : powerMoments μ 7 = -8593 / 823543
⊢ ∑ x, μ x ^ 7 = -(8593 / 823543)
