$ lake exe cache get
✔ [1/5] Built Cache.Cli (248ms)
✔ [2/5] Built Cache.Lean (257ms)
✔ [6/26] Built Cache.Cli:c.o (149ms)
✔ [7/26] Built Cache.Lean:c.o (149ms)
✔ [8/26] Built Cache.Infra (334ms)
✔ [9/26] Built Cache.Infra:c.o (134ms)
✔ [10/26] Built Batteries.Tactic.OpenPrivate (637ms)
✔ [11/26] Built Batteries.Tactic.OpenPrivate:c.o (843ms)
✔ [12/26] Built Cache.IO (924ms)
✔ [13/26] Built Cache.Hashing (510ms)
✔ [14/26] Built Cache.Hashing:c.o (370ms)
✔ [15/26] Built Cache.IO:c.o (1.1s)
✔ [16/26] Built Cache.Requests (1.4s)
✔ [17/26] Built Cache.Marker (372ms)
✔ [18/26] Built Cache.Marker:c.o (101ms)
✔ [19/26] Built Cache.Query (496ms)
✔ [20/26] Built Cache.Query:c.o (258ms)
✔ [21/26] Built Cache.Warning (523ms)
✔ [22/26] Built Cache.Warning:c.o (228ms)
✔ [23/26] Built Cache.Requests:c.o (1.9s)
✔ [24/26] Built Cache.Main (821ms)
✔ [25/26] Built Cache.Main:c.o (629ms)
✔ [26/26] Built cache:exe (564ms)
Current branch: HEAD
Using cache from origin: (some leanprover-community/mathlib4)
Attempting to download 8690 file(s) from leanprover-community/mathlib4 cache at https://lakecache.blob.core.windows.net/mathlib4-master

Downloaded: 1 file(s) [attempted 1/8690 = 0%, 42 KB/s], Decompressed: 0
Downloaded: 188 file(s) [attempted 188/8690 = 2%, 5812 KB/s], Decompressed: 25
Downloaded: 536 file(s) [attempted 536/8690 = 6%, 16634 KB/s], Decompressed: 25
Downloaded: 933 file(s) [attempted 933/8690 = 10%, 5873 KB/s], Decompressed: 25
Downloaded: 1362 file(s) [attempted 1362/8690 = 15%, 7309 KB/s], Decompressed: 126
Downloaded: 1755 file(s) [attempted 1755/8690 = 20%, 2306 KB/s], Decompressed: 126
Downloaded: 1849 file(s) [attempted 1849/8690 = 21%, 341 KB/s], Decompressed: 126
Downloaded: 1988 file(s) [attempted 1988/8690 = 22%, 4188 KB/s], Decompressed: 126
Downloaded: 2333 file(s) [attempted 2333/8690 = 26%, 2203 KB/s], Decompressed: 126
Downloaded: 2741 file(s) [attempted 2741/8690 = 31%, 7420 KB/s], Decompressed: 126
Downloaded: 3152 file(s) [attempted 3152/8690 = 36%, 5616 KB/s], Decompressed: 126
Downloaded: 3538 file(s) [attempted 3538/8690 = 40%, 4572 KB/s], Decompressed: 126
Downloaded: 3984 file(s) [attempted 3984/8690 = 45%, 3788 KB/s], Decompressed: 126
Downloaded: 4390 file(s) [attempted 4390/8690 = 50%, 13313 KB/s], Decompressed: 126
Downloaded: 4775 file(s) [attempted 4775/8690 = 54%, 1913 KB/s], Decompressed: 126
Downloaded: 5214 file(s) [attempted 5214/8690 = 60%, 44469 KB/s], Decompressed: 126
Downloaded: 5365 file(s) [attempted 5365/8690 = 61%, 3333 KB/s], Decompressed: 126
Downloaded: 5779 file(s) [attempted 5779/8690 = 66%, 1544 KB/s], Decompressed: 126
Downloaded: 6130 file(s) [attempted 6130/8690 = 70%, 1360 KB/s], Decompressed: 126
Downloaded: 6562 file(s) [attempted 6562/8690 = 75%, 4035 KB/s], Decompressed: 126
Downloaded: 6967 file(s) [attempted 6967/8690 = 80%, 1677 KB/s], Decompressed: 126
Downloaded: 7337 file(s) [attempted 7337/8690 = 84%, 6305 KB/s], Decompressed: 126
Downloaded: 7705 file(s) [attempted 7705/8690 = 88%, 16080 KB/s], Decompressed: 126
Downloaded: 8101 file(s) [attempted 8101/8690 = 93%, 16914 KB/s], Decompressed: 126
Downloaded: 8460 file(s) [attempted 8460/8690 = 97%, 8228 KB/s], Decompressed: 126
Downloaded: 8688 file(s) [attempted 8688/8690 = 99%, 9152 KB/s], Decompressed: 126
Downloaded: 8690 file(s) [attempted 8690/8690 = 100%, 9152 KB/s], Decompressed: 126
Decompressed 8690 file(s)
Already decompressed 8690 file(s)

EXIT_STATUS=0
