$ systemd-run --user --quiet --wait --pipe --collect -p 'RestrictAddressFamilies=~AF_UNIX' --working-directory /home/runner/work/_temp/nla-lean-tools/.verification-tmp/nla-fresh-proof-frn6h0ev/project /usr/bin/env -i PATH=/home/runner/.elan/toolchains/leanprover--lean4---v4.33.1/bin:/home/runner/.elan/bin:/home/runner/go/bin:/opt/hostedtoolcache/go/1.27.1/x64/bin:/snap/bin:/home/runner/.local/bin:/opt/pipx_bin:/home/runner/.cargo/bin:/home/runner/.config/composer/vendor/bin:/usr/local/.ghcup/bin:/home/runner/.dotnet/tools:/usr/local/sbin:/usr/local/bin:/usr/sbin:/usr/bin:/sbin:/bin:/usr/games:/usr/local/games:/snap/bin HOME=/home/runner LANG=C.UTF-8 XDG_RUNTIME_DIR=/run/user/1001 DBUS_SESSION_BUS_ADDRESS=unix:path=/run/user/1001/bus GIT_TERMINAL_PROMPT=0 GIT_CONFIG_NOSYSTEM=1 GIT_CONFIG_GLOBAL=/dev/null COMPARATOR_BIN=/home/runner/work/_temp/nla-lean-tools/.tools/comparator/.lake/build/bin/comparator COMPARATOR_LEAN4EXPORT=/home/runner/work/_temp/nla-lean-tools/.tools/lean4export/.lake/build/bin/lean4export COMPARATOR_LANDRUN=/home/runner/work/_temp/nla-lean-tools/scripts/strict_landrun.py XDG_CACHE_HOME=/home/runner/work/_temp/nla-lean-tools/.tools/cache TMPDIR=/home/runner/work/_temp/nla-lean-tools/.verification-tmp lake env /home/runner/work/_temp/nla-lean-tools/.tools/comparator/.lake/build/bin/comparator comparator.json
Building Challenge
✔ [2721/2723] Built NLA.RA03.Definitions (2.1s)
⚠ [2722/2723] Built Challenge (1.9s)
warning: Challenge.lean:11:8: declaration uses `sorry`
warning: Challenge.lean:15:8: declaration uses `sorry`
warning: Challenge.lean:22:8: declaration uses `sorry`
warning: Challenge.lean:33:8: declaration uses `sorry`
Build completed successfully (2723 jobs).
Exporting #[Quot, Quot.mk, Quot.lift, Quot.ind, NLA.RA03.frobeniusSq_eq_norm_sq, NLA.RA03.process_isProbability, NLA.RA03.counterexample, NLA.RA03.not_squaredErrorConjecture, propext, Classical.choice, Quot.sound, Nat.add, Nat.sub, Nat.mul, Nat.pow, Nat.gcd, Nat.div, Nat.mod, Nat.beq, Nat.ble, Nat.land, Nat.lor, Nat.xor, Nat.shiftLeft, Nat.shiftRight, String.ofList, Char.ofNat, List, eagerReduce, Nat, String, String.mk, Char, optParam, autoParam, semiOutParam, outParam] from Challenge
Building Solution
✔ [3020/3053] Built LeanCert.Core.Interval (3.8s)
✔ [3021/3053] Built LeanCert.Core.DerivativeIntervals (5.0s)
✔ [3022/3060] Built LeanCert.Contrib.Sinc (8.0s)
✔ [3023/3060] Built LeanCert.Core.Expr (8.3s)
✔ [3024/3060] Built LeanCert.Tactic.Verification (7.0s)
✔ [3025/3064] Built LeanCert.Core.Dyadic (7.4s)
✔ [3026/3064] Built LeanCert.Core.IntervalRat.Basic (13s)
✔ [3027/3065] Built LeanCert.Core.Taylor (11s)
✔ [3028/3065] Built LeanCert.Core.Support (4.4s)
✔ [3029/3065] Built LeanCert.Tactic.LeanCert.Bridge.Environment (3.5s)
✔ [3030/3065] Built LeanCert.Core.IntervalRat.LogReduction (6.5s)
✔ [3031/3065] Built LeanCert.Meta.Numeral (4.8s)
✔ [3032/3065] Built LeanCert.Engine.Eval.Result (3.6s)
✔ [3033/3065] Built LeanCert.Tactic.NumericalRefinement (789ms)
✔ [3034/3065] Built LeanCert.Core.TrigReduction (3.8s)
✔ [3035/3065] Built LeanCert.Tactic.IntervalAuto.Types (4.7s)
✔ [3036/3065] Built LeanCert.Core.IntervalRat.Transcendental (5.7s)
✔ [3037/3137] Built LeanCert.Tactic.IntervalAuto.Extract (4.3s)
✔ [3089/3170] Built LeanCert.Tactic.IntervalAuto.Norm (6.5s)
✔ [3091/3174] Built LeanCert.Meta.ToExpr (8.0s)
✔ [3092/3174] Built LeanCert.Tactic.VecUtil (6.3s)
✔ [3093/3174] Built LeanCert.Tactic.FinsetParse (6.1s)
✔ [3094/3174] Built LeanCert.Tactic.LeanCert.Normalize (6.2s)
✔ [3095/3184] Built LeanCert.Tactic.BridgeNative (2.0s)
✔ [3204/3382] Built LeanCert.Tactic.IntervalAuto.Parse (8.6s)
✔ [3615/3696] Built LeanCert.Tactic.FinSumExpand (2.9s)
✔ [3616/3700] Built LeanCert.Tactic.LeanCert.Semantic.Domain (2.1s)
✔ [3617/3703] Built LeanCert.Tactic.IntervalAuto.Diagnostic (3.8s)
✔ [3618/3703] Built LeanCert.Validity.Eventual (3.5s)
✔ [3619/3707] Built LeanCert.Tactic.VecSimp (2.1s)
✔ [3620/3708] Built LeanCert.Tactic.LeanCert.Semantic.Goal (2.5s)
✔ [3621/3708] Built LeanCert.Core.IntervalRat.Taylor (25s)
✔ [3622/3711] Built LeanCert.Tactic.LeanCert.Semantic.Parse.Comparison (1.7s)
✔ [3623/3711] Built LeanCert.Tactic.Extension.Protocol (3.5s)
✔ [3624/3711] Built LeanCert.Tactic.EventualBound (6.2s)
✔ [3625/3711] Built LeanCert.Tactic.LeanCert.Diagnostic.Evidence (3.7s)
✔ [3626/3711] Built LeanCert.Core.IntervalReal (2.0s)
✔ [3627/3711] Built LeanCert.Tactic.LeanCert.Config (2.0s)
✔ [3628/3711] Built LeanCert.Core.IntervalRat.TrigReduced (3.4s)
✔ [3629/3711] Built LeanCert.Tactic.LeanCert.Semantic.Parse.Bound (3.8s)
✔ [3630/3715] Built LeanCert.Tactic.Extension.Registry (3.6s)
✔ [3632/3718] Built LeanCert.Core.IntervalRealEndpoints (7.7s)
✔ [3633/3718] Built LeanCert.Engine.Affine.Basic (9.9s)
✔ [3634/3724] Built LeanCert.Engine.Algebra.QPoly (7.7s)
✔ [3635/3724] Built LeanCert.Core.IntervalDyadic (11s)
✔ [3637/3731] Built LeanCert.Engine.Algebra.QPolyIntegral (5.4s)
✔ [3638/3731] Built LeanCert.Engine.Affine.Nonlinear (7.7s)
✔ [3639/3731] Built LeanCert.Engine.FloatEval (5.3s)
✔ [3640/3731] Built LeanCert.Engine.Eval.Core (9.8s)
✔ [3641/3731] Built LeanCert.Core.DyadicCell (5.0s)
✔ [3642/3731] Built LeanCert.Tactic.Extension.Command (3.0s)
✔ [3643/3731] Built LeanCert.Tactic.Extension (2.4s)
✔ [3644/3731] Built LeanCert.Core.DyadicFrontier (2.0s)
✔ [3645/3731] Built LeanCert.Engine.Eval.Extended (4.4s)
✔ [3646/3731] Built LeanCert.Engine.Bounds.Lemmas (2.0s)
✔ [3647/3731] Built LeanCert.Engine.IntervalEval (1.8s)
✔ [3648/3731] Built LeanCert.Validity.Bounds.Checked (3.4s)
✔ [3649/3731] Built LeanCert.Validity.Bounds.Core (3.9s)
✔ [3650/3731] Built LeanCert.Engine.Affine.Transcendental (4.0s)
✔ [3651/3731] Built LeanCert.Engine.Optimization.Box (4.3s)
✔ [3652/3731] Built LeanCert.Engine.IntervalEvalDyadic (8.4s)
✔ [3653/3731] Built LeanCert.Engine.RootFinding.Basic (6.8s)
✔ [3654/3731] Built LeanCert.Engine.AD.Basic (3.0s)
✔ [3655/3731] Built LeanCert.Engine.Integrate (8.7s)
✔ [3656/3731] Built LeanCert.Engine.Search.Heuristic (5.2s)
✔ [3657/3731] Built LeanCert.Engine.IntervalEvalAffine (8.0s)
✔ [3658/3731] Built LeanCert.Engine.TaylorModel.Core (12s)
✔ [3659/3731] Built LeanCert.Engine.FinSumDyadic (7.4s)
✔ [3660/3731] Built LeanCert.Validity.DyadicBounds (4.6s)
✔ [3661/3731] Built LeanCert.Engine.RootFinding.Bisection (7.0s)
✔ [3662/3731] Built LeanCert.Engine.Affine.Environment (5.3s)
✔ [3663/3731] Built LeanCert.Engine.AD.Transcendental (5.8s)
✔ [3664/3731] Built LeanCert.Engine.TaylorModel.Integral (4.4s)
✔ [3665/3731] Built LeanCert.Engine.TaylorModel.Special (3.4s)
✔ [3666/3731] Built LeanCert.Engine.WitnessSum (7.0s)
✔ [3667/3731] Built LeanCert.Engine.TaylorModel.ExpLog (12s)
✔ [3668/3731] Built LeanCert.Engine.AD.Eval (3.7s)
✔ [3669/3731] Built LeanCert.Engine.TaylorModel.Trig (14s)
✔ [3670/3731] Built LeanCert.Engine.TaylorModel.Hyperbolic (15s)
✔ [3671/3731] Built LeanCert.Engine.AD.Correctness (3.2s)
✔ [3672/3731] Built LeanCert.Engine.TaylorModel.Functions (2.5s)
✔ [3673/3731] Built LeanCert.Engine.AD.Computable (3.0s)
✔ [3674/3731] Built LeanCert.Engine.TaylorModel.Expr (5.6s)
✔ [3675/3731] Built LeanCert.Engine.AD.PartialCorrectness (6.0s)
✔ [3676/3731] Built LeanCert.Engine.AD.DomainChecked (4.1s)
✔ [3677/3731] Built LeanCert.Engine.TaylorModel (2.2s)
✔ [3678/3731] Built LeanCert.Engine.AD.Dyadic (3.2s)
✔ [3679/3731] Built LeanCert.Engine.AD (1.8s)
✔ [3680/3731] Built LeanCert.Validity.Bounds.Smart (3.0s)
✔ [3681/3731] Built LeanCert.Meta.ProveSupported (4.8s)
✔ [3682/3731] Built LeanCert.Engine.IntervalEvalRefined (5.3s)
✔ [3683/3731] Built LeanCert.Engine.Optimize (8.0s)
✔ [3684/3731] Built LeanCert.Validity.Bounds.Bridge (4.3s)
✔ [3685/3731] Built LeanCert.Meta.ProveContinuous (5.9s)
✔ [3686/3731] Built LeanCert.Tactic.IntervalAuto.ProveCommon (7.6s)
✔ [3687/3731] Built LeanCert.Validity.Bounds.Basic (4.1s)
✔ [3688/3731] Built LeanCert.Engine.RootFinding.Newton (6.7s)
✔ [3689/3731] Built LeanCert.Engine.Optimization.Gradient (7.6s)
✔ [3690/3731] Built LeanCert.Tactic.IntervalAuto.Basic (3.9s)
✔ [3691/3731] Built LeanCert.Tactic.LeanCert.Bridge.ReifiedFunction (4.4s)
✔ [3692/3731] Built LeanCert.Validity.Integration (7.5s)
✔ [3693/3731] Built LeanCert.Engine.RootFinding.MVTBounds (9.9s)
✔ [3694/3731] Built LeanCert.Tactic.LeanCert.Semantic.Prepare (8.3s)
✔ [3695/3731] Built LeanCert.Engine.RootFinding.Krawczyk (10s)
✔ [3696/3731] Built LeanCert.Tactic.LeanCert.Integral (14s)
✔ [3697/3731] Built LeanCert.Engine.RootFinding.Contraction (11s)
✔ [3698/3731] Built LeanCert.Tactic.Extension.Execute (12s)
✔ [3699/3731] Built LeanCert.Engine.RootFinding.KrawczykCandidate (4.3s)
✔ [3700/3731] Built LeanCert.Validity.Krawczyk (3.9s)
✔ [3701/3731] Built LeanCert.Tactic.LeanCert.Solver.Protocol (7.5s)
✔ [3702/3731] Built LeanCert.Engine.RootFinding.Main (3.4s)
✔ [3703/3731] Built LeanCert.Tactic.Enclosure (3.9s)
✔ [3704/3731] Built LeanCert.Engine.Optimization.Global (31s)
✔ [3705/3731] Built LeanCert.Tactic.LeanCert.Diagnostic.Render (4.4s)
✔ [3706/3731] Built LeanCert.Engine.Search.CounterExample (3.7s)
✔ [3707/3731] Built LeanCert.Validity.Types (3.7s)
✔ [3708/3731] Built LeanCert.Engine.Optimization.Guided (3.7s)
✔ [3709/3731] Built LeanCert.Engine.Optimization.BoundVerify (3.4s)
✔ [3710/3731] Built LeanCert.Validity.Bounds (5.1s)
✔ [3711/3731] Built LeanCert.Discovery.Find (4.1s)
✔ [3712/3731] Built LeanCert.Tactic.IntervalAuto.OptBound (4.9s)
✔ [3713/3731] Built LeanCert.Tactic.IntervalAuto.Multivariate (7.3s)
✔ [3714/3731] Built LeanCert.Tactic.IntervalAuto.RootBound (4.0s)
✔ [3715/3731] Built LeanCert.Tactic.IntervalAuto.Bound (16s)
✔ [3716/3731] Built LeanCert.Tactic.IntervalAuto.Subdiv (5.9s)
✔ [3717/3731] Built LeanCert.Tactic.IntervalAuto.Adaptive (7.8s)
✔ [3718/3731] Built LeanCert.Tactic.IntervalAuto.PointIneq (9.7s)
✔ [3719/3731] Built LeanCert.Tactic.IntervalAuto (2.5s)
✔ [3720/3731] Built LeanCert.Tactic.Refute (3.5s)
✔ [3721/3731] Built LeanCert.Tactic.FinSumWitness (5.9s)
✔ [3722/3731] Built LeanCert.Tactic.FinSumBound (4.5s)
✔ [3723/3731] Built LeanCert.Tactic.LeanCert.Semantic.Parse (3.3s)
✔ [3724/3731] Built LeanCert.Tactic.Discovery (14s)
✔ [3725/3731] Built LeanCert.Tactic.Krawczyk (3.4s)
✔ [3726/3731] Built LeanCert.Tactic.LeanCert.Router (7.6s)
✔ [3727/3731] Built LeanCert.Tactic.LeanCert (2.5s)
✔ [3728/3731] Built LeanCert.Tactic (2.5s)
ℹ [3729/3731] Built NLA.RA03.Proof (4.6s)
info: NLA/RA03/Proof.lean:235:0: 'NLA.RA03.frobeniusSq_eq_norm_sq_proved' depends on axioms: [propext, Classical.choice, Quot.sound]
info: NLA/RA03/Proof.lean:237:0: 'NLA.RA03.process_isProbability_proved' depends on axioms: [propext, Classical.choice, Quot.sound]
info: NLA/RA03/Proof.lean:239:0: 'NLA.RA03.witness_singularValue_zero' depends on axioms: [propext, Classical.choice, Quot.sound]
info: NLA/RA03/Proof.lean:241:0: 'NLA.RA03.witness_singularValue_one' depends on axioms: [propext, Classical.choice, Quot.sound]
info: NLA/RA03/Proof.lean:243:0: 'NLA.RA03.witness_expectedError' depends on axioms: [propext, Classical.choice, Quot.sound]
info: NLA/RA03/Proof.lean:245:0: 'NLA.RA03.strict_scalar_gap' depends on axioms: [propext, Classical.choice, Quot.sound]
info: NLA/RA03/Proof.lean:247:0: 'NLA.RA03.counterexample_proved' depends on axioms: [propext, Classical.choice, Quot.sound]
info: NLA/RA03/Proof.lean:249:0: 'NLA.RA03.not_squaredErrorConjecture_proved' depends on axioms: [propext, Classical.choice, Quot.sound]
ℹ [3730/3731] Built Solution (2.6s)
info: Solution.lean:43:0: 'NLA.RA03.frobeniusSq_eq_norm_sq' depends on axioms: [propext, Classical.choice, Quot.sound]
info: Solution.lean:45:0: 'NLA.RA03.process_isProbability' depends on axioms: [propext, Classical.choice, Quot.sound]
info: Solution.lean:47:0: 'NLA.RA03.counterexample' depends on axioms: [propext, Classical.choice, Quot.sound]
info: Solution.lean:49:0: 'NLA.RA03.not_squaredErrorConjecture' depends on axioms: [propext, Classical.choice, Quot.sound]
Build completed successfully (3731 jobs).
Exporting #[Quot, Quot.mk, Quot.lift, Quot.ind, NLA.RA03.frobeniusSq_eq_norm_sq, NLA.RA03.process_isProbability, NLA.RA03.counterexample, NLA.RA03.not_squaredErrorConjecture, propext, Classical.choice, Quot.sound, Nat.add, Nat.sub, Nat.mul, Nat.pow, Nat.gcd, Nat.div, Nat.mod, Nat.beq, Nat.ble, Nat.land, Nat.lor, Nat.xor, Nat.shiftLeft, Nat.shiftRight, String.ofList, Char.ofNat, List, eagerReduce, Nat, String, String.mk, Char, optParam, autoParam, semiOutParam, outParam] from Solution
Running Lean default kernel on solution.
Lean default kernel accepts the solution
Your solution is okay!

EXIT_STATUS=0
