def NLA.MI26.AdmissibleFunction : (Real → Real) → Prop :=
fun f =>
  And
    (@ConcaveOn Real Real Real Real.semiring Real.partialOrder Real.instAddCommMonoid Real.instAddCommMonoid
      Real.partialOrder (@instSMulOfMul Real Real.instMul) (@instSMulOfMul Real Real.instMul)
      (@Set.Ici Real Real.instPreorder (@OfNat.ofNat Real (nat_lit 0) (@Zero.toOfNat0 Real Real.instZero))) f)
    (@LE.le Real Real.instLE (@OfNat.ofNat Real (nat_lit 0) (@Zero.toOfNat0 Real Real.instZero))
      (f (@OfNat.ofNat Real (nat_lit 0) (@Zero.toOfNat0 Real Real.instZero))))
def NLA.MI26.functionalCalculus : {n : Nat} →
  (Real → Real) → Matrix (Fin n) (Fin n) Complex → Matrix (Fin n) (Fin n) Complex :=
fun {n} f A =>
  @cfc Real (Matrix (Fin n) (Fin n) Complex)
    (@IsSelfAdjoint (Matrix (Fin n) (Fin n) Complex)
      (@Matrix.instStar (Fin n) Complex
        (@InvolutiveStar.toStar Complex
          (@StarAddMonoid.toInvolutiveStar Complex
            (@AddCommMonoid.toAddMonoid Complex
              (@NonUnitalNonAssocSemiring.toAddCommMonoid Complex
                (@NonUnitalNonAssocRing.toNonUnitalNonAssocSemiring Complex
                  (@NonUnitalNonAssocCommRing.toNonUnitalNonAssocRing Complex
                    (@NonUnitalCommRing.toNonUnitalNonAssocCommRing Complex
                      (@CommRing.toNonUnitalCommRing Complex
                        (@Field.toCommRing Complex
                          (@NormedField.toField Complex
                            (@DenselyNormedField.toNormedField Complex
                              (@RCLike.toDenselyNormedField Complex Complex.instRCLike))))))))))
            (@StarRing.toStarAddMonoid Complex
              (@NonUnitalNonAssocRing.toNonUnitalNonAssocSemiring Complex
                (@NonUnitalNonAssocCommRing.toNonUnitalNonAssocRing Complex
                  (@NonUnitalCommRing.toNonUnitalNonAssocCommRing Complex
                    (@CommRing.toNonUnitalCommRing Complex
                      (@Field.toCommRing Complex
                        (@NormedField.toField Complex
                          (@DenselyNormedField.toNormedField Complex
                            (@RCLike.toDenselyNormedField Complex Complex.instRCLike))))))))
              (@RCLike.toStarRing Complex Complex.instRCLike))))))
    Real.instCommSemiring instStarRingReal Real.metricSpace NLA.MI26.functionalCalculus._proof_1 instContinuousStarReal
    (@instTopologicalSpaceMatrix (Fin n) (Fin n) Complex
      (@UniformSpace.toTopologicalSpace Complex
        (@PseudoMetricSpace.toUniformSpace Complex
          (@SeminormedRing.toPseudoMetricSpace Complex
            (@SeminormedCommRing.toSeminormedRing Complex
              (@NormedCommRing.toSeminormedCommRing Complex
                (@CommCStarAlgebra.toNormedCommRing Complex instCommCStarAlgebraComplex)))))))
    (@Matrix.instRing (Fin n) Complex (Fin.fintype n) (instDecidableEqFin n) Complex.instRing)
    (@Matrix.instStarRing (Fin n) Complex (Fin.fintype n)
      (@NonUnitalNonAssocRing.toNonUnitalNonAssocSemiring Complex
        (@NonUnitalNonAssocCommRing.toNonUnitalNonAssocRing Complex
          (@NonUnitalCommRing.toNonUnitalNonAssocCommRing Complex Complex.instNonUnitalCommRing)))
      Complex.instStarRing)
    (@Matrix.instAlgebra (Fin n) Real Complex (Fin.fintype n) (instDecidableEqFin n) Real.instCommSemiring
      (@Ring.toSemiring Complex Complex.instRing)
      (@NormedAlgebra.toAlgebra Real Complex Real.normedField
        (@SeminormedCommRing.toSeminormedRing Complex
          (@NormedCommRing.toSeminormedCommRing Complex
            (@CommCStarAlgebra.toNormedCommRing Complex instCommCStarAlgebraComplex)))
        (@RCLike.toNormedAlgebra Complex Complex.instRCLike)))
    (@NLA.MI26.functionalCalculus._proof_2 n) f A
def NLA.MI26.SubadditivityConjecture : Prop :=
∀ (n : Nat),
  @LE.le Nat instLENat (@OfNat.ofNat Nat (nat_lit 1) (instOfNatNat (nat_lit 1))) n →
    ∀ (A B : Matrix (Fin n) (Fin n) Complex),
      @Matrix.PosSemidef (Fin n) Complex Complex.instRing Complex.partialOrder Complex.instStarRing A →
        @Matrix.PosSemidef (Fin n) Complex Complex.instRing Complex.partialOrder Complex.instStarRing B →
          ∀ (f : Real → Real),
            NLA.MI26.AdmissibleFunction f →
              ∃ U V,
                @LE.le (Matrix (Fin n) (Fin n) Complex)
                  (@Preorder.toLE (Matrix (Fin n) (Fin n) Complex)
                    (@Matrix.instPreOrder Complex (Fin n) Complex.instRCLike))
                  (@NLA.MI26.functionalCalculus n f
                    (@HAdd.hAdd (Matrix (Fin n) (Fin n) Complex) (Matrix (Fin n) (Fin n) Complex)
                      (Matrix (Fin n) (Fin n) Complex)
                      (@instHAdd (Matrix (Fin n) (Fin n) Complex) (@Matrix.add (Fin n) (Fin n) Complex Complex.instAdd))
                      A B))
                  (@HAdd.hAdd (Matrix (Fin n) (Fin n) Complex) (Matrix (Fin n) (Fin n) Complex)
                    (Matrix (Fin n) (Fin n) Complex)
                    (@instHAdd (Matrix (Fin n) (Fin n) Complex) (@Matrix.add (Fin n) (Fin n) Complex Complex.instAdd))
                    (@NLA.MI26.unitaryConjugate n U (@NLA.MI26.functionalCalculus n f A))
                    (@NLA.MI26.unitaryConjugate n V (@NLA.MI26.functionalCalculus n f B)))
theorem NLA.MI26.functionalCalculus_eq_spectral_proved : ∀ {n : Nat} (A : Matrix (Fin n) (Fin n) Complex)
  (hA :
    @Matrix.IsHermitian Complex (Fin n)
      (@InvolutiveStar.toStar Complex
        (@StarAddMonoid.toInvolutiveStar Complex
          (@AddCommMonoid.toAddMonoid Complex
            (@NonUnitalNonAssocSemiring.toAddCommMonoid Complex
              (@NonUnitalNonAssocRing.toNonUnitalNonAssocSemiring Complex
                (@NonUnitalNonAssocCommRing.toNonUnitalNonAssocRing Complex
                  (@NonUnitalCommRing.toNonUnitalNonAssocCommRing Complex Complex.instNonUnitalCommRing)))))
          (@StarRing.toStarAddMonoid Complex
            (@NonUnitalNonAssocRing.toNonUnitalNonAssocSemiring Complex
              (@NonUnitalNonAssocCommRing.toNonUnitalNonAssocRing Complex
                (@NonUnitalCommRing.toNonUnitalNonAssocCommRing Complex Complex.instNonUnitalCommRing)))
            Complex.instStarRing)))
      A)
  (f : Real → Real),
  @Eq (Matrix (Fin n) (Fin n) Complex) (@NLA.MI26.functionalCalculus n f A)
    (@HMul.hMul (Matrix (Fin n) (Fin n) Complex) (Matrix (Fin n) (Fin n) Complex) (Matrix (Fin n) (Fin n) Complex)
      (@Matrix.instHMulOfFintypeOfMulOfAddCommMonoid (Fin n) (Fin n) (Fin n) Complex (Fin.fintype n) Complex.instMul
        Complex.instAddCommMonoid)
      (@HMul.hMul (Matrix (Fin n) (Fin n) Complex) (Matrix (Fin n) (Fin n) Complex) (Matrix (Fin n) (Fin n) Complex)
        (@Matrix.instHMulOfFintypeOfMulOfAddCommMonoid (Fin n) (Fin n) (Fin n) Complex (Fin.fintype n) Complex.instMul
          Complex.instAddCommMonoid)
        (@Subtype.val (Matrix (Fin n) (Fin n) Complex)
          (fun x =>
            @Membership.mem (Matrix (Fin n) (Fin n) Complex)
              (@Submonoid (Matrix (Fin n) (Fin n) Complex)
                (@MulZeroOneClass.toMulOneClass (Matrix (Fin n) (Fin n) Complex)
                  (@instMulZeroOneClassOfSemiring (Matrix (Fin n) (Fin n) Complex)
                    (@Matrix.semiring (Fin n) Complex
                      (@CommSemiring.toSemiring Complex
                        (@CommRing.toCommSemiring Complex
                          (@Field.toCommRing Complex
                            (@NormedField.toField Complex
                              (@DenselyNormedField.toNormedField Complex
                                (@RCLike.toDenselyNormedField Complex Complex.instRCLike))))))
                      (Fin.fintype n) (instDecidableEqFin n)))))
              (@SetLike.instMembership
                (@Submonoid (Matrix (Fin n) (Fin n) Complex)
                  (@MulZeroOneClass.toMulOneClass (Matrix (Fin n) (Fin n) Complex)
                    (@instMulZeroOneClassOfSemiring (Matrix (Fin n) (Fin n) Complex)
                      (@Matrix.semiring (Fin n) Complex
                        (@CommSemiring.toSemiring Complex
                          (@CommRing.toCommSemiring Complex
                            (@Field.toCommRing Complex
                              (@NormedField.toField Complex
                                (@DenselyNormedField.toNormedField Complex
                                  (@RCLike.toDenselyNormedField Complex Complex.instRCLike))))))
                        (Fin.fintype n) (instDecidableEqFin n)))))
                (Matrix (Fin n) (Fin n) Complex)
                (@Submonoid.instSetLike (Matrix (Fin n) (Fin n) Complex)
                  (@MulZeroOneClass.toMulOneClass (Matrix (Fin n) (Fin n) Complex)
                    (@instMulZeroOneClassOfSemiring (Matrix (Fin n) (Fin n) Complex)
                      (@Matrix.semiring (Fin n) Complex
                        (@CommSemiring.toSemiring Complex
                          (@CommRing.toCommSemiring Complex
                            (@Field.toCommRing Complex
                              (@NormedField.toField Complex
                                (@DenselyNormedField.toNormedField Complex
                                  (@RCLike.toDenselyNormedField Complex Complex.instRCLike))))))
                        (Fin.fintype n) (instDecidableEqFin n))))))
              (@Matrix.unitaryGroup (Fin n) (instDecidableEqFin n) (Fin.fintype n) Complex
                (@Field.toCommRing Complex
                  (@NormedField.toField Complex
                    (@DenselyNormedField.toNormedField Complex
                      (@RCLike.toDenselyNormedField Complex Complex.instRCLike))))
                (@RCLike.toStarRing Complex Complex.instRCLike))
              x)
          (@Matrix.IsHermitian.eigenvectorUnitary Complex Complex.instRCLike (Fin n) (Fin.fintype n) A
            (instDecidableEqFin n) hA))
        (@Matrix.diagonal (Fin n) Complex (instDecidableEqFin n) Complex.instZero fun i =>
          ↑(f
              (@Matrix.IsHermitian.eigenvalues Complex Complex.instRCLike (Fin n) (Fin.fintype n) A
                (instDecidableEqFin n) hA i))))
      (@Matrix.conjTranspose (Fin n) (Fin n) Complex
        (@InvolutiveStar.toStar Complex
          (@StarAddMonoid.toInvolutiveStar Complex
            (@AddCommMonoid.toAddMonoid Complex
              (@NonUnitalNonAssocSemiring.toAddCommMonoid Complex
                (@NonUnitalNonAssocRing.toNonUnitalNonAssocSemiring Complex
                  (@NonUnitalNonAssocCommRing.toNonUnitalNonAssocRing Complex
                    (@NonUnitalCommRing.toNonUnitalNonAssocCommRing Complex Complex.instNonUnitalCommRing)))))
            (@StarRing.toStarAddMonoid Complex
              (@NonUnitalNonAssocRing.toNonUnitalNonAssocSemiring Complex
                (@NonUnitalNonAssocCommRing.toNonUnitalNonAssocRing Complex
                  (@NonUnitalCommRing.toNonUnitalNonAssocCommRing Complex Complex.instNonUnitalCommRing)))
              Complex.instStarRing)))
        (@Subtype.val (Matrix (Fin n) (Fin n) Complex)
          (fun x =>
            @Membership.mem (Matrix (Fin n) (Fin n) Complex)
              (@Submonoid (Matrix (Fin n) (Fin n) Complex)
                (@MulZeroOneClass.toMulOneClass (Matrix (Fin n) (Fin n) Complex)
                  (@instMulZeroOneClassOfSemiring (Matrix (Fin n) (Fin n) Complex)
                    (@Matrix.semiring (Fin n) Complex
                      (@CommSemiring.toSemiring Complex
                        (@CommRing.toCommSemiring Complex
                          (@Field.toCommRing Complex
                            (@NormedField.toField Complex
                              (@DenselyNormedField.toNormedField Complex
                                (@RCLike.toDenselyNormedField Complex Complex.instRCLike))))))
                      (Fin.fintype n) (instDecidableEqFin n)))))
              (@SetLike.instMembership
                (@Submonoid (Matrix (Fin n) (Fin n) Complex)
                  (@MulZeroOneClass.toMulOneClass (Matrix (Fin n) (Fin n) Complex)
                    (@instMulZeroOneClassOfSemiring (Matrix (Fin n) (Fin n) Complex)
                      (@Matrix.semiring (Fin n) Complex
                        (@CommSemiring.toSemiring Complex
                          (@CommRing.toCommSemiring Complex
                            (@Field.toCommRing Complex
                              (@NormedField.toField Complex
                                (@DenselyNormedField.toNormedField Complex
                                  (@RCLike.toDenselyNormedField Complex Complex.instRCLike))))))
                        (Fin.fintype n) (instDecidableEqFin n)))))
                (Matrix (Fin n) (Fin n) Complex)
                (@Submonoid.instSetLike (Matrix (Fin n) (Fin n) Complex)
                  (@MulZeroOneClass.toMulOneClass (Matrix (Fin n) (Fin n) Complex)
                    (@instMulZeroOneClassOfSemiring (Matrix (Fin n) (Fin n) Complex)
                      (@Matrix.semiring (Fin n) Complex
                        (@CommSemiring.toSemiring Complex
                          (@CommRing.toCommSemiring Complex
                            (@Field.toCommRing Complex
                              (@NormedField.toField Complex
                                (@DenselyNormedField.toNormedField Complex
                                  (@RCLike.toDenselyNormedField Complex Complex.instRCLike))))))
                        (Fin.fintype n) (instDecidableEqFin n))))))
              (@Matrix.unitaryGroup (Fin n) (instDecidableEqFin n) (Fin.fintype n) Complex
                (@Field.toCommRing Complex
                  (@NormedField.toField Complex
                    (@DenselyNormedField.toNormedField Complex
                      (@RCLike.toDenselyNormedField Complex Complex.instRCLike))))
                (@RCLike.toStarRing Complex Complex.instRCLike))
              x)
          (@Matrix.IsHermitian.eigenvectorUnitary Complex Complex.instRCLike (Fin n) (Fin.fintype n) A
            (instDecidableEqFin n) hA)))) :=
fun {n} A hA f =>
  @id
    (@Eq (Matrix (Fin n) (Fin n) Complex) (@NLA.MI26.functionalCalculus n f A)
      (@HMul.hMul (Matrix (Fin n) (Fin n) Complex) (Matrix (Fin n) (Fin n) Complex) (Matrix (Fin n) (Fin n) Complex)
        (@Matrix.instHMulOfFintypeOfMulOfAddCommMonoid (Fin n) (Fin n) (Fin n) Complex (Fin.fintype n) Complex.instMul
          Complex.instAddCommMonoid)
        (@HMul.hMul (Matrix (Fin n) (Fin n) Complex) (Matrix (Fin n) (Fin n) Complex) (Matrix (Fin n) (Fin n) Complex)
          (@Matrix.instHMulOfFintypeOfMulOfAddCommMonoid (Fin n) (Fin n) (Fin n) Complex (Fin.fintype n) Complex.instMul
            Complex.instAddCommMonoid)
          (@Subtype.val (Matrix (Fin n) (Fin n) Complex)
            (fun x =>
              @Membership.mem (Matrix (Fin n) (Fin n) Complex)
                (@Submonoid (Matrix (Fin n) (Fin n) Complex)
                  (@MulZeroOneClass.toMulOneClass (Matrix (Fin n) (Fin n) Complex)
                    (@instMulZeroOneClassOfSemiring (Matrix (Fin n) (Fin n) Complex)
                      (@Matrix.semiring (Fin n) Complex
                        (@CommSemiring.toSemiring Complex
                          (@CommRing.toCommSemiring Complex
                            (@Field.toCommRing Complex
                              (@NormedField.toField Complex
                                (@DenselyNormedField.toNormedField Complex
                                  (@RCLike.toDenselyNormedField Complex Complex.instRCLike))))))
                        (Fin.fintype n) (instDecidableEqFin n)))))
                (@SetLike.instMembership
                  (@Submonoid (Matrix (Fin n) (Fin n) Complex)
                    (@MulZeroOneClass.toMulOneClass (Matrix (Fin n) (Fin n) Complex)
                      (@instMulZeroOneClassOfSemiring (Matrix (Fin n) (Fin n) Complex)
                        (@Matrix.semiring (Fin n) Complex
                          (@CommSemiring.toSemiring Complex
                            (@CommRing.toCommSemiring Complex
                              (@Field.toCommRing Complex
                                (@NormedField.toField Complex
                                  (@DenselyNormedField.toNormedField Complex
                                    (@RCLike.toDenselyNormedField Complex Complex.instRCLike))))))
                          (Fin.fintype n) (instDecidableEqFin n)))))
                  (Matrix (Fin n) (Fin n) Complex)
                  (@Submonoid.instSetLike (Matrix (Fin n) (Fin n) Complex)
                    (@MulZeroOneClass.toMulOneClass (Matrix (Fin n) (Fin n) Complex)
                      (@instMulZeroOneClassOfSemiring (Matrix (Fin n) (Fin n) Complex)
                        (@Matrix.semiring (Fin n) Complex
                          (@CommSemiring.toSemiring Complex
                            (@CommRing.toCommSemiring Complex
                              (@Field.toCommRing Complex
                                (@NormedField.toField Complex
                                  (@DenselyNormedField.toNormedField Complex
                                    (@RCLike.toDenselyNormedField Complex Complex.instRCLike))))))
                          (Fin.fintype n) (instDecidableEqFin n))))))
                (@Matrix.unitaryGroup (Fin n) (instDecidableEqFin n) (Fin.fintype n) Complex
                  (@Field.toCommRing Complex
                    (@NormedField.toField Complex
                      (@DenselyNormedField.toNormedField Complex
                        (@RCLike.toDenselyNormedField Complex Complex.instRCLike))))
                  (@RCLike.toStarRing Complex Complex.instRCLike))
                x)
            (@Matrix.IsHermitian.eigenvectorUnitary Complex Complex.instRCLike (Fin n) (Fin.fintype n) A
              (instDecidableEqFin n) hA))
          (@Matrix.diagonal (Fin n) Complex (instDecidableEqFin n) Complex.instZero fun i =>
            ↑(f
                (@Matrix.IsHermitian.eigenvalues Complex Complex.instRCLike (Fin n) (Fin.fintype n) A
                  (instDecidableEqFin n) hA i))))
        (@Matrix.conjTranspose (Fin n) (Fin n) Complex
          (@InvolutiveStar.toStar Complex
            (@StarAddMonoid.toInvolutiveStar Complex
              (@AddCommMonoid.toAddMonoid Complex
                (@NonUnitalNonAssocSemiring.toAddCommMonoid Complex
                  (@NonUnitalNonAssocRing.toNonUnitalNonAssocSemiring Complex
                    (@NonUnitalNonAssocCommRing.toNonUnitalNonAssocRing Complex
                      (@NonUnitalCommRing.toNonUnitalNonAssocCommRing Complex Complex.instNonUnitalCommRing)))))
              (@StarRing.toStarAddMonoid Complex
                (@NonUnitalNonAssocRing.toNonUnitalNonAssocSemiring Complex
                  (@NonUnitalNonAssocCommRing.toNonUnitalNonAssocRing Complex
                    (@NonUnitalCommRing.toNonUnitalNonAssocCommRing Complex Complex.instNonUnitalCommRing)))
                Complex.instStarRing)))
          (@Subtype.val (Matrix (Fin n) (Fin n) Complex)
            (fun x =>
              @Membership.mem (Matrix (Fin n) (Fin n) Complex)
                (@Submonoid (Matrix (Fin n) (Fin n) Complex)
                  (@MulZeroOneClass.toMulOneClass (Matrix (Fin n) (Fin n) Complex)
                    (@instMulZeroOneClassOfSemiring (Matrix (Fin n) (Fin n) Complex)
                      (@Matrix.semiring (Fin n) Complex
                        (@CommSemiring.toSemiring Complex
                          (@CommRing.toCommSemiring Complex
                            (@Field.toCommRing Complex
                              (@NormedField.toField Complex
                                (@DenselyNormedField.toNormedField Complex
                                  (@RCLike.toDenselyNormedField Complex Complex.instRCLike))))))
                        (Fin.fintype n) (instDecidableEqFin n)))))
                (@SetLike.instMembership
                  (@Submonoid (Matrix (Fin n) (Fin n) Complex)
                    (@MulZeroOneClass.toMulOneClass (Matrix (Fin n) (Fin n) Complex)
                      (@instMulZeroOneClassOfSemiring (Matrix (Fin n) (Fin n) Complex)
                        (@Matrix.semiring (Fin n) Complex
                          (@CommSemiring.toSemiring Complex
                            (@CommRing.toCommSemiring Complex
                              (@Field.toCommRing Complex
                                (@NormedField.toField Complex
                                  (@DenselyNormedField.toNormedField Complex
                                    (@RCLike.toDenselyNormedField Complex Complex.instRCLike))))))
                          (Fin.fintype n) (instDecidableEqFin n)))))
                  (Matrix (Fin n) (Fin n) Complex)
                  (@Submonoid.instSetLike (Matrix (Fin n) (Fin n) Complex)
                    (@MulZeroOneClass.toMulOneClass (Matrix (Fin n) (Fin n) Complex)
                      (@instMulZeroOneClassOfSemiring (Matrix (Fin n) (Fin n) Complex)
                        (@Matrix.semiring (Fin n) Complex
                          (@CommSemiring.toSemiring Complex
                            (@CommRing.toCommSemiring Complex
                              (@Field.toCommRing Complex
                                (@NormedField.toField Complex
                                  (@DenselyNormedField.toNormedField Complex
                                    (@RCLike.toDenselyNormedField Complex Complex.instRCLike))))))
                          (Fin.fintype n) (instDecidableEqFin n))))))
                (@Matrix.unitaryGroup (Fin n) (instDecidableEqFin n) (Fin.fintype n) Complex
                  (@Field.toCommRing Complex
                    (@NormedField.toField Complex
                      (@DenselyNormedField.toNormedField Complex
                        (@RCLike.toDenselyNormedField Complex Complex.instRCLike))))
                  (@RCLike.toStarRing Complex Complex.instRCLike))
                x)
            (@Matrix.IsHermitian.eigenvectorUnitary Complex Complex.instRCLike (Fin n) (Fin.fintype n) A
              (instDecidableEqFin n) hA)))))
    (@Matrix.IsHermitian.cfc_eq (Fin n) Complex Complex.instRCLike (Fin.fintype n) (instDecidableEqFin n) A hA f)
NLA.MI26.admissibleFunction_iff : ∀ (f : Real → Real),
  Iff (NLA.MI26.AdmissibleFunction f)
    (And
      (@LE.le Real Real.instLE (@OfNat.ofNat Real (nat_lit 0) (@Zero.toOfNat0 Real Real.instZero))
        (f (@OfNat.ofNat Real (nat_lit 0) (@Zero.toOfNat0 Real Real.instZero))))
      (∀ (x y θ : Real),
        @LE.le Real Real.instLE (@OfNat.ofNat Real (nat_lit 0) (@Zero.toOfNat0 Real Real.instZero)) x →
          @LE.le Real Real.instLE (@OfNat.ofNat Real (nat_lit 0) (@Zero.toOfNat0 Real Real.instZero)) y →
            @LE.le Real Real.instLE (@OfNat.ofNat Real (nat_lit 0) (@Zero.toOfNat0 Real Real.instZero)) θ →
              @LE.le Real Real.instLE θ (@OfNat.ofNat Real (nat_lit 1) (@One.toOfNat1 Real Real.instOne)) →
                @LE.le Real Real.instLE
                  (@HAdd.hAdd Real Real Real (@instHAdd Real Real.instAdd)
                    (@HMul.hMul Real Real Real (@instHMul Real Real.instMul) θ (f x))
                    (@HMul.hMul Real Real Real (@instHMul Real Real.instMul)
                      (@HSub.hSub Real Real Real (@instHSub Real Real.instSub)
                        (@OfNat.ofNat Real (nat_lit 1) (@One.toOfNat1 Real Real.instOne)) θ)
                      (f y)))
                  (f
                    (@HAdd.hAdd Real Real Real (@instHAdd Real Real.instAdd)
                      (@HMul.hMul Real Real Real (@instHMul Real Real.instMul) θ x)
                      (@HMul.hMul Real Real Real (@instHMul Real Real.instMul)
                        (@HSub.hSub Real Real Real (@instHSub Real Real.instSub)
                          (@OfNat.ofNat Real (nat_lit 1) (@One.toOfNat1 Real Real.instOne)) θ)
                        y)))))
@NLA.MI26.functionalCalculus_eq_spectral : ∀ {n : Nat} (A : Matrix (Fin n) (Fin n) Complex)
  (hA :
    @Matrix.IsHermitian Complex (Fin n)
      (@InvolutiveStar.toStar Complex
        (@StarAddMonoid.toInvolutiveStar Complex
          (@AddCommMonoid.toAddMonoid Complex
            (@NonUnitalNonAssocSemiring.toAddCommMonoid Complex
              (@NonUnitalNonAssocRing.toNonUnitalNonAssocSemiring Complex
                (@NonUnitalNonAssocCommRing.toNonUnitalNonAssocRing Complex
                  (@NonUnitalCommRing.toNonUnitalNonAssocCommRing Complex Complex.instNonUnitalCommRing)))))
          (@StarRing.toStarAddMonoid Complex
            (@NonUnitalNonAssocRing.toNonUnitalNonAssocSemiring Complex
              (@NonUnitalNonAssocCommRing.toNonUnitalNonAssocRing Complex
                (@NonUnitalCommRing.toNonUnitalNonAssocCommRing Complex Complex.instNonUnitalCommRing)))
            Complex.instStarRing)))
      A)
  (f : Real → Real),
  @Eq (Matrix (Fin n) (Fin n) Complex) (@NLA.MI26.functionalCalculus n f A)
    (@HMul.hMul (Matrix (Fin n) (Fin n) Complex) (Matrix (Fin n) (Fin n) Complex) (Matrix (Fin n) (Fin n) Complex)
      (@Matrix.instHMulOfFintypeOfMulOfAddCommMonoid (Fin n) (Fin n) (Fin n) Complex (Fin.fintype n) Complex.instMul
        Complex.instAddCommMonoid)
      (@HMul.hMul (Matrix (Fin n) (Fin n) Complex) (Matrix (Fin n) (Fin n) Complex) (Matrix (Fin n) (Fin n) Complex)
        (@Matrix.instHMulOfFintypeOfMulOfAddCommMonoid (Fin n) (Fin n) (Fin n) Complex (Fin.fintype n) Complex.instMul
          Complex.instAddCommMonoid)
        (@Subtype.val (Matrix (Fin n) (Fin n) Complex)
          (fun x =>
            @Membership.mem (Matrix (Fin n) (Fin n) Complex)
              (@Submonoid (Matrix (Fin n) (Fin n) Complex)
                (@MulZeroOneClass.toMulOneClass (Matrix (Fin n) (Fin n) Complex)
                  (@instMulZeroOneClassOfSemiring (Matrix (Fin n) (Fin n) Complex)
                    (@Matrix.semiring (Fin n) Complex
                      (@CommSemiring.toSemiring Complex
                        (@CommRing.toCommSemiring Complex
                          (@Field.toCommRing Complex
                            (@NormedField.toField Complex
                              (@DenselyNormedField.toNormedField Complex
                                (@RCLike.toDenselyNormedField Complex Complex.instRCLike))))))
                      (Fin.fintype n) (instDecidableEqFin n)))))
              (@SetLike.instMembership
                (@Submonoid (Matrix (Fin n) (Fin n) Complex)
                  (@MulZeroOneClass.toMulOneClass (Matrix (Fin n) (Fin n) Complex)
                    (@instMulZeroOneClassOfSemiring (Matrix (Fin n) (Fin n) Complex)
                      (@Matrix.semiring (Fin n) Complex
                        (@CommSemiring.toSemiring Complex
                          (@CommRing.toCommSemiring Complex
                            (@Field.toCommRing Complex
                              (@NormedField.toField Complex
                                (@DenselyNormedField.toNormedField Complex
                                  (@RCLike.toDenselyNormedField Complex Complex.instRCLike))))))
                        (Fin.fintype n) (instDecidableEqFin n)))))
                (Matrix (Fin n) (Fin n) Complex)
                (@Submonoid.instSetLike (Matrix (Fin n) (Fin n) Complex)
                  (@MulZeroOneClass.toMulOneClass (Matrix (Fin n) (Fin n) Complex)
                    (@instMulZeroOneClassOfSemiring (Matrix (Fin n) (Fin n) Complex)
                      (@Matrix.semiring (Fin n) Complex
                        (@CommSemiring.toSemiring Complex
                          (@CommRing.toCommSemiring Complex
                            (@Field.toCommRing Complex
                              (@NormedField.toField Complex
                                (@DenselyNormedField.toNormedField Complex
                                  (@RCLike.toDenselyNormedField Complex Complex.instRCLike))))))
                        (Fin.fintype n) (instDecidableEqFin n))))))
              (@Matrix.unitaryGroup (Fin n) (instDecidableEqFin n) (Fin.fintype n) Complex
                (@Field.toCommRing Complex
                  (@NormedField.toField Complex
                    (@DenselyNormedField.toNormedField Complex
                      (@RCLike.toDenselyNormedField Complex Complex.instRCLike))))
                (@RCLike.toStarRing Complex Complex.instRCLike))
              x)
          (@Matrix.IsHermitian.eigenvectorUnitary Complex Complex.instRCLike (Fin n) (Fin.fintype n) A
            (instDecidableEqFin n) hA))
        (@Matrix.diagonal (Fin n) Complex (instDecidableEqFin n) Complex.instZero fun i =>
          ↑(f
              (@Matrix.IsHermitian.eigenvalues Complex Complex.instRCLike (Fin n) (Fin.fintype n) A
                (instDecidableEqFin n) hA i))))
      (@Matrix.conjTranspose (Fin n) (Fin n) Complex
        (@InvolutiveStar.toStar Complex
          (@StarAddMonoid.toInvolutiveStar Complex
            (@AddCommMonoid.toAddMonoid Complex
              (@NonUnitalNonAssocSemiring.toAddCommMonoid Complex
                (@NonUnitalNonAssocRing.toNonUnitalNonAssocSemiring Complex
                  (@NonUnitalNonAssocCommRing.toNonUnitalNonAssocRing Complex
                    (@NonUnitalCommRing.toNonUnitalNonAssocCommRing Complex Complex.instNonUnitalCommRing)))))
            (@StarRing.toStarAddMonoid Complex
              (@NonUnitalNonAssocRing.toNonUnitalNonAssocSemiring Complex
                (@NonUnitalNonAssocCommRing.toNonUnitalNonAssocRing Complex
                  (@NonUnitalCommRing.toNonUnitalNonAssocCommRing Complex Complex.instNonUnitalCommRing)))
              Complex.instStarRing)))
        (@Subtype.val (Matrix (Fin n) (Fin n) Complex)
          (fun x =>
            @Membership.mem (Matrix (Fin n) (Fin n) Complex)
              (@Submonoid (Matrix (Fin n) (Fin n) Complex)
                (@MulZeroOneClass.toMulOneClass (Matrix (Fin n) (Fin n) Complex)
                  (@instMulZeroOneClassOfSemiring (Matrix (Fin n) (Fin n) Complex)
                    (@Matrix.semiring (Fin n) Complex
                      (@CommSemiring.toSemiring Complex
                        (@CommRing.toCommSemiring Complex
                          (@Field.toCommRing Complex
                            (@NormedField.toField Complex
                              (@DenselyNormedField.toNormedField Complex
                                (@RCLike.toDenselyNormedField Complex Complex.instRCLike))))))
                      (Fin.fintype n) (instDecidableEqFin n)))))
              (@SetLike.instMembership
                (@Submonoid (Matrix (Fin n) (Fin n) Complex)
                  (@MulZeroOneClass.toMulOneClass (Matrix (Fin n) (Fin n) Complex)
                    (@instMulZeroOneClassOfSemiring (Matrix (Fin n) (Fin n) Complex)
                      (@Matrix.semiring (Fin n) Complex
                        (@CommSemiring.toSemiring Complex
                          (@CommRing.toCommSemiring Complex
                            (@Field.toCommRing Complex
                              (@NormedField.toField Complex
                                (@DenselyNormedField.toNormedField Complex
                                  (@RCLike.toDenselyNormedField Complex Complex.instRCLike))))))
                        (Fin.fintype n) (instDecidableEqFin n)))))
                (Matrix (Fin n) (Fin n) Complex)
                (@Submonoid.instSetLike (Matrix (Fin n) (Fin n) Complex)
                  (@MulZeroOneClass.toMulOneClass (Matrix (Fin n) (Fin n) Complex)
                    (@instMulZeroOneClassOfSemiring (Matrix (Fin n) (Fin n) Complex)
                      (@Matrix.semiring (Fin n) Complex
                        (@CommSemiring.toSemiring Complex
                          (@CommRing.toCommSemiring Complex
                            (@Field.toCommRing Complex
                              (@NormedField.toField Complex
                                (@DenselyNormedField.toNormedField Complex
                                  (@RCLike.toDenselyNormedField Complex Complex.instRCLike))))))
                        (Fin.fintype n) (instDecidableEqFin n))))))
              (@Matrix.unitaryGroup (Fin n) (instDecidableEqFin n) (Fin.fintype n) Complex
                (@Field.toCommRing Complex
                  (@NormedField.toField Complex
                    (@DenselyNormedField.toNormedField Complex
                      (@RCLike.toDenselyNormedField Complex Complex.instRCLike))))
                (@RCLike.toStarRing Complex Complex.instRCLike))
              x)
          (@Matrix.IsHermitian.eigenvectorUnitary Complex Complex.instRCLike (Fin n) (Fin.fintype n) A
            (instDecidableEqFin n) hA))))
@NLA.MI26.functionalCalculus_congr_nonneg : ∀ {n : Nat} (A : Matrix (Fin n) (Fin n) Complex),
  @Matrix.PosSemidef (Fin n) Complex Complex.instRing Complex.partialOrder Complex.instStarRing A →
    ∀ (f g : Real → Real),
      @Set.EqOn Real Real f g
          (@Set.Ici Real Real.instPreorder (@OfNat.ofNat Real (nat_lit 0) (@Zero.toOfNat0 Real Real.instZero))) →
        @Eq (Matrix (Fin n) (Fin n) Complex) (@NLA.MI26.functionalCalculus n f A) (@NLA.MI26.functionalCalculus n g A)
@NLA.MI26.quadratic_cfc : ∀ {n : Nat} (A : Matrix (Fin n) (Fin n) Complex),
  @Matrix.IsHermitian Complex (Fin n)
      (@InvolutiveStar.toStar Complex
        (@StarAddMonoid.toInvolutiveStar Complex
          (@AddCommMonoid.toAddMonoid Complex
            (@NonUnitalNonAssocSemiring.toAddCommMonoid Complex
              (@NonUnitalNonAssocRing.toNonUnitalNonAssocSemiring Complex
                (@NonUnitalNonAssocCommRing.toNonUnitalNonAssocRing Complex
                  (@NonUnitalCommRing.toNonUnitalNonAssocCommRing Complex Complex.instNonUnitalCommRing)))))
          (@StarRing.toStarAddMonoid Complex
            (@NonUnitalNonAssocRing.toNonUnitalNonAssocSemiring Complex
              (@NonUnitalNonAssocCommRing.toNonUnitalNonAssocRing Complex
                (@NonUnitalCommRing.toNonUnitalNonAssocCommRing Complex Complex.instNonUnitalCommRing)))
            Complex.instStarRing)))
      A →
    @Eq (Matrix (Fin n) (Fin n) Complex) (@NLA.MI26.functionalCalculus n NLA.MI26.witnessFunction A)
      (@HSub.hSub (Matrix (Fin n) (Fin n) Complex) (Matrix (Fin n) (Fin n) Complex) (Matrix (Fin n) (Fin n) Complex)
        (@instHSub (Matrix (Fin n) (Fin n) Complex) (@Matrix.sub (Fin n) (Fin n) Complex Complex.instSub)) A
        (@HPow.hPow (Matrix (Fin n) (Fin n) Complex) Nat (Matrix (Fin n) (Fin n) Complex)
          (@instHPow (Matrix (Fin n) (Fin n) Complex) Nat
            (@NPow.toPow (Matrix (Fin n) (Fin n) Complex)
              (@Monoid.toNPow (Matrix (Fin n) (Fin n) Complex)
                (@Semiring.toMonoid (Matrix (Fin n) (Fin n) Complex)
                  (@Matrix.semiring (Fin n) Complex Complex.instSemiring (Fin.fintype n) (instDecidableEqFin n))))))
          A (@OfNat.ofNat Nat (nat_lit 2) (instOfNatNat (nat_lit 2)))))
NLA.MI26.witness_data : And (NLA.MI26.AdmissibleFunction NLA.MI26.witnessFunction)
  (And
    (@Eq Real (NLA.MI26.witnessFunction (@OfNat.ofNat Real (nat_lit 0) (@Zero.toOfNat0 Real Real.instZero)))
      (@OfNat.ofNat Real (nat_lit 0) (@Zero.toOfNat0 Real Real.instZero)))
    (And
      (@Eq Real
        (NLA.MI26.witnessFunction
          (@OfNat.ofNat Real (nat_lit 2)
            (@instOfNatAtLeastTwo Real (nat_lit 2) Real.instNatCast
              (@Nat.instAtLeastTwoHAddOfNat (@OfNat.ofNat Nat (nat_lit 1) (instOfNatNat (nat_lit 1)))
                (@Nat.instNeZeroSucc (@OfNat.ofNat Nat (nat_lit 0) (instOfNatNat (nat_lit 0))))))))
        (@Neg.neg Real Real.instNeg
          (@OfNat.ofNat Real (nat_lit 2)
            (@instOfNatAtLeastTwo Real (nat_lit 2) Real.instNatCast
              (@Nat.instAtLeastTwoHAddOfNat (@OfNat.ofNat Nat (nat_lit 1) (instOfNatNat (nat_lit 1)))
                (@Nat.instNeZeroSucc (@OfNat.ofNat Nat (nat_lit 0) (instOfNatNat (nat_lit 0)))))))))
      (And
        (@Matrix.PosSemidef (Fin (@OfNat.ofNat Nat (nat_lit 2) (instOfNatNat (nat_lit 2)))) Complex Complex.instRing
          Complex.partialOrder Complex.instStarRing NLA.MI26.witnessP)
        (And
          (@Matrix.PosSemidef (Fin (@OfNat.ofNat Nat (nat_lit 2) (instOfNatNat (nat_lit 2)))) Complex Complex.instRing
            Complex.partialOrder Complex.instStarRing NLA.MI26.witnessQ)
          (And
            (@Eq
              (Matrix (Fin (@OfNat.ofNat Nat (nat_lit 2) (instOfNatNat (nat_lit 2))))
                (Fin (@OfNat.ofNat Nat (nat_lit 2) (instOfNatNat (nat_lit 2)))) Complex)
              (@HPow.hPow
                (Matrix (Fin (@OfNat.ofNat Nat (nat_lit 2) (instOfNatNat (nat_lit 2))))
                  (Fin (@OfNat.ofNat Nat (nat_lit 2) (instOfNatNat (nat_lit 2)))) Complex)
                Nat
                (Matrix (Fin (@OfNat.ofNat Nat (nat_lit 2) (instOfNatNat (nat_lit 2))))
                  (Fin (@OfNat.ofNat Nat (nat_lit 2) (instOfNatNat (nat_lit 2)))) Complex)
                (@instHPow
                  (Matrix (Fin (@OfNat.ofNat Nat (nat_lit 2) (instOfNatNat (nat_lit 2))))
                    (Fin (@OfNat.ofNat Nat (nat_lit 2) (instOfNatNat (nat_lit 2)))) Complex)
                  Nat
                  (@NPow.toPow
                    (Matrix (Fin (@OfNat.ofNat Nat (nat_lit 2) (instOfNatNat (nat_lit 2))))
                      (Fin (@OfNat.ofNat Nat (nat_lit 2) (instOfNatNat (nat_lit 2)))) Complex)
                    (@Monoid.toNPow
                      (Matrix (Fin (@OfNat.ofNat Nat (nat_lit 2) (instOfNatNat (nat_lit 2))))
                        (Fin (@OfNat.ofNat Nat (nat_lit 2) (instOfNatNat (nat_lit 2)))) Complex)
                      (@Semiring.toMonoid
                        (Matrix (Fin (@OfNat.ofNat Nat (nat_lit 2) (instOfNatNat (nat_lit 2))))
                          (Fin (@OfNat.ofNat Nat (nat_lit 2) (instOfNatNat (nat_lit 2)))) Complex)
                        (@Matrix.semiring (Fin (@OfNat.ofNat Nat (nat_lit 2) (instOfNatNat (nat_lit 2)))) Complex
                          Complex.instSemiring (Fin.fintype (@OfNat.ofNat Nat (nat_lit 2) (instOfNatNat (nat_lit 2))))
                          (instDecidableEqFin (@OfNat.ofNat Nat (nat_lit 2) (instOfNatNat (nat_lit 2)))))))))
                NLA.MI26.witnessP (@OfNat.ofNat Nat (nat_lit 2) (instOfNatNat (nat_lit 2))))
              NLA.MI26.witnessP)
            (And
              (@Eq
                (Matrix (Fin (@OfNat.ofNat Nat (nat_lit 2) (instOfNatNat (nat_lit 2))))
                  (Fin (@OfNat.ofNat Nat (nat_lit 2) (instOfNatNat (nat_lit 2)))) Complex)
                (@HPow.hPow
                  (Matrix (Fin (@OfNat.ofNat Nat (nat_lit 2) (instOfNatNat (nat_lit 2))))
                    (Fin (@OfNat.ofNat Nat (nat_lit 2) (instOfNatNat (nat_lit 2)))) Complex)
                  Nat
                  (Matrix (Fin (@OfNat.ofNat Nat (nat_lit 2) (instOfNatNat (nat_lit 2))))
                    (Fin (@OfNat.ofNat Nat (nat_lit 2) (instOfNatNat (nat_lit 2)))) Complex)
                  (@instHPow
                    (Matrix (Fin (@OfNat.ofNat Nat (nat_lit 2) (instOfNatNat (nat_lit 2))))
                      (Fin (@OfNat.ofNat Nat (nat_lit 2) (instOfNatNat (nat_lit 2)))) Complex)
                    Nat
                    (@NPow.toPow
                      (Matrix (Fin (@OfNat.ofNat Nat (nat_lit 2) (instOfNatNat (nat_lit 2))))
                        (Fin (@OfNat.ofNat Nat (nat_lit 2) (instOfNatNat (nat_lit 2)))) Complex)
                      (@Monoid.toNPow
                        (Matrix (Fin (@OfNat.ofNat Nat (nat_lit 2) (instOfNatNat (nat_lit 2))))
                          (Fin (@OfNat.ofNat Nat (nat_lit 2) (instOfNatNat (nat_lit 2)))) Complex)
                        (@Semiring.toMonoid
                          (Matrix (Fin (@OfNat.ofNat Nat (nat_lit 2) (instOfNatNat (nat_lit 2))))
                            (Fin (@OfNat.ofNat Nat (nat_lit 2) (instOfNatNat (nat_lit 2)))) Complex)
                          (@Matrix.semiring (Fin (@OfNat.ofNat Nat (nat_lit 2) (instOfNatNat (nat_lit 2)))) Complex
                            Complex.instSemiring (Fin.fintype (@OfNat.ofNat Nat (nat_lit 2) (instOfNatNat (nat_lit 2))))
                            (instDecidableEqFin (@OfNat.ofNat Nat (nat_lit 2) (instOfNatNat (nat_lit 2)))))))))
                  NLA.MI26.witnessQ (@OfNat.ofNat Nat (nat_lit 2) (instOfNatNat (nat_lit 2))))
                NLA.MI26.witnessQ)
              (And
                (@Eq
                  (Matrix (Fin (@OfNat.ofNat Nat (nat_lit 2) (instOfNatNat (nat_lit 2))))
                    (Fin (@OfNat.ofNat Nat (nat_lit 2) (instOfNatNat (nat_lit 2)))) Complex)
                  (@NLA.MI26.functionalCalculus (@OfNat.ofNat Nat (nat_lit 2) (instOfNatNat (nat_lit 2)))
                    NLA.MI26.witnessFunction NLA.MI26.witnessP)
                  (@OfNat.ofNat
                    (Matrix (Fin (@OfNat.ofNat Nat (nat_lit 2) (instOfNatNat (nat_lit 2))))
                      (Fin (@OfNat.ofNat Nat (nat_lit 2) (instOfNatNat (nat_lit 2)))) Complex)
                    (nat_lit 0)
                    (@Zero.toOfNat0
                      (Matrix (Fin (@OfNat.ofNat Nat (nat_lit 2) (instOfNatNat (nat_lit 2))))
                        (Fin (@OfNat.ofNat Nat (nat_lit 2) (instOfNatNat (nat_lit 2)))) Complex)
                      (@Matrix.zero (Fin (@OfNat.ofNat Nat (nat_lit 2) (instOfNatNat (nat_lit 2))))
                        (Fin (@OfNat.ofNat Nat (nat_lit 2) (instOfNatNat (nat_lit 2)))) Complex Complex.instZero))))
                (And
                  (@Eq
                    (Matrix (Fin (@OfNat.ofNat Nat (nat_lit 2) (instOfNatNat (nat_lit 2))))
                      (Fin (@OfNat.ofNat Nat (nat_lit 2) (instOfNatNat (nat_lit 2)))) Complex)
                    (@NLA.MI26.functionalCalculus (@OfNat.ofNat Nat (nat_lit 2) (instOfNatNat (nat_lit 2)))
                      NLA.MI26.witnessFunction NLA.MI26.witnessQ)
                    (@OfNat.ofNat
                      (Matrix (Fin (@OfNat.ofNat Nat (nat_lit 2) (instOfNatNat (nat_lit 2))))
                        (Fin (@OfNat.ofNat Nat (nat_lit 2) (instOfNatNat (nat_lit 2)))) Complex)
                      (nat_lit 0)
                      (@Zero.toOfNat0
                        (Matrix (Fin (@OfNat.ofNat Nat (nat_lit 2) (instOfNatNat (nat_lit 2))))
                          (Fin (@OfNat.ofNat Nat (nat_lit 2) (instOfNatNat (nat_lit 2)))) Complex)
                        (@Matrix.zero (Fin (@OfNat.ofNat Nat (nat_lit 2) (instOfNatNat (nat_lit 2))))
                          (Fin (@OfNat.ofNat Nat (nat_lit 2) (instOfNatNat (nat_lit 2)))) Complex Complex.instZero))))
                  (And
                    (@Eq
                      (Matrix (Fin (@OfNat.ofNat Nat (nat_lit 2) (instOfNatNat (nat_lit 2))))
                        (Fin (@OfNat.ofNat Nat (nat_lit 2) (instOfNatNat (nat_lit 2)))) Complex)
                      (@NLA.MI26.functionalCalculus (@OfNat.ofNat Nat (nat_lit 2) (instOfNatNat (nat_lit 2)))
                        NLA.MI26.witnessFunction
                        (@HAdd.hAdd
                          (Matrix (Fin (@OfNat.ofNat Nat (nat_lit 2) (instOfNatNat (nat_lit 2))))
                            (Fin (@OfNat.ofNat Nat (nat_lit 2) (instOfNatNat (nat_lit 2)))) Complex)
                          (Matrix (Fin (@OfNat.ofNat Nat (nat_lit 2) (instOfNatNat (nat_lit 2))))
                            (Fin (@OfNat.ofNat Nat (nat_lit 2) (instOfNatNat (nat_lit 2)))) Complex)
                          (Matrix (Fin (@OfNat.ofNat Nat (nat_lit 2) (instOfNatNat (nat_lit 2))))
                            (Fin (@OfNat.ofNat Nat (nat_lit 2) (instOfNatNat (nat_lit 2)))) Complex)
                          (@instHAdd
                            (Matrix (Fin (@OfNat.ofNat Nat (nat_lit 2) (instOfNatNat (nat_lit 2))))
                              (Fin (@OfNat.ofNat Nat (nat_lit 2) (instOfNatNat (nat_lit 2)))) Complex)
                            (@Matrix.add (Fin (@OfNat.ofNat Nat (nat_lit 2) (instOfNatNat (nat_lit 2))))
                              (Fin (@OfNat.ofNat Nat (nat_lit 2) (instOfNatNat (nat_lit 2)))) Complex Complex.instAdd))
                          NLA.MI26.witnessP NLA.MI26.witnessQ))
                      NLA.MI26.witnessImage)
                    (And
                      (@Ne (Fin (@OfNat.ofNat Nat (nat_lit 2) (instOfNatNat (nat_lit 2))) → Complex)
                        NLA.MI26.witnessVector
                        (@OfNat.ofNat (Fin (@OfNat.ofNat Nat (nat_lit 2) (instOfNatNat (nat_lit 2))) → Complex)
                          (nat_lit 0)
                          (@Zero.toOfNat0 (Fin (@OfNat.ofNat Nat (nat_lit 2) (instOfNatNat (nat_lit 2))) → Complex)
                            (@Pi.instZero (Fin (@OfNat.ofNat Nat (nat_lit 2) (instOfNatNat (nat_lit 2))))
                              (fun a => Complex) fun i => Complex.instZero))))
                      (And
                        (@Eq Complex
                          (@dotProduct (Fin (@OfNat.ofNat Nat (nat_lit 2) (instOfNatNat (nat_lit 2)))) Complex
                            (Fin.fintype (@OfNat.ofNat Nat (nat_lit 2) (instOfNatNat (nat_lit 2)))) Complex.instMul
                            Complex.instAddCommMonoid
                            (@star (Fin (@OfNat.ofNat Nat (nat_lit 2) (instOfNatNat (nat_lit 2))) → Complex)
                              (@Pi.instStarForall (Fin (@OfNat.ofNat Nat (nat_lit 2) (instOfNatNat (nat_lit 2))))
                                (fun a => Complex) fun i =>
                                @InvolutiveStar.toStar Complex
                                  (@StarAddMonoid.toInvolutiveStar Complex
                                    (@AddCommMonoid.toAddMonoid Complex
                                      (@NonUnitalNonAssocSemiring.toAddCommMonoid Complex
                                        (@NonUnitalNonAssocRing.toNonUnitalNonAssocSemiring Complex
                                          (@NonUnitalNonAssocCommRing.toNonUnitalNonAssocRing Complex
                                            (@NonUnitalCommRing.toNonUnitalNonAssocCommRing Complex
                                              Complex.instNonUnitalCommRing)))))
                                    (@StarRing.toStarAddMonoid Complex
                                      (@NonUnitalNonAssocRing.toNonUnitalNonAssocSemiring Complex
                                        (@NonUnitalNonAssocCommRing.toNonUnitalNonAssocRing Complex
                                          (@NonUnitalCommRing.toNonUnitalNonAssocCommRing Complex
                                            Complex.instNonUnitalCommRing)))
                                      Complex.instStarRing)))
                              NLA.MI26.witnessVector)
                            (@Matrix.mulVec (Fin (@OfNat.ofNat Nat (nat_lit 2) (instOfNatNat (nat_lit 2))))
                              (Fin (@OfNat.ofNat Nat (nat_lit 2) (instOfNatNat (nat_lit 2)))) Complex
                              (@NonUnitalNonAssocRing.toNonUnitalNonAssocSemiring Complex
                                (@NonUnitalNonAssocCommRing.toNonUnitalNonAssocRing Complex
                                  (@NonUnitalCommRing.toNonUnitalNonAssocCommRing Complex
                                    Complex.instNonUnitalCommRing)))
                              (Fin.fintype (@OfNat.ofNat Nat (nat_lit 2) (instOfNatNat (nat_lit 2))))
                              NLA.MI26.witnessImage NLA.MI26.witnessVector))
                          (@HDiv.hDiv Complex Complex Complex
                            (@instHDiv Complex (@DivInvMonoid.toDiv Complex Complex.instDivInvMonoid))
                            (@OfNat.ofNat Complex (nat_lit 6)
                              (@instOfNatAtLeastTwo Complex (nat_lit 6) Complex.instNatCast
                                (@Nat.instAtLeastTwoHAddOfNat (@OfNat.ofNat Nat (nat_lit 5) (instOfNatNat (nat_lit 5)))
                                  (@Nat.instNeZeroSucc (@OfNat.ofNat Nat (nat_lit 4) (instOfNatNat (nat_lit 4)))))))
                            (@OfNat.ofNat Complex (nat_lit 5)
                              (@instOfNatAtLeastTwo Complex (nat_lit 5) Complex.instNatCast
                                (@Nat.instAtLeastTwoHAddOfNat (@OfNat.ofNat Nat (nat_lit 4) (instOfNatNat (nat_lit 4)))
                                  (@Nat.instNeZeroSucc (@OfNat.ofNat Nat (nat_lit 3) (instOfNatNat (nat_lit 3)))))))))
                        (@LT.lt Real Real.instLT (@OfNat.ofNat Real (nat_lit 0) (@Zero.toOfNat0 Real Real.instZero))
                          (@HDiv.hDiv Real Real Real (@instHDiv Real (@DivInvMonoid.toDiv Real Real.instDivInvMonoid))
                            (@OfNat.ofNat Real (nat_lit 6)
                              (@instOfNatAtLeastTwo Real (nat_lit 6) Real.instNatCast
                                (@Nat.instAtLeastTwoHAddOfNat (@OfNat.ofNat Nat (nat_lit 5) (instOfNatNat (nat_lit 5)))
                                  (@Nat.instNeZeroSucc (@OfNat.ofNat Nat (nat_lit 4) (instOfNatNat (nat_lit 4)))))))
                            (@OfNat.ofNat Real (nat_lit 5)
                              (@instOfNatAtLeastTwo Real (nat_lit 5) Real.instNatCast
                                (@Nat.instAtLeastTwoHAddOfNat (@OfNat.ofNat Nat (nat_lit 4) (instOfNatNat (nat_lit 4)))
                                  (@Nat.instNeZeroSucc
                                    (@OfNat.ofNat Nat (nat_lit 3) (instOfNatNat (nat_lit 3))))))))))))))))))))
NLA.MI26.counterexample : ∀
  (U V :
    ↥(@Matrix.unitaryGroup (Fin (@OfNat.ofNat Nat (nat_lit 2) (instOfNatNat (nat_lit 2))))
        (instDecidableEqFin (@OfNat.ofNat Nat (nat_lit 2) (instOfNatNat (nat_lit 2))))
        (Fin.fintype (@OfNat.ofNat Nat (nat_lit 2) (instOfNatNat (nat_lit 2)))) Complex Complex.commRing
        Complex.instStarRing)),
  Not
    (@LE.le
      (Matrix (Fin (@OfNat.ofNat Nat (nat_lit 2) (instOfNatNat (nat_lit 2))))
        (Fin (@OfNat.ofNat Nat (nat_lit 2) (instOfNatNat (nat_lit 2)))) Complex)
      (@Preorder.toLE
        (Matrix (Fin (@OfNat.ofNat Nat (nat_lit 2) (instOfNatNat (nat_lit 2))))
          (Fin (@OfNat.ofNat Nat (nat_lit 2) (instOfNatNat (nat_lit 2)))) Complex)
        (@Matrix.instPreOrder Complex (Fin (@OfNat.ofNat Nat (nat_lit 2) (instOfNatNat (nat_lit 2))))
          Complex.instRCLike))
      (@NLA.MI26.functionalCalculus (@OfNat.ofNat Nat (nat_lit 2) (instOfNatNat (nat_lit 2))) NLA.MI26.witnessFunction
        (@HAdd.hAdd
          (Matrix (Fin (@OfNat.ofNat Nat (nat_lit 2) (instOfNatNat (nat_lit 2))))
            (Fin (@OfNat.ofNat Nat (nat_lit 2) (instOfNatNat (nat_lit 2)))) Complex)
          (Matrix (Fin (@OfNat.ofNat Nat (nat_lit 2) (instOfNatNat (nat_lit 2))))
            (Fin (@OfNat.ofNat Nat (nat_lit 2) (instOfNatNat (nat_lit 2)))) Complex)
          (Matrix (Fin (@OfNat.ofNat Nat (nat_lit 2) (instOfNatNat (nat_lit 2))))
            (Fin (@OfNat.ofNat Nat (nat_lit 2) (instOfNatNat (nat_lit 2)))) Complex)
          (@instHAdd
            (Matrix (Fin (@OfNat.ofNat Nat (nat_lit 2) (instOfNatNat (nat_lit 2))))
              (Fin (@OfNat.ofNat Nat (nat_lit 2) (instOfNatNat (nat_lit 2)))) Complex)
            (@Matrix.add (Fin (@OfNat.ofNat Nat (nat_lit 2) (instOfNatNat (nat_lit 2))))
              (Fin (@OfNat.ofNat Nat (nat_lit 2) (instOfNatNat (nat_lit 2)))) Complex Complex.instAdd))
          NLA.MI26.witnessP NLA.MI26.witnessQ))
      (@HAdd.hAdd
        (Matrix (Fin (@OfNat.ofNat Nat (nat_lit 2) (instOfNatNat (nat_lit 2))))
          (Fin (@OfNat.ofNat Nat (nat_lit 2) (instOfNatNat (nat_lit 2)))) Complex)
        (Matrix (Fin (@OfNat.ofNat Nat (nat_lit 2) (instOfNatNat (nat_lit 2))))
          (Fin (@OfNat.ofNat Nat (nat_lit 2) (instOfNatNat (nat_lit 2)))) Complex)
        (Matrix (Fin (@OfNat.ofNat Nat (nat_lit 2) (instOfNatNat (nat_lit 2))))
          (Fin (@OfNat.ofNat Nat (nat_lit 2) (instOfNatNat (nat_lit 2)))) Complex)
        (@instHAdd
          (Matrix (Fin (@OfNat.ofNat Nat (nat_lit 2) (instOfNatNat (nat_lit 2))))
            (Fin (@OfNat.ofNat Nat (nat_lit 2) (instOfNatNat (nat_lit 2)))) Complex)
          (@Matrix.add (Fin (@OfNat.ofNat Nat (nat_lit 2) (instOfNatNat (nat_lit 2))))
            (Fin (@OfNat.ofNat Nat (nat_lit 2) (instOfNatNat (nat_lit 2)))) Complex Complex.instAdd))
        (@NLA.MI26.unitaryConjugate (@OfNat.ofNat Nat (nat_lit 2) (instOfNatNat (nat_lit 2))) U
          (@NLA.MI26.functionalCalculus (@OfNat.ofNat Nat (nat_lit 2) (instOfNatNat (nat_lit 2)))
            NLA.MI26.witnessFunction NLA.MI26.witnessP))
        (@NLA.MI26.unitaryConjugate (@OfNat.ofNat Nat (nat_lit 2) (instOfNatNat (nat_lit 2))) V
          (@NLA.MI26.functionalCalculus (@OfNat.ofNat Nat (nat_lit 2) (instOfNatNat (nat_lit 2)))
            NLA.MI26.witnessFunction NLA.MI26.witnessQ))))
NLA.MI26.not_subadditivityConjecture : Not NLA.MI26.SubadditivityConjecture
PROJECT PROOF EDGE: NLA.MI26.not_subadditivityConjecture -> NLA.MI26.not_subadditivityConjecture_proved
PROJECT PROOF EDGE: NLA.MI26.not_subadditivityConjecture_proved -> NLA.MI26.SubadditivityConjecture
PROJECT PROOF EDGE: NLA.MI26.not_subadditivityConjecture_proved -> NLA.MI26.functionalCalculus
PROJECT PROOF EDGE: NLA.MI26.not_subadditivityConjecture_proved -> NLA.MI26.witnessFunction
PROJECT PROOF EDGE: NLA.MI26.not_subadditivityConjecture_proved -> NLA.MI26.witnessP
PROJECT PROOF EDGE: NLA.MI26.not_subadditivityConjecture_proved -> NLA.MI26.witnessQ
PROJECT PROOF EDGE: NLA.MI26.not_subadditivityConjecture_proved -> NLA.MI26.unitaryConjugate
PROJECT PROOF EDGE: NLA.MI26.not_subadditivityConjecture_proved -> NLA.MI26.witnessP_posSemidef
PROJECT PROOF EDGE: NLA.MI26.not_subadditivityConjecture_proved -> NLA.MI26.witnessQ_posSemidef
PROJECT PROOF EDGE: NLA.MI26.not_subadditivityConjecture_proved -> NLA.MI26.witness_function_admissible
PROJECT PROOF EDGE: NLA.MI26.not_subadditivityConjecture_proved -> NLA.MI26.counterexample_proved
PROJECT PROOF EDGE: NLA.MI26.counterexample_proved -> NLA.MI26.functionalCalculus
PROJECT PROOF EDGE: NLA.MI26.counterexample_proved -> NLA.MI26.witnessFunction
PROJECT PROOF EDGE: NLA.MI26.counterexample_proved -> NLA.MI26.witnessP
PROJECT PROOF EDGE: NLA.MI26.counterexample_proved -> NLA.MI26.witnessQ
PROJECT PROOF EDGE: NLA.MI26.counterexample_proved -> NLA.MI26.unitaryConjugate
PROJECT PROOF EDGE: NLA.MI26.counterexample_proved -> NLA.MI26.witnessVector
PROJECT PROOF EDGE: NLA.MI26.counterexample_proved -> NLA.MI26.witnessImage
PROJECT PROOF EDGE: NLA.MI26.counterexample_proved -> NLA.MI26.counterexample_proved._simp_1_2
PROJECT PROOF EDGE: NLA.MI26.counterexample_proved -> NLA.MI26.witness_image_Q
PROJECT PROOF EDGE: NLA.MI26.counterexample_proved -> NLA.MI26.witness_image_P
PROJECT PROOF EDGE: NLA.MI26.counterexample_proved -> NLA.MI26.witness_image_sum
PROJECT PROOF EDGE: NLA.MI26.counterexample_proved -> NLA.MI26.witness_quadratic
PROJECT PROOF EDGE: NLA.MI26.counterexample_proved -> NLA.MI26.witness_positive
PROJECT PROOF EDGE: NLA.MI26.witness_positive -> NLA.MI26.witness_positive._proof_1_7
ACTUAL RETAINED CERTIFICATE: have h0 :=
  LeanCert.Validity.verify_strict_upper_bound_dyadic_checked
    (LeanCert.Core.Expr.const
      (Rat.divInt (@OfNat.ofNat Int (nat_lit 0) (@instOfNat (nat_lit 0)))
        (@OfNat.ofNat Int (nat_lit 1) (@instOfNat (nat_lit 1)))))
    (Rat.divInt (@OfNat.ofNat Int (nat_lit 0) (@instOfNat (nat_lit 0)))
      (@OfNat.ofNat Int (nat_lit 1) (@instOfNat (nat_lit 1))))
    (Rat.divInt (@OfNat.ofNat Int (nat_lit 0) (@instOfNat (nat_lit 0)))
      (@OfNat.ofNat Int (nat_lit 1) (@instOfNat (nat_lit 1))))
    (@le_refl Rat Rat.instPreorder
      (Rat.divInt (@OfNat.ofNat Int (nat_lit 0) (@instOfNat (nat_lit 0)))
        (@OfNat.ofNat Int (nat_lit 1) (@instOfNat (nat_lit 1)))))
    (Rat.divInt (@OfNat.ofNat Int (nat_lit 6) (@instOfNat (nat_lit 6)))
      (@OfNat.ofNat Int (nat_lit 5) (@instOfNat (nat_lit 5))))
    (@Neg.neg Int Int.instNegInt (@OfNat.ofNat Int (nat_lit 53) (@instOfNat (nat_lit 53))))
    (@OfNat.ofNat Nat (nat_lit 10) (instOfNatNat (nat_lit 10)))
    (@of_decide_eq_true
      (@LE.le Int Int.instLEInt (@Neg.neg Int Int.instNegInt (@OfNat.ofNat Int (nat_lit 53) (@instOfNat (nat_lit 53))))
        (@OfNat.ofNat Int (nat_lit 0) (@instOfNat (nat_lit 0))))
      ((@Neg.neg Int Int.instNegInt (@OfNat.ofNat Int (nat_lit 53) (@instOfNat (nat_lit 53)))).decLe
        (@OfNat.ofNat Int (nat_lit 0) (@instOfNat (nat_lit 0))))
      (@id
        (@Eq Bool
          (@decide
            (@LE.le Int Int.instLEInt
              (@Neg.neg Int Int.instNegInt (@OfNat.ofNat Int (nat_lit 53) (@instOfNat (nat_lit 53))))
              (@OfNat.ofNat Int (nat_lit 0) (@instOfNat (nat_lit 0))))
            ((@Neg.neg Int Int.instNegInt (@OfNat.ofNat Int (nat_lit 53) (@instOfNat (nat_lit 53)))).decLe
              (@OfNat.ofNat Int (nat_lit 0) (@instOfNat (nat_lit 0)))))
          true)
        (@Eq.refl Bool true)))
    NLA.MI26.witness_positive._proof_1_7
    (@Rat.cast Real Real.instRatCast
      (Rat.divInt (@OfNat.ofNat Int (nat_lit 0) (@instOfNat (nat_lit 0)))
        (@OfNat.ofNat Int (nat_lit 1) (@instOfNat (nat_lit 1)))))
    (@And.intro
      (@LE.le Real (@Preorder.toLE Real Real.instPreorder)
        (@Rat.cast Real Real.instRatCast
          (Rat.divInt (@OfNat.ofNat Int (nat_lit 0) (@instOfNat (nat_lit 0)))
            (@OfNat.ofNat Int (nat_lit 1) (@instOfNat (nat_lit 1)))))
        (@Rat.cast Real Real.instRatCast
          (Rat.divInt (@OfNat.ofNat Int (nat_lit 0) (@instOfNat (nat_lit 0)))
            (@OfNat.ofNat Int (nat_lit 1) (@instOfNat (nat_lit 1))))))
      (@LE.le Real (@Preorder.toLE Real Real.instPreorder)
        (@Rat.cast Real Real.instRatCast
          (Rat.divInt (@OfNat.ofNat Int (nat_lit 0) (@instOfNat (nat_lit 0)))
            (@OfNat.ofNat Int (nat_lit 1) (@instOfNat (nat_lit 1)))))
        (@Rat.cast Real Real.instRatCast
          (Rat.divInt (@OfNat.ofNat Int (nat_lit 0) (@instOfNat (nat_lit 0)))
            (@OfNat.ofNat Int (nat_lit 1) (@instOfNat (nat_lit 1))))))
      (@le_refl Real Real.instPreorder
        (@Rat.cast Real Real.instRatCast
          (Rat.divInt (@OfNat.ofNat Int (nat_lit 0) (@instOfNat (nat_lit 0)))
            (@OfNat.ofNat Int (nat_lit 1) (@instOfNat (nat_lit 1))))))
      (@le_refl Real Real.instPreorder
        (@Rat.cast Real Real.instRatCast
          (Rat.divInt (@OfNat.ofNat Int (nat_lit 0) (@instOfNat (nat_lit 0)))
            (@OfNat.ofNat Int (nat_lit 1) (@instOfNat (nat_lit 1)))))));
@Eq.mpr
  (@LT.lt Real Real.instLT (@OfNat.ofNat Real (nat_lit 0) (@Zero.toOfNat0 Real Real.instZero))
    (@HDiv.hDiv Real Real Real (@instHDiv Real (@DivInvMonoid.toDiv Real Real.instDivInvMonoid))
      (@OfNat.ofNat Real (nat_lit 6)
        (@instOfNatAtLeastTwo Real (nat_lit 6) Real.instNatCast
          (@Nat.instAtLeastTwoHAddOfNat (@OfNat.ofNat Nat (nat_lit 5) (instOfNatNat (nat_lit 5)))
            (@Nat.instNeZeroSucc (@OfNat.ofNat Nat (nat_lit 4) (instOfNatNat (nat_lit 4)))))))
      (@OfNat.ofNat Real (nat_lit 5)
        (@instOfNatAtLeastTwo Real (nat_lit 5) Real.instNatCast
          (@Nat.instAtLeastTwoHAddOfNat (@OfNat.ofNat Nat (nat_lit 4) (instOfNatNat (nat_lit 4)))
            (@Nat.instNeZeroSucc (@OfNat.ofNat Nat (nat_lit 3) (instOfNatNat (nat_lit 3)))))))))
  (@LT.lt Real Real.instLT
    (@Rat.cast Real Real.instRatCast
      (@HDiv.hDiv Rat Rat Rat (@instHDiv Rat Rat.instDiv)
        (@Int.cast Rat Rat.instIntCast (@OfNat.ofNat Int (nat_lit 0) (@instOfNat (nat_lit 0))))
        (@Int.cast Rat Rat.instIntCast (@OfNat.ofNat Int (nat_lit 1) (@instOfNat (nat_lit 1))))))
    (@Rat.cast Real Real.instRatCast
      (@HDiv.hDiv Rat Rat Rat (@instHDiv Rat Rat.instDiv)
        (@Int.cast Rat Rat.instIntCast (@OfNat.ofNat Int (nat_lit 6) (@instOfNat (nat_lit 6))))
        (@Int.cast Rat Rat.instIntCast (@OfNat.ofNat Int (nat_lit 5) (@instOfNat (nat_lit 5)))))))
  (@eq_of_heq Prop
    (@LT.lt Real Real.instLT (@OfNat.ofNat Real (nat_lit 0) (@Zero.toOfNat0 Real Real.instZero))
      (@HDiv.hDiv Real Real Real (@instHDiv Real (@DivInvMonoid.toDiv Real Real.instDivInvMonoid))
        (@OfNat.ofNat Real (nat_lit 6)
          (@instOfNatAtLeastTwo Real (nat_lit 6) Real.instNatCast
            (@Nat.instAtLeastTwoHAddOfNat (@OfNat.ofNat Nat (nat_lit 5) (instOfNatNat (nat_lit 5)))
              (@Nat.instNeZeroSucc (@OfNat.ofNat Nat (nat_lit 4) (instOfNatNat (nat_lit 4)))))))
        (@OfNat.ofNat Real (nat_lit 5)
          (@instOfNatAtLeastTwo Real (nat_lit 5) Real.instNatCast
            (@Nat.instAtLeastTwoHAddOfNat (@OfNat.ofNat Nat (nat_lit 4) (instOfNatNat (nat_lit 4)))
              (@Nat.instNeZeroSucc (@OfNat.ofNat Nat (nat_lit 3) (instOfNatNat (nat_lit 3)))))))))
    (@LT.lt Real Real.instLT
      (@Rat.cast Real Real.instRatCast
        (@HDiv.hDiv Rat Rat Rat (@instHDiv Rat Rat.instDiv)
          (@Int.cast Rat Rat.instIntCast (@OfNat.ofNat Int (nat_lit 0) (@instOfNat (nat_lit 0))))
          (@Int.cast Rat Rat.instIntCast (@OfNat.ofNat Int (nat_lit 1) (@instOfNat (nat_lit 1))))))
      (@Rat.cast Real Real.instRatCast
        (@HDiv.hDiv Rat Rat Rat (@instHDiv Rat Rat.instDiv)
          (@Int.cast Rat Rat.instIntCast (@OfNat.ofNat Int (nat_lit 6) (@instOfNat (nat_lit 6))))
          (@Int.cast Rat Rat.instIntCast (@OfNat.ofNat Int (nat_lit 5) (@instOfNat (nat_lit 5)))))))
    ((fun α self a a' e'_3 a_1 a'_1 e'_4 =>
        @Eq.casesOn α a
          (fun a_2 x =>
            @Eq α a' a_2 →
              @HEq (@Eq α a a') e'_3 (@Eq α a a_2) x → @HEq Prop (@LT.lt α self a a_1) Prop (@LT.lt α self a' a'_1))
          a' e'_3
          (fun h =>
            @Eq.ndrec α a
              (fun a' =>
                ∀ (e_3 : @Eq α a a'),
                  @HEq (@Eq α a a') e_3 (@Eq α a a) (@Eq.refl α a) →
                    @HEq Prop (@LT.lt α self a a_1) Prop (@LT.lt α self a' a'_1))
              (fun e_3 h =>
                @Eq.casesOn α a_1
                  (fun a_2 x =>
                    @Eq α a'_1 a_2 →
                      @HEq (@Eq α a_1 a'_1) e'_4 (@Eq α a_1 a_2) x →
                        @HEq Prop (@LT.lt α self a a_1) Prop (@LT.lt α self a a'_1))
                  a'_1 e'_4
                  (fun h =>
                    @Eq.ndrec α a_1
                      (fun a' =>
                        ∀ (e_4 : @Eq α a_1 a'),
                          @HEq (@Eq α a_1 a') e_4 (@Eq α a_1 a_1) (@Eq.refl α a_1) →
                            @HEq Prop (@LT.lt α self a a_1) Prop (@LT.lt α self a a'))
                      (fun e_4 h => @HEq.refl Prop (@LT.lt α self a a_1)) a'_1 (@Eq.symm α a'_1 a_1 h) e'_4)
                  (@Eq.refl α a'_1) (@HEq.refl (@Eq α a_1 a'_1) e'_4))
              a' (@Eq.symm α a' a h) e'_3)
          (@Eq.refl α a') (@HEq.refl (@Eq α a a') e'_3))
      Real Real.instLT (@OfNat.ofNat Real (nat_lit 0) (@Zero.toOfNat0 Real Real.instZero))
      (@Rat.cast Real Real.instRatCast
        (@HDiv.hDiv Rat Rat Rat (@instHDiv Rat Rat.instDiv)
          (@Int.cast Rat Rat.instIntCast (@OfNat.ofNat Int (nat_lit 0) (@instOfNat (nat_lit 0))))
          (@Int.cast Rat Rat.instIntCast (@OfNat.ofNat Int (nat_lit 1) (@instOfNat (nat_lit 1))))))
      (@Mathlib.Meta.NormNum.isNat_eq_true Real
        (@AddGroupWithOne.toAddMonoidWithOne Real (@Ring.toAddGroupWithOne Real Real.instRing))
        (@OfNat.ofNat Real (nat_lit 0) (@Zero.toOfNat0 Real Real.instZero))
        (@Rat.cast Real Real.instRatCast
          (@HDiv.hDiv Rat Rat Rat (@instHDiv Rat Rat.instDiv)
            (@Int.cast Rat Rat.instIntCast (@OfNat.ofNat Int (nat_lit 0) (@instOfNat (nat_lit 0))))
            (@Int.cast Rat Rat.instIntCast (@OfNat.ofNat Int (nat_lit 1) (@instOfNat (nat_lit 1))))))
        (nat_lit 0)
        (@Mathlib.Meta.NormNum.isNat_ofNat Real
          (@AddGroupWithOne.toAddMonoidWithOne Real (@Ring.toAddGroupWithOne Real Real.instRing))
          (@OfNat.ofNat Real (nat_lit 0) (@Zero.toOfNat0 Real Real.instZero)) (nat_lit 0)
          (@Nat.cast_zero Real (@AddGroupWithOne.toAddMonoidWithOne Real (@Ring.toAddGroupWithOne Real Real.instRing))))
        (@Mathlib.Meta.NormNum.isNat_ratCast Real Real.instDivisionRing
          (@HDiv.hDiv Rat Rat Rat (@instHDiv Rat Rat.instDiv)
            (@Int.cast Rat Rat.instIntCast (@OfNat.ofNat Int (nat_lit 0) (@instOfNat (nat_lit 0))))
            (@Int.cast Rat Rat.instIntCast (@OfNat.ofNat Int (nat_lit 1) (@instOfNat (nat_lit 1)))))
          (nat_lit 0)
          (@Mathlib.Meta.NormNum.IsNNRat.to_isNat Rat
            (@DivisionSemiring.toSemiring Rat
              (@Semifield.toDivisionSemiring Rat (@Field.toSemifield Rat Rat.instField)))
            (@HDiv.hDiv Rat Rat Rat (@instHDiv Rat Rat.instDiv)
              (@Int.cast Rat Rat.instIntCast (@OfNat.ofNat Int (nat_lit 0) (@instOfNat (nat_lit 0))))
              (@Int.cast Rat Rat.instIntCast (@OfNat.ofNat Int (nat_lit 1) (@instOfNat (nat_lit 1)))))
            (nat_lit 0)
            (@Mathlib.Meta.NormNum.isNNRat_div Rat
              (@Semifield.toDivisionSemiring Rat (@Field.toSemifield Rat Rat.instField))
              (@Int.cast Rat Rat.instIntCast (@OfNat.ofNat Int (nat_lit 0) (@instOfNat (nat_lit 0))))
              (@Int.cast Rat Rat.instIntCast (@OfNat.ofNat Int (nat_lit 1) (@instOfNat (nat_lit 1)))) (nat_lit 0)
              (nat_lit 1)
              (@Mathlib.Meta.NormNum.IsNat.to_isNNRat Rat
                (@DivisionSemiring.toSemiring Rat
                  (@Semifield.toDivisionSemiring Rat (@Field.toSemifield Rat Rat.instField)))
                (@HMul.hMul Rat Rat Rat
                  (@instHMul Rat
                    (@Distrib.toMul Rat
                      (@instDistribOfSemiring Rat
                        (@DivisionSemiring.toSemiring Rat
                          (@Semifield.toDivisionSemiring Rat (@Field.toSemifield Rat Rat.instField))))))
                  (@Int.cast Rat Rat.instIntCast (@OfNat.ofNat Int (nat_lit 0) (@instOfNat (nat_lit 0))))
                  (@Inv.inv Rat
                    (@InvOneClass.toInv Rat
                      (@DivInvOneMonoid.toInvOneClass Rat
                        (@DivisionMonoid.toDivInvOneMonoid Rat
                          (@GroupWithZero.toDivisionMonoid Rat
                            (@DivisionSemiring.toGroupWithZero Rat
                              (@Semifield.toDivisionSemiring Rat (@Field.toSemifield Rat Rat.instField)))))))
                    (@Int.cast Rat Rat.instIntCast (@OfNat.ofNat Int (nat_lit 1) (@instOfNat (nat_lit 1))))))
                (nat_lit 0)
                (@Mathlib.Meta.NormNum.isNat_mul Rat Rat.semiring
                  (@HMul.hMul Rat Rat Rat
                    (@instHMul Rat (@Distrib.toMul Rat (@instDistribOfSemiring Rat Rat.semiring))))
                  (@Int.cast Rat Rat.instIntCast (@OfNat.ofNat Int (nat_lit 0) (@instOfNat (nat_lit 0))))
                  (@Inv.inv Rat
                    (@InvOneClass.toInv Rat
                      (@DivInvOneMonoid.toInvOneClass Rat
                        (@DivisionMonoid.toDivInvOneMonoid Rat
                          (@GroupWithZero.toDivisionMonoid Rat
                            (@DivisionSemiring.toGroupWithZero Rat
                              (@Semifield.toDivisionSemiring Rat (@Field.toSemifield Rat Rat.instField)))))))
                    (@Int.cast Rat Rat.instIntCast (@OfNat.ofNat Int (nat_lit 1) (@instOfNat (nat_lit 1)))))
                  (nat_lit 0) (nat_lit 1) (nat_lit 0)
                  (@Eq.refl (Rat → Rat → Rat)
                    (@HMul.hMul Rat Rat Rat
                      (@instHMul Rat (@Distrib.toMul Rat (@instDistribOfSemiring Rat Rat.semiring)))))
                  (@Mathlib.Meta.NormNum.isNat_intCast Rat (@DivisionRing.toRing Rat Rat.instDivisionRing)
                    (@OfNat.ofNat Int (nat_lit 0) (@instOfNat (nat_lit 0))) (nat_lit 0)
                    (@Mathlib.Meta.NormNum.isNat_ofNat Int
                      (@AddGroupWithOne.toAddMonoidWithOne Int (@Ring.toAddGroupWithOne Int Int.instRing))
                      (@OfNat.ofNat Int (nat_lit 0) (@instOfNat (nat_lit 0))) (nat_lit 0)
                      (@Eq.refl Int (@OfNat.ofNat Int (nat_lit 0) (@instOfNat (nat_lit 0))))))
                  (@Mathlib.Meta.NormNum.IsNNRat.to_isNat Rat
                    (@DivisionSemiring.toSemiring Rat
                      (@Semifield.toDivisionSemiring Rat (@Field.toSemifield Rat Rat.instField)))
                    (@Inv.inv Rat
                      (@InvOneClass.toInv Rat
                        (@DivInvOneMonoid.toInvOneClass Rat
                          (@DivisionMonoid.toDivInvOneMonoid Rat
                            (@GroupWithZero.toDivisionMonoid Rat
                              (@DivisionSemiring.toGroupWithZero Rat
                                (@Semifield.toDivisionSemiring Rat (@Field.toSemifield Rat Rat.instField)))))))
                      (@Int.cast Rat Rat.instIntCast (@OfNat.ofNat Int (nat_lit 1) (@instOfNat (nat_lit 1)))))
                    (nat_lit 1)
                    (@Mathlib.Meta.NormNum.isNNRat_inv_pos Rat
                      (@Semifield.toDivisionSemiring Rat (@Field.toSemifield Rat Rat.instField)) Rat.instCharZero
                      (@Int.cast Rat Rat.instIntCast (@OfNat.ofNat Int (nat_lit 1) (@instOfNat (nat_lit 1))))
                      (nat_lit 0) (nat_lit 1)
                      (@Mathlib.Meta.NormNum.IsNat.to_isNNRat Rat
                        (@DivisionSemiring.toSemiring Rat
                          (@Semifield.toDivisionSemiring Rat (@Field.toSemifield Rat Rat.instField)))
                        (@Int.cast Rat Rat.instIntCast (@OfNat.ofNat Int (nat_lit 1) (@instOfNat (nat_lit 1))))
                        (nat_lit 1)
                        (@Mathlib.Meta.NormNum.isNat_intCast Rat (@DivisionRing.toRing Rat Rat.instDivisionRing)
                          (@OfNat.ofNat Int (nat_lit 1) (@instOfNat (nat_lit 1))) (nat_lit 1)
                          (@Mathlib.Meta.NormNum.isNat_ofNat Int
                            (@AddGroupWithOne.toAddMonoidWithOne Int (@Ring.toAddGroupWithOne Int Int.instRing))
                            (@OfNat.ofNat Int (nat_lit 1) (@instOfNat (nat_lit 1))) (nat_lit 1)
                            (@Eq.refl Int (@OfNat.ofNat Int (nat_lit 1) (@instOfNat (nat_lit 1)))))))))
                  (@Eq.refl Nat (nat_lit 0))))))))
      (@HDiv.hDiv Real Real Real (@instHDiv Real (@DivInvMonoid.toDiv Real Real.instDivInvMonoid))
        (@OfNat.ofNat Real (nat_lit 6)
          (@instOfNatAtLeastTwo Real (nat_lit 6) Real.instNatCast
            (@Nat.instAtLeastTwoHAddOfNat (@OfNat.ofNat Nat (nat_lit 5) (instOfNatNat (nat_lit 5)))
              (@Nat.instNeZeroSucc (@OfNat.ofNat Nat (nat_lit 4) (instOfNatNat (nat_lit 4)))))))
        (@OfNat.ofNat Real (nat_lit 5)
          (@instOfNatAtLeastTwo Real (nat_lit 5) Real.instNatCast
            (@Nat.instAtLeastTwoHAddOfNat (@OfNat.ofNat Nat (nat_lit 4) (instOfNatNat (nat_lit 4)))
              (@Nat.instNeZeroSucc (@OfNat.ofNat Nat (nat_lit 3) (instOfNatNat (nat_lit 3))))))))
      (@Rat.cast Real Real.instRatCast
        (@HDiv.hDiv Rat Rat Rat (@instHDiv Rat Rat.instDiv)
          (@Int.cast Rat Rat.instIntCast (@OfNat.ofNat Int (nat_lit 6) (@instOfNat (nat_lit 6))))
          (@Int.cast Rat Rat.instIntCast (@OfNat.ofNat Int (nat_lit 5) (@instOfNat (nat_lit 5))))))
      (@Mathlib.Meta.NormNum.isNNRat_eq_true Real
        (@DivisionSemiring.toSemiring Real
          (@Semifield.toDivisionSemiring Real (@Field.toSemifield Real Real.instField)))
        (@HDiv.hDiv Real Real Real (@instHDiv Real (@DivInvMonoid.toDiv Real Real.instDivInvMonoid))
          (@OfNat.ofNat Real (nat_lit 6)
            (@instOfNatAtLeastTwo Real (nat_lit 6) Real.instNatCast
              (@Nat.instAtLeastTwoHAddOfNat (@OfNat.ofNat Nat (nat_lit 5) (instOfNatNat (nat_lit 5)))
                (@Nat.instNeZeroSucc (@OfNat.ofNat Nat (nat_lit 4) (instOfNatNat (nat_lit 4)))))))
          (@OfNat.ofNat Real (nat_lit 5)
            (@instOfNatAtLeastTwo Real (nat_lit 5) Real.instNatCast
              (@Nat.instAtLeastTwoHAddOfNat (@OfNat.ofNat Nat (nat_lit 4) (instOfNatNat (nat_lit 4)))
                (@Nat.instNeZeroSucc (@OfNat.ofNat Nat (nat_lit 3) (instOfNatNat (nat_lit 3))))))))
        (@Rat.cast Real Real.instRatCast
          (@HDiv.hDiv Rat Rat Rat (@instHDiv Rat Rat.instDiv)
            (@Int.cast Rat Rat.instIntCast (@OfNat.ofNat Int (nat_lit 6) (@instOfNat (nat_lit 6))))
            (@Int.cast Rat Rat.instIntCast (@OfNat.ofNat Int (nat_lit 5) (@instOfNat (nat_lit 5))))))
        (nat_lit 6) (nat_lit 5)
        (@Mathlib.Meta.NormNum.isNNRat_div Real
          (@Semifield.toDivisionSemiring Real (@Field.toSemifield Real Real.instField))
          (@OfNat.ofNat Real (nat_lit 6)
            (@instOfNatAtLeastTwo Real (nat_lit 6) Real.instNatCast
              (@Nat.instAtLeastTwoHAddOfNat (@OfNat.ofNat Nat (nat_lit 5) (instOfNatNat (nat_lit 5)))
                (@Nat.instNeZeroSucc (@OfNat.ofNat Nat (nat_lit 4) (instOfNatNat (nat_lit 4)))))))
          (@OfNat.ofNat Real (nat_lit 5)
            (@instOfNatAtLeastTwo Real (nat_lit 5) Real.instNatCast
              (@Nat.instAtLeastTwoHAddOfNat (@OfNat.ofNat Nat (nat_lit 4) (instOfNatNat (nat_lit 4)))
                (@Nat.instNeZeroSucc (@OfNat.ofNat Nat (nat_lit 3) (instOfNatNat (nat_lit 3)))))))
          (nat_lit 6) (nat_lit 5)
          (@Mathlib.Meta.NormNum.isNNRat_mul Real
            (@DivisionSemiring.toSemiring Real
              (@Semifield.toDivisionSemiring Real (@Field.toSemifield Real Real.instField)))
            (@HMul.hMul Real Real Real
              (@instHMul Real (@Distrib.toMul Real (@instDistribOfSemiring Real Real.semiring))))
            (@OfNat.ofNat Real (nat_lit 6)
              (@instOfNatAtLeastTwo Real (nat_lit 6) Real.instNatCast
                (@Nat.instAtLeastTwoHAddOfNat (@OfNat.ofNat Nat (nat_lit 5) (instOfNatNat (nat_lit 5)))
                  (@Nat.instNeZeroSucc (@OfNat.ofNat Nat (nat_lit 4) (instOfNatNat (nat_lit 4)))))))
            (@Inv.inv Real
              (@InvOneClass.toInv Real
                (@DivInvOneMonoid.toInvOneClass Real
                  (@DivisionMonoid.toDivInvOneMonoid Real
                    (@GroupWithZero.toDivisionMonoid Real
                      (@DivisionSemiring.toGroupWithZero Real
                        (@Semifield.toDivisionSemiring Real (@Field.toSemifield Real Real.instField)))))))
              (@OfNat.ofNat Real (nat_lit 5)
                (@instOfNatAtLeastTwo Real (nat_lit 5) Real.instNatCast
                  (@Nat.instAtLeastTwoHAddOfNat (@OfNat.ofNat Nat (nat_lit 4) (instOfNatNat (nat_lit 4)))
                    (@Nat.instNeZeroSucc (@OfNat.ofNat Nat (nat_lit 3) (instOfNatNat (nat_lit 3))))))))
            (nat_lit 6) (nat_lit 1) (nat_lit 6) (nat_lit 1) (nat_lit 5) (nat_lit 5) (nat_lit 1)
            (@Eq.refl (Real → Real → Real)
              (@HMul.hMul Real Real Real
                (@instHMul Real (@Distrib.toMul Real (@instDistribOfSemiring Real Real.semiring)))))
            (@Mathlib.Meta.NormNum.IsNat.to_isNNRat Real
              (@DivisionSemiring.toSemiring Real
                (@Semifield.toDivisionSemiring Real (@Field.toSemifield Real Real.instField)))
              (@OfNat.ofNat Real (nat_lit 6)
                (@instOfNatAtLeastTwo Real (nat_lit 6) Real.instNatCast
                  (@Nat.instAtLeastTwoHAddOfNat (@OfNat.ofNat Nat (nat_lit 5) (instOfNatNat (nat_lit 5)))
                    (@Nat.instNeZeroSucc (@OfNat.ofNat Nat (nat_lit 4) (instOfNatNat (nat_lit 4)))))))
              (nat_lit 6)
              (@Mathlib.Meta.NormNum.isNat_ofNat Real
                (@AddGroupWithOne.toAddMonoidWithOne Real (@Ring.toAddGroupWithOne Real Real.instRing))
                (@OfNat.ofNat Real (nat_lit 6)
                  (@instOfNatAtLeastTwo Real (nat_lit 6) Real.instNatCast
                    (@Nat.instAtLeastTwoHAddOfNat (@OfNat.ofNat Nat (nat_lit 5) (instOfNatNat (nat_lit 5)))
                      (@Nat.instNeZeroSucc (@OfNat.ofNat Nat (nat_lit 4) (instOfNatNat (nat_lit 4)))))))
                (nat_lit 6)
                (@Eq.refl Real
                  (@OfNat.ofNat Real (nat_lit 6)
                    (@instOfNatAtLeastTwo Real (nat_lit 6)
                      (@AddMonoidWithOne.toNatCast Real
                        (@AddGroupWithOne.toAddMonoidWithOne Real (@Ring.toAddGroupWithOne Real Real.instRing)))
                      (Mathlib.Meta.NormNum.instAtLeastTwo (nat_lit 4)))))))
            (@Mathlib.Meta.NormNum.isNNRat_inv_pos Real
              (@Semifield.toDivisionSemiring Real (@Field.toSemifield Real Real.instField))
              (@FloorSemiring.instCharZero Real Real.semiring Real.partialOrder
                (@FloorRing.toFloorSemiring Real Real.instRing Real.linearOrder Real.instFloorRing))
              (@OfNat.ofNat Real (nat_lit 5)
                (@instOfNatAtLeastTwo Real (nat_lit 5) Real.instNatCast
                  (@Nat.instAtLeastTwoHAddOfNat (@OfNat.ofNat Nat (nat_lit 4) (instOfNatNat (nat_lit 4)))
                    (@Nat.instNeZeroSucc (@OfNat.ofNat Nat (nat_lit 3) (instOfNatNat (nat_lit 3)))))))
              (nat_lit 4) (nat_lit 1)
              (@Mathlib.Meta.NormNum.IsNat.to_isNNRat Real
                (@DivisionSemiring.toSemiring Real
                  (@Semifield.toDivisionSemiring Real (@Field.toSemifield Real Real.instField)))
                (@OfNat.ofNat Real (nat_lit 5)
                  (@instOfNatAtLeastTwo Real (nat_lit 5) Real.instNatCast
                    (@Nat.instAtLeastTwoHAddOfNat (@OfNat.ofNat Nat (nat_lit 4) (instOfNatNat (nat_lit 4)))
                      (@Nat.instNeZeroSucc (@OfNat.ofNat Nat (nat_lit 3) (instOfNatNat (nat_lit 3)))))))
                (nat_lit 5)
                (@Mathlib.Meta.NormNum.isNat_ofNat Real
                  (@AddGroupWithOne.toAddMonoidWithOne Real (@Ring.toAddGroupWithOne Real Real.instRing))
                  (@OfNat.ofNat Real (nat_lit 5)
                    (@instOfNatAtLeastTwo Real (nat_lit 5) Real.instNatCast
                      (@Nat.instAtLeastTwoHAddOfNat (@OfNat.ofNat Nat (nat_lit 4) (instOfNatNat (nat_lit 4)))
                        (@Nat.instNeZeroSucc (@OfNat.ofNat Nat (nat_lit 3) (instOfNatNat (nat_lit 3)))))))
                  (nat_lit 5)
                  (@Eq.refl Real
                    (@OfNat.ofNat Real (nat_lit 5)
                      (@instOfNatAtLeastTwo Real (nat_lit 5)
                        (@AddMonoidWithOne.toNatCast Real
                          (@AddGroupWithOne.toAddMonoidWithOne Real (@Ring.toAddGroupWithOne Real Real.instRing)))
                        (Mathlib.Meta.NormNum.instAtLeastTwo (nat_lit 3))))))))
            (@Eq.refl Nat (Nat.mul (nat_lit 6) (nat_lit 1))) (@Eq.refl Nat (nat_lit 5))))
        (@Mathlib.Meta.NormNum.isNNRat_ratCast Real Real.instDivisionRing
          (@FloorSemiring.instCharZero Real (@Ring.toSemiring Real (@DivisionRing.toRing Real Real.instDivisionRing))
            Real.partialOrder (@FloorRing.toFloorSemiring Real Real.instRing Real.linearOrder Real.instFloorRing))
          (@HDiv.hDiv Rat Rat Rat (@instHDiv Rat Rat.instDiv)
            (@Int.cast Rat Rat.instIntCast (@OfNat.ofNat Int (nat_lit 6) (@instOfNat (nat_lit 6))))
            (@Int.cast Rat Rat.instIntCast (@OfNat.ofNat Int (nat_lit 5) (@instOfNat (nat_lit 5)))))
          (nat_lit 6) (nat_lit 5)
          (@Mathlib.Meta.NormNum.isNNRat_div Rat
            (@Semifield.toDivisionSemiring Rat (@Field.toSemifield Rat Rat.instField))
            (@Int.cast Rat Rat.instIntCast (@OfNat.ofNat Int (nat_lit 6) (@instOfNat (nat_lit 6))))
            (@Int.cast Rat Rat.instIntCast (@OfNat.ofNat Int (nat_lit 5) (@instOfNat (nat_lit 5)))) (nat_lit 6)
            (nat_lit 5)
            (@Mathlib.Meta.NormNum.isNNRat_mul Rat
              (@DivisionSemiring.toSemiring Rat
                (@Semifield.toDivisionSemiring Rat (@Field.toSemifield Rat Rat.instField)))
              (@HMul.hMul Rat Rat Rat (@instHMul Rat (@Distrib.toMul Rat (@instDistribOfSemiring Rat Rat.semiring))))
              (@Int.cast Rat Rat.instIntCast (@OfNat.ofNat Int (nat_lit 6) (@instOfNat (nat_lit 6))))
              (@Inv.inv Rat
                (@InvOneClass.toInv Rat
                  (@DivInvOneMonoid.toInvOneClass Rat
                    (@DivisionMonoid.toDivInvOneMonoid Rat
                      (@GroupWithZero.toDivisionMonoid Rat
                        (@DivisionSemiring.toGroupWithZero Rat
                          (@Semifield.toDivisionSemiring Rat (@Field.toSemifield Rat Rat.instField)))))))
                (@Int.cast Rat Rat.instIntCast (@OfNat.ofNat Int (nat_lit 5) (@instOfNat (nat_lit 5)))))
              (nat_lit 6) (nat_lit 1) (nat_lit 6) (nat_lit 1) (nat_lit 5) (nat_lit 5) (nat_lit 1)
              (@Eq.refl (Rat → Rat → Rat)
                (@HMul.hMul Rat Rat Rat (@instHMul Rat (@Distrib.toMul Rat (@instDistribOfSemiring Rat Rat.semiring)))))
              (@Mathlib.Meta.NormNum.IsNat.to_isNNRat Rat
                (@DivisionSemiring.toSemiring Rat
                  (@Semifield.toDivisionSemiring Rat (@Field.toSemifield Rat Rat.instField)))
                (@Int.cast Rat Rat.instIntCast (@OfNat.ofNat Int (nat_lit 6) (@instOfNat (nat_lit 6)))) (nat_lit 6)
                (@Mathlib.Meta.NormNum.isNat_intCast Rat (@DivisionRing.toRing Rat Rat.instDivisionRing)
                  (@OfNat.ofNat Int (nat_lit 6) (@instOfNat (nat_lit 6))) (nat_lit 6)
                  (@Mathlib.Meta.NormNum.isNat_ofNat Int
                    (@AddGroupWithOne.toAddMonoidWithOne Int (@Ring.toAddGroupWithOne Int Int.instRing))
                    (@OfNat.ofNat Int (nat_lit 6) (@instOfNat (nat_lit 6))) (nat_lit 6)
                    (@Eq.refl Int (@OfNat.ofNat Int (nat_lit 6) (@instOfNat (nat_lit 6)))))))
              (@Mathlib.Meta.NormNum.isNNRat_inv_pos Rat
                (@Semifield.toDivisionSemiring Rat (@Field.toSemifield Rat Rat.instField)) Rat.instCharZero
                (@Int.cast Rat Rat.instIntCast (@OfNat.ofNat Int (nat_lit 5) (@instOfNat (nat_lit 5)))) (nat_lit 4)
                (nat_lit 1)
                (@Mathlib.Meta.NormNum.IsNat.to_isNNRat Rat
                  (@DivisionSemiring.toSemiring Rat
                    (@Semifield.toDivisionSemiring Rat (@Field.toSemifield Rat Rat.instField)))
                  (@Int.cast Rat Rat.instIntCast (@OfNat.ofNat Int (nat_lit 5) (@instOfNat (nat_lit 5)))) (nat_lit 5)
                  (@Mathlib.Meta.NormNum.isNat_intCast Rat (@DivisionRing.toRing Rat Rat.instDivisionRing)
                    (@OfNat.ofNat Int (nat_lit 5) (@instOfNat (nat_lit 5))) (nat_lit 5)
                    (@Mathlib.Meta.NormNum.isNat_ofNat Int
                      (@AddGroupWithOne.toAddMonoidWithOne Int (@Ring.toAddGroupWithOne Int Int.instRing))
                      (@OfNat.ofNat Int (nat_lit 5) (@instOfNat (nat_lit 5))) (nat_lit 5)
                      (@Eq.refl Int (@OfNat.ofNat Int (nat_lit 5) (@instOfNat (nat_lit 5))))))))
              (@Eq.refl Nat (Nat.mul (nat_lit 6) (nat_lit 1))) (@Eq.refl Nat (nat_lit 5))))))))
  (@Eq.mp
    (@LT.lt Real Real.instLT
      (LeanCert.Core.Expr.eval
        (fun x =>
          @Rat.cast Real Real.instRatCast
            (Rat.divInt (@OfNat.ofNat Int (nat_lit 0) (@instOfNat (nat_lit 0)))
              (@OfNat.ofNat Int (nat_lit 1) (@instOfNat (nat_lit 1)))))
        (LeanCert.Core.Expr.const
          (Rat.divInt (@OfNat.ofNat Int (nat_lit 0) (@instOfNat (nat_lit 0)))
            (@OfNat.ofNat Int (nat_lit 1) (@instOfNat (nat_lit 1))))))
      (@Rat.cast Real Real.instRatCast
        (Rat.divInt (@OfNat.ofNat Int (nat_lit 6) (@instOfNat (nat_lit 6)))
          (@OfNat.ofNat Int (nat_lit 5) (@instOfNat (nat_lit 5))))))
    (@LT.lt Real Real.instLT
      (@Rat.cast Real Real.instRatCast
        (@HDiv.hDiv Rat Rat Rat (@instHDiv Rat Rat.instDiv)
          (@Int.cast Rat Rat.instIntCast (@OfNat.ofNat Int (nat_lit 0) (@instOfNat (nat_lit 0))))
          (@Int.cast Rat Rat.instIntCast (@OfNat.ofNat Int (nat_lit 1) (@instOfNat (nat_lit 1))))))
      (@Rat.cast Real Real.instRatCast
        (@HDiv.hDiv Rat Rat Rat (@instHDiv Rat Rat.instDiv)
          (@Int.cast Rat Rat.instIntCast (@OfNat.ofNat Int (nat_lit 6) (@instOfNat (nat_lit 6))))
          (@Int.cast Rat Rat.instIntCast (@OfNat.ofNat Int (nat_lit 5) (@instOfNat (nat_lit 5)))))))
    (@congr Real Prop
      (@LT.lt Real Real.instLT
        (LeanCert.Core.Expr.eval
          (fun x =>
            @Rat.cast Real Real.instRatCast
              (Rat.divInt (@OfNat.ofNat Int (nat_lit 0) (@instOfNat (nat_lit 0)))
                (@OfNat.ofNat Int (nat_lit 1) (@instOfNat (nat_lit 1)))))
          (LeanCert.Core.Expr.const
            (Rat.divInt (@OfNat.ofNat Int (nat_lit 0) (@instOfNat (nat_lit 0)))
              (@OfNat.ofNat Int (nat_lit 1) (@instOfNat (nat_lit 1)))))))
      (@LT.lt Real Real.instLT
        (@Rat.cast Real Real.instRatCast
          (@HDiv.hDiv Rat Rat Rat (@instHDiv Rat Rat.instDiv)
            (@Int.cast Rat Rat.instIntCast (@OfNat.ofNat Int (nat_lit 0) (@instOfNat (nat_lit 0))))
            (@Int.cast Rat Rat.instIntCast (@OfNat.ofNat Int (nat_lit 1) (@instOfNat (nat_lit 1)))))))
      (@Rat.cast Real Real.instRatCast
        (Rat.divInt (@OfNat.ofNat Int (nat_lit 6) (@instOfNat (nat_lit 6)))
          (@OfNat.ofNat Int (nat_lit 5) (@instOfNat (nat_lit 5)))))
      (@Rat.cast Real Real.instRatCast
        (@HDiv.hDiv Rat Rat Rat (@instHDiv Rat Rat.instDiv)
          (@Int.cast Rat Rat.instIntCast (@OfNat.ofNat Int (nat_lit 6) (@instOfNat (nat_lit 6))))
          (@Int.cast Rat Rat.instIntCast (@OfNat.ofNat Int (nat_lit 5) (@instOfNat (nat_lit 5))))))
      (@congrArg Real (Real → Prop)
        (LeanCert.Core.Expr.eval
          (fun x =>
            @Rat.cast Real Real.instRatCast
              (Rat.divInt (@OfNat.ofNat Int (nat_lit 0) (@instOfNat (nat_lit 0)))
                (@OfNat.ofNat Int (nat_lit 1) (@instOfNat (nat_lit 1)))))
          (LeanCert.Core.Expr.const
            (Rat.divInt (@OfNat.ofNat Int (nat_lit 0) (@instOfNat (nat_lit 0)))
              (@OfNat.ofNat Int (nat_lit 1) (@instOfNat (nat_lit 1))))))
        (@Rat.cast Real Real.instRatCast
          (@HDiv.hDiv Rat Rat Rat (@instHDiv Rat Rat.instDiv)
            (@Int.cast Rat Rat.instIntCast (@OfNat.ofNat Int (nat_lit 0) (@instOfNat (nat_lit 0))))
            (@Int.cast Rat Rat.instIntCast (@OfNat.ofNat Int (nat_lit 1) (@instOfNat (nat_lit 1))))))
        (@LT.lt Real Real.instLT)
        (@congrArg Rat Real
          (Rat.divInt (@OfNat.ofNat Int (nat_lit 0) (@instOfNat (nat_lit 0)))
            (@OfNat.ofNat Int (nat_lit 1) (@instOfNat (nat_lit 1))))
          (@HDiv.hDiv Rat Rat Rat (@instHDiv Rat Rat.instDiv)
            (@Int.cast Rat Rat.instIntCast (@OfNat.ofNat Int (nat_lit 0) (@instOfNat (nat_lit 0))))
            (@Int.cast Rat Rat.instIntCast (@OfNat.ofNat Int (nat_lit 1) (@instOfNat (nat_lit 1)))))
          (@Rat.cast Real Real.instRatCast)
          (Rat.divInt_eq_div (@OfNat.ofNat Int (nat_lit 0) (@instOfNat (nat_lit 0)))
            (@OfNat.ofNat Int (nat_lit 1) (@instOfNat (nat_lit 1))))))
      (@congrArg Rat Real
        (Rat.divInt (@OfNat.ofNat Int (nat_lit 6) (@instOfNat (nat_lit 6)))
          (@OfNat.ofNat Int (nat_lit 5) (@instOfNat (nat_lit 5))))
        (@HDiv.hDiv Rat Rat Rat (@instHDiv Rat Rat.instDiv)
          (@Int.cast Rat Rat.instIntCast (@OfNat.ofNat Int (nat_lit 6) (@instOfNat (nat_lit 6))))
          (@Int.cast Rat Rat.instIntCast (@OfNat.ofNat Int (nat_lit 5) (@instOfNat (nat_lit 5)))))
        (@Rat.cast Real Real.instRatCast)
        (Rat.divInt_eq_div (@OfNat.ofNat Int (nat_lit 6) (@instOfNat (nat_lit 6)))
          (@OfNat.ofNat Int (nat_lit 5) (@instOfNat (nat_lit 5))))))
    h0)
PROJECT PROOF EDGE: NLA.MI26.witness_quadratic -> NLA.MI26.witnessVector
PROJECT PROOF EDGE: NLA.MI26.witness_quadratic -> NLA.MI26.witnessImage
PROJECT PROOF EDGE: NLA.MI26.witness_quadratic -> NLA.MI26.witnessVector._proof_1
PROJECT PROOF EDGE: NLA.MI26.witness_quadratic -> NLA.MI26.witnessImage._proof_1
PROJECT PROOF EDGE: NLA.MI26.witness_quadratic -> NLA.MI26.witnessQ._proof_2
PROJECT PROOF EDGE: NLA.MI26.witness_quadratic -> NLA.MI26.witnessQ._proof_3
PROJECT PROOF EDGE: NLA.MI26.witnessImage -> NLA.MI26.witnessImage._proof_1
PROJECT PROOF EDGE: NLA.MI26.witnessImage -> NLA.MI26.witnessQ._proof_2
PROJECT PROOF EDGE: NLA.MI26.witnessImage -> NLA.MI26.witnessQ._proof_3
PROJECT PROOF EDGE: NLA.MI26.witnessVector -> NLA.MI26.witnessVector._proof_1
PROJECT PROOF EDGE: NLA.MI26.witness_image_sum -> NLA.MI26.functionalCalculus
PROJECT PROOF EDGE: NLA.MI26.witness_image_sum -> NLA.MI26.witnessFunction
PROJECT PROOF EDGE: NLA.MI26.witness_image_sum -> NLA.MI26.witnessP
PROJECT PROOF EDGE: NLA.MI26.witness_image_sum -> NLA.MI26.witnessQ
PROJECT PROOF EDGE: NLA.MI26.witness_image_sum -> NLA.MI26.witnessImage
PROJECT PROOF EDGE: NLA.MI26.witness_image_sum -> NLA.MI26.quadratic_cfc_proved
PROJECT PROOF EDGE: NLA.MI26.witness_image_sum -> NLA.MI26.witnessP_posSemidef
PROJECT PROOF EDGE: NLA.MI26.witness_image_sum -> NLA.MI26.witnessQ_posSemidef
PROJECT PROOF EDGE: NLA.MI26.witness_image_sum -> NLA.MI26.witnessQ._proof_1
PROJECT PROOF EDGE: NLA.MI26.witness_image_sum -> NLA.MI26.witnessQ._proof_2
PROJECT PROOF EDGE: NLA.MI26.witness_image_sum -> NLA.MI26.witnessQ._proof_3
PROJECT PROOF EDGE: NLA.MI26.witness_image_sum -> NLA.MI26.witnessQ._proof_4
PROJECT PROOF EDGE: NLA.MI26.witness_image_sum -> NLA.MI26.witnessImage._proof_1
PROJECT PROOF EDGE: NLA.MI26.witnessQ_posSemidef -> NLA.MI26.witnessQ
PROJECT PROOF EDGE: NLA.MI26.witnessQ_posSemidef -> NLA.MI26.witnessQ._proof_1
PROJECT PROOF EDGE: NLA.MI26.witnessQ_posSemidef -> NLA.MI26.witnessQ._proof_2
PROJECT PROOF EDGE: NLA.MI26.witnessQ_posSemidef -> NLA.MI26.witnessQ._proof_3
PROJECT PROOF EDGE: NLA.MI26.witnessQ_posSemidef -> NLA.MI26.witnessQ._proof_4
PROJECT PROOF EDGE: NLA.MI26.witnessQ -> NLA.MI26.witnessQ._proof_1
PROJECT PROOF EDGE: NLA.MI26.witnessQ -> NLA.MI26.witnessQ._proof_2
PROJECT PROOF EDGE: NLA.MI26.witnessQ -> NLA.MI26.witnessQ._proof_3
PROJECT PROOF EDGE: NLA.MI26.witnessQ -> NLA.MI26.witnessQ._proof_4
PROJECT PROOF EDGE: NLA.MI26.witnessP_posSemidef -> NLA.MI26.witnessP
PROJECT PROOF EDGE: NLA.MI26.quadratic_cfc_proved -> NLA.MI26.functionalCalculus
PROJECT PROOF EDGE: NLA.MI26.quadratic_cfc_proved -> NLA.MI26.witnessFunction
PROJECT PROOF EDGE: NLA.MI26.quadratic_cfc_proved -> NLA.MI26.functionalCalculus._proof_1
PROJECT PROOF EDGE: NLA.MI26.quadratic_cfc_proved -> NLA.MI26.functionalCalculus._proof_2
PROJECT PROOF EDGE: NLA.MI26.functionalCalculus -> NLA.MI26.functionalCalculus._proof_1
PROJECT PROOF EDGE: NLA.MI26.functionalCalculus -> NLA.MI26.functionalCalculus._proof_2
PROJECT PROOF EDGE: NLA.MI26.witness_image_P -> NLA.MI26.functionalCalculus
PROJECT PROOF EDGE: NLA.MI26.witness_image_P -> NLA.MI26.witnessFunction
PROJECT PROOF EDGE: NLA.MI26.witness_image_P -> NLA.MI26.witnessP
PROJECT PROOF EDGE: NLA.MI26.witness_image_P -> NLA.MI26.quadratic_cfc_proved
PROJECT PROOF EDGE: NLA.MI26.witness_image_P -> NLA.MI26.witnessP_posSemidef
PROJECT PROOF EDGE: NLA.MI26.witness_image_P -> NLA.MI26.witnessP_squared
PROJECT PROOF EDGE: NLA.MI26.witnessP_squared -> NLA.MI26.witnessP
PROJECT PROOF EDGE: NLA.MI26.witness_image_Q -> NLA.MI26.functionalCalculus
PROJECT PROOF EDGE: NLA.MI26.witness_image_Q -> NLA.MI26.witnessFunction
PROJECT PROOF EDGE: NLA.MI26.witness_image_Q -> NLA.MI26.witnessQ
PROJECT PROOF EDGE: NLA.MI26.witness_image_Q -> NLA.MI26.quadratic_cfc_proved
PROJECT PROOF EDGE: NLA.MI26.witness_image_Q -> NLA.MI26.witnessQ_posSemidef
PROJECT PROOF EDGE: NLA.MI26.witness_image_Q -> NLA.MI26.witnessQ_squared
PROJECT PROOF EDGE: NLA.MI26.witnessQ_squared -> NLA.MI26.witnessQ
PROJECT PROOF EDGE: NLA.MI26.witnessQ_squared -> NLA.MI26.witnessQ._proof_1
PROJECT PROOF EDGE: NLA.MI26.witnessQ_squared -> NLA.MI26.witnessQ._proof_2
PROJECT PROOF EDGE: NLA.MI26.witnessQ_squared -> NLA.MI26.witnessQ._proof_3
PROJECT PROOF EDGE: NLA.MI26.witnessQ_squared -> NLA.MI26.witnessQ._proof_4
PROJECT PROOF EDGE: NLA.MI26.witness_function_admissible -> NLA.MI26.AdmissibleFunction
PROJECT PROOF EDGE: NLA.MI26.witness_function_admissible -> NLA.MI26.witnessFunction
PROJECT PROOF EDGE: NLA.MI26.witness_function_admissible -> NLA.MI26.admissibleFunction_iff_proved
PROJECT PROOF EDGE: NLA.MI26.admissibleFunction_iff_proved -> NLA.MI26.AdmissibleFunction
PROJECT PROOF EDGE: NLA.MI26.SubadditivityConjecture -> NLA.MI26.AdmissibleFunction
PROJECT PROOF EDGE: NLA.MI26.SubadditivityConjecture -> NLA.MI26.functionalCalculus
PROJECT PROOF EDGE: NLA.MI26.SubadditivityConjecture -> NLA.MI26.unitaryConjugate
PASS: inspected 34 reachable project declarations from the public negation
'NLA.MI26.not_subadditivityConjecture' depends on axioms: [propext, Classical.choice, Quot.sound]
