randomized-and-low-rank-approximation/RA-20/lean/verification/linux-run-2026-09-13/artifacts/lean-RA-20/verify-20260913T065401Z-4140/comparator.log:29: trailing whitespace.
+warning: NLA/RA20/Differential.lean:103:2: Try this: 
randomized-and-low-rank-approximation/RA-20/lean/verification/linux-run-2026-09-13/artifacts/lean-RA-20/verify-20260913T065401Z-4140/comparator.log:37: trailing whitespace.
+warning: NLA/RA20/Differential.lean:105:2: Try this: 
randomized-and-low-rank-approximation/RA-20/lean/verification/linux-run-2026-09-13/checker-source/.tools/lean4export/format_ndjson.md:7: trailing whitespace.
+{ 
randomized-and-low-rank-approximation/RA-20/lean/verification/linux-run-2026-09-13/checker-source/.tools/lean4export/format_ndjson.md:9: trailing whitespace.
+        "exporter": { 
randomized-and-low-rank-approximation/RA-20/lean/verification/linux-run-2026-09-13/checker-source/.tools/lean4export/format_ndjson.md:11: trailing whitespace.
+            "version": string 
randomized-and-low-rank-approximation/RA-20/lean/verification/linux-run-2026-09-13/checker-source/.tools/lean4export/format_ndjson.md:12: trailing whitespace.
+            }, 
randomized-and-low-rank-approximation/RA-20/lean/verification/linux-run-2026-09-13/checker-source/.tools/lean4export/format_ndjson.md:13: trailing whitespace.
+        "lean": { 
randomized-and-low-rank-approximation/RA-20/lean/verification/linux-run-2026-09-13/checker-source/.tools/lean4export/format_ndjson.md:15: trailing whitespace.
+            "version": string 
randomized-and-low-rank-approximation/RA-20/lean/verification/linux-run-2026-09-13/checker-source/.tools/lean4export/format_ndjson.md:19: trailing whitespace.
+        } 
randomized-and-low-rank-approximation/RA-20/lean/verification/linux-run-2026-09-13/checker-source/.tools/lean4export/format_ndjson.md:182: trailing whitespace.
+ 
randomized-and-low-rank-approximation/RA-20/lean/verification/linux-run-2026-09-13/checker-source/.tools/lean4export/format_ndjson.md:183: trailing whitespace.
+Expr.lit (Literal.natVal) 
randomized-and-low-rank-approximation/RA-20/lean/verification/linux-run-2026-09-13/checker-source/.tools/lean4export/format_ndjson.md:269: trailing whitespace.
+NB: The official Lean kernel uses the field-less constructor `Lean.Declaration.quotDecl : Lean.Declaration` as the input to declare the quotient declarations, and then adds the four declarations that make up the quotient package to the environment. The export format includes the data of these generated declarations for convenience. 
randomized-and-low-rank-approximation/RA-20/lean/verification/linux-run-2026-09-13/checker-source/.tools/lean4export/format_ndjson.md:284: trailing whitespace.
+NB: The official Lean kernel expects a `Lean.Declaration.inductDecl`, which contains a (mutual) group of inductive declarations with their constructors. From that the kernel derives the recursors, and informational fields like `isRec`, `isReflexive` or `cidx`. The export format includes the data of these generated declarations for convenience. 
randomized-and-low-rank-approximation/RA-20/lean/verification/linux-run-2026-09-13/checker-source/.tools/lean4export/format_ndjson.md:352: new blank line at EOF.
randomized-and-low-rank-approximation/RA-20/lean/verification/linux-run-2026-09-13/commands/009-controls-job-log/stdout:140: trailing whitespace.
+2026-09-13T06:53:11.0946270Z 
randomized-and-low-rank-approximation/RA-20/lean/verification/linux-run-2026-09-13/commands/009-controls-job-log/stdout:189: trailing whitespace.
+2026-09-13T06:53:11.2143175Z 
randomized-and-low-rank-approximation/RA-20/lean/verification/linux-run-2026-09-13/commands/009-controls-job-log/stdout:227: trailing whitespace.
+2026-09-13T06:53:22.4767736Z 
randomized-and-low-rank-approximation/RA-20/lean/verification/linux-run-2026-09-13/commands/009-controls-job-log/stdout:324: trailing whitespace.
+2026-09-13T06:53:29.7237497Z (Reading database ... 
randomized-and-low-rank-approximation/RA-20/lean/verification/linux-run-2026-09-13/commands/009-controls-job-log/stdout:351: trailing whitespace.
+2026-09-13T06:53:31.4951022Z 
randomized-and-low-rank-approximation/RA-20/lean/verification/linux-run-2026-09-13/commands/009-controls-job-log/stdout:353: trailing whitespace.
+2026-09-13T06:53:31.4951987Z 
randomized-and-low-rank-approximation/RA-20/lean/verification/linux-run-2026-09-13/commands/009-controls-job-log/stdout:355: trailing whitespace.
+2026-09-13T06:53:31.4952460Z 
randomized-and-low-rank-approximation/RA-20/lean/verification/linux-run-2026-09-13/commands/009-controls-job-log/stdout:357: trailing whitespace.
+2026-09-13T06:53:31.4952954Z 
randomized-and-low-rank-approximation/RA-20/lean/verification/linux-run-2026-09-13/commands/009-controls-job-log/stdout:359: trailing whitespace.
+2026-09-13T06:53:31.4953491Z 
randomized-and-low-rank-approximation/RA-20/lean/verification/linux-run-2026-09-13/commands/009-controls-job-log/stdout:442: trailing whitespace.
+2026-09-13T06:53:52.6359120Z 
randomized-and-low-rank-approximation/RA-20/lean/verification/linux-run-2026-09-13/commands/009-controls-job-log/stdout:473: trailing whitespace.
+2026-09-13T06:53:52.6374174Z 
randomized-and-low-rank-approximation/RA-20/lean/verification/linux-run-2026-09-13/commands/009-controls-job-log/stdout:483: trailing whitespace.
+2026-09-13T06:53:52.6379165Z 
randomized-and-low-rank-approximation/RA-20/lean/verification/linux-run-2026-09-13/commands/009-controls-job-log/stdout:493: trailing whitespace.
+2026-09-13T06:53:52.6383477Z 
randomized-and-low-rank-approximation/RA-20/lean/verification/linux-run-2026-09-13/commands/009-controls-job-log/stdout:503: trailing whitespace.
+2026-09-13T06:53:52.6388336Z 
randomized-and-low-rank-approximation/RA-20/lean/verification/linux-run-2026-09-13/commands/009-controls-job-log/stdout:513: trailing whitespace.
+2026-09-13T06:53:52.6392859Z 
randomized-and-low-rank-approximation/RA-20/lean/verification/linux-run-2026-09-13/commands/009-controls-job-log/stdout:544: trailing whitespace.
+2026-09-13T06:53:54.2801790Z 
randomized-and-low-rank-approximation/RA-20/lean/verification/linux-run-2026-09-13/commands/009-controls-job-log/stdout:561: trailing whitespace.
+2026-09-13T06:53:56.3929500Z 
randomized-and-low-rank-approximation/RA-20/lean/verification/linux-run-2026-09-13/commands/009-controls-job-log/stdout:576: trailing whitespace.
+2026-09-13T06:53:58.2815471Z 
randomized-and-low-rank-approximation/RA-20/lean/verification/linux-run-2026-09-13/commands/009-controls-job-log/stdout:591: trailing whitespace.
+2026-09-13T06:54:00.1826316Z 
randomized-and-low-rank-approximation/RA-20/lean/verification/linux-run-2026-09-13/commands/009-controls-job-log/stdout:606: trailing whitespace.
+2026-09-13T06:54:02.0598298Z 
randomized-and-low-rank-approximation/RA-20/lean/verification/linux-run-2026-09-13/commands/010-select-job-log/stdout:226: trailing whitespace.
+2026-09-13T06:52:52.3909071Z 
randomized-and-low-rank-approximation/RA-20/lean/verification/linux-run-2026-09-13/commands/010-select-job-log/stdout:229: trailing whitespace.
+2026-09-13T06:52:52.3909962Z 
randomized-and-low-rank-approximation/RA-20/lean/verification/linux-run-2026-09-13/commands/010-select-job-log/stdout:248: trailing whitespace.
+2026-09-13T06:52:52.5858956Z 
randomized-and-low-rank-approximation/RA-20/lean/verification/linux-run-2026-09-13/commands/010-select-job-log/stdout:251: trailing whitespace.
+2026-09-13T06:52:52.5859977Z 
randomized-and-low-rank-approximation/RA-20/lean/verification/linux-run-2026-09-13/commands/016-ra20-job-log/stdout:171: trailing whitespace.
+2026-09-13T06:53:16.9561480Z 
randomized-and-low-rank-approximation/RA-20/lean/verification/linux-run-2026-09-13/commands/016-ra20-job-log/stdout:220: trailing whitespace.
+2026-09-13T06:53:17.4878280Z 
randomized-and-low-rank-approximation/RA-20/lean/verification/linux-run-2026-09-13/commands/016-ra20-job-log/stdout:258: trailing whitespace.
+2026-09-13T06:53:28.3310883Z 
randomized-and-low-rank-approximation/RA-20/lean/verification/linux-run-2026-09-13/commands/016-ra20-job-log/stdout:355: trailing whitespace.
+2026-09-13T06:53:37.8232177Z (Reading database ... 
randomized-and-low-rank-approximation/RA-20/lean/verification/linux-run-2026-09-13/commands/016-ra20-job-log/stdout:382: trailing whitespace.
+2026-09-13T06:53:42.4005400Z 
randomized-and-low-rank-approximation/RA-20/lean/verification/linux-run-2026-09-13/commands/016-ra20-job-log/stdout:384: trailing whitespace.
+2026-09-13T06:53:42.4006276Z 
randomized-and-low-rank-approximation/RA-20/lean/verification/linux-run-2026-09-13/commands/016-ra20-job-log/stdout:386: trailing whitespace.
+2026-09-13T06:53:42.4006723Z 
randomized-and-low-rank-approximation/RA-20/lean/verification/linux-run-2026-09-13/commands/016-ra20-job-log/stdout:388: trailing whitespace.
+2026-09-13T06:53:42.4007200Z 
randomized-and-low-rank-approximation/RA-20/lean/verification/linux-run-2026-09-13/commands/016-ra20-job-log/stdout:390: trailing whitespace.
+2026-09-13T06:53:42.4007768Z 
randomized-and-low-rank-approximation/RA-20/lean/verification/linux-run-2026-09-13/commands/016-ra20-job-log/stdout:474: trailing whitespace.
+2026-09-13T06:54:02.0453984Z 
randomized-and-low-rank-approximation/RA-20/lean/verification/linux-run-2026-09-13/commands/016-ra20-job-log/stdout:505: trailing whitespace.
+2026-09-13T06:54:02.0463926Z 
randomized-and-low-rank-approximation/RA-20/lean/verification/linux-run-2026-09-13/commands/016-ra20-job-log/stdout:515: trailing whitespace.
+2026-09-13T06:54:02.0466868Z 
randomized-and-low-rank-approximation/RA-20/lean/verification/linux-run-2026-09-13/commands/016-ra20-job-log/stdout:525: trailing whitespace.
+2026-09-13T06:54:02.0469672Z 
randomized-and-low-rank-approximation/RA-20/lean/verification/linux-run-2026-09-13/commands/016-ra20-job-log/stdout:535: trailing whitespace.
+2026-09-13T06:54:02.0472757Z 
randomized-and-low-rank-approximation/RA-20/lean/verification/linux-run-2026-09-13/commands/016-ra20-job-log/stdout:545: trailing whitespace.
+2026-09-13T06:54:02.0475501Z 
randomized-and-low-rank-approximation/RA-20/lean/verification/linux-run-2026-09-13/commands/016-ra20-job-log/stdout:576: trailing whitespace.
+2026-09-13T06:54:03.6609643Z 
randomized-and-low-rank-approximation/RA-20/lean/verification/linux-run-2026-09-13/commands/016-ra20-job-log/stdout:593: trailing whitespace.
+2026-09-13T06:54:05.7117070Z 
randomized-and-low-rank-approximation/RA-20/lean/verification/linux-run-2026-09-13/commands/016-ra20-job-log/stdout:608: trailing whitespace.
+2026-09-13T06:54:07.5806583Z 
randomized-and-low-rank-approximation/RA-20/lean/verification/linux-run-2026-09-13/commands/016-ra20-job-log/stdout:623: trailing whitespace.
+2026-09-13T06:54:09.4501739Z 
randomized-and-low-rank-approximation/RA-20/lean/verification/linux-run-2026-09-13/commands/016-ra20-job-log/stdout:638: trailing whitespace.
+2026-09-13T06:54:11.2995768Z 
randomized-and-low-rank-approximation/RA-20/lean/verification/linux-run-2026-09-13/commands/016-ra20-job-log/stdout:730: trailing whitespace.
+2026-09-13T06:55:20.6114229Z 
randomized-and-low-rank-approximation/RA-20/lean/verification/linux-run-2026-09-13/commands/016-ra20-job-log/stdout:842: trailing whitespace.
+2026-09-13T06:56:15.6787977Z warning: NLA/RA20/Differential.lean:103:2: Try this: 
randomized-and-low-rank-approximation/RA-20/lean/verification/linux-run-2026-09-13/commands/016-ra20-job-log/stdout:844: trailing whitespace.
+2026-09-13T06:56:15.6789337Z 
randomized-and-low-rank-approximation/RA-20/lean/verification/linux-run-2026-09-13/commands/016-ra20-job-log/stdout:848: trailing whitespace.
+2026-09-13T06:56:15.6794086Z 
randomized-and-low-rank-approximation/RA-20/lean/verification/linux-run-2026-09-13/commands/016-ra20-job-log/stdout:850: trailing whitespace.
+2026-09-13T06:56:15.6795311Z warning: NLA/RA20/Differential.lean:105:2: Try this: 
randomized-and-low-rank-approximation/RA-20/lean/verification/linux-run-2026-09-13/commands/016-ra20-job-log/stdout:852: trailing whitespace.
+2026-09-13T06:56:15.6796067Z 
randomized-and-low-rank-approximation/RA-20/lean/verification/linux-run-2026-09-13/commands/016-ra20-job-log/stdout:856: trailing whitespace.
+2026-09-13T06:56:15.6798358Z 
randomized-and-low-rank-approximation/RA-20/lean/verification/linux-run-2026-09-13/commands/017-id-job-log/stdout:197: trailing whitespace.
+2026-09-13T06:53:17.0538745Z 
randomized-and-low-rank-approximation/RA-20/lean/verification/linux-run-2026-09-13/commands/017-id-job-log/stdout:200: trailing whitespace.
+2026-09-13T06:53:17.0539794Z 
randomized-and-low-rank-approximation/RA-20/lean/verification/linux-run-2026-09-13/commands/017-id-job-log/stdout:209: trailing whitespace.
+2026-09-13T06:53:17.2209207Z 
randomized-and-low-rank-approximation/RA-20/lean/verification/linux-run-2026-09-13/commands/017-id-job-log/stdout:212: trailing whitespace.
+2026-09-13T06:53:17.2210015Z 
randomized-and-low-rank-approximation/RA-20/lean/verification/linux-run-2026-09-13/commands/017-id-job-log/stdout:267: trailing whitespace.
+2026-09-13T06:53:26.2275368Z (Reading database ... 
randomized-and-low-rank-approximation/RA-20/lean/verification/linux-run-2026-09-13/commands/017-id-job-log/stdout:298: trailing whitespace.
+2026-09-13T06:53:29.6101445Z 
randomized-and-low-rank-approximation/RA-20/lean/verification/linux-run-2026-09-13/commands/017-id-job-log/stdout:300: trailing whitespace.
+2026-09-13T06:53:29.6102468Z 
randomized-and-low-rank-approximation/RA-20/lean/verification/linux-run-2026-09-13/commands/017-id-job-log/stdout:302: trailing whitespace.
+2026-09-13T06:53:29.6102916Z 
randomized-and-low-rank-approximation/RA-20/lean/verification/linux-run-2026-09-13/commands/017-id-job-log/stdout:304: trailing whitespace.
+2026-09-13T06:53:29.6103330Z 
randomized-and-low-rank-approximation/RA-20/lean/verification/linux-run-2026-09-13/commands/017-id-job-log/stdout:306: trailing whitespace.
+2026-09-13T06:53:29.6103848Z 
randomized-and-low-rank-approximation/RA-20/lean/verification/linux-run-2026-09-13/commands/017-id-job-log/stdout:331: trailing whitespace.
+2026-09-13T06:53:30.9229800Z 
randomized-and-low-rank-approximation/RA-20/lean/verification/linux-run-2026-09-13/commands/017-id-job-log/stdout:334: trailing whitespace.
+2026-09-13T06:53:30.9230814Z 
randomized-and-low-rank-approximation/RA-20/lean/verification/linux-run-2026-09-13/commands/017-id-job-log/stdout:347: trailing whitespace.
+2026-09-13T06:53:32.0475344Z 
randomized-and-low-rank-approximation/RA-20/lean/verification/linux-run-2026-09-13/commands/017-id-job-log/stdout:350: trailing whitespace.
+2026-09-13T06:53:32.0476813Z 
randomized-and-low-rank-approximation/RA-20/lean/verification/linux-run-2026-09-13/commands/source-003/stdout:8132: trailing whitespace.
+NLA/RA20/Differential.lean:103:2: warning: Try this: 
randomized-and-low-rank-approximation/RA-20/lean/verification/linux-run-2026-09-13/commands/source-003/stdout:8140: trailing whitespace.
+NLA/RA20/Differential.lean:105:2: warning: Try this: 
randomized-and-low-rank-approximation/RA-20/lean/verification/linux-run-2026-09-13/commands/source-003/stdout:24631: trailing whitespace.
+NLA/RA20/Differential.lean:103:2: warning: Try this: 
randomized-and-low-rank-approximation/RA-20/lean/verification/linux-run-2026-09-13/commands/source-003/stdout:24639: trailing whitespace.
+NLA/RA20/Differential.lean:105:2: warning: Try this: 
randomized-and-low-rank-approximation/RA-20/lean/verification/linux-run-2026-09-13/commands/source-003/stdout:53662: trailing whitespace.
+**Topic:** Symmetric structured low-rank approximation  
randomized-and-low-rank-approximation/RA-20/lean/verification/linux-run-2026-09-13/commands/source-003/stdout:53663: trailing whitespace.
+**Difficulty:** challenging  
randomized-and-low-rank-approximation/RA-20/lean/verification/linux-run-2026-09-13/commands/source-003/stdout:53664: trailing whitespace.
+**Importance:** interesting to specialist  
randomized-and-low-rank-approximation/RA-20/lean/verification/linux-run-2026-09-13/commands/source-003/stdout:53665: trailing whitespace.
+**Status:** Solved  
randomized-and-low-rank-approximation/RA-20/lean/verification/linux-run-2026-09-13/commands/source-003/stdout:62484: trailing whitespace.
+NLA/RA20/Differential.lean:103:2: warning: Try this: 
randomized-and-low-rank-approximation/RA-20/lean/verification/linux-run-2026-09-13/commands/source-003/stdout:62492: trailing whitespace.
+NLA/RA20/Differential.lean:105:2: warning: Try this: 
randomized-and-low-rank-approximation/RA-20/lean/verification/linux-run-2026-09-13/commands/source-003/stdout:70469: trailing whitespace.
+/private/tmp/nla-lean-formalization/next-ra-statements-draft/RA-20/lean/NLA/RA20/Differential.lean:103:2: warning: Try this: 
randomized-and-low-rank-approximation/RA-20/lean/verification/linux-run-2026-09-13/commands/source-003/stdout:70477: trailing whitespace.
+/private/tmp/nla-lean-formalization/next-ra-statements-draft/RA-20/lean/NLA/RA20/Differential.lean:105:2: warning: Try this: 
randomized-and-low-rank-approximation/RA-20/lean/verification/linux-run-2026-09-13/commands/source-003/stdout:72129: trailing whitespace.
+/private/tmp/nla-lean-formalization/next-ra-statements-draft/RA-20/lean/NLA/RA20/Differential.lean:103:2: warning: Try this: 
randomized-and-low-rank-approximation/RA-20/lean/verification/linux-run-2026-09-13/commands/source-003/stdout:72137: trailing whitespace.
+/private/tmp/nla-lean-formalization/next-ra-statements-draft/RA-20/lean/NLA/RA20/Differential.lean:105:2: warning: Try this: 
randomized-and-low-rank-approximation/RA-20/lean/verification/linux-run-2026-09-13/commands/source-003/stdout:76480: trailing whitespace.
+  
randomized-and-low-rank-approximation/RA-20/lean/verification/linux-run-2026-09-13/commands/source-003/stdout:76482: trailing whitespace.
+    
randomized-and-low-rank-approximation/RA-20/lean/verification/linux-run-2026-09-13/commands/source-003/stdout:77254: trailing whitespace.
+/private/tmp/nla-lean-formalization/next-ra-statements-draft/RA-20/lean/NLA/RA20/Differential.lean:103:2: warning: Try this: 
randomized-and-low-rank-approximation/RA-20/lean/verification/linux-run-2026-09-13/commands/source-003/stdout:77262: trailing whitespace.
+/private/tmp/nla-lean-formalization/next-ra-statements-draft/RA-20/lean/NLA/RA20/Differential.lean:105:2: warning: Try this: 
randomized-and-low-rank-approximation/RA-20/lean/verification/linux-run-2026-09-13/commands/source-003/stdout:100623: trailing whitespace.
+**Topic:** Symmetric structured low-rank approximation  
randomized-and-low-rank-approximation/RA-20/lean/verification/linux-run-2026-09-13/commands/source-003/stdout:100624: trailing whitespace.
+**Difficulty:** challenging  
randomized-and-low-rank-approximation/RA-20/lean/verification/linux-run-2026-09-13/commands/source-003/stdout:100625: trailing whitespace.
+**Importance:** interesting to specialist  
randomized-and-low-rank-approximation/RA-20/lean/verification/linux-run-2026-09-13/commands/source-003/stdout:100626: trailing whitespace.
+**Status:** Solved  
randomized-and-low-rank-approximation/RA-20/lean/verification/linux-run-2026-09-13/commands/source-003/stdout:104260: trailing whitespace.
++NLA/RA20/Differential.lean:103:2: warning: Try this: 
randomized-and-low-rank-approximation/RA-20/lean/verification/linux-run-2026-09-13/commands/source-003/stdout:104262: trailing whitespace.
++NLA/RA20/Differential.lean:105:2: warning: Try this: 
randomized-and-low-rank-approximation/RA-20/lean/verification/linux-run-2026-09-13/commands/source-003/stdout:104264: trailing whitespace.
++NLA/RA20/Differential.lean:103:2: warning: Try this: 
randomized-and-low-rank-approximation/RA-20/lean/verification/linux-run-2026-09-13/commands/source-003/stdout:104266: trailing whitespace.
++NLA/RA20/Differential.lean:105:2: warning: Try this: 
randomized-and-low-rank-approximation/RA-20/lean/verification/linux-run-2026-09-13/commands/source-003/stdout:104268: trailing whitespace.
++**Topic:** Symmetric structured low-rank approximation  
randomized-and-low-rank-approximation/RA-20/lean/verification/linux-run-2026-09-13/commands/source-003/stdout:104270: trailing whitespace.
++**Difficulty:** challenging  
randomized-and-low-rank-approximation/RA-20/lean/verification/linux-run-2026-09-13/commands/source-003/stdout:104272: trailing whitespace.
++**Importance:** interesting to specialist  
randomized-and-low-rank-approximation/RA-20/lean/verification/linux-run-2026-09-13/commands/source-003/stdout:104274: trailing whitespace.
++**Status:** Solved  
randomized-and-low-rank-approximation/RA-20/lean/verification/linux-run-2026-09-13/commands/source-003/stdout:104276: trailing whitespace.
++NLA/RA20/Differential.lean:103:2: warning: Try this: 
randomized-and-low-rank-approximation/RA-20/lean/verification/linux-run-2026-09-13/commands/source-003/stdout:104278: trailing whitespace.
++NLA/RA20/Differential.lean:105:2: warning: Try this: 
randomized-and-low-rank-approximation/RA-20/lean/verification/linux-run-2026-09-13/commands/source-003/stdout:104280: trailing whitespace.
++/private/tmp/nla-lean-formalization/next-ra-statements-draft/RA-20/lean/NLA/RA20/Differential.lean:103:2: warning: Try this: 
randomized-and-low-rank-approximation/RA-20/lean/verification/linux-run-2026-09-13/commands/source-003/stdout:104282: trailing whitespace.
++/private/tmp/nla-lean-formalization/next-ra-statements-draft/RA-20/lean/NLA/RA20/Differential.lean:105:2: warning: Try this: 
randomized-and-low-rank-approximation/RA-20/lean/verification/linux-run-2026-09-13/commands/source-003/stdout:104284: trailing whitespace.
++/private/tmp/nla-lean-formalization/next-ra-statements-draft/RA-20/lean/NLA/RA20/Differential.lean:103:2: warning: Try this: 
randomized-and-low-rank-approximation/RA-20/lean/verification/linux-run-2026-09-13/commands/source-003/stdout:104286: trailing whitespace.
++/private/tmp/nla-lean-formalization/next-ra-statements-draft/RA-20/lean/NLA/RA20/Differential.lean:105:2: warning: Try this: 
randomized-and-low-rank-approximation/RA-20/lean/verification/linux-run-2026-09-13/commands/source-003/stdout:104288: trailing whitespace.
++  
randomized-and-low-rank-approximation/RA-20/lean/verification/linux-run-2026-09-13/commands/source-003/stdout:104290: trailing whitespace.
++    
randomized-and-low-rank-approximation/RA-20/lean/verification/linux-run-2026-09-13/commands/source-003/stdout:104292: trailing whitespace.
++/private/tmp/nla-lean-formalization/next-ra-statements-draft/RA-20/lean/NLA/RA20/Differential.lean:103:2: warning: Try this: 
randomized-and-low-rank-approximation/RA-20/lean/verification/linux-run-2026-09-13/commands/source-003/stdout:104294: trailing whitespace.
++/private/tmp/nla-lean-formalization/next-ra-statements-draft/RA-20/lean/NLA/RA20/Differential.lean:105:2: warning: Try this: 
randomized-and-low-rank-approximation/RA-20/lean/verification/linux-run-2026-09-13/commands/source-003/stdout:104298: trailing whitespace.
++**Topic:** Symmetric structured low-rank approximation  
randomized-and-low-rank-approximation/RA-20/lean/verification/linux-run-2026-09-13/commands/source-003/stdout:104300: trailing whitespace.
++**Difficulty:** challenging  
randomized-and-low-rank-approximation/RA-20/lean/verification/linux-run-2026-09-13/commands/source-003/stdout:104302: trailing whitespace.
++**Importance:** interesting to specialist  
randomized-and-low-rank-approximation/RA-20/lean/verification/linux-run-2026-09-13/commands/source-003/stdout:104304: trailing whitespace.
++**Status:** Solved  
randomized-and-low-rank-approximation/RA-20/lean/verification/linux-run-2026-09-13/commands/source-003/stdout:104306: trailing whitespace.
++/private/tmp/nla-lean-formalization/next-ra-statements-draft/RA-20/lean/NLA/RA20/Smooth.lean:124:2: warning: Try this: 
randomized-and-low-rank-approximation/RA-20/lean/verification/linux-run-2026-09-13/commands/source-003/stdout:105618: trailing whitespace.
++NLA/RA20/Differential.lean:103:2: warning: Try this: 
randomized-and-low-rank-approximation/RA-20/lean/verification/linux-run-2026-09-13/commands/source-003/stdout:105620: trailing whitespace.
++NLA/RA20/Differential.lean:105:2: warning: Try this: 
randomized-and-low-rank-approximation/RA-20/lean/verification/linux-run-2026-09-13/commands/source-003/stdout:105622: trailing whitespace.
++NLA/RA20/Differential.lean:103:2: warning: Try this: 
randomized-and-low-rank-approximation/RA-20/lean/verification/linux-run-2026-09-13/commands/source-003/stdout:105624: trailing whitespace.
++NLA/RA20/Differential.lean:105:2: warning: Try this: 
randomized-and-low-rank-approximation/RA-20/lean/verification/linux-run-2026-09-13/commands/source-003/stdout:105626: trailing whitespace.
++**Topic:** Symmetric structured low-rank approximation  
randomized-and-low-rank-approximation/RA-20/lean/verification/linux-run-2026-09-13/commands/source-003/stdout:105628: trailing whitespace.
++**Difficulty:** challenging  
randomized-and-low-rank-approximation/RA-20/lean/verification/linux-run-2026-09-13/commands/source-003/stdout:105630: trailing whitespace.
++**Importance:** interesting to specialist  
randomized-and-low-rank-approximation/RA-20/lean/verification/linux-run-2026-09-13/commands/source-003/stdout:105632: trailing whitespace.
++**Status:** Solved  
randomized-and-low-rank-approximation/RA-20/lean/verification/linux-run-2026-09-13/commands/source-003/stdout:105634: trailing whitespace.
++NLA/RA20/Differential.lean:103:2: warning: Try this: 
randomized-and-low-rank-approximation/RA-20/lean/verification/linux-run-2026-09-13/commands/source-003/stdout:105636: trailing whitespace.
++NLA/RA20/Differential.lean:105:2: warning: Try this: 
randomized-and-low-rank-approximation/RA-20/lean/verification/linux-run-2026-09-13/commands/source-003/stdout:105638: trailing whitespace.
++/private/tmp/nla-lean-formalization/next-ra-statements-draft/RA-20/lean/NLA/RA20/Differential.lean:103:2: warning: Try this: 
randomized-and-low-rank-approximation/RA-20/lean/verification/linux-run-2026-09-13/commands/source-003/stdout:105640: trailing whitespace.
++/private/tmp/nla-lean-formalization/next-ra-statements-draft/RA-20/lean/NLA/RA20/Differential.lean:105:2: warning: Try this: 
randomized-and-low-rank-approximation/RA-20/lean/verification/linux-run-2026-09-13/commands/source-003/stdout:105642: trailing whitespace.
++/private/tmp/nla-lean-formalization/next-ra-statements-draft/RA-20/lean/NLA/RA20/Differential.lean:103:2: warning: Try this: 
randomized-and-low-rank-approximation/RA-20/lean/verification/linux-run-2026-09-13/commands/source-003/stdout:105644: trailing whitespace.
++/private/tmp/nla-lean-formalization/next-ra-statements-draft/RA-20/lean/NLA/RA20/Differential.lean:105:2: warning: Try this: 
randomized-and-low-rank-approximation/RA-20/lean/verification/linux-run-2026-09-13/commands/source-003/stdout:105646: trailing whitespace.
++  
randomized-and-low-rank-approximation/RA-20/lean/verification/linux-run-2026-09-13/commands/source-003/stdout:105648: trailing whitespace.
++    
randomized-and-low-rank-approximation/RA-20/lean/verification/linux-run-2026-09-13/commands/source-003/stdout:105650: trailing whitespace.
++/private/tmp/nla-lean-formalization/next-ra-statements-draft/RA-20/lean/NLA/RA20/Differential.lean:103:2: warning: Try this: 
randomized-and-low-rank-approximation/RA-20/lean/verification/linux-run-2026-09-13/commands/source-003/stdout:105652: trailing whitespace.
++/private/tmp/nla-lean-formalization/next-ra-statements-draft/RA-20/lean/NLA/RA20/Differential.lean:105:2: warning: Try this: 
randomized-and-low-rank-approximation/RA-20/lean/verification/linux-run-2026-09-13/commands/source-003/stdout:105656: trailing whitespace.
++**Topic:** Symmetric structured low-rank approximation  
randomized-and-low-rank-approximation/RA-20/lean/verification/linux-run-2026-09-13/commands/source-003/stdout:105658: trailing whitespace.
++**Difficulty:** challenging  
randomized-and-low-rank-approximation/RA-20/lean/verification/linux-run-2026-09-13/commands/source-003/stdout:105660: trailing whitespace.
++**Importance:** interesting to specialist  
randomized-and-low-rank-approximation/RA-20/lean/verification/linux-run-2026-09-13/commands/source-003/stdout:105662: trailing whitespace.
++**Status:** Solved  
randomized-and-low-rank-approximation/RA-20/lean/verification/linux-run-2026-09-13/commands/source-003/stdout:105664: trailing whitespace.
++/private/tmp/nla-lean-formalization/next-ra-statements-draft/RA-20/lean/NLA/RA20/Smooth.lean:124:2: warning: Try this: 
randomized-and-low-rank-approximation/RA-20/lean/verification/linux-run-2026-09-13/commands/source-003/stdout:108503: trailing whitespace.
+/private/tmp/nla-lean-formalization/next-ra-statements-draft/RA-20/lean/NLA/RA20/Smooth.lean:124:2: warning: Try this: 
randomized-and-low-rank-approximation/RA-20/lean/verification/linux-run-2026-09-13/commands/source-003/stdout:123708: new blank line at EOF.
randomized-and-low-rank-approximation/RA-20/lean/verification/linux-run-2026-09-13/commands/source-006/stdout:7: trailing whitespace.
+**Topic:** Symmetric structured low-rank approximation  
randomized-and-low-rank-approximation/RA-20/lean/verification/linux-run-2026-09-13/commands/source-006/stdout:8: trailing whitespace.
+**Difficulty:** challenging  
randomized-and-low-rank-approximation/RA-20/lean/verification/linux-run-2026-09-13/commands/source-006/stdout:9: trailing whitespace.
+**Importance:** interesting to specialist  
randomized-and-low-rank-approximation/RA-20/lean/verification/linux-run-2026-09-13/commands/source-006/stdout:10: trailing whitespace.
+**Status:** Solved  
randomized-and-low-rank-approximation/RA-20/lean/verification/linux-run-2026-09-13/commands/source-007/stdout:7: trailing whitespace.
+**Topic:** Symmetric structured low-rank approximation  
randomized-and-low-rank-approximation/RA-20/lean/verification/linux-run-2026-09-13/commands/source-007/stdout:8: trailing whitespace.
+**Difficulty:** challenging  
randomized-and-low-rank-approximation/RA-20/lean/verification/linux-run-2026-09-13/commands/source-007/stdout:9: trailing whitespace.
+**Importance:** interesting to specialist  
randomized-and-low-rank-approximation/RA-20/lean/verification/linux-run-2026-09-13/commands/source-007/stdout:10: trailing whitespace.
+**Status:** Solved  
randomized-and-low-rank-approximation/RA-20/lean/verification/publication-preparation-2026-09-13/archive/repository/RESOLVED.md:455: trailing whitespace.
+[Canonical entry](matrix-inequalities-and-norms/MI-03/README.md) · [Complete proof](matrix-inequalities-and-norms/MI-03/solution.pdf) · [Independent review](references/colbrook-matrix-2026-09-11/verification/reviews/MI-03-review.md). **Theorem 1.1 and its proof.** The sharp additive contraction constant is $c_k=k/4$ for every $k\ge2$, including every odd summand count. Exact dimension-two extremizers match the universal upper bound. 
randomized-and-low-rank-approximation/RA-20/lean/verification/publication-preparation-2026-09-13/archive/repository/RESOLVED.md:459: trailing whitespace.
+[Canonical entry](matrix-inequalities-and-norms/MI-04/README.md) · [Complete proof](matrix-inequalities-and-norms/MI-04/solution.pdf) · [Independent review](references/colbrook-matrix-2026-09-11/verification/reviews/MI-04-review.md). **Theorem 1.1 and its proof.** The universal positive-block operator-norm property holds exactly when the off-diagonal block is essentially Hermitian. The proof applies in every finite dimension without invertibility or distinct-singular-value assumptions. 
randomized-and-low-rank-approximation/RA-20/lean/verification/publication-preparation-2026-09-13/archive/repository/RESOLVED.md:463: trailing whitespace.
+[Canonical entry](matrix-inequalities-and-norms/MI-06/README.md) · [Complete proof](matrix-inequalities-and-norms/MI-06/solution.pdf) · [Independent review](references/colbrook-matrix-2026-09-11/verification/reviews/MI-06-review.md). **Theorem 1.1 and its proof.** No finite constant permits the proposed two-unitary Loewner-order domination for the arithmetic symmetric modulus, already in dimension three. A fixed rational example also refutes the proposed $\sqrt2$ constant. This concerns matrix order, not a separate norm triangle inequality. 
randomized-and-low-rank-approximation/RA-20/lean/verification/publication-preparation-2026-09-13/archive/repository/RESOLVED.md:469: trailing whitespace.
+[Canonical entry](matrix-inequalities-and-norms/MI-07/README.md) · [Complete proof](matrix-inequalities-and-norms/MI-07/solution.pdf) · [Independent review](references/colbrook-matrix-2026-09-11/verification/reviews/MI-07-review.md). **Theorem 1.1 and its proof.** No finite two-unitary domination constant exists for the maximal symmetric modulus, already in dimension two. The rank-one family gives the necessary bound $C\ge\sqrt{1+t^2}/t$ for every $t>0$. 
randomized-and-low-rank-approximation/RA-20/lean/verification/publication-preparation-2026-09-13/archive/repository/RESOLVED.md:476: trailing whitespace.
+[Canonical entry](matrix-inequalities-and-norms/MI-19/README.md) · [Complete proof](matrix-inequalities-and-norms/MI-19/solution.pdf) · [Independent review](references/colbrook-matrix-2026-09-11/verification/reviews/MI-19-review.md). **Theorem 1.1 and its proof.** A real order-four PSD Gram matrix, $q=7/8$ and the interior singleton $S=\{2\}$ give full minus restricted $q$-permanent equal to $-3235575/16384$. Inversions are counted in the full original ordering. The strict counterexample also persists under sufficiently small positive diagonal perturbations. 
randomized-and-low-rank-approximation/RA-20/lean/verification/publication-preparation-2026-09-13/archive/repository/RESOLVED.md:488: trailing whitespace.
+[Canonical entry](matrix-inequalities-and-norms/MI-22/README.md) · [Complete proof](matrix-inequalities-and-norms/MI-22/solution.pdf) · [Independent review](references/colbrook-matrix-2026-09-11/verification/reviews/MI-22-review.md). **Theorem 1.1 and its proof.** Rational positive definite $3\times3$ matrices at $t=1/8$ violate the first singular-value inequality: the left operator norm exceeds 10900, while $\|AB\|_2<10200$. Exact rational root residuals and a proved operator-root error bound certify the actual principal powers. 
randomized-and-low-rank-approximation/RA-20/lean/verification/publication-preparation-2026-09-13/archive/repository/randomized-and-low-rank-approximation/RA-20/README.md:7: trailing whitespace.
+**Topic:** Symmetric structured low-rank approximation  
randomized-and-low-rank-approximation/RA-20/lean/verification/publication-preparation-2026-09-13/archive/repository/randomized-and-low-rank-approximation/RA-20/README.md:8: trailing whitespace.
+**Difficulty:** challenging  
randomized-and-low-rank-approximation/RA-20/lean/verification/publication-preparation-2026-09-13/archive/repository/randomized-and-low-rank-approximation/RA-20/README.md:9: trailing whitespace.
+**Importance:** interesting to specialist  
randomized-and-low-rank-approximation/RA-20/lean/verification/publication-preparation-2026-09-13/archive/repository/randomized-and-low-rank-approximation/RA-20/README.md:10: trailing whitespace.
+**Status:** Solved  
randomized-and-low-rank-approximation/RA-20/lean/verification/publication-preparation-2026-09-13/pdf-build/pandoc-1/stdin.md:1: trailing whitespace.
+**Topic:** Symmetric structured low-rank approximation  
randomized-and-low-rank-approximation/RA-20/lean/verification/publication-preparation-2026-09-13/pdf-build/xelatex-1/problem.log:35: trailing whitespace.
+Package: scrbase 2024/10/24 v3.43 KOMA-Script package (KOMA-Script-independent 
randomized-and-low-rank-approximation/RA-20/lean/verification/publication-preparation-2026-09-13/pdf-build/xelatex-1/problem.log:81: trailing whitespace.
+Package: expl3 2025-01-18 L3 programming layer (loader) 
randomized-and-low-rank-approximation/RA-20/lean/verification/publication-preparation-2026-09-13/pdf-build/xelatex-1/problem.log:117: trailing whitespace.
+Package fontspec Info: 
randomized-and-low-rank-approximation/RA-20/lean/verification/publication-preparation-2026-09-13/pdf-build/xelatex-1/problem.log:122: trailing whitespace.
+(fontspec)              
randomized-and-low-rank-approximation/RA-20/lean/verification/publication-preparation-2026-09-13/pdf-build/xelatex-1/problem.log:125: trailing whitespace.
+(fontspec)              
randomized-and-low-rank-approximation/RA-20/lean/verification/publication-preparation-2026-09-13/pdf-build/xelatex-1/problem.log:152: trailing whitespace.
+Package fontspec Info: 
randomized-and-low-rank-approximation/RA-20/lean/verification/publication-preparation-2026-09-13/pdf-build/xelatex-1/problem.log:157: trailing whitespace.
+(fontspec)              
randomized-and-low-rank-approximation/RA-20/lean/verification/publication-preparation-2026-09-13/pdf-build/xelatex-1/problem.log:160: trailing whitespace.
+(fontspec)              
randomized-and-low-rank-approximation/RA-20/lean/verification/publication-preparation-2026-09-13/pdf-build/xelatex-1/problem.log:187: trailing whitespace.
+Package fontspec Info: 
randomized-and-low-rank-approximation/RA-20/lean/verification/publication-preparation-2026-09-13/pdf-build/xelatex-1/problem.log:191: trailing whitespace.
+Package fontspec Info: 
randomized-and-low-rank-approximation/RA-20/lean/verification/publication-preparation-2026-09-13/pdf-build/xelatex-1/problem.log:195: trailing whitespace.
+Package fontspec Info: 
randomized-and-low-rank-approximation/RA-20/lean/verification/publication-preparation-2026-09-13/pdf-build/xelatex-1/problem.log:199: trailing whitespace.
+Package fontspec Info: 
randomized-and-low-rank-approximation/RA-20/lean/verification/publication-preparation-2026-09-13/pdf-build/xelatex-1/problem.log:203: trailing whitespace.
+Package fontspec Info: 
randomized-and-low-rank-approximation/RA-20/lean/verification/publication-preparation-2026-09-13/pdf-build/xelatex-1/problem.log:207: trailing whitespace.
+Package fontspec Info: 
randomized-and-low-rank-approximation/RA-20/lean/verification/publication-preparation-2026-09-13/pdf-build/xelatex-1/problem.log:211: trailing whitespace.
+Package fontspec Info: 
randomized-and-low-rank-approximation/RA-20/lean/verification/publication-preparation-2026-09-13/pdf-build/xelatex-1/problem.log:215: trailing whitespace.
+Package fontspec Info: 
randomized-and-low-rank-approximation/RA-20/lean/verification/publication-preparation-2026-09-13/pdf-build/xelatex-1/problem.log:219: trailing whitespace.
+Package fontspec Info: 
randomized-and-low-rank-approximation/RA-20/lean/verification/publication-preparation-2026-09-13/pdf-build/xelatex-1/problem.log:223: trailing whitespace.
+Package fontspec Info: 
randomized-and-low-rank-approximation/RA-20/lean/verification/publication-preparation-2026-09-13/pdf-build/xelatex-1/problem.log:229: trailing whitespace.
+(fontspec)              
randomized-and-low-rank-approximation/RA-20/lean/verification/publication-preparation-2026-09-13/pdf-build/xelatex-1/problem.log:232: trailing whitespace.
+(fontspec)              
randomized-and-low-rank-approximation/RA-20/lean/verification/publication-preparation-2026-09-13/pdf-build/xelatex-1/problem.log:243: trailing whitespace.
+(fontspec)             \tex_hyphenchar:D \font =-1\scan_stop: 
randomized-and-low-rank-approximation/RA-20/lean/verification/publication-preparation-2026-09-13/pdf-build/xelatex-1/problem.log:254: trailing whitespace.
+(fontspec)             \tex_hyphenchar:D \font =-1\scan_stop: 
randomized-and-low-rank-approximation/RA-20/lean/verification/publication-preparation-2026-09-13/pdf-build/xelatex-1/problem.log:265: trailing whitespace.
+(fontspec)             \tex_hyphenchar:D \font =-1\scan_stop: 
randomized-and-low-rank-approximation/RA-20/lean/verification/publication-preparation-2026-09-13/pdf-build/xelatex-1/problem.log:276: trailing whitespace.
+(fontspec)             \tex_hyphenchar:D \font =-1\scan_stop: 
randomized-and-low-rank-approximation/RA-20/lean/verification/publication-preparation-2026-09-13/pdf-build/xelatex-1/problem.log:384: trailing whitespace.
+Package fontspec Info: 
randomized-and-low-rank-approximation/RA-20/lean/verification/publication-preparation-2026-09-13/pdf-build/xelatex-1/problem.log:389: trailing whitespace.
+(fontspec)              
randomized-and-low-rank-approximation/RA-20/lean/verification/publication-preparation-2026-09-13/pdf-build/xelatex-1/problem.log:392: trailing whitespace.
+(fontspec)              
randomized-and-low-rank-approximation/RA-20/lean/verification/publication-preparation-2026-09-13/pdf-build/xelatex-1/problem.log:398: trailing whitespace.
+Package fontspec Info: 
randomized-and-low-rank-approximation/RA-20/lean/verification/publication-preparation-2026-09-13/pdf-build/xelatex-1/problem.log:405: trailing whitespace.
+(fontspec)              
randomized-and-low-rank-approximation/RA-20/lean/verification/publication-preparation-2026-09-13/pdf-build/xelatex-1/problem.log:408: trailing whitespace.
+(fontspec)              
randomized-and-low-rank-approximation/RA-20/lean/verification/publication-preparation-2026-09-13/pdf-build/xelatex-1/problem.log:426: trailing whitespace.
+Package fontspec Info: 
randomized-and-low-rank-approximation/RA-20/lean/verification/publication-preparation-2026-09-13/pdf-build/xelatex-1/problem.log:430: trailing whitespace.
+Package fontspec Info: 
randomized-and-low-rank-approximation/RA-20/lean/verification/publication-preparation-2026-09-13/pdf-build/xelatex-1/problem.log:434: trailing whitespace.
+Package fontspec Info: 
randomized-and-low-rank-approximation/RA-20/lean/verification/publication-preparation-2026-09-13/pdf-build/xelatex-1/problem.log:438: trailing whitespace.
+Package fontspec Info: 
randomized-and-low-rank-approximation/RA-20/lean/verification/publication-preparation-2026-09-13/pdf-build/xelatex-1/problem.log:442: trailing whitespace.
+Package fontspec Info: 
randomized-and-low-rank-approximation/RA-20/lean/verification/publication-preparation-2026-09-13/pdf-build/xelatex-1/problem.log:459: trailing whitespace.
+(fontspec)              
randomized-and-low-rank-approximation/RA-20/lean/verification/publication-preparation-2026-09-13/pdf-build/xelatex-1/problem.log:462: trailing whitespace.
+(fontspec)              
randomized-and-low-rank-approximation/RA-20/lean/verification/publication-preparation-2026-09-13/pdf-build/xelatex-1/problem.log:480: trailing whitespace.
+Package fontspec Info: 
randomized-and-low-rank-approximation/RA-20/lean/verification/publication-preparation-2026-09-13/pdf-build/xelatex-1/problem.log:484: trailing whitespace.
+Package fontspec Info: 
randomized-and-low-rank-approximation/RA-20/lean/verification/publication-preparation-2026-09-13/pdf-build/xelatex-1/problem.log:488: trailing whitespace.
+Package fontspec Info: 
randomized-and-low-rank-approximation/RA-20/lean/verification/publication-preparation-2026-09-13/pdf-build/xelatex-1/problem.log:492: trailing whitespace.
+Package fontspec Info: 
randomized-and-low-rank-approximation/RA-20/lean/verification/publication-preparation-2026-09-13/pdf-build/xelatex-1/problem.log:496: trailing whitespace.
+Package fontspec Info: 
randomized-and-low-rank-approximation/RA-20/lean/verification/publication-preparation-2026-09-13/pdf-build/xelatex-1/problem.log:507: trailing whitespace.
+(fontspec)              
randomized-and-low-rank-approximation/RA-20/lean/verification/publication-preparation-2026-09-13/pdf-build/xelatex-1/problem.log:510: trailing whitespace.
+(fontspec)              
randomized-and-low-rank-approximation/RA-20/lean/verification/publication-preparation-2026-09-13/pdf-build/xelatex-1/problem.log:781: trailing whitespace.
+* modes: 
randomized-and-low-rank-approximation/RA-20/lean/verification/publication-preparation-2026-09-13/pdf-build/xelatex-1/problem.log:821: trailing whitespace.
+(Font)                  OT1/cmss/bx/n --> TU/texgyreheros(0)/b/n on input line 
randomized-and-low-rank-approximation/RA-20/lean/verification/publication-preparation-2026-09-13/pdf-build/xelatex-1/problem.log:824: trailing whitespace.
+(Font)                  OT1/cmtt/m/n --> TU/texgyrecursor(0)/m/n on input line 
randomized-and-low-rank-approximation/RA-20/lean/verification/publication-preparation-2026-09-13/pdf-build/xelatex-1/problem.log:827: trailing whitespace.
+(Font)                  OT1/cmtt/m/n --> TU/texgyrecursor(0)/b/n on input line 
randomized-and-low-rank-approximation/RA-20/lean/verification/publication-preparation-2026-09-13/pdf-build/xelatex-1/problem.log:888: trailing whitespace.
+Package fancyhdr Warning: \headheight is too small (15.0pt): 
randomized-and-low-rank-approximation/RA-20/lean/verification/publication-preparation-2026-09-13/pdf-build/xelatex-1/problem.log:906: trailing whitespace.
+Package fancyhdr Warning: \headheight is too small (15.0pt): 
randomized-and-low-rank-approximation/RA-20/lean/verification/publication-preparation-2026-09-13/pdf-build/xelatex-1/problem.log:915: trailing whitespace.
+Package fancyhdr Warning: \headheight is too small (15.0pt): 
randomized-and-low-rank-approximation/RA-20/lean/verification/publication-preparation-2026-09-13/pdf-build/xelatex-1/problem.log:930: trailing whitespace.
+ ) 
randomized-and-low-rank-approximation/RA-20/lean/verification/publication-preparation-2026-09-13/pdf-build/xelatex-1/stdout:90: trailing whitespace.
+Package fancyhdr Warning: \headheight is too small (15.0pt): 
randomized-and-low-rank-approximation/RA-20/lean/verification/publication-preparation-2026-09-13/pdf-build/xelatex-1/stdout:98: trailing whitespace.
+Package fancyhdr Warning: \headheight is too small (15.0pt): 
randomized-and-low-rank-approximation/RA-20/lean/verification/publication-preparation-2026-09-13/pdf-build/xelatex-1/stdout:106: trailing whitespace.
+Package fancyhdr Warning: \headheight is too small (15.0pt): 
randomized-and-low-rank-approximation/RA-20/lean/verification/publication-preparation-2026-09-13/pdf-build/xelatex-2/problem.log:35: trailing whitespace.
+Package: scrbase 2024/10/24 v3.43 KOMA-Script package (KOMA-Script-independent 
randomized-and-low-rank-approximation/RA-20/lean/verification/publication-preparation-2026-09-13/pdf-build/xelatex-2/problem.log:81: trailing whitespace.
+Package: expl3 2025-01-18 L3 programming layer (loader) 
randomized-and-low-rank-approximation/RA-20/lean/verification/publication-preparation-2026-09-13/pdf-build/xelatex-2/problem.log:117: trailing whitespace.
+Package fontspec Info: 
randomized-and-low-rank-approximation/RA-20/lean/verification/publication-preparation-2026-09-13/pdf-build/xelatex-2/problem.log:122: trailing whitespace.
+(fontspec)              
randomized-and-low-rank-approximation/RA-20/lean/verification/publication-preparation-2026-09-13/pdf-build/xelatex-2/problem.log:125: trailing whitespace.
+(fontspec)              
randomized-and-low-rank-approximation/RA-20/lean/verification/publication-preparation-2026-09-13/pdf-build/xelatex-2/problem.log:152: trailing whitespace.
+Package fontspec Info: 
randomized-and-low-rank-approximation/RA-20/lean/verification/publication-preparation-2026-09-13/pdf-build/xelatex-2/problem.log:157: trailing whitespace.
+(fontspec)              
randomized-and-low-rank-approximation/RA-20/lean/verification/publication-preparation-2026-09-13/pdf-build/xelatex-2/problem.log:160: trailing whitespace.
+(fontspec)              
randomized-and-low-rank-approximation/RA-20/lean/verification/publication-preparation-2026-09-13/pdf-build/xelatex-2/problem.log:187: trailing whitespace.
+Package fontspec Info: 
randomized-and-low-rank-approximation/RA-20/lean/verification/publication-preparation-2026-09-13/pdf-build/xelatex-2/problem.log:191: trailing whitespace.
+Package fontspec Info: 
randomized-and-low-rank-approximation/RA-20/lean/verification/publication-preparation-2026-09-13/pdf-build/xelatex-2/problem.log:195: trailing whitespace.
+Package fontspec Info: 
randomized-and-low-rank-approximation/RA-20/lean/verification/publication-preparation-2026-09-13/pdf-build/xelatex-2/problem.log:199: trailing whitespace.
+Package fontspec Info: 
randomized-and-low-rank-approximation/RA-20/lean/verification/publication-preparation-2026-09-13/pdf-build/xelatex-2/problem.log:203: trailing whitespace.
+Package fontspec Info: 
randomized-and-low-rank-approximation/RA-20/lean/verification/publication-preparation-2026-09-13/pdf-build/xelatex-2/problem.log:207: trailing whitespace.
+Package fontspec Info: 
randomized-and-low-rank-approximation/RA-20/lean/verification/publication-preparation-2026-09-13/pdf-build/xelatex-2/problem.log:211: trailing whitespace.
+Package fontspec Info: 
randomized-and-low-rank-approximation/RA-20/lean/verification/publication-preparation-2026-09-13/pdf-build/xelatex-2/problem.log:215: trailing whitespace.
+Package fontspec Info: 
randomized-and-low-rank-approximation/RA-20/lean/verification/publication-preparation-2026-09-13/pdf-build/xelatex-2/problem.log:219: trailing whitespace.
+Package fontspec Info: 
randomized-and-low-rank-approximation/RA-20/lean/verification/publication-preparation-2026-09-13/pdf-build/xelatex-2/problem.log:223: trailing whitespace.
+Package fontspec Info: 
randomized-and-low-rank-approximation/RA-20/lean/verification/publication-preparation-2026-09-13/pdf-build/xelatex-2/problem.log:229: trailing whitespace.
+(fontspec)              
randomized-and-low-rank-approximation/RA-20/lean/verification/publication-preparation-2026-09-13/pdf-build/xelatex-2/problem.log:232: trailing whitespace.
+(fontspec)              
randomized-and-low-rank-approximation/RA-20/lean/verification/publication-preparation-2026-09-13/pdf-build/xelatex-2/problem.log:243: trailing whitespace.
+(fontspec)             \tex_hyphenchar:D \font =-1\scan_stop: 
randomized-and-low-rank-approximation/RA-20/lean/verification/publication-preparation-2026-09-13/pdf-build/xelatex-2/problem.log:254: trailing whitespace.
+(fontspec)             \tex_hyphenchar:D \font =-1\scan_stop: 
randomized-and-low-rank-approximation/RA-20/lean/verification/publication-preparation-2026-09-13/pdf-build/xelatex-2/problem.log:265: trailing whitespace.
+(fontspec)             \tex_hyphenchar:D \font =-1\scan_stop: 
randomized-and-low-rank-approximation/RA-20/lean/verification/publication-preparation-2026-09-13/pdf-build/xelatex-2/problem.log:276: trailing whitespace.
+(fontspec)             \tex_hyphenchar:D \font =-1\scan_stop: 
randomized-and-low-rank-approximation/RA-20/lean/verification/publication-preparation-2026-09-13/pdf-build/xelatex-2/problem.log:384: trailing whitespace.
+Package fontspec Info: 
randomized-and-low-rank-approximation/RA-20/lean/verification/publication-preparation-2026-09-13/pdf-build/xelatex-2/problem.log:389: trailing whitespace.
+(fontspec)              
randomized-and-low-rank-approximation/RA-20/lean/verification/publication-preparation-2026-09-13/pdf-build/xelatex-2/problem.log:392: trailing whitespace.
+(fontspec)              
randomized-and-low-rank-approximation/RA-20/lean/verification/publication-preparation-2026-09-13/pdf-build/xelatex-2/problem.log:398: trailing whitespace.
+Package fontspec Info: 
randomized-and-low-rank-approximation/RA-20/lean/verification/publication-preparation-2026-09-13/pdf-build/xelatex-2/problem.log:405: trailing whitespace.
+(fontspec)              
randomized-and-low-rank-approximation/RA-20/lean/verification/publication-preparation-2026-09-13/pdf-build/xelatex-2/problem.log:408: trailing whitespace.
+(fontspec)              
randomized-and-low-rank-approximation/RA-20/lean/verification/publication-preparation-2026-09-13/pdf-build/xelatex-2/problem.log:426: trailing whitespace.
+Package fontspec Info: 
randomized-and-low-rank-approximation/RA-20/lean/verification/publication-preparation-2026-09-13/pdf-build/xelatex-2/problem.log:430: trailing whitespace.
+Package fontspec Info: 
randomized-and-low-rank-approximation/RA-20/lean/verification/publication-preparation-2026-09-13/pdf-build/xelatex-2/problem.log:434: trailing whitespace.
+Package fontspec Info: 
randomized-and-low-rank-approximation/RA-20/lean/verification/publication-preparation-2026-09-13/pdf-build/xelatex-2/problem.log:438: trailing whitespace.
+Package fontspec Info: 
randomized-and-low-rank-approximation/RA-20/lean/verification/publication-preparation-2026-09-13/pdf-build/xelatex-2/problem.log:442: trailing whitespace.
+Package fontspec Info: 
randomized-and-low-rank-approximation/RA-20/lean/verification/publication-preparation-2026-09-13/pdf-build/xelatex-2/problem.log:459: trailing whitespace.
+(fontspec)              
randomized-and-low-rank-approximation/RA-20/lean/verification/publication-preparation-2026-09-13/pdf-build/xelatex-2/problem.log:462: trailing whitespace.
+(fontspec)              
randomized-and-low-rank-approximation/RA-20/lean/verification/publication-preparation-2026-09-13/pdf-build/xelatex-2/problem.log:480: trailing whitespace.
+Package fontspec Info: 
randomized-and-low-rank-approximation/RA-20/lean/verification/publication-preparation-2026-09-13/pdf-build/xelatex-2/problem.log:484: trailing whitespace.
+Package fontspec Info: 
randomized-and-low-rank-approximation/RA-20/lean/verification/publication-preparation-2026-09-13/pdf-build/xelatex-2/problem.log:488: trailing whitespace.
+Package fontspec Info: 
randomized-and-low-rank-approximation/RA-20/lean/verification/publication-preparation-2026-09-13/pdf-build/xelatex-2/problem.log:492: trailing whitespace.
+Package fontspec Info: 
randomized-and-low-rank-approximation/RA-20/lean/verification/publication-preparation-2026-09-13/pdf-build/xelatex-2/problem.log:496: trailing whitespace.
+Package fontspec Info: 
randomized-and-low-rank-approximation/RA-20/lean/verification/publication-preparation-2026-09-13/pdf-build/xelatex-2/problem.log:507: trailing whitespace.
+(fontspec)              
randomized-and-low-rank-approximation/RA-20/lean/verification/publication-preparation-2026-09-13/pdf-build/xelatex-2/problem.log:510: trailing whitespace.
+(fontspec)              
randomized-and-low-rank-approximation/RA-20/lean/verification/publication-preparation-2026-09-13/pdf-build/xelatex-2/problem.log:782: trailing whitespace.
+* modes: 
randomized-and-low-rank-approximation/RA-20/lean/verification/publication-preparation-2026-09-13/pdf-build/xelatex-2/problem.log:822: trailing whitespace.
+(Font)                  OT1/cmss/bx/n --> TU/texgyreheros(0)/b/n on input line 
randomized-and-low-rank-approximation/RA-20/lean/verification/publication-preparation-2026-09-13/pdf-build/xelatex-2/problem.log:825: trailing whitespace.
+(Font)                  OT1/cmtt/m/n --> TU/texgyrecursor(0)/m/n on input line 
randomized-and-low-rank-approximation/RA-20/lean/verification/publication-preparation-2026-09-13/pdf-build/xelatex-2/problem.log:828: trailing whitespace.
+(Font)                  OT1/cmtt/m/n --> TU/texgyrecursor(0)/b/n on input line 
randomized-and-low-rank-approximation/RA-20/lean/verification/publication-preparation-2026-09-13/pdf-build/xelatex-2/problem.log:886: trailing whitespace.
+Package fancyhdr Warning: \headheight is too small (15.0pt): 
randomized-and-low-rank-approximation/RA-20/lean/verification/publication-preparation-2026-09-13/pdf-build/xelatex-2/problem.log:904: trailing whitespace.
+Package fancyhdr Warning: \headheight is too small (15.0pt): 
randomized-and-low-rank-approximation/RA-20/lean/verification/publication-preparation-2026-09-13/pdf-build/xelatex-2/problem.log:913: trailing whitespace.
+Package fancyhdr Warning: \headheight is too small (15.0pt): 
randomized-and-low-rank-approximation/RA-20/lean/verification/publication-preparation-2026-09-13/pdf-build/xelatex-2/problem.log:924: trailing whitespace.
+ ) 
randomized-and-low-rank-approximation/RA-20/lean/verification/publication-preparation-2026-09-13/pdf-build/xelatex-2/stdout:87: trailing whitespace.
+Package fancyhdr Warning: \headheight is too small (15.0pt): 
randomized-and-low-rank-approximation/RA-20/lean/verification/publication-preparation-2026-09-13/pdf-build/xelatex-2/stdout:95: trailing whitespace.
+Package fancyhdr Warning: \headheight is too small (15.0pt): 
randomized-and-low-rank-approximation/RA-20/lean/verification/publication-preparation-2026-09-13/pdf-build/xelatex-2/stdout:103: trailing whitespace.
+Package fancyhdr Warning: \headheight is too small (15.0pt): 
randomized-and-low-rank-approximation/RA-20/lean/verification/publication-referee-2026-09-13/receipts/final-canonical.stdout:7: trailing whitespace.
+**Topic:** Symmetric structured low-rank approximation  
randomized-and-low-rank-approximation/RA-20/lean/verification/publication-referee-2026-09-13/receipts/final-canonical.stdout:8: trailing whitespace.
+**Difficulty:** challenging  
randomized-and-low-rank-approximation/RA-20/lean/verification/publication-referee-2026-09-13/receipts/final-canonical.stdout:9: trailing whitespace.
+**Importance:** interesting to specialist  
randomized-and-low-rank-approximation/RA-20/lean/verification/publication-referee-2026-09-13/receipts/index-diff.stdout:6: trailing whitespace.
+ 
randomized-and-low-rank-approximation/RA-20/lean/verification/publication-referee-2026-09-13/receipts/index-diff.stdout:8: trailing whitespace.
+ 
randomized-and-low-rank-approximation/RA-20/lean/verification/publication-referee-2026-09-13/receipts/index-diff.stdout:11: trailing whitespace.
+ 
randomized-and-low-rank-approximation/RA-20/lean/verification/publication-referee-2026-09-13/receipts/index-diff.stdout:13: trailing whitespace.
+ 
randomized-and-low-rank-approximation/RA-20/lean/verification/publication-referee-2026-09-13/receipts/index-diff.stdout:30: trailing whitespace.
+ 
randomized-and-low-rank-approximation/RA-20/lean/verification/publication-referee-2026-09-13/receipts/index-diff.stdout:33: trailing whitespace.
+ 
randomized-and-low-rank-approximation/RA-20/lean/verification/publication-referee-2026-09-13/receipts/index-diff.stdout:35: trailing whitespace.
+ 
randomized-and-low-rank-approximation/RA-20/lean/verification/publication-referee-2026-09-13/receipts/index-diff.stdout:41: trailing whitespace.
+ 
randomized-and-low-rank-approximation/RA-20/lean/verification/publication-referee-2026-09-13/receipts/index-diff.stdout:43: trailing whitespace.
+ 
randomized-and-low-rank-approximation/RA-20/lean/verification/publication-referee-2026-09-13/receipts/index-diff.stdout:49: trailing whitespace.
+ 
randomized-and-low-rank-approximation/RA-20/lean/verification/publication-referee-2026-09-13/receipts/index-diff.stdout:51: trailing whitespace.
+ 
