@NLA.RA03.frobeniusSq_eq_norm_sq : ∀ {m n : ℕ} (A : Matrix.{0, 0, 0} (Fin m) (Fin n) ℂ),
  Eq.{1} (NLA.RA03.frobeniusSq A) (HPow.hPow.{0, 0, 0} (norm.{0} A) 2)
'NLA.RA03.frobeniusSq_eq_norm_sq' depends on axioms: [propext, Classical.choice.{u}, Quot.sound.{u}]
@NLA.RA03.process_isProbability : ∀ {m n : ℕ} (A : Matrix.{0, 0, 0} (Fin m) (Fin n) ℂ) (k : ℕ),
  (∀ (p : NLA.RA03.Pivot m n), LE.le.{0} 0 (NLA.RA03.pivotMass A p)) ∧
    Eq.{1} (∑ p, NLA.RA03.pivotMass A p) 1 ∧
      (∀ (h : Fin k → NLA.RA03.Pivot m n), LE.le.{0} 0 (NLA.RA03.historyMass A h)) ∧
        Eq.{1} (∑ h, NLA.RA03.historyMass A h) 1
'NLA.RA03.process_isProbability' depends on axioms: [propext, Classical.choice.{u}, Quot.sound.{u}]
NLA.RA03.counterexample : Ne.{1} NLA.RA03.witness 0 ∧
  (∀ (i j : Fin 2), Ne.{1} (NLA.RA03.witness i j) 0) ∧
    Eq.{1} (NLA.RA03.frobeniusSq NLA.RA03.witness) 10 ∧
      Eq.{1} (HMul.hMul.{0, 0, 0} (Matrix.conjTranspose.{0, 0, 0} NLA.RA03.witness) NLA.RA03.witness)
          NLA.RA03.witnessGram ∧
        Eq.{1} (NLA.RA03.singularValue NLA.RA03.witness 0) 3 ∧
          Eq.{1} (NLA.RA03.singularValue NLA.RA03.witness 1) 1 ∧
            (∀ (i j : Fin 2),
                Eq.{1} (NLA.RA03.pivotMass NLA.RA03.witness (some.{0} (Prod.mk.{0, 0} i j)))
                  (NLA.RA03.witnessPivotMass i j)) ∧
              (∀ (i j : Fin 2),
                  Eq.{1} (NLA.RA03.frobeniusSq (NLA.RA03.pivotResidual NLA.RA03.witness (Prod.mk.{0, 0} i j)))
                    (NLA.RA03.witnessPivotError i j)) ∧
                Eq.{1} (NLA.RA03.expectedError NLA.RA03.witness 1) (18 / 5) ∧
                  Eq.{1} (NLA.RA03.singularTailSq NLA.RA03.witness 1) 1 ∧
                    LT.lt.{0}
                      (HMul.hMul.{0, 0, 0} (HPow.hPow.{0, 0, 0} 2 1) (NLA.RA03.singularTailSq NLA.RA03.witness 1))
                      (NLA.RA03.expectedError NLA.RA03.witness 1)
'NLA.RA03.counterexample' depends on axioms: [propext, Classical.choice.{u}, Quot.sound.{u}]
NLA.RA03.not_squaredErrorConjecture : ¬NLA.RA03.SquaredErrorConjecture
'NLA.RA03.not_squaredErrorConjecture' depends on axioms: [propext, Classical.choice.{u}, Quot.sound.{u}]
theorem NLA.RA03.strict_scalar_gap : LT.lt.{0} 2 (18 / 5) :=
Mathlib.Meta.NormNum.isNNRat_lt_true.{0}
  (Mathlib.Meta.NormNum.IsNat.to_isNNRat.{0} (Mathlib.Meta.NormNum.isNat_ofNat.{0} ℝ (Eq.refl.{1} 2)))
  (Mathlib.Meta.NormNum.isNNRat_div.{0}
    (Mathlib.Meta.NormNum.isNNRat_mul.{0} (Eq.refl.{1} HMul.hMul.{0, 0, 0})
      (Mathlib.Meta.NormNum.IsNat.to_isNNRat.{0} (Mathlib.Meta.NormNum.isNat_ofNat.{0} ℝ (Eq.refl.{1} 18)))
      (Mathlib.Meta.NormNum.isNNRat_inv_pos.{0}
        (Mathlib.Meta.NormNum.IsNat.to_isNNRat.{0} (Mathlib.Meta.NormNum.isNat_ofNat.{0} ℝ (Eq.refl.{1} 5))))
      (Eq.refl.{1} (Nat.mul 18 1)) (Eq.refl.{1} 5)))
  (Eq.refl.{1} true)
'NLA.RA03.strict_scalar_gap' depends on axioms: [propext, Classical.choice.{u}, Quot.sound.{u}]
