{
  "id": "RA-03",
  "verdict": "PASS",
  "method": "Independent Python exact Fraction arithmetic; not a Lean proof",
  "checks": {
    "pivot_table": [
      {
        "pivot": [
          0,
          0
        ],
        "mass": "2/5",
        "residual": [
          [
            "0",
            "0"
          ],
          [
            "0",
            "3/2"
          ]
        ],
        "error": "9/4"
      },
      {
        "pivot": [
          0,
          1
        ],
        "mass": "1/10",
        "residual": [
          [
            "0",
            "0"
          ],
          [
            "-3",
            "0"
          ]
        ],
        "error": "9"
      },
      {
        "pivot": [
          1,
          0
        ],
        "mass": "1/10",
        "residual": [
          [
            "0",
            "-3"
          ],
          [
            "0",
            "0"
          ]
        ],
        "error": "9"
      },
      {
        "pivot": [
          1,
          1
        ],
        "mass": "2/5",
        "residual": [
          [
            "3/2",
            "0"
          ],
          [
            "0",
            "0"
          ]
        ],
        "error": "9/4"
      }
    ],
    "gram": [
      [
        "5",
        "4"
      ],
      [
        "4",
        "5"
      ]
    ],
    "gram_characteristic": [
      9,
      -10,
      1
    ],
    "expectation": "18/5",
    "tail": 1,
    "gap": "8/5",
    "full_history_diagnostics": [
      {
        "input": [
          [
            "2",
            "1"
          ],
          [
            "1",
            "2"
          ]
        ],
        "k": 0,
        "mass": "1",
        "error": "10"
      },
      {
        "input": [
          [
            "2",
            "1"
          ],
          [
            "1",
            "2"
          ]
        ],
        "k": 1,
        "mass": "1",
        "error": "18/5"
      },
      {
        "input": [
          [
            "2",
            "1"
          ],
          [
            "1",
            "2"
          ]
        ],
        "k": 2,
        "mass": "1",
        "error": "0"
      },
      {
        "input": [
          [
            "2",
            "1"
          ],
          [
            "1",
            "2"
          ]
        ],
        "k": 3,
        "mass": "1",
        "error": "0"
      },
      {
        "input": [
          [
            "0",
            "0"
          ],
          [
            "0",
            "0"
          ]
        ],
        "k": 0,
        "mass": "1",
        "error": "0"
      },
      {
        "input": [
          [
            "0",
            "0"
          ],
          [
            "0",
            "0"
          ]
        ],
        "k": 1,
        "mass": "1",
        "error": "0"
      },
      {
        "input": [
          [
            "0",
            "0"
          ],
          [
            "0",
            "0"
          ]
        ],
        "k": 2,
        "mass": "1",
        "error": "0"
      },
      {
        "input": [
          [
            "0",
            "0"
          ],
          [
            "0",
            "0"
          ]
        ],
        "k": 3,
        "mass": "1",
        "error": "0"
      },
      {
        "input": [
          [
            "1",
            "2"
          ],
          [
            "2",
            "4"
          ]
        ],
        "k": 0,
        "mass": "1",
        "error": "25"
      },
      {
        "input": [
          [
            "1",
            "2"
          ],
          [
            "2",
            "4"
          ]
        ],
        "k": 1,
        "mass": "1",
        "error": "0"
      },
      {
        "input": [
          [
            "1",
            "2"
          ],
          [
            "2",
            "4"
          ]
        ],
        "k": 2,
        "mass": "1",
        "error": "0"
      },
      {
        "input": [
          [
            "1",
            "2"
          ],
          [
            "2",
            "4"
          ]
        ],
        "k": 3,
        "mass": "1",
        "error": "0"
      },
      {
        "input": [
          [
            "0",
            "1",
            "0"
          ],
          [
            "0",
            "0",
            "2"
          ]
        ],
        "k": 0,
        "mass": "1",
        "error": "5"
      },
      {
        "input": [
          [
            "0",
            "1",
            "0"
          ],
          [
            "0",
            "0",
            "2"
          ]
        ],
        "k": 1,
        "mass": "1",
        "error": "8/5"
      },
      {
        "input": [
          [
            "0",
            "1",
            "0"
          ],
          [
            "0",
            "0",
            "2"
          ]
        ],
        "k": 2,
        "mass": "1",
        "error": "0"
      },
      {
        "input": [
          [
            "0",
            "1",
            "0"
          ],
          [
            "0",
            "0",
            "2"
          ]
        ],
        "k": 3,
        "mass": "1",
        "error": "0"
      }
    ]
  }
}
