RETAINED_KERNEL_EDGE: NLA.MI26.not_subadditivityConjecture -> NLA.MI26.not_subadditivityConjecture_proved
RETAINED_KERNEL_EDGE: NLA.MI26.not_subadditivityConjecture_proved -> NLA.MI26.counterexample_proved
RETAINED_KERNEL_EDGE: NLA.MI26.counterexample_proved -> NLA.MI26.witness_positive
CERTIFICATE_BODY: have h0 :=
  LeanCert.Validity.verify_strict_upper_bound_dyadic_checked (LeanCert.Core.Expr.const (Rat.divInt 0 1))
    (Rat.divInt 0 1) (Rat.divInt 0 1) (le_refl (Rat.divInt 0 1)) (Rat.divInt 6 5) (-53) 10
    (of_decide_eq_true (id (Eq.refl true))) NLA.MI26.witness_positive._proof_1_7 ↑(Rat.divInt 0 1)
    ⟨le_refl ↑(Rat.divInt 0 1), le_refl ↑(Rat.divInt 0 1)⟩;
Eq.mpr
  (eq_of_heq
    ((fun α self a a' e'_3 a_1 a'_1 e'_4 =>
        Eq.casesOn (motive := fun a_2 x => a' = a_2 → e'_3 ≍ x → (a < a_1) ≍ (a' < a'_1)) e'_3
          (fun h =>
            Eq.ndrec (motive := fun a' => ∀ (e_3 : a = a'), e_3 ≍ Eq.refl a → (a < a_1) ≍ (a' < a'_1))
              (fun e_3 h =>
                Eq.casesOn (motive := fun a_2 x => a'_1 = a_2 → e'_4 ≍ x → (a < a_1) ≍ (a < a'_1)) e'_4
                  (fun h =>
                    Eq.ndrec (motive := fun a' => ∀ (e_4 : a_1 = a'), e_4 ≍ Eq.refl a_1 → (a < a_1) ≍ (a < a'))
                      (fun e_4 h => HEq.refl (a < a_1)) (Eq.symm h) e'_4)
                  (Eq.refl a'_1) (HEq.refl e'_4))
              (Eq.symm h) e'_3)
          (Eq.refl a') (HEq.refl e'_3))
      ℝ Real.instLT 0 (↑(↑0 / ↑1))
      (Mathlib.Meta.NormNum.isNat_eq_true (Mathlib.Meta.NormNum.isNat_ofNat ℝ Nat.cast_zero)
        (Mathlib.Meta.NormNum.isNat_ratCast
          (Mathlib.Meta.NormNum.IsNNRat.to_isNat
            (Mathlib.Meta.NormNum.isNNRat_div
              (Mathlib.Meta.NormNum.IsNat.to_isNNRat
                (Mathlib.Meta.NormNum.isNat_mul (Eq.refl HMul.hMul)
                  (Mathlib.Meta.NormNum.isNat_intCast 0 0 (Mathlib.Meta.NormNum.isNat_ofNat ℤ (Eq.refl 0)))
                  (Mathlib.Meta.NormNum.IsNNRat.to_isNat
                    (Mathlib.Meta.NormNum.isNNRat_inv_pos
                      (Mathlib.Meta.NormNum.IsNat.to_isNNRat
                        (Mathlib.Meta.NormNum.isNat_intCast 1 1 (Mathlib.Meta.NormNum.isNat_ofNat ℤ (Eq.refl 1))))))
                  (Eq.refl 0)))))))
      (6 / 5) (↑(↑6 / ↑5))
      (Mathlib.Meta.NormNum.isNNRat_eq_true
        (Mathlib.Meta.NormNum.isNNRat_div
          (Mathlib.Meta.NormNum.isNNRat_mul (Eq.refl HMul.hMul)
            (Mathlib.Meta.NormNum.IsNat.to_isNNRat (Mathlib.Meta.NormNum.isNat_ofNat ℝ (Eq.refl 6)))
            (Mathlib.Meta.NormNum.isNNRat_inv_pos
              (Mathlib.Meta.NormNum.IsNat.to_isNNRat (Mathlib.Meta.NormNum.isNat_ofNat ℝ (Eq.refl 5))))
            (Eq.refl (Nat.mul 6 1)) (Eq.refl 5)))
        (Mathlib.Meta.NormNum.isNNRat_ratCast
          (Mathlib.Meta.NormNum.isNNRat_div
            (Mathlib.Meta.NormNum.isNNRat_mul (Eq.refl HMul.hMul)
              (Mathlib.Meta.NormNum.IsNat.to_isNNRat
                (Mathlib.Meta.NormNum.isNat_intCast 6 6 (Mathlib.Meta.NormNum.isNat_ofNat ℤ (Eq.refl 6))))
              (Mathlib.Meta.NormNum.isNNRat_inv_pos
                (Mathlib.Meta.NormNum.IsNat.to_isNNRat
                  (Mathlib.Meta.NormNum.isNat_intCast 5 5 (Mathlib.Meta.NormNum.isNat_ofNat ℤ (Eq.refl 5)))))
              (Eq.refl (Nat.mul 6 1)) (Eq.refl 5)))))))
  (Eq.mp
    (congr (congrArg LT.lt (congrArg Rat.cast (Rat.divInt_eq_div 0 1))) (congrArg Rat.cast (Rat.divInt_eq_div 6 5))) h0)
DIRECT_DEPENDENCIES NLA.MI26.functionalCalculus_eq_spectral_proved: [Nat,
 Matrix,
 Fin,
 Complex,
 Matrix.IsHermitian,
 InvolutiveStar.toStar,
 StarAddMonoid.toInvolutiveStar,
 AddCommMonoid.toAddMonoid,
 NonUnitalNonAssocSemiring.toAddCommMonoid,
 NonUnitalNonAssocRing.toNonUnitalNonAssocSemiring,
 NonUnitalNonAssocCommRing.toNonUnitalNonAssocRing,
 NonUnitalCommRing.toNonUnitalNonAssocCommRing,
 Complex.instNonUnitalCommRing,
 StarRing.toStarAddMonoid,
 Complex.instStarRing,
 Real,
 id,
 Eq,
 NLA.MI26.functionalCalculus,
 HMul.hMul,
 Matrix.instHMulOfFintypeOfMulOfAddCommMonoid,
 Fin.fintype,
 Complex.instMul,
 Complex.instAddCommMonoid,
 Subtype.val,
 Membership.mem,
 Submonoid,
 MulZeroOneClass.toMulOneClass,
 instMulZeroOneClassOfSemiring,
 Matrix.semiring,
 CommSemiring.toSemiring,
 CommRing.toCommSemiring,
 Field.toCommRing,
 NormedField.toField,
 DenselyNormedField.toNormedField,
 RCLike.toDenselyNormedField,
 Complex.instRCLike,
 instDecidableEqFin,
 SetLike.instMembership,
 Submonoid.instSetLike,
 Matrix.unitaryGroup,
 RCLike.toStarRing,
 Matrix.IsHermitian.eigenvectorUnitary,
 Matrix.diagonal,
 Complex.instZero,
 Complex.ofReal,
 Matrix.IsHermitian.eigenvalues,
 Matrix.conjTranspose,
 Matrix.IsHermitian.cfc_eq]
DIRECT_DEPENDENCIES NLA.MI26.functionalCalculus_congr_nonneg_proved: [Nat,
 Matrix,
 Fin,
 Complex,
 Matrix.PosSemidef,
 Complex.instRing,
 Complex.partialOrder,
 Complex.instStarRing,
 Real,
 Set.EqOn,
 Set.Ici,
 Real.instPreorder,
 OfNat.ofNat,
 Zero.toOfNat0,
 Real.instZero,
 Eq.mpr,
 Eq,
 NLA.MI26.functionalCalculus,
 HMul.hMul,
 Matrix.instHMulOfFintypeOfMulOfAddCommMonoid,
 Fin.fintype,
 Complex.instMul,
 Complex.instAddCommMonoid,
 Subtype.val,
 Membership.mem,
 Submonoid,
 MulZeroOneClass.toMulOneClass,
 instMulZeroOneClassOfSemiring,
 Matrix.semiring,
 CommSemiring.toSemiring,
 CommRing.toCommSemiring,
 Field.toCommRing,
 NormedField.toField,
 DenselyNormedField.toNormedField,
 RCLike.toDenselyNormedField,
 Complex.instRCLike,
 instDecidableEqFin,
 SetLike.instMembership,
 Submonoid.instSetLike,
 Matrix.unitaryGroup,
 RCLike.toStarRing,
 Matrix.IsHermitian.eigenvectorUnitary,
 Matrix.PosSemidef.isHermitian,
 Matrix.diagonal,
 Complex.instZero,
 Complex.ofReal,
 Matrix.IsHermitian.eigenvalues,
 Matrix.conjTranspose,
 InvolutiveStar.toStar,
 StarAddMonoid.toInvolutiveStar,
 AddCommMonoid.toAddMonoid,
 NonUnitalNonAssocSemiring.toAddCommMonoid,
 NonUnitalNonAssocRing.toNonUnitalNonAssocSemiring,
 NonUnitalNonAssocCommRing.toNonUnitalNonAssocRing,
 NonUnitalCommRing.toNonUnitalNonAssocCommRing,
 Complex.instNonUnitalCommRing,
 StarRing.toStarAddMonoid,
 id,
 congrArg,
 NLA.MI26.functionalCalculus_eq_spectral_proved,
 funext,
 And.left,
 Matrix.IsHermitian,
 NonAssocRing.toNonUnitalNonAssocRing,
 Ring.toNonAssocRing,
 DivisionRing.toRing,
 Field.toDivisionRing,
 Finsupp,
 MulZeroClass.toZero,
 instMulZeroClassOfSemiring,
 Ring.toSemiring,
 LE.le,
 Preorder.toLE,
 PartialOrder.toPreorder,
 RCLike.toPartialOrder,
 Finsupp.sum,
 Semiring.toAddCommMonoid,
 instHMul,
 Distrib.toMul,
 instDistribOfSemiring,
 Star.star,
 Matrix.PosSemidef.eigenvalues_nonneg,
 Eq.refl]
DIRECT_DEPENDENCIES NLA.MI26.quadratic_cfc_proved: [Nat,
 Matrix,
 Fin,
 Complex,
 Matrix.IsHermitian,
 InvolutiveStar.toStar,
 StarAddMonoid.toInvolutiveStar,
 AddCommMonoid.toAddMonoid,
 NonUnitalNonAssocSemiring.toAddCommMonoid,
 NonUnitalNonAssocRing.toNonUnitalNonAssocSemiring,
 NonUnitalNonAssocCommRing.toNonUnitalNonAssocRing,
 NonUnitalCommRing.toNonUnitalNonAssocCommRing,
 Complex.instNonUnitalCommRing,
 StarRing.toStarAddMonoid,
 Complex.instStarRing,
 id,
 Eq,
 NLA.MI26.functionalCalculus,
 NLA.MI26.witnessFunction,
 HSub.hSub,
 instHSub,
 Matrix.sub,
 Complex.instSub,
 HPow.hPow,
 instHPow,
 NPow.toPow,
 Monoid.toNPow,
 Semiring.toMonoid,
 Matrix.semiring,
 Complex.instSemiring,
 Fin.fintype,
 instDecidableEqFin,
 OfNat.ofNat,
 instOfNatNat,
 cfc,
 Real,
 IsSelfAdjoint,
 Matrix.instStar,
 CommRing.toNonUnitalCommRing,
 Field.toCommRing,
 NormedField.toField,
 DenselyNormedField.toNormedField,
 RCLike.toDenselyNormedField,
 Complex.instRCLike,
 RCLike.toStarRing,
 Real.instCommSemiring,
 instStarRingReal,
 Real.metricSpace,
 NLA.MI26.functionalCalculus._proof_1,
 instContinuousStarReal,
 instTopologicalSpaceMatrix,
 UniformSpace.toTopologicalSpace,
 PseudoMetricSpace.toUniformSpace,
 SeminormedRing.toPseudoMetricSpace,
 SeminormedCommRing.toSeminormedRing,
 NormedCommRing.toSeminormedCommRing,
 CommCStarAlgebra.toNormedCommRing,
 instCommCStarAlgebraComplex,
 Matrix.instRing,
 Complex.instRing,
 Matrix.instStarRing,
 Matrix.instAlgebra,
 Ring.toSemiring,
 NormedAlgebra.toAlgebra,
 Real.normedField,
 RCLike.toNormedAlgebra,
 NLA.MI26.functionalCalculus._proof_2,
 Eq.mpr,
 Real.instSub,
 Real.instMonoid,
 SubNegMonoid.toSub,
 AddGroup.toSubNegMonoid,
 AddGroupWithOne.toAddGroup,
 Ring.toAddGroupWithOne,
 CommRing.toCommSemiring,
 Real.commRing,
 IsTopologicalRing.toIsTopologicalSemiring,
 MetricSpace.toPseudoMetricSpace,
 instIsTopologicalRingReal,
 Matrix.IsHermitian.instContinuousFunctionalCalculus,
 congrArg,
 CommRing.toRing,
 cfc_sub,
 continuousOn_id',
 spectrum,
 ContinuousOn.fun_pow,
 IsTopologicalSemiring.toContinuousMul,
 CommSemiring.toSemiring,
 cfc_pow,
 Matrix.IsHermitian.isSelfAdjoint,
 cfc_id',
 Eq.refl]
DIRECT_DEPENDENCIES NLA.MI26.admissibleFunction_iff_proved: [Real,
 Iff.intro,
 NLA.MI26.AdmissibleFunction,
 And,
 LE.le,
 Real.instLE,
 OfNat.ofNat,
 Zero.toOfNat0,
 Real.instZero,
 One.toOfNat1,
 Real.instOne,
 HAdd.hAdd,
 instHAdd,
 Real.instAdd,
 HMul.hMul,
 instHMul,
 Real.instMul,
 HSub.hSub,
 instHSub,
 Real.instSub,
 And.intro,
 And.right,
 ConcaveOn,
 Real.semiring,
 Real.partialOrder,
 Real.instAddCommMonoid,
 instSMulOfMul,
 Set.Ici,
 Real.instPreorder,
 Convex,
 Membership.mem,
 Set,
 Set.instMembership,
 Preorder.toLE,
 PartialOrder.toPreorder,
 MulZeroClass.toZero,
 instMulZeroClassOfSemiring,
 Eq,
 Distrib.toAdd,
 instDistribOfSemiring,
 AddMonoidWithOne.toOne,
 AddCommMonoidWithOne.toAddMonoidWithOne,
 NonAssocSemiring.toAddCommMonoidWithOne,
 Semiring.toNonAssocSemiring,
 AddCommMagma.toAdd,
 AddCommSemigroup.toAddCommMagma,
 AddCommMonoid.toAddCommSemigroup,
 HSMul.hSMul,
 instHSMul,
 And.left,
 SubNegMonoid.toSub,
 AddGroup.toSubNegMonoid,
 Real.instAddGroup,
 Iff.mpr,
 NegZeroClass.toZero,
 SubNegZeroMonoid.toNegZeroClass,
 SubtractionMonoid.toSubNegZeroMonoid,
 AddGroup.toSubtractionMonoid,
 sub_nonneg,
 covariant_swap_add_of_covariant_add,
 Real.instAddCommSemigroup,
 IsOrderedAddMonoid.toAddLeftMono,
 Real.instIsOrderedAddMonoid,
 Mathlib.Tactic.Ring.of_eq,
 CommSemiring.toSemiring,
 Real.instCommSemiring,
 Nat.rawCast,
 Mathlib.Tactic.Ring.Common.add_congr,
 Distrib.toMul,
 HPow.hPow,
 Nat,
 instHPow,
 NPow.toPow,
 Monoid.toNPow,
 Semiring.toMonoid,
 Nat.instCommSemiring,
 Int.rawCast,
 inferInstance,
 Ring,
 CommRing.toRing,
 Real.commRing,
 Int.negOfNat,
 Mathlib.Tactic.Ring.Common.atom_pf,
 rfl,
 Eq.mpr,
 id,
 congrArg,
 Eq.symm,
 Eq.refl,
 Mathlib.Tactic.Ring.Common.sub_congr,
 Mathlib.Tactic.Ring.cast_pos,
 Mathlib.Meta.NormNum.isNat_ofNat,
 AddGroupWithOne.toAddMonoidWithOne,
 Ring.toAddGroupWithOne,
 Real.instRing,
 Nat.cast_one,
 Mathlib.Tactic.Ring.Common.sub_pf,
 Mathlib.Tactic.Ring.Common.neg_add,
 Mathlib.Tactic.Ring.Common.neg_mul,
 Mathlib.Meta.NormNum.IsInt.to_raw_eq,
 Neg.neg,
 NegZeroClass.toNeg,
 SubtractionCommMonoid.toSubtractionMonoid,
 AddCommGroup.toDivisionAddCommMonoid,
 Ring.toAddCommGroup,
 Mathlib.Meta.NormNum.isInt_neg,
 Int.ofNat,
 Mathlib.Meta.NormNum.IsNat.to_isInt,
 Mathlib.Meta.NormNum.IsNat.of_raw,
 Int,
 Mathlib.Tactic.Ring.Common.neg_zero,
 Mathlib.Tactic.Ring.Common.add_pf_add_lt,
 Mathlib.Tactic.Ring.Common.add_pf_zero_add,
 Mathlib.Tactic.Ring.Common.add_pf_add_gt,
 Mathlib.Tactic.Ring.Common.add_pf_add_overlap_zero,
 Mathlib.Tactic.Ring.Common.add_overlap_pf_zero,
 Mathlib.Meta.NormNum.IsInt.to_isNat,
 Mathlib.Meta.NormNum.isInt_add,
 Mathlib.Meta.NormNum.IsInt.of_raw,
 And.casesOn,
 convex_Ici,
 Semiring.toModule,
 IsOrderedModule.toPosSMulMono,
 SMulZeroClass.toSMul,
 AddZero.toZero,
 AddZeroClass.toAddZero,
 AddMonoid.toAddZeroClass,
 AddCommMonoid.toAddMonoid,
 DistribSMul.toSMulZeroClass,
 DistribMulAction.toDistribSMul,
 Module.toDistribMulAction,
 NonUnitalNonAssocSemiring.toMulZeroClass,
 NonUnitalSemiring.toNonUnitalNonAssocSemiring,
 NonUnitalCommSemiring.toNonUnitalSemiring,
 NonUnitalCommRing.toNonUnitalCommSemiring,
 CommRing.toNonUnitalCommRing,
 instIsOrderedModule,
 instStarRingReal,
 Real.instStarOrderedRing,
 RCLike.instStarModuleReal,
 Real.instRCLike,
 IsScalarTower.right,
 Algebra.id,
 Algebra.to_smulCommClass,
 Mathlib.Tactic.Linarith.eq_of_not_lt_of_not_gt,
 Real.linearOrder,
 Not.intro,
 LT.lt,
 Preorder.toLT,
 SemilatticeInf.toPartialOrder,
 Lattice.toSemilatticeInf,
 DistribLattice.toLattice,
 instDistribLatticeOfLinearOrder,
 Mathlib.Tactic.Linarith.lt_irrefl,
 Eq.mp,
 AddSemigroup.toAdd,
 AddMonoid.toAddSemigroup,
 Real.instAddMonoid,
 Real.instAddCommGroup,
 AddGroupWithOne.toAddGroup,
 Mathlib.Meta.NormNum.instAddMonoidWithOne,
 Mathlib.Tactic.Ring.Common.neg_congr,
 Mathlib.Tactic.Ring.Common.add_pf_add_zero,
 Mathlib.Meta.NormNum.IsNat.to_raw_eq,
 Mathlib.Tactic.Ring.cast_zero,
 Nat.cast_zero,
 Mathlib.Tactic.Linarith.lt_of_eq_of_lt,
 neg_eq_zero,
 sub_eq_zero_of_eq,
 Mathlib.Tactic.Linarith.sub_neg_of_lt,
 Real.instIsOrderedRing,
 congr,
 congrFun',
 le_of_not_gt,
 LinearOrder.toPartialOrder,
 Mathlib.Tactic.Linarith.add_lt_of_le_of_neg,
 Real.instIsStrictOrderedRing,
 Mathlib.Tactic.Linarith.le_of_le_of_eq,
 Mathlib.Tactic.Linarith.sub_nonpos_of_le]
DIRECT_DEPENDENCIES NLA.MI26.witness_data_proved: [And.intro,
 NLA.MI26.AdmissibleFunction,
 NLA.MI26.witnessFunction,
 And,
 Eq,
 Real,
 OfNat.ofNat,
 Zero.toOfNat0,
 Real.instZero,
 instOfNatAtLeastTwo,
 Real.instNatCast,
 Nat.instAtLeastTwoHAddOfNat,
 Nat,
 instOfNatNat,
 Nat.instNeZeroSucc,
 Neg.neg,
 Real.instNeg,
 Matrix.PosSemidef,
 Fin,
 Complex,
 Complex.instRing,
 Complex.partialOrder,
 Complex.instStarRing,
 NLA.MI26.witnessP,
 NLA.MI26.witnessQ,
 Matrix,
 HPow.hPow,
 instHPow,
 NPow.toPow,
 Monoid.toNPow,
 Semiring.toMonoid,
 Matrix.semiring,
 Complex.instSemiring,
 Fin.fintype,
 instDecidableEqFin,
 NLA.MI26.functionalCalculus,
 Matrix.zero,
 Complex.instZero,
 HAdd.hAdd,
 instHAdd,
 Matrix.add,
 Complex.instAdd,
 NLA.MI26.witnessImage,
 Ne,
 NLA.MI26.witnessVector,
 Pi.instZero,
 dotProduct,
 Complex.instMul,
 Complex.instAddCommMonoid,
 Star.star,
 Pi.instStarForall,
 InvolutiveStar.toStar,
 StarAddMonoid.toInvolutiveStar,
 AddCommMonoid.toAddMonoid,
 NonUnitalNonAssocSemiring.toAddCommMonoid,
 NonUnitalNonAssocRing.toNonUnitalNonAssocSemiring,
 NonUnitalNonAssocCommRing.toNonUnitalNonAssocRing,
 NonUnitalCommRing.toNonUnitalNonAssocCommRing,
 Complex.instNonUnitalCommRing,
 StarRing.toStarAddMonoid,
 Matrix.mulVec,
 HDiv.hDiv,
 instHDiv,
 DivInvMonoid.toDiv,
 Complex.instDivInvMonoid,
 Complex.instNatCast,
 LT.lt,
 Real.instLT,
 Real.instDivInvMonoid,
 NLA.MI26.witness_function_admissible,
 of_eq_true,
 Eq.trans,
 True,
 AddZero.toZero,
 AddZeroClass.toAddZero,
 AddMonoid.toAddZeroClass,
 AddMonoidWithOne.toAddMonoid,
 Mathlib.Meta.NormNum.instAddMonoidWithOne,
 Real.instRing,
 congrFun',
 congrArg,
 Mathlib.Meta.NormNum.IsNat.to_eq,
 HSub.hSub,
 instHSub,
 Real.instSub,
 Real.instMonoid,
 Mathlib.Meta.NormNum.IsInt.to_isNat,
 SubNegMonoid.toSub,
 AddGroup.toSubNegMonoid,
 AddGroupWithOne.toAddGroup,
 Ring.toAddGroupWithOne,
 Mathlib.Meta.NormNum.isInt_sub,
 Int.ofNat,
 Eq.refl,
 Mathlib.Meta.NormNum.IsNat.to_isInt,
 Mathlib.Meta.NormNum.isNat_ofNat,
 AddGroupWithOne.toAddMonoidWithOne,
 Nat.cast_zero,
 Mathlib.Meta.NormNum.isNat_pow,
 Real.semiring,
 Nat.instAddMonoidWithOne,
 Mathlib.Meta.NormNum.zero_natPow,
 Int,
 eq_self,
 eq_true,
 True.intro,
 NegZeroClass.toNeg,
 SubNegZeroMonoid.toNegZeroClass,
 SubtractionMonoid.toSubNegZeroMonoid,
 SubtractionCommMonoid.toSubtractionMonoid,
 AddCommGroup.toDivisionAddCommMonoid,
 Ring.toAddCommGroup,
 AddMonoidWithOne.toNatCast,
 AddCommMonoidWithOne.toAddMonoidWithOne,
 NonAssocSemiring.toAddCommMonoidWithOne,
 Semiring.toNonAssocSemiring,
 Ring.toSemiring,
 Mathlib.Meta.NormNum.instAtLeastTwo,
 Mathlib.Meta.NormNum.IsInt.neg_to_eq,
 Int.negOfNat,
 Mathlib.Meta.NormNum.IsNatPowT.run,
 Mathlib.Meta.NormNum.IsNatPowT.bit0,
 NLA.MI26.witnessP_posSemidef,
 NLA.MI26.witnessQ_posSemidef,
 NLA.MI26.witnessP_squared,
 NLA.MI26.witnessQ_squared,
 NLA.MI26.witness_image_P,
 NLA.MI26.witness_image_Q,
 NLA.MI26.witness_image_sum,
 NLA.MI26.witness_vector_ne_zero,
 NLA.MI26.witness_quadratic,
 NLA.MI26.witness_positive]
DIRECT_DEPENDENCIES NLA.MI26.counterexample_proved: [Subtype,
 Matrix,
 Fin,
 OfNat.ofNat,
 Nat,
 instOfNatNat,
 Complex,
 Membership.mem,
 Submonoid,
 MulZeroOneClass.toMulOneClass,
 instMulZeroOneClassOfSemiring,
 Matrix.semiring,
 CommSemiring.toSemiring,
 CommRing.toCommSemiring,
 Complex.commRing,
 Fin.fintype,
 instDecidableEqFin,
 SetLike.instMembership,
 Submonoid.instSetLike,
 Matrix.unitaryGroup,
 Complex.instStarRing,
 LE.le,
 Preorder.toLE,
 Matrix.instPreOrder,
 Complex.instRCLike,
 NLA.MI26.functionalCalculus,
 NLA.MI26.witnessFunction,
 HAdd.hAdd,
 instHAdd,
 Matrix.add,
 Complex.instAdd,
 NLA.MI26.witnessP,
 NLA.MI26.witnessQ,
 NLA.MI26.unitaryConjugate,
 PartialOrder.toPreorder,
 RCLike.toPartialOrder,
 Zero.toOfNat0,
 MulZeroClass.toZero,
 instMulZeroClassOfSemiring,
 Ring.toSemiring,
 DivisionRing.toRing,
 Field.toDivisionRing,
 NormedField.toField,
 DenselyNormedField.toNormedField,
 RCLike.toDenselyNormedField,
 dotProduct,
 Distrib.toMul,
 instDistribOfSemiring,
 Semiring.toAddCommMonoid,
 Star.star,
 Pi.instStarForall,
 InvolutiveStar.toStar,
 StarAddMonoid.toInvolutiveStar,
 AddCommMonoid.toAddMonoid,
 NonUnitalNonAssocSemiring.toAddCommMonoid,
 NonUnitalNonAssocRing.toNonUnitalNonAssocSemiring,
 NonAssocRing.toNonUnitalNonAssocRing,
 Ring.toNonAssocRing,
 StarRing.toStarAddMonoid,
 RCLike.toStarRing,
 NLA.MI26.witnessVector,
 Matrix.mulVec,
 Neg.neg,
 SubNegMonoid.toNeg,
 AddGroup.toSubNegMonoid,
 Matrix.addGroup,
 AddGroupWithOne.toAddGroup,
 Complex.addGroupWithOne,
 NLA.MI26.witnessImage,
 Matrix.PosSemidef.dotProduct_mulVec_nonneg,
 Eq.mp,
 Matrix.zero,
 Complex.instZero,
 Matrix.PosSemidef,
 Eq.trans,
 HSub.hSub,
 instHSub,
 Matrix.sub,
 SubNegMonoid.toSub,
 Ring.toAddGroupWithOne,
 Complex.instSemiring,
 congrArg,
 congr,
 HMul.hMul,
 Matrix.instHMulOfFintypeOfMulOfAddCommMonoid,
 Complex.instMul,
 Complex.instAddCommMonoid,
 Subtype.val,
 Matrix.conjTranspose,
 NonUnitalNonAssocCommRing.toNonUnitalNonAssocRing,
 NonUnitalCommRing.toNonUnitalNonAssocCommRing,
 Complex.instNonUnitalCommRing,
 congrFun',
 MulZeroClass.mul_zero,
 MulZeroClass.zero_mul,
 add_zero,
 Matrix.addZeroClass,
 AddMonoid.toAddZeroClass,
 AddMonoidWithOne.toAddMonoid,
 AddGroupWithOne.toAddMonoidWithOne,
 NLA.MI26.counterexample_proved._simp_1_2,
 zero_sub,
 NLA.MI26.witness_image_Q,
 NLA.MI26.witness_image_P,
 NLA.MI26.witness_image_sum,
 Real,
 Real.instLE,
 Real.instZero,
 Complex.re,
 NegZeroClass.toNeg,
 SubNegZeroMonoid.toNegZeroClass,
 SubtractionMonoid.toSubNegZeroMonoid,
 SubtractionCommMonoid.toSubtractionMonoid,
 AddCommGroup.toDivisionAddCommMonoid,
 NonUnitalNonAssocRing.toAddCommGroup,
 HDiv.hDiv,
 instHDiv,
 DivInvMonoid.toDiv,
 Complex.instDivInvMonoid,
 instOfNatAtLeastTwo,
 Complex.instNatCast,
 Nat.instAtLeastTwoHAddOfNat,
 Nat.instNeZeroSucc,
 And.left,
 Eq,
 Complex.im,
 Iff.mp,
 Complex.partialOrder,
 And,
 Complex.nonneg_iff,
 NLA.MI26.witness_quadratic,
 NonUnitalNonAssocSemiring.toDistrib,
 Pi.instNeg,
 dotProduct_neg,
 Matrix.neg,
 Matrix.neg_mulVec,
 Complex.instNeg,
 Real.instNeg,
 Real.instDivInvMonoid,
 Real.instNatCast,
 of_eq_true,
 True,
 Ring.toAddCommGroup,
 Real.instDivisionRing,
 DivisionRing.toDivInvMonoid,
 AddMonoidWithOne.toNatCast,
 AddCommMonoidWithOne.toAddMonoidWithOne,
 NonAssocSemiring.toAddCommMonoidWithOne,
 Semiring.toNonAssocSemiring,
 DivisionSemiring.toSemiring,
 DivisionRing.toDivisionSemiring,
 Mathlib.Meta.NormNum.instAtLeastTwo,
 Complex.instField,
 Mathlib.Meta.NormNum.IsRat.neg_to_eq,
 Mathlib.Meta.NormNum.isRat_neg,
 Int.ofNat,
 Int.negOfNat,
 Eq.refl,
 Mathlib.Meta.NormNum.IsNNRat.to_isRat,
 Mathlib.Meta.NormNum.isNNRat_div,
 Semifield.toDivisionSemiring,
 Field.toSemifield,
 Mathlib.Meta.NormNum.isNNRat_mul,
 instHMul,
 Inv.inv,
 InvOneClass.toInv,
 DivInvOneMonoid.toInvOneClass,
 DivisionMonoid.toDivInvOneMonoid,
 GroupWithZero.toDivisionMonoid,
 DivisionSemiring.toGroupWithZero,
 Mathlib.Meta.NormNum.IsNat.to_isNNRat,
 Mathlib.Meta.NormNum.isNat_ofNat,
 Mathlib.Meta.NormNum.isNNRat_inv_pos,
 Complex.instCharZero,
 Nat.mul,
 Int,
 GroupWithZero.toDivInvMonoid,
 Real.instField,
 Mathlib.Meta.NormNum.IsNNRat.to_eq,
 Complex.div_ofNat_re,
 Real.semiring,
 Real.instRing,
 FloorSemiring.instCharZero,
 Real.partialOrder,
 FloorRing.toFloorSemiring,
 Real.linearOrder,
 Real.instFloorRing,
 eq_self,
 eq_true,
 True.intro,
 not_le_of_gt,
 Real.instAddCommGroup,
 NegZeroClass.toZero,
 neg_neg_of_pos,
 Real.instIsOrderedAddMonoid,
 NLA.MI26.witness_positive]
'NLA.MI26.admissibleFunction_iff' depends on axioms: [propext, Classical.choice, Quot.sound]
'NLA.MI26.functionalCalculus_eq_spectral' depends on axioms: [propext, Classical.choice, Quot.sound]
'NLA.MI26.functionalCalculus_congr_nonneg' depends on axioms: [propext, Classical.choice, Quot.sound]
'NLA.MI26.quadratic_cfc' depends on axioms: [propext, Classical.choice, Quot.sound]
'NLA.MI26.witness_data' depends on axioms: [propext, Classical.choice, Quot.sound]
'NLA.MI26.counterexample' depends on axioms: [propext, Classical.choice, Quot.sound]
'NLA.MI26.not_subadditivityConjecture' depends on axioms: [propext, Classical.choice, Quot.sound]
