{
  "selected_job_checks": "PASS",
  "complete_inputs": 190,
  "exports": 8,
  "original_archives": [
    {
      "name": "lean-checker-controls",
      "id": 10307133719,
      "sha256": "f8908adc9b1840cf4d8b9350aa904e8adf160d1d58f696be831cae3d2d191978",
      "file_count": 10
    },
    {
      "name": "lean-IE-23",
      "id": 10307098903,
      "sha256": "bc1fceb8cc81b8c3f7a4c938b3208fc2727fa4f3895dd4c70f5ec3e01f480271",
      "file_count": 13
    }
  ],
  "overall_run_success_observed": true
}
