{
  "selected_job_checks": "PASS",
  "complete_inputs": 135,
  "exports": 7,
  "original_archives": [
    {
      "name": "lean-TR-15",
      "id": 10305970173,
      "sha256": "56172cc54a3e98496b29f46cf14d698c739f2df08883fb27cf241a4d4ac91256",
      "file_count": 13
    },
    {
      "name": "lean-checker-controls",
      "id": 10305660228,
      "sha256": "e068281270afa36c340a6cb646d0aa711f0232b08e016356e4ad4106aa1eb57d",
      "file_count": 10
    }
  ],
  "overall_run_success_observed": true
}
