$ lake exe cache get
✔ [1/5] Built Cache.Cli (272ms)
✔ [2/5] Built Cache.Lean (295ms)
✔ [6/26] Built Cache.Cli:c.o (138ms)
✔ [7/26] Built Cache.Lean:c.o (209ms)
✔ [8/26] Built Cache.Infra (364ms)
✔ [9/26] Built Cache.Infra:c.o (177ms)
✔ [10/26] Built Batteries.Tactic.OpenPrivate (796ms)
✔ [11/26] Built Cache.IO (1.1s)
✔ [12/26] Built Batteries.Tactic.OpenPrivate:c.o (1.0s)
✔ [13/26] Built Cache.Hashing (581ms)
✔ [14/26] Built Cache.Hashing:c.o (469ms)
✔ [15/26] Built Cache.IO:c.o (1.3s)
✔ [16/26] Built Cache.Requests (1.7s)
✔ [17/26] Built Cache.Marker (419ms)
✔ [18/26] Built Cache.Marker:c.o (104ms)
✔ [19/26] Built Cache.Query (562ms)
✔ [20/26] Built Cache.Query:c.o (323ms)
✔ [21/26] Built Cache.Warning (586ms)
✔ [22/26] Built Cache.Warning:c.o (211ms)
✔ [23/26] Built Cache.Requests:c.o (2.4s)
✔ [24/26] Built Cache.Main (929ms)
✔ [25/26] Built Cache.Main:c.o (745ms)
✔ [26/26] Built cache:exe (588ms)
Current branch: HEAD
Using cache from origin: (some leanprover-community/mathlib4)
Attempting to download 8690 file(s) from leanprover-community/mathlib4 cache at https://lakecache.blob.core.windows.net/mathlib4-master

Downloaded: 1 file(s) [attempted 1/8690 = 0%, 25 KB/s], Decompressed: 0
Downloaded: 236 file(s) [attempted 236/8690 = 2%, 15425 KB/s], Decompressed: 18
Downloaded: 571 file(s) [attempted 571/8690 = 6%, 1195 KB/s], Decompressed: 48
Downloaded: 948 file(s) [attempted 948/8690 = 10%, 7089 KB/s], Decompressed: 48
Downloaded: 1360 file(s) [attempted 1360/8690 = 15%, 23065 KB/s], Decompressed: 48
Downloaded: 1796 file(s) [attempted 1796/8690 = 20%, 8318 KB/s], Decompressed: 48
Downloaded: 2199 file(s) [attempted 2199/8690 = 25%, 17399 KB/s], Decompressed: 48
Downloaded: 2580 file(s) [attempted 2580/8690 = 29%, 5625 KB/s], Decompressed: 48
Downloaded: 2996 file(s) [attempted 2996/8690 = 34%, 848 KB/s], Decompressed: 48
Downloaded: 3376 file(s) [attempted 3376/8690 = 38%, 1300 KB/s], Decompressed: 48
Downloaded: 3684 file(s) [attempted 3684/8690 = 42%, 3536 KB/s], Decompressed: 48
Downloaded: 4187 file(s) [attempted 4187/8690 = 48%, 1760 KB/s], Decompressed: 48
Downloaded: 4729 file(s) [attempted 4729/8690 = 54%, 10492 KB/s], Decompressed: 337
Downloaded: 5186 file(s) [attempted 5186/8690 = 59%, 11472 KB/s], Decompressed: 337
Downloaded: 5558 file(s) [attempted 5558/8690 = 63%, 1518 KB/s], Decompressed: 337
Downloaded: 5989 file(s) [attempted 5989/8690 = 68%, 4925 KB/s], Decompressed: 337
Downloaded: 6354 file(s) [attempted 6354/8690 = 73%, 3296 KB/s], Decompressed: 337
Downloaded: 6652 file(s) [attempted 6652/8690 = 76%, 2176 KB/s], Decompressed: 337
Downloaded: 7004 file(s) [attempted 7004/8690 = 80%, 10752 KB/s], Decompressed: 337
Downloaded: 7333 file(s) [attempted 7333/8690 = 84%, 3889 KB/s], Decompressed: 337
Downloaded: 7730 file(s) [attempted 7730/8690 = 88%, 1102 KB/s], Decompressed: 337
Downloaded: 8048 file(s) [attempted 8048/8690 = 92%, 2290 KB/s], Decompressed: 337
Downloaded: 8487 file(s) [attempted 8487/8690 = 97%, 3813 KB/s], Decompressed: 337
Downloaded: 8688 file(s) [attempted 8688/8690 = 99%, 4481 KB/s], Decompressed: 337
Downloaded: 8690 file(s) [attempted 8690/8690 = 100%, 4481 KB/s], Decompressed: 337
Decompressed 8690 file(s)
Already decompressed 8690 file(s)

EXIT_STATUS=0
