/private/tmp/nla-lean-ra08-worktree/randomized-and-low-rank-approximation/RA-08/lean/NLA/RA08/Tails.lean:59:8: error: unexpected token 'λ'; expected ':=' or '|'
/private/tmp/nla-lean-ra08-worktree/randomized-and-low-rank-approximation/RA-08/lean/NLA/RA08/Tails.lean:59:7: error: Missing cases:
/private/tmp/nla-lean-ra08-worktree/randomized-and-low-rank-approximation/RA-08/lean/NLA/RA08/Tails.lean:57:61: error: unsolved goals
dA : OrderedSpectralData witnessMatrix
dAhat : OrderedSpectralData witnessApproximation
h :
  spectralNorm (witnessMatrix - truncation dA 3) = dA.eigenvalues ⟨3, ⋯⟩ ∧
    spectralNorm (functionalCalculus witnessFunction witnessMatrix - functionTruncation dA witnessFunction 3) =
      witnessFunction (dA.eigenvalues ⟨3, ⋯⟩)
⊢ spectralNorm (witnessMatrix - witnessApproximation) = witnessT ∧
    dA.eigenvalues 3 = witnessT ∧
      truncation dAhat 3 = witnessApproximation ∧
        functionTruncation dAhat witnessFunction 3 = functionalCalculus witnessFunction witnessApproximation ∧
          spectralNorm (witnessMatrix - truncation dA 3) = witnessT ∧
            spectralNorm (functionalCalculus witnessFunction witnessMatrix - functionTruncation dA witnessFunction 3) =
              witnessT
/private/tmp/nla-lean-ra08-worktree/randomized-and-low-rank-approximation/RA-08/lean/NLA/RA08/Tails.lean:67:21: error: #assert_trust: 'NLA.RA08.witness_tail_data_proved' depends on sorry or unrecognized axioms
  foundational: propext, Classical.choice, Quot.sound
  sorryAx: sorryAx
'NLA.RA08.approximation_truncation' depends on axioms: [propext, Classical.choice, Quot.sound]
'NLA.RA08.approximation_function_truncation' depends on axioms: [propext, Classical.choice, Quot.sound]
'NLA.RA08.witness_tail_data_proved' depends on axioms: [propext, sorryAx, Classical.choice, Quot.sound]
