⚠ [8707/8770] Replayed NLA.IV03.Principal
warning: NLA/IV03/Principal.lean:31:2: Try this: 
  letI̵

The goal is a proposition, so `let` is preferred over `letI`.
The difference between `let` and `letI` is that `letI` inlines the value.
But this is not relevant for proofs because of proof irrelevance.

Note: This linter can be disabled with `set_option linter.style.haveILetI false`
warning: NLA/IV03/Principal.lean:32:2: Try this: 
  letI̵

The goal is a proposition, so `let` is preferred over `letI`.
The difference between `let` and `letI` is that `letI` inlines the value.
But this is not relevant for proofs because of proof irrelevance.

Note: This linter can be disabled with `set_option linter.style.haveILetI false`
warning: NLA/IV03/Principal.lean:33:2: Try this: 
  letI̵

The goal is a proposition, so `let` is preferred over `letI`.
The difference between `let` and `letI` is that `letI` inlines the value.
But this is not relevant for proofs because of proof irrelevance.

Note: This linter can be disabled with `set_option linter.style.haveILetI false`
warning: NLA/IV03/Principal.lean:111:2: Try this: 
  letI̵

The goal is a proposition, so `let` is preferred over `letI`.
The difference between `let` and `letI` is that `letI` inlines the value.
But this is not relevant for proofs because of proof irrelevance.

Note: This linter can be disabled with `set_option linter.style.haveILetI false`
warning: NLA/IV03/Principal.lean:112:2: Try this: 
  letI̵

The goal is a proposition, so `let` is preferred over `letI`.
The difference between `let` and `letI` is that `letI` inlines the value.
But this is not relevant for proofs because of proof irrelevance.

Note: This linter can be disabled with `set_option linter.style.haveILetI false`
warning: NLA/IV03/Principal.lean:113:2: Try this: 
  letI̵

The goal is a proposition, so `let` is preferred over `letI`.
The difference between `let` and `letI` is that `letI` inlines the value.
But this is not relevant for proofs because of proof irrelevance.

Note: This linter can be disabled with `set_option linter.style.haveILetI false`
⚠ [8708/8770] Replayed NLA.IV03.Complementary
warning: NLA/IV03/Complementary.lean:28:2: Try this: 
  letI̵

The goal is a proposition, so `let` is preferred over `letI`.
The difference between `let` and `letI` is that `letI` inlines the value.
But this is not relevant for proofs because of proof irrelevance.

Note: This linter can be disabled with `set_option linter.style.haveILetI false`
warning: NLA/IV03/Complementary.lean:29:2: Try this: 
  letI̵

The goal is a proposition, so `let` is preferred over `letI`.
The difference between `let` and `letI` is that `letI` inlines the value.
But this is not relevant for proofs because of proof irrelevance.

Note: This linter can be disabled with `set_option linter.style.haveILetI false`
warning: NLA/IV03/Complementary.lean:30:2: Try this: 
  letI̵

The goal is a proposition, so `let` is preferred over `letI`.
The difference between `let` and `letI` is that `letI` inlines the value.
But this is not relevant for proofs because of proof irrelevance.

Note: This linter can be disabled with `set_option linter.style.haveILetI false`
⚠ [8709/8770] Replayed NLA.IV03.Adjugate
warning: NLA/IV03/Adjugate.lean:33:25: This simp argument is unused:
  Matrix.head_cons

Hint: Omit it from the simp argument list.
  [apply] simp only [Matrix.det_fin_two, Matrix.submatrix_apply, Matrix.cons_val_zero, Matrix.cons_val_one] at h₁ h₂ h₃

Note: This linter can be disabled with `set_option linter.unusedSimpArgs false`
⚠ [8710/8770] Replayed NLA.IV03.Cofactor
warning: NLA/IV03/Cofactor.lean:29:2: Try this: 
  letI̵

The goal is a proposition, so `let` is preferred over `letI`.
The difference between `let` and `letI` is that `letI` inlines the value.
But this is not relevant for proofs because of proof irrelevance.

Note: This linter can be disabled with `set_option linter.style.haveILetI false`
warning: NLA/IV03/Cofactor.lean:24:67: This simp argument is unused:
  Pi.single_apply

Hint: Omit it from the simp argument list.
  [apply] simp [P', Q', Matrix.updateRow_apply, Matrix.fromBlocks]

Note: This linter can be disabled with `set_option linter.unusedSimpArgs false`
warning: NLA/IV03/Cofactor.lean:26:67: This simp argument is unused:
  Pi.single_apply

Hint: Omit it from the simp argument list.
  [apply] simp [P', Q', Matrix.updateRow_apply, Matrix.fromBlocks]

Note: This linter can be disabled with `set_option linter.unusedSimpArgs false`
warning: NLA/IV03/Cofactor.lean:28:57: This simp argument is unused:
  Pi.single_apply

Hint: Omit it from the simp argument list.
  [apply] simp [Matrix.updateRow_apply, Matrix.fromBlocks]

Note: This linter can be disabled with `set_option linter.unusedSimpArgs false`
✔ [8798/8804] Built NLA.IV03.IntervalStructure (50s)
⚠ [8799/8804] Built NLA.IV03.Vertices (50s)
warning: NLA/IV03/Vertices.lean:46:16: Used `tac1 <;> tac2` where `(tac1; tac2)` would suffice

Note: This linter can be disabled with `set_option linter.unnecessarySeqFocus false`
✔ [8800/8804] Built NLA.IV03.SchurInterval (27s)
✔ [8801/8804] Built NLA.IV03.IntervalAdjugate (5.3s)
✔ [8802/8804] Built NLA.IV03.IntervalInduction (16s)
ℹ [8803/8804] Built Solution (21s)
info: Solution.lean:45:0: 'NLA.IV03.vertex_formula' depends on axioms: [propext, Classical.choice, Quot.sound]
info: Solution.lean:46:0: 'NLA.IV03.vertices_admissible' depends on axioms: [propext, Classical.choice, Quot.sound]
info: Solution.lean:47:0: 'NLA.IV03.nSquaredCriterion' depends on axioms: [propext, Classical.choice, Quot.sound]
info: Solution.lean:48:0: 'NLA.IV03.twoSignCriterion' depends on axioms: [propext, Classical.choice, Quot.sound]
Build completed successfully (8804 jobs).
