/private/tmp/nla-lean-mf16-worktree/matrix-functions-and-stability/MF-16/lean/NLA/MF16/Algebra.lean:23:55: error: unsolved goals
R : Type u_1
inst✝ : Semiring R
X B : Matrix (Fin 2) (Fin 2) R
⊢ X * (B * (X * (X * (X * (X * (X * (X * (X * (X * (X * (X * (X * (X * (B * X)))))))))))))) =
    X * (B * (X ^ 12 * (B * X)))
/private/tmp/nla-lean-mf16-worktree/matrix-functions-and-stability/MF-16/lean/NLA/MF16/Algebra.lean:24:31: warning: This simp argument is unused:
  List.map_append

Hint: Omit it from the simp argument list.
  [apply] simp [evalWord, witnessWord, List.prod_append, List.map_replicate, List.prod_replicate, mul_assoc]

Note: This linter can be disabled with `set_option linter.unusedSimpArgs false`
/private/tmp/nla-lean-mf16-worktree/matrix-functions-and-stability/MF-16/lean/NLA/MF16/Algebra.lean:24:48: warning: This simp argument is unused:
  List.prod_append

Hint: Omit it from the simp argument list.
  [apply] simp [evalWord, witnessWord, List.map_append, List.map_replicate, List.prod_replicate, mul_assoc]

Note: This linter can be disabled with `set_option linter.unusedSimpArgs false`
/private/tmp/nla-lean-mf16-worktree/matrix-functions-and-stability/MF-16/lean/NLA/MF16/Algebra.lean:25:4: warning: This simp argument is unused:
  List.map_replicate

Hint: Omit it from the simp argument list.
  [apply] simp [evalWord, witnessWord, List.map_append, List.prod_append, List.prod_replicate, mul_assoc]

Note: This linter can be disabled with `set_option linter.unusedSimpArgs false`
/private/tmp/nla-lean-mf16-worktree/matrix-functions-and-stability/MF-16/lean/NLA/MF16/Algebra.lean:25:24: warning: This simp argument is unused:
  List.prod_replicate

Hint: Omit it from the simp argument list.
  [apply] simp [evalWord, witnessWord, List.map_append, List.prod_append, List.map_replicate, mul_assoc]

Note: This linter can be disabled with `set_option linter.unusedSimpArgs false`
/private/tmp/nla-lean-mf16-worktree/matrix-functions-and-stability/MF-16/lean/NLA/MF16/Algebra.lean:34:13: error: failed to synthesize
  Decidable (SymmetricWord witnessWord)

Hint: Additional diagnostic information may be available using the `set_option diagnostics true` command.
/private/tmp/nla-lean-mf16-worktree/matrix-functions-and-stability/MF-16/lean/NLA/MF16/Algebra.lean:68:8: error: Type mismatch: After simplification, term
  div_pos hdet ha
 has type
  (0 : ℝ) < (a * d - b * b) / a
but is expected to have type
  (0 : ℂ) < (↑a * ↑d - ↑b * ↑b) / ↑a
