.lake/packages/mathlib/Mathlib/Algebra/Polynomial/Derivative.lean:58:theorem coeff_derivative (p : R[X]) (n : ℕ) :
.lake/packages/mathlib/Mathlib/Algebra/Polynomial/Derivative.lean:161:    mem_support_iff.1 h <| show p.derivative.coeff n = 0 by rw [coeff_derivative, h1, zero_mul]
.lake/packages/mathlib/Mathlib/Algebra/Polynomial/Derivative.lean:283:          rw [Function.iterate_succ_apply', coeff_derivative, ih m.succ, Nat.succ_add, Nat.add_succ]
.lake/packages/mathlib/Mathlib/Algebra/Polynomial/Derivative.lean:402:    simpa only [mem_support_iff, coeff_derivative, Ne, Nat.cast_succ]
.lake/packages/mathlib/Mathlib/Algebra/Polynomial/Derivative.lean:435:    have h2 := coeff_derivative p m
.lake/packages/mathlib/Mathlib/Algebra/Polynomial/Derivative.lean:449:  rw [leadingCoeff, leadingCoeff, coeff_derivative, natDegree_derivative]
.lake/packages/mathlib/Mathlib/RingTheory/MvPolynomial/Symmetric/Defs.lean:209:theorem aeval_esymm_eq_multiset_esymm [Algebra R S] (n : ℕ) (f : σ → S) :
.lake/packages/mathlib/Mathlib/RingTheory/MvPolynomial/Symmetric/NewtonIdentities.lean:36:* `MvPolynomial.psum_eq_mul_esymm_sub_sum`: a recurrence relation for the degree-`k` power sum
.lake/packages/mathlib/Mathlib/RingTheory/MvPolynomial/Symmetric/NewtonIdentities.lean:249:theorem psum_eq_mul_esymm_sub_sum (k : ℕ) (h : 0 < k) :
.lake/packages/mathlib/Mathlib/LinearAlgebra/Matrix/DotProduct.lean:60:  Finset.sum_nonneg (fun i _ => mul_nonneg (hv i) (hw i))
.lake/packages/mathlib/Mathlib/Data/Matrix/Mul.lean:553:    exact Finset.sum_nonneg fun l _ => mul_nonneg (ih i l) (hA l j)
.lake/packages/mathlib/Mathlib/LinearAlgebra/Matrix/Irreducible/Defs.lean:135:                 (fun x _ => mul_nonneg (pow_apply_nonneg hA m i x) (hA x j))]
.lake/packages/mathlib/Mathlib/LinearAlgebra/Matrix/Irreducible/Defs.lean:153:            (fun x _ => mul_nonneg (pow_apply_nonneg hA m i x) (hA x j))).2
.lake/packages/mathlib/Mathlib/LinearAlgebra/Matrix/Stochastic.lean:50:    refine ⟨fun i j => sum_nonneg fun i _ => mul_nonneg (hM.1 _ _) (hN.1 _ _), ?_⟩
.lake/packages/mathlib/Mathlib/LinearAlgebra/Matrix/Stochastic.lean:90:  apply mul_nonneg (hx k)
.lake/packages/mathlib/Mathlib/LinearAlgebra/Matrix/Stochastic.lean:101:  refine Left.mul_nonneg ?_ (hx k)
.lake/packages/mathlib/Mathlib/LinearAlgebra/Matrix/Stochastic.lean:113:  simp [add_nonneg, ha, hb, mul_nonneg, hx, hy, sum_add_distrib, ← mul_sum, h]
.lake/packages/mathlib/Mathlib/LinearAlgebra/Matrix/Stochastic.lean:136:      grind [mul_nonneg]
.lake/packages/mathlib/Mathlib/LinearAlgebra/Matrix/Stochastic.lean:177:  refine Left.mul_nonneg ?_ (hx k)
.lake/packages/mathlib/Mathlib/LinearAlgebra/Matrix/Stochastic.lean:188:  refine Left.mul_nonneg (hx k) ?_
.lake/packages/mathlib/Mathlib/LinearAlgebra/Matrix/Stochastic.lean:207:  simp [add_nonneg, ha, hb, mul_nonneg, hx, hy, sum_add_distrib, ← mul_sum, h]
.lake/packages/mathlib/Mathlib/LinearAlgebra/Matrix/PosDef.lean:111:  simpa [mul_smul_comm, smul_mul_assoc, ← Finsupp.smul_sum] using smul_nonneg ha (hx.2 _)
.lake/packages/mathlib/Mathlib/LinearAlgebra/Matrix/Charpoly/Minpoly.lean:45:  ⟨M.charpoly, ⟨charpoly_monic M, aeval_self_charpoly M⟩⟩
.lake/packages/mathlib/Mathlib/LinearAlgebra/Matrix/Charpoly/Minpoly.lean:48:  minpoly.dvd _ _ (aeval_self_charpoly M)
.lake/packages/mathlib/Mathlib/LinearAlgebra/Matrix/Charpoly/Minpoly.lean:71:In combination with `det_eq_sign_charpoly_coeff` or `trace_eq_neg_charpoly_coeff`
.lake/packages/mathlib/Mathlib/LinearAlgebra/Matrix/Charpoly/Minpoly.lean:81:    rw [← Polynomial.aeval_algHom_apply, aeval_self_charpoly]
.lake/packages/mathlib/Mathlib/LinearAlgebra/Matrix/Charpoly/LinearMap.lean:225:    rw [Polynomial.aeval_subalgebra_coe, Matrix.aeval_self_charpoly, Subalgebra.coe_zero]
.lake/packages/mathlib/Mathlib/LinearAlgebra/Matrix/Charpoly/Eigs.lean:22:* `Matrix.trace_eq_sum_roots_charpoly_of_splits`: the trace is the sum of the roots of the
.lake/packages/mathlib/Mathlib/LinearAlgebra/Matrix/Charpoly/Eigs.lean:29:* `Matrix.trace_eq_sum_roots_charpoly`: the trace is the sum of the roots of the
.lake/packages/mathlib/Mathlib/LinearAlgebra/Matrix/Charpoly/Eigs.lean:35:The two lemmas `Matrix.det_eq_prod_roots_charpoly` and `Matrix.trace_eq_sum_roots_charpoly` are more
.lake/packages/mathlib/Mathlib/LinearAlgebra/Matrix/Charpoly/Eigs.lean:45:`trace_eq_sum_roots_charpoly_of_splits` closely resemble
.lake/packages/mathlib/Mathlib/LinearAlgebra/Matrix/Charpoly/Eigs.lean:89:theorem trace_eq_sum_roots_charpoly_of_splits [IsDomain R] (hAps : B.charpoly.Splits) :
.lake/packages/mathlib/Mathlib/LinearAlgebra/Matrix/Charpoly/Eigs.lean:101:theorem trace_eq_sum_roots_charpoly [IsAlgClosed K] : A.trace = (Matrix.charpoly A).roots.sum :=
.lake/packages/mathlib/Mathlib/LinearAlgebra/Matrix/Charpoly/Eigs.lean:102:  trace_eq_sum_roots_charpoly_of_splits (IsAlgClosed.splits A.charpoly)
.lake/packages/mathlib/Mathlib/LinearAlgebra/Matrix/Charpoly/Basic.lean:170:theorem charpoly_reindex (e : n ≃ m)
.lake/packages/mathlib/Mathlib/LinearAlgebra/Matrix/Charpoly/Basic.lean:181:lemma charpoly_fromBlocks_zero₁₂ :
.lake/packages/mathlib/Mathlib/LinearAlgebra/Matrix/Charpoly/Basic.lean:187:lemma charpoly_fromBlocks_zero₂₁ :
.lake/packages/mathlib/Mathlib/LinearAlgebra/Matrix/Charpoly/Basic.lean:214:See `LinearMap.aeval_self_charpoly` for the equivalent statement about endomorphisms.
.lake/packages/mathlib/Mathlib/LinearAlgebra/Matrix/Charpoly/Basic.lean:216:theorem aeval_self_charpoly (M : Matrix n n R) : aeval M M.charpoly = 0 := by
.lake/packages/mathlib/Mathlib/LinearAlgebra/Matrix/Charpoly/Coeff.lean:27:- `Matrix.trace_eq_neg_charpoly_coeff` proves that the trace is the negative of the (d-1)th
.lake/packages/mathlib/Mathlib/LinearAlgebra/Matrix/Charpoly/Coeff.lean:139:theorem trace_eq_neg_charpoly_coeff [Nonempty n] (M : Matrix n n R) :
.lake/packages/mathlib/Mathlib/LinearAlgebra/Matrix/Charpoly/Coeff.lean:149:  simp [trace_eq_neg_charpoly_coeff, nextCoeff]
.lake/packages/mathlib/Mathlib/LinearAlgebra/Matrix/Charpoly/Coeff.lean:196:    coeff_derivative, zero_add, Nat.cast_zero, mul_one]
.lake/packages/mathlib/Mathlib/LinearAlgebra/Matrix/Charpoly/Coeff.lean:201:  rw [Algebra.smul_def (trace M), ← C_eq_algebraMap, pow_two, ← mul_assoc, add_assoc,
.lake/packages/mathlib/Mathlib/LinearAlgebra/Matrix/Charpoly/Coeff.lean:220:    · simp [trace_eq_neg_charpoly_coeff, hn]
.lake/packages/mathlib/Mathlib/LinearAlgebra/Matrix/Charpoly/Coeff.lean:253:  (aeval_modByMonic_eq_self_of_root M.aeval_self_charpoly).symm
.lake/packages/mathlib/Mathlib/LinearAlgebra/Matrix/Charpoly/Coeff.lean:258:theorem pow_eq_aeval_mod_charpoly (M : Matrix n n R) (k : ℕ) :
.lake/packages/mathlib/Mathlib/LinearAlgebra/Matrix/Charpoly/Coeff.lean:341:  · simp [trace_eq_neg_charpoly_coeff M, ← M.reverse_charpoly, nextCoeff]
.lake/packages/mathlib/Mathlib/LinearAlgebra/Matrix/Charpoly/FiniteField.lean:53:theorem FiniteField.trace_pow_card {K : Type*} [Field K] [Fintype K] (M : Matrix n n K) :
.lake/packages/mathlib/Mathlib/LinearAlgebra/Matrix/Charpoly/FiniteField.lean:57:  rw [Matrix.trace_eq_neg_charpoly_coeff, Matrix.trace_eq_neg_charpoly_coeff,
.lake/packages/mathlib/Mathlib/LinearAlgebra/Matrix/Charpoly/FiniteField.lean:60:theorem ZMod.trace_pow_card {p : ℕ} [Fact p.Prime] (M : Matrix n n (ZMod p)) :
.lake/packages/mathlib/Mathlib/LinearAlgebra/Matrix/Charpoly/FiniteField.lean:61:    trace (M ^ p) = trace M ^ p := by have h := FiniteField.trace_pow_card M; rwa [ZMod.card] at h
