$ systemd-run --user --quiet --wait --pipe --collect -p 'RestrictAddressFamilies=~AF_UNIX' --working-directory /home/runner/work/_temp/nla-lean-tools/.verification-tmp/nla-fresh-proof-5dprr6d4/project /usr/bin/env -i PATH=/home/runner/.elan/toolchains/leanprover--lean4---v4.33.1/bin:/home/runner/.elan/bin:/home/runner/go/bin:/opt/hostedtoolcache/go/1.27.1/x64/bin:/snap/bin:/home/runner/.local/bin:/opt/pipx_bin:/home/runner/.cargo/bin:/home/runner/.config/composer/vendor/bin:/usr/local/.ghcup/bin:/home/runner/.dotnet/tools:/usr/local/sbin:/usr/local/bin:/usr/sbin:/usr/bin:/sbin:/bin:/usr/games:/usr/local/games:/snap/bin HOME=/home/runner LANG=C.UTF-8 XDG_RUNTIME_DIR=/run/user/1001 DBUS_SESSION_BUS_ADDRESS=unix:path=/run/user/1001/bus GIT_TERMINAL_PROMPT=0 GIT_CONFIG_NOSYSTEM=1 GIT_CONFIG_GLOBAL=/dev/null COMPARATOR_BIN=/home/runner/work/_temp/nla-lean-tools/.tools/comparator/.lake/build/bin/comparator COMPARATOR_LEAN4EXPORT=/home/runner/work/_temp/nla-lean-tools/.tools/lean4export/.lake/build/bin/lean4export COMPARATOR_LANDRUN=/home/runner/work/_temp/nla-lean-tools/scripts/strict_landrun.py XDG_CACHE_HOME=/home/runner/work/_temp/nla-lean-tools/.tools/cache TMPDIR=/home/runner/work/_temp/nla-lean-tools/.verification-tmp lake env /home/runner/work/_temp/nla-lean-tools/.tools/comparator/.lake/build/bin/comparator comparator.json
Building Challenge
✔ [2708/2710] Built NLA.MI26.Definitions (2.0s)
⚠ [2709/2710] Built Challenge (2.1s)
warning: Challenge.lean:17:8: declaration uses `sorry`
warning: Challenge.lean:25:8: declaration uses `sorry`
warning: Challenge.lean:34:8: declaration uses `sorry`
warning: Challenge.lean:42:8: declaration uses `sorry`
warning: Challenge.lean:50:8: declaration uses `sorry`
warning: Challenge.lean:64:8: declaration uses `sorry`
warning: Challenge.lean:71:8: declaration uses `sorry`
Build completed successfully (2710 jobs).
Exporting #[Quot, Quot.mk, Quot.lift, Quot.ind, NLA.MI26.admissibleFunction_iff, NLA.MI26.functionalCalculus_eq_spectral, NLA.MI26.functionalCalculus_congr_nonneg, NLA.MI26.quadratic_cfc, NLA.MI26.witness_data, NLA.MI26.counterexample, NLA.MI26.not_subadditivityConjecture, propext, Classical.choice, Quot.sound, Nat.add, Nat.sub, Nat.mul, Nat.pow, Nat.gcd, Nat.div, Nat.mod, Nat.beq, Nat.ble, Nat.land, Nat.lor, Nat.xor, Nat.shiftLeft, Nat.shiftRight, String.ofList, Char.ofNat, List, eagerReduce, Nat, String, String.mk, Char, optParam, autoParam, semiOutParam, outParam] from Challenge
Building Solution
✔ [3009/3042] Built LeanCert.Core.Interval (4.4s)
✔ [3010/3042] Built LeanCert.Core.DerivativeIntervals (5.3s)
✔ [3011/3049] Built LeanCert.Contrib.Sinc (7.0s)
✔ [3012/3049] Built LeanCert.Core.Expr (7.8s)
✔ [3013/3053] Built LeanCert.Core.Dyadic (7.1s)
✔ [3014/3053] Built LeanCert.Tactic.Verification (7.7s)
✔ [3015/3053] Built LeanCert.Core.Taylor (11s)
✔ [3016/3053] Built LeanCert.Core.IntervalRat.Basic (12s)
✔ [3017/3054] Built LeanCert.Core.Support (4.8s)
✔ [3018/3054] Built LeanCert.Core.IntervalRat.LogReduction (6.8s)
✔ [3019/3054] Built LeanCert.Tactic.LeanCert.Bridge.Environment (3.7s)
✔ [3020/3054] Built LeanCert.Meta.Numeral (5.3s)
✔ [3021/3054] Built LeanCert.Engine.Eval.Result (3.6s)
✔ [3022/3054] Built LeanCert.Tactic.NumericalRefinement (864ms)
✔ [3023/3054] Built LeanCert.Core.TrigReduction (4.0s)
✔ [3024/3054] Built LeanCert.Tactic.IntervalAuto.Types (4.8s)
✔ [3025/3054] Built LeanCert.Core.IntervalRat.Transcendental (6.1s)
✔ [3026/3064] Built LeanCert.Tactic.IntervalAuto.Extract (4.3s)
✔ [3079/3147] Built LeanCert.Tactic.IntervalAuto.Norm (5.5s)
✔ [3080/3147] Built LeanCert.Meta.ToExpr (7.4s)
✔ [3081/3147] Built LeanCert.Tactic.LeanCert.Normalize (5.4s)
✔ [3082/3147] Built LeanCert.Tactic.IntervalAuto.Parse (6.9s)
✔ [3083/3147] Built LeanCert.Tactic.IntervalAuto.Diagnostic (2.5s)
✔ [3084/3147] Built LeanCert.Core.IntervalRat.Taylor (20s)
✔ [3085/3147] Built LeanCert.Core.IntervalReal (2.0s)
✔ [3086/3147] Built LeanCert.Core.IntervalRat.TrigReduced (2.5s)
✔ [3087/3147] Built LeanCert.Core.IntervalRealEndpoints (5.8s)
✔ [3088/3147] Built LeanCert.Engine.Affine.Basic (8.1s)
✔ [3089/3147] Built LeanCert.Core.IntervalDyadic (9.7s)
✔ [3090/3147] Built LeanCert.Engine.Affine.Nonlinear (5.5s)
✔ [3091/3147] Built LeanCert.Engine.Eval.Core (8.1s)
✔ [3092/3147] Built LeanCert.Engine.Eval.Extended (3.0s)
✔ [3093/3147] Built LeanCert.Engine.Bounds.Lemmas (2.1s)
✔ [3094/3147] Built LeanCert.Engine.IntervalEval (1.9s)
✔ [3095/3147] Built LeanCert.Validity.Bounds.Checked (3.7s)
✔ [3096/3147] Built LeanCert.Validity.Bounds.Core (3.8s)
✔ [3097/3147] Built LeanCert.Engine.Affine.Transcendental (5.3s)
✔ [3098/3147] Built LeanCert.Engine.Optimization.Box (4.7s)
✔ [3099/3147] Built LeanCert.Engine.IntervalEvalDyadic (8.0s)
✔ [3100/3147] Built LeanCert.Engine.RootFinding.Basic (7.7s)
✔ [3101/3147] Built LeanCert.Engine.AD.Basic (4.5s)
✔ [3102/3147] Built LeanCert.Engine.Integrate (8.7s)
✔ [3103/3147] Built LeanCert.Validity.DyadicBounds (5.7s)
✔ [3104/3147] Built LeanCert.Engine.IntervalEvalAffine (9.1s)
✔ [3105/3147] Built LeanCert.Engine.TaylorModel.Core (12s)
✔ [3106/3147] Built LeanCert.Engine.RootFinding.Bisection (8.4s)
✔ [3107/3147] Built LeanCert.Engine.AD.Transcendental (5.9s)
✔ [3108/3147] Built LeanCert.Engine.TaylorModel.Integral (4.5s)
✔ [3109/3147] Built LeanCert.Engine.Affine.Environment (4.9s)
✔ [3110/3147] Built LeanCert.Engine.TaylorModel.Special (3.5s)
✔ [3111/3147] Built LeanCert.Engine.AD.Eval (4.4s)
✔ [3112/3147] Built LeanCert.Engine.TaylorModel.ExpLog (12s)
✔ [3113/3147] Built LeanCert.Engine.AD.Correctness (8.4s)
✔ [3114/3147] Built LeanCert.Engine.TaylorModel.Trig (15s)
✔ [3115/3147] Built LeanCert.Engine.TaylorModel.Hyperbolic (17s)
✔ [3116/3147] Built LeanCert.Engine.AD.Computable (4.5s)
✔ [3117/3147] Built LeanCert.Engine.TaylorModel.Functions (2.5s)
✔ [3118/3147] Built LeanCert.Engine.AD.PartialCorrectness (7.7s)
✔ [3119/3147] Built LeanCert.Engine.AD.DomainChecked (3.7s)
✔ [3120/3147] Built LeanCert.Engine.TaylorModel.Expr (4.7s)
✔ [3121/3147] Built LeanCert.Engine.AD.Dyadic (4.2s)
✔ [3122/3147] Built LeanCert.Engine.TaylorModel (2.1s)
✔ [3123/3147] Built LeanCert.Engine.AD (1.9s)
✔ [3124/3147] Built LeanCert.Validity.Bounds.Smart (4.3s)
✔ [3125/3147] Built LeanCert.Meta.ProveSupported (4.7s)
✔ [3126/3147] Built LeanCert.Engine.IntervalEvalRefined (5.4s)
✔ [3127/3147] Built LeanCert.Engine.Optimize (7.9s)
✔ [3128/3147] Built LeanCert.Validity.Bounds.Bridge (4.3s)
✔ [3129/3147] Built LeanCert.Meta.ProveContinuous (6.1s)
✔ [3130/3147] Built LeanCert.Tactic.IntervalAuto.ProveCommon (7.2s)
✔ [3131/3147] Built LeanCert.Validity.Bounds.Basic (4.0s)
✔ [3132/3147] Built LeanCert.Engine.RootFinding.Newton (6.3s)
✔ [3133/3147] Built LeanCert.Engine.Optimization.Gradient (8.1s)
✔ [3134/3147] Built LeanCert.Tactic.IntervalAuto.Basic (3.9s)
✔ [3135/3147] Built LeanCert.Validity.Integration (8.8s)
✔ [3136/3147] Built LeanCert.Engine.RootFinding.MVTBounds (10s)
✔ [3137/3147] Built LeanCert.Engine.RootFinding.Krawczyk (10s)
✔ [3138/3147] Built LeanCert.Engine.RootFinding.Contraction (8.9s)
✔ [3139/3147] Built LeanCert.Engine.RootFinding.Main (2.1s)
✔ [3140/3147] Built LeanCert.Engine.Optimization.Global (24s)
✔ [3141/3147] Built LeanCert.Engine.Optimization.BoundVerify (2.9s)
✔ [3142/3147] Built LeanCert.Validity.Bounds (5.2s)
✔ [3143/3147] Built LeanCert.Tactic.IntervalAuto.Bound (13s)
✔ [3144/3147] Built LeanCert.Tactic.IntervalAuto.PointIneq (7.4s)
ℹ [3145/3147] Built NLA.MI26.Proof (3.6s)
info: NLA/MI26/Proof.lean:187:0: 'NLA.MI26.admissibleFunction_iff_proved' depends on axioms: [propext, Classical.choice, Quot.sound]
info: NLA/MI26/Proof.lean:188:0: 'NLA.MI26.functionalCalculus_eq_spectral_proved' depends on axioms: [propext, Classical.choice, Quot.sound]
info: NLA/MI26/Proof.lean:189:0: 'NLA.MI26.functionalCalculus_congr_nonneg_proved' depends on axioms: [propext, Classical.choice, Quot.sound]
info: NLA/MI26/Proof.lean:190:0: 'NLA.MI26.quadratic_cfc_proved' depends on axioms: [propext, Classical.choice, Quot.sound]
info: NLA/MI26/Proof.lean:191:0: 'NLA.MI26.witness_positive' depends on axioms: [propext, Classical.choice, Quot.sound]
info: NLA/MI26/Proof.lean:192:0: 'NLA.MI26.witness_data_proved' depends on axioms: [propext, Classical.choice, Quot.sound]
info: NLA/MI26/Proof.lean:193:0: 'NLA.MI26.counterexample_proved' depends on axioms: [propext, Classical.choice, Quot.sound]
info: NLA/MI26/Proof.lean:194:0: 'NLA.MI26.not_subadditivityConjecture_proved' depends on axioms: [propext, Classical.choice, Quot.sound]
ℹ [3146/3147] Built Solution (2.5s)
info: Solution.lean:86:0: 'NLA.MI26.admissibleFunction_iff' depends on axioms: [propext, Classical.choice, Quot.sound]
info: Solution.lean:87:0: 'NLA.MI26.functionalCalculus_eq_spectral' depends on axioms: [propext, Classical.choice, Quot.sound]
info: Solution.lean:88:0: 'NLA.MI26.functionalCalculus_congr_nonneg' depends on axioms: [propext, Classical.choice, Quot.sound]
info: Solution.lean:89:0: 'NLA.MI26.quadratic_cfc' depends on axioms: [propext, Classical.choice, Quot.sound]
info: Solution.lean:90:0: 'NLA.MI26.witness_data' depends on axioms: [propext, Classical.choice, Quot.sound]
info: Solution.lean:91:0: 'NLA.MI26.counterexample' depends on axioms: [propext, Classical.choice, Quot.sound]
info: Solution.lean:92:0: 'NLA.MI26.not_subadditivityConjecture' depends on axioms: [propext, Classical.choice, Quot.sound]
Build completed successfully (3147 jobs).
Exporting #[Quot, Quot.mk, Quot.lift, Quot.ind, NLA.MI26.admissibleFunction_iff, NLA.MI26.functionalCalculus_eq_spectral, NLA.MI26.functionalCalculus_congr_nonneg, NLA.MI26.quadratic_cfc, NLA.MI26.witness_data, NLA.MI26.counterexample, NLA.MI26.not_subadditivityConjecture, propext, Classical.choice, Quot.sound, Nat.add, Nat.sub, Nat.mul, Nat.pow, Nat.gcd, Nat.div, Nat.mod, Nat.beq, Nat.ble, Nat.land, Nat.lor, Nat.xor, Nat.shiftLeft, Nat.shiftRight, String.ofList, Char.ofNat, List, eagerReduce, Nat, String, String.mk, Char, optParam, autoParam, semiOutParam, outParam] from Solution
Running Lean default kernel on solution.
Lean default kernel accepts the solution
Your solution is okay!

EXIT_STATUS=0
