$ systemd-run --user --quiet --wait --pipe --collect -p 'RestrictAddressFamilies=~AF_UNIX' --working-directory /home/runner/work/_temp/nla-lean-tools/.verification-tmp/nla-fresh-proof-qht3kklh/project /usr/bin/env -i PATH=/home/runner/.elan/toolchains/leanprover--lean4---v4.33.1/bin:/home/runner/.elan/bin:/home/runner/go/bin:/opt/hostedtoolcache/go/1.27.1/x64/bin:/snap/bin:/home/runner/.local/bin:/opt/pipx_bin:/home/runner/.cargo/bin:/home/runner/.config/composer/vendor/bin:/usr/local/.ghcup/bin:/home/runner/.dotnet/tools:/usr/local/sbin:/usr/local/bin:/usr/sbin:/usr/bin:/sbin:/bin:/usr/games:/usr/local/games:/snap/bin HOME=/home/runner LANG=C.UTF-8 XDG_RUNTIME_DIR=/run/user/1001 DBUS_SESSION_BUS_ADDRESS=unix:path=/run/user/1001/bus GIT_TERMINAL_PROMPT=0 GIT_CONFIG_NOSYSTEM=1 GIT_CONFIG_GLOBAL=/dev/null COMPARATOR_BIN=/home/runner/work/_temp/nla-lean-tools/.tools/comparator/.lake/build/bin/comparator COMPARATOR_LEAN4EXPORT=/home/runner/work/_temp/nla-lean-tools/.tools/lean4export/.lake/build/bin/lean4export COMPARATOR_LANDRUN=/home/runner/work/_temp/nla-lean-tools/scripts/strict_landrun.py XDG_CACHE_HOME=/home/runner/work/_temp/nla-lean-tools/.tools/cache TMPDIR=/home/runner/work/_temp/nla-lean-tools/.verification-tmp lake env /home/runner/work/_temp/nla-lean-tools/.tools/comparator/.lake/build/bin/comparator comparator.json
Building Challenge
✔ [1795/1797] Built NLA.IS02.Definitions (1.7s)
⚠ [1796/1797] Built Challenge (1.6s)
warning: Challenge.lean:7:8: declaration uses `sorry`
warning: Challenge.lean:12:8: declaration uses `sorry`
warning: Challenge.lean:14:8: declaration uses `sorry`
warning: Challenge.lean:21:8: declaration uses `sorry`
Build completed successfully (1797 jobs).
Exporting #[Quot, Quot.mk, Quot.lift, Quot.ind, NLA.IS02.witness_certificates, NLA.IS02.spectral_uniqueness, NLA.IS02.locus_exclusion, NLA.IS02.counterexample, propext, Classical.choice, Quot.sound, Nat.add, Nat.sub, Nat.mul, Nat.pow, Nat.gcd, Nat.div, Nat.mod, Nat.beq, Nat.ble, Nat.land, Nat.lor, Nat.xor, Nat.shiftLeft, Nat.shiftRight, String.ofList, Char.ofNat, List, eagerReduce, Nat, String, String.mk, Char, optParam, autoParam, semiOutParam, outParam] from Challenge
Building Solution
✔ [3437/3463] Built LeanCert.Core.Interval (3.9s)
✔ [3440/3466] Built LeanCert.Tactic.Verification (4.9s)
✔ [3443/3468] Built LeanCert.Core.DerivativeIntervals (4.6s)
✔ [3444/3470] Built LeanCert.Core.Expr (8.1s)
✔ [3445/3470] Built LeanCert.Core.Taylor (11s)
✔ [3446/3470] Built LeanCert.Core.IntervalRat.Basic (12s)
✔ [3447/3471] Built LeanCert.Core.IntervalRat.LogReduction (9.9s)
✔ [3448/3471] Built LeanCert.Core.Support (4.1s)
✔ [3449/3471] Built LeanCert.Meta.Numeral (4.9s)
✔ [3450/3471] Built LeanCert.Engine.Eval.Result (3.7s)
✔ [3451/3471] Built NLA.IS02.Algebra (18s)
✔ [3452/3473] Built LeanCert.Core.TrigReduction (4.1s)
✔ [3453/3473] Built LeanCert.Tactic.IntervalAuto.Types (4.7s)
✔ [3454/3473] Built LeanCert.Core.IntervalRat.Transcendental (5.8s)
✔ [3455/3474] Built LeanCert.Tactic.IntervalAuto.Extract (5.1s)
✔ [3456/3474] Built LeanCert.Meta.ToExpr (9.4s)
✔ [3457/3478] Built LeanCert.Tactic.IntervalAuto.Norm (8.1s)
✔ [3459/3489] Built LeanCert.Tactic.IntervalAuto.Parse (8.0s)
✔ [3460/3489] Built LeanCert.Contrib.Sinc (7.3s)
✔ [3461/3489] Built NLA.IS02.Support (20s)
✔ [3462/3490] Built LeanCert.Tactic.IntervalAuto.Diagnostic (4.5s)
✔ [3463/3490] Built LeanCert.Core.Dyadic (4.6s)
✔ [3464/3490] Built LeanCert.Core.IntervalRat.Taylor (26s)
✔ [3465/3490] Built LeanCert.Tactic.NumericalRefinement (711ms)
✔ [3466/3490] Built LeanCert.Tactic.LeanCert.Bridge.Environment (3.3s)
✔ [3467/3492] Built LeanCert.Core.IntervalReal (2.8s)
✔ [3468/3492] Built LeanCert.Core.IntervalRat.TrigReduced (3.4s)
✔ [3469/3521] Built LeanCert.Tactic.LeanCert.Normalize (3.9s)
✔ [3517/3554] Built LeanCert.Core.IntervalRealEndpoints (6.0s)
✔ [3519/3582] Built LeanCert.Core.IntervalDyadic (10s)
✔ [3523/3582] Built LeanCert.Engine.Affine.Basic (10s)
✔ [3524/3582] Built LeanCert.Engine.Eval.Core (9.9s)
✔ [3525/3582] Built LeanCert.Engine.Affine.Nonlinear (5.4s)
✔ [3526/3582] Built NLA.IS02.Classification (22s)
✔ [3527/3582] Built LeanCert.Engine.Eval.Extended (3.5s)
✔ [3528/3582] Built LeanCert.Engine.Bounds.Lemmas (2.0s)
✔ [3529/3582] Built LeanCert.Engine.IntervalEval (1.9s)
✔ [3530/3582] Built LeanCert.Validity.Bounds.Checked (3.4s)
✔ [3531/3582] Built LeanCert.Validity.Bounds.Core (3.5s)
✔ [3532/3582] Built LeanCert.Engine.Affine.Transcendental (5.2s)
✔ [3533/3582] Built LeanCert.Engine.RootFinding.Basic (6.2s)
✔ [3534/3582] Built LeanCert.Engine.Optimization.Box (4.2s)
✔ [3535/3582] Built LeanCert.Engine.IntervalEvalDyadic (9.1s)
✔ [3536/3582] Built LeanCert.Engine.AD.Basic (5.4s)
✔ [3537/3582] Built LeanCert.Engine.Integrate (8.9s)
✔ [3538/3582] Built LeanCert.Validity.DyadicBounds (4.9s)
✔ [3539/3582] Built LeanCert.Engine.TaylorModel.Core (13s)
✔ [3540/3582] Built LeanCert.Engine.IntervalEvalAffine (8.1s)
✔ [3541/3582] Built LeanCert.Engine.RootFinding.Bisection (8.2s)
✔ [3542/3582] Built LeanCert.Engine.TaylorModel.Special (3.4s)
✔ [3543/3582] Built LeanCert.Engine.TaylorModel.Integral (4.6s)
✔ [3544/3582] Built LeanCert.Engine.AD.Transcendental (5.5s)
✔ [3545/3582] Built LeanCert.Engine.Affine.Environment (8.9s)
✔ [3546/3582] Built LeanCert.Engine.TaylorModel.ExpLog (12s)
✔ [3547/3582] Built LeanCert.Engine.AD.Eval (4.0s)
✔ [3548/3582] Built LeanCert.Engine.TaylorModel.Hyperbolic (17s)
✔ [3549/3582] Built LeanCert.Engine.TaylorModel.Trig (14s)
✔ [3550/3582] Built LeanCert.Engine.AD.Correctness (3.2s)
✔ [3551/3582] Built LeanCert.Engine.TaylorModel.Functions (2.2s)
✔ [3552/3582] Built LeanCert.Engine.AD.Computable (3.6s)
✔ [3553/3582] Built LeanCert.Engine.TaylorModel.Expr (5.9s)
✔ [3554/3582] Built LeanCert.Engine.AD.PartialCorrectness (7.5s)
✔ [3555/3582] Built LeanCert.Engine.AD.DomainChecked (4.4s)
✔ [3556/3582] Built LeanCert.Engine.TaylorModel (2.3s)
✔ [3557/3582] Built LeanCert.Engine.AD.Dyadic (3.3s)
✔ [3558/3582] Built LeanCert.Engine.AD (1.9s)
✔ [3559/3582] Built LeanCert.Validity.Bounds.Smart (4.1s)
✔ [3560/3582] Built LeanCert.Meta.ProveSupported (4.8s)
✔ [3561/3582] Built LeanCert.Engine.IntervalEvalRefined (5.1s)
✔ [3562/3582] Built LeanCert.Engine.Optimize (7.9s)
✔ [3563/3582] Built LeanCert.Validity.Bounds.Bridge (4.2s)
✔ [3564/3582] Built LeanCert.Meta.ProveContinuous (5.8s)
✔ [3565/3582] Built LeanCert.Tactic.IntervalAuto.ProveCommon (7.2s)
✔ [3566/3582] Built LeanCert.Validity.Bounds.Basic (3.8s)
✔ [3567/3582] Built LeanCert.Engine.RootFinding.Newton (6.4s)
✔ [3568/3582] Built LeanCert.Engine.Optimization.Gradient (7.7s)
✔ [3569/3582] Built LeanCert.Tactic.IntervalAuto.Basic (4.1s)
✔ [3570/3582] Built LeanCert.Validity.Integration (9.1s)
✔ [3571/3582] Built LeanCert.Engine.RootFinding.MVTBounds (10s)
✔ [3572/3582] Built LeanCert.Engine.RootFinding.Krawczyk (11s)
✔ [3573/3582] Built LeanCert.Engine.RootFinding.Contraction (8.2s)
✔ [3574/3582] Built LeanCert.Engine.RootFinding.Main (1.9s)
✔ [3575/3582] Built LeanCert.Engine.Optimization.Global (23s)
✔ [3576/3582] Built LeanCert.Engine.Optimization.BoundVerify (2.7s)
✔ [3577/3582] Built LeanCert.Validity.Bounds (5.1s)
✔ [3578/3582] Built LeanCert.Tactic.IntervalAuto.Bound (13s)
✔ [3579/3582] Built LeanCert.Tactic.IntervalAuto.PointIneq (7.1s)
✔ [3580/3582] Built NLA.IS02.Proof (5.3s)
✔ [3581/3582] Built Solution (2.4s)
Build completed successfully (3582 jobs).
Exporting #[Quot, Quot.mk, Quot.lift, Quot.ind, NLA.IS02.witness_certificates, NLA.IS02.spectral_uniqueness, NLA.IS02.locus_exclusion, NLA.IS02.counterexample, propext, Classical.choice, Quot.sound, Nat.add, Nat.sub, Nat.mul, Nat.pow, Nat.gcd, Nat.div, Nat.mod, Nat.beq, Nat.ble, Nat.land, Nat.lor, Nat.xor, Nat.shiftLeft, Nat.shiftRight, String.ofList, Char.ofNat, List, eagerReduce, Nat, String, String.mk, Char, optParam, autoParam, semiOutParam, outParam] from Solution
Running Lean default kernel on solution.
Lean default kernel accepts the solution
Your solution is okay!

EXIT_STATUS=0
