/private/tmp/nla-lean-ra08-worktree/randomized-and-low-rank-approximation/RA-08/lean/NLA/RA08/Spectral.lean:53:15: error: unsolved goals
n : ℕ
A : RealMatrix n
d : OrderedSpectralData A
i : Fin n
hc : (fun r => ↑d.orthogonal r i) = ↑d.orthogonal *ᵥ Pi.single i 1
⊢ ↑d.orthogonal *ᵥ Pi.single i (d.eigenvalues i) = d.eigenvalues i • (↑d.orthogonal).col i
/private/tmp/nla-lean-ra08-worktree/randomized-and-low-rank-approximation/RA-08/lean/NLA/RA08/Spectral.lean:55:28: warning: This simp argument is unused:
  mulVec_smul

Hint: Omit it from the simp argument list.
  [apply] simp only [mul_one, mulVec_single_one]

Note: This linter can be disabled with `set_option linter.unusedSimpArgs false`
/private/tmp/nla-lean-ra08-worktree/randomized-and-low-rank-approximation/RA-08/lean/NLA/RA08/Spectral.lean:73:4: error: Type mismatch
  diagonal_sub v w
has type
  diagonal v - diagonal w = diagonal fun i => v i - w i
but is expected to have type
  (diagonal fun i => v i - w i) = diagonal v - diagonal w
/private/tmp/nla-lean-ra08-worktree/randomized-and-low-rank-approximation/RA-08/lean/NLA/RA08/Spectral.lean:105:21: error: #assert_trust: 'NLA.RA08.orderedSpectral_semantics_proved' depends on sorry or unrecognized axioms
  foundational: propext, Classical.choice, Quot.sound
  sorryAx: sorryAx
'NLA.RA08.orderedSpectral_semantics_proved' depends on axioms: [propext, sorryAx, Classical.choice, Quot.sound]
'NLA.RA08.spectralCombination_norm' depends on axioms: [propext, Classical.choice, Quot.sound]
'NLA.RA08.tail_function_norm' depends on axioms: [propext, Classical.choice, Quot.sound]
'NLA.RA08.operator_rayleigh_bound_proved' depends on axioms: [propext, Classical.choice, Quot.sound]
