randomized-and-low-rank-approximation/RA-20/lean/reviews/final-referee-1-evidence/attempt-06/lean.log:1: trailing whitespace.
+NLA/RA20/Differential.lean:103:2: warning: Try this: 
randomized-and-low-rank-approximation/RA-20/lean/reviews/final-referee-1-evidence/attempt-06/lean.log:9: trailing whitespace.
+NLA/RA20/Differential.lean:105:2: warning: Try this: 
randomized-and-low-rank-approximation/RA-20/lean/reviews/final-referee-2-evidence/command-043/raw.log:1: trailing whitespace.
+NLA/RA20/Differential.lean:103:2: warning: Try this: 
randomized-and-low-rank-approximation/RA-20/lean/reviews/final-referee-2-evidence/command-043/raw.log:9: trailing whitespace.
+NLA/RA20/Differential.lean:105:2: warning: Try this: 
randomized-and-low-rank-approximation/RA-20/lean/verification/candidate-packaging-referee-2026-09-13/command-01/raw.log:7: trailing whitespace.
+**Topic:** Symmetric structured low-rank approximation  
randomized-and-low-rank-approximation/RA-20/lean/verification/candidate-packaging-referee-2026-09-13/command-01/raw.log:8: trailing whitespace.
+**Difficulty:** challenging  
randomized-and-low-rank-approximation/RA-20/lean/verification/candidate-packaging-referee-2026-09-13/command-01/raw.log:9: trailing whitespace.
+**Importance:** interesting to specialist  
randomized-and-low-rank-approximation/RA-20/lean/verification/candidate-packaging-referee-2026-09-13/command-01/raw.log:10: trailing whitespace.
+**Status:** Solved  
randomized-and-low-rank-approximation/RA-20/lean/verification/conclusion-development/attempt-006/lean.log:1: trailing whitespace.
+NLA/RA20/Differential.lean:103:2: warning: Try this: 
randomized-and-low-rank-approximation/RA-20/lean/verification/conclusion-development/attempt-006/lean.log:9: trailing whitespace.
+NLA/RA20/Differential.lean:105:2: warning: Try this: 
randomized-and-low-rank-approximation/RA-20/lean/verification/critical-development/attempt-xqo7jh7s/NLA-RA20-Differential.lean.log:1: trailing whitespace.
+/private/tmp/nla-lean-formalization/next-ra-statements-draft/RA-20/lean/NLA/RA20/Differential.lean:103:2: warning: Try this: 
randomized-and-low-rank-approximation/RA-20/lean/verification/critical-development/attempt-xqo7jh7s/NLA-RA20-Differential.lean.log:9: trailing whitespace.
+/private/tmp/nla-lean-formalization/next-ra-statements-draft/RA-20/lean/NLA/RA20/Differential.lean:105:2: warning: Try this: 
randomized-and-low-rank-approximation/RA-20/lean/verification/critical-development/final-f7_nxk8d/NLA-RA20-Differential.lean.log:1: trailing whitespace.
+/private/tmp/nla-lean-formalization/next-ra-statements-draft/RA-20/lean/NLA/RA20/Differential.lean:103:2: warning: Try this: 
randomized-and-low-rank-approximation/RA-20/lean/verification/critical-development/final-f7_nxk8d/NLA-RA20-Differential.lean.log:9: trailing whitespace.
+/private/tmp/nla-lean-formalization/next-ra-statements-draft/RA-20/lean/NLA/RA20/Differential.lean:105:2: warning: Try this: 
randomized-and-low-rank-approximation/RA-20/lean/verification/differential-development/attempt-002/compile.log:115: trailing whitespace.
+  
randomized-and-low-rank-approximation/RA-20/lean/verification/differential-development/attempt-002/compile.log:117: trailing whitespace.
+    
randomized-and-low-rank-approximation/RA-20/lean/verification/differential-development/attempt-005/compile.log:1: trailing whitespace.
+/private/tmp/nla-lean-formalization/next-ra-statements-draft/RA-20/lean/NLA/RA20/Differential.lean:103:2: warning: Try this: 
randomized-and-low-rank-approximation/RA-20/lean/verification/differential-development/attempt-005/compile.log:9: trailing whitespace.
+/private/tmp/nla-lean-formalization/next-ra-statements-draft/RA-20/lean/NLA/RA20/Differential.lean:105:2: warning: Try this: 
randomized-and-low-rank-approximation/RA-20/lean/verification/differential-development/inspector-runner-stdout.log:1753: new blank line at EOF.
randomized-and-low-rank-approximation/RA-20/lean/verification/generic-development/inspection-runner-stdout.log:275: new blank line at EOF.
randomized-and-low-rank-approximation/RA-20/lean/verification/original-sources/randomized-and-low-rank-approximation/RA-20/README.md:7: trailing whitespace.
+**Topic:** Symmetric structured low-rank approximation  
randomized-and-low-rank-approximation/RA-20/lean/verification/original-sources/randomized-and-low-rank-approximation/RA-20/README.md:8: trailing whitespace.
+**Difficulty:** challenging  
randomized-and-low-rank-approximation/RA-20/lean/verification/original-sources/randomized-and-low-rank-approximation/RA-20/README.md:9: trailing whitespace.
+**Importance:** interesting to specialist  
randomized-and-low-rank-approximation/RA-20/lean/verification/original-sources/randomized-and-low-rank-approximation/RA-20/README.md:10: trailing whitespace.
+**Status:** Solved  
randomized-and-low-rank-approximation/RA-20/lean/verification/smooth-development/attempt-8ls8viy7/NLA-RA20-Smooth.lean.log:31: trailing whitespace.
+/private/tmp/nla-lean-formalization/next-ra-statements-draft/RA-20/lean/NLA/RA20/Smooth.lean:124:2: warning: Try this: 
