theorem NLA.IV06.numerical_separator_margin._proof_1_7 : @Eq.{1} Bool
  (LeanCert.Validity.checkStrictUpperBoundDyadicChecked
    (LeanCert.Core.Expr.neg
      (LeanCert.Core.Expr.const
        (Rat.divInt (@OfNat.ofNat.{0} Int (nat_lit 18) (@instOfNat (nat_lit 18)))
          (@OfNat.ofNat.{0} Int (nat_lit 1) (@instOfNat (nat_lit 1))))))
    (Rat.divInt (@OfNat.ofNat.{0} Int (nat_lit 0) (@instOfNat (nat_lit 0)))
      (@OfNat.ofNat.{0} Int (nat_lit 1) (@instOfNat (nat_lit 1))))
    (Rat.divInt (@OfNat.ofNat.{0} Int (nat_lit 0) (@instOfNat (nat_lit 0)))
      (@OfNat.ofNat.{0} Int (nat_lit 1) (@instOfNat (nat_lit 1))))
    (@le_refl.{0} Rat Rat.instPreorder
      (Rat.divInt (@OfNat.ofNat.{0} Int (nat_lit 0) (@instOfNat (nat_lit 0)))
        (@OfNat.ofNat.{0} Int (nat_lit 1) (@instOfNat (nat_lit 1)))))
    (Rat.divInt (@OfNat.ofNat.{0} Int (nat_lit 0) (@instOfNat (nat_lit 0)))
      (@OfNat.ofNat.{0} Int (nat_lit 1) (@instOfNat (nat_lit 1))))
    (@Neg.neg.{0} Int Int.instNegInt (@OfNat.ofNat.{0} Int (nat_lit 53) (@instOfNat (nat_lit 53))))
    (@OfNat.ofNat.{0} Nat (nat_lit 10) (instOfNatNat (nat_lit 10))))
  Bool.true :=
@of_decide_eq_true
  (@Eq.{1} Bool
    (LeanCert.Validity.checkStrictUpperBoundDyadicChecked
      (LeanCert.Core.Expr.neg
        (LeanCert.Core.Expr.const
          (Rat.divInt (@OfNat.ofNat.{0} Int (nat_lit 18) (@instOfNat (nat_lit 18)))
            (@OfNat.ofNat.{0} Int (nat_lit 1) (@instOfNat (nat_lit 1))))))
      (Rat.divInt (@OfNat.ofNat.{0} Int (nat_lit 0) (@instOfNat (nat_lit 0)))
        (@OfNat.ofNat.{0} Int (nat_lit 1) (@instOfNat (nat_lit 1))))
      (Rat.divInt (@OfNat.ofNat.{0} Int (nat_lit 0) (@instOfNat (nat_lit 0)))
        (@OfNat.ofNat.{0} Int (nat_lit 1) (@instOfNat (nat_lit 1))))
      (@le_refl.{0} Rat Rat.instPreorder
        (Rat.divInt (@OfNat.ofNat.{0} Int (nat_lit 0) (@instOfNat (nat_lit 0)))
          (@OfNat.ofNat.{0} Int (nat_lit 1) (@instOfNat (nat_lit 1)))))
      (Rat.divInt (@OfNat.ofNat.{0} Int (nat_lit 0) (@instOfNat (nat_lit 0)))
        (@OfNat.ofNat.{0} Int (nat_lit 1) (@instOfNat (nat_lit 1))))
      (@Neg.neg.{0} Int Int.instNegInt (@OfNat.ofNat.{0} Int (nat_lit 53) (@instOfNat (nat_lit 53))))
      (@OfNat.ofNat.{0} Nat (nat_lit 10) (instOfNatNat (nat_lit 10))))
    Bool.true)
  (instDecidableEqBool
    (LeanCert.Validity.checkStrictUpperBoundDyadicChecked
      (LeanCert.Core.Expr.neg
        (LeanCert.Core.Expr.const
          (Rat.divInt (@OfNat.ofNat.{0} Int (nat_lit 18) (@instOfNat (nat_lit 18)))
            (@OfNat.ofNat.{0} Int (nat_lit 1) (@instOfNat (nat_lit 1))))))
      (Rat.divInt (@OfNat.ofNat.{0} Int (nat_lit 0) (@instOfNat (nat_lit 0)))
        (@OfNat.ofNat.{0} Int (nat_lit 1) (@instOfNat (nat_lit 1))))
      (Rat.divInt (@OfNat.ofNat.{0} Int (nat_lit 0) (@instOfNat (nat_lit 0)))
        (@OfNat.ofNat.{0} Int (nat_lit 1) (@instOfNat (nat_lit 1))))
      (@le_refl.{0} Rat Rat.instPreorder
        (Rat.divInt (@OfNat.ofNat.{0} Int (nat_lit 0) (@instOfNat (nat_lit 0)))
          (@OfNat.ofNat.{0} Int (nat_lit 1) (@instOfNat (nat_lit 1)))))
      (Rat.divInt (@OfNat.ofNat.{0} Int (nat_lit 0) (@instOfNat (nat_lit 0)))
        (@OfNat.ofNat.{0} Int (nat_lit 1) (@instOfNat (nat_lit 1))))
      (@Neg.neg.{0} Int Int.instNegInt (@OfNat.ofNat.{0} Int (nat_lit 53) (@instOfNat (nat_lit 53))))
      (@OfNat.ofNat.{0} Nat (nat_lit 10) (instOfNatNat (nat_lit 10))))
    Bool.true)
  (@id.{0}
    (@Eq.{1} Bool
      (@Decidable.decide
        (@Eq.{1} Bool
          (LeanCert.Validity.checkStrictUpperBoundDyadicChecked
            (LeanCert.Core.Expr.neg
              (LeanCert.Core.Expr.const
                (Rat.divInt (@OfNat.ofNat.{0} Int (nat_lit 18) (@instOfNat (nat_lit 18)))
                  (@OfNat.ofNat.{0} Int (nat_lit 1) (@instOfNat (nat_lit 1))))))
            (Rat.divInt (@OfNat.ofNat.{0} Int (nat_lit 0) (@instOfNat (nat_lit 0)))
              (@OfNat.ofNat.{0} Int (nat_lit 1) (@instOfNat (nat_lit 1))))
            (Rat.divInt (@OfNat.ofNat.{0} Int (nat_lit 0) (@instOfNat (nat_lit 0)))
              (@OfNat.ofNat.{0} Int (nat_lit 1) (@instOfNat (nat_lit 1))))
            (@le_refl.{0} Rat Rat.instPreorder
              (Rat.divInt (@OfNat.ofNat.{0} Int (nat_lit 0) (@instOfNat (nat_lit 0)))
                (@OfNat.ofNat.{0} Int (nat_lit 1) (@instOfNat (nat_lit 1)))))
            (Rat.divInt (@OfNat.ofNat.{0} Int (nat_lit 0) (@instOfNat (nat_lit 0)))
              (@OfNat.ofNat.{0} Int (nat_lit 1) (@instOfNat (nat_lit 1))))
            (@Neg.neg.{0} Int Int.instNegInt (@OfNat.ofNat.{0} Int (nat_lit 53) (@instOfNat (nat_lit 53))))
            (@OfNat.ofNat.{0} Nat (nat_lit 10) (instOfNatNat (nat_lit 10))))
          Bool.true)
        (instDecidableEqBool
          (LeanCert.Validity.checkStrictUpperBoundDyadicChecked
            (LeanCert.Core.Expr.neg
              (LeanCert.Core.Expr.const
                (Rat.divInt (@OfNat.ofNat.{0} Int (nat_lit 18) (@instOfNat (nat_lit 18)))
                  (@OfNat.ofNat.{0} Int (nat_lit 1) (@instOfNat (nat_lit 1))))))
            (Rat.divInt (@OfNat.ofNat.{0} Int (nat_lit 0) (@instOfNat (nat_lit 0)))
              (@OfNat.ofNat.{0} Int (nat_lit 1) (@instOfNat (nat_lit 1))))
            (Rat.divInt (@OfNat.ofNat.{0} Int (nat_lit 0) (@instOfNat (nat_lit 0)))
              (@OfNat.ofNat.{0} Int (nat_lit 1) (@instOfNat (nat_lit 1))))
            (@le_refl.{0} Rat Rat.instPreorder
              (Rat.divInt (@OfNat.ofNat.{0} Int (nat_lit 0) (@instOfNat (nat_lit 0)))
                (@OfNat.ofNat.{0} Int (nat_lit 1) (@instOfNat (nat_lit 1)))))
            (Rat.divInt (@OfNat.ofNat.{0} Int (nat_lit 0) (@instOfNat (nat_lit 0)))
              (@OfNat.ofNat.{0} Int (nat_lit 1) (@instOfNat (nat_lit 1))))
            (@Neg.neg.{0} Int Int.instNegInt (@OfNat.ofNat.{0} Int (nat_lit 53) (@instOfNat (nat_lit 53))))
            (@OfNat.ofNat.{0} Nat (nat_lit 10) (instOfNatNat (nat_lit 10))))
          Bool.true))
      Bool.true)
    (@Eq.refl.{1} Bool Bool.true))
'NLA.IV06.numerical_separator_margin._proof_1_7' depends on axioms: [propext, Classical.choice, Quot.sound]
