CHECKED_PROJECT_EDGE NLA.IV06.eigenvalue_determinant_semantics: [NLA.IV06.RealMatrix,
 NLA.IV06.eigenvalue_determinant_semantics_proved,
 NLA.IV06.RealMatrix,
 NLA.IV06.HasRealEigenvalue,
 NLA.IV06.characteristicDet]
CHECKED_PROJECT_EDGE NLA.IV06.RealMatrix: []
CHECKED_PROJECT_EDGE NLA.IV06.eigenvalue_determinant_semantics_proved: [NLA.IV06.RealMatrix,
 NLA.IV06.HasRealEigenvalue,
 NLA.IV06.characteristicDet,
 NLA.IV06.eigenvalue_determinant_semantics_proved._simp_1_1,
 NLA.IV06.RealMatrix,
 NLA.IV06.HasRealEigenvalue,
 NLA.IV06.characteristicDet]
CHECKED_PROJECT_EDGE NLA.IV06.HasRealEigenvalue: [NLA.IV06.RealMatrix, NLA.IV06.RealMatrix]
CHECKED_PROJECT_EDGE NLA.IV06.characteristicDet: [NLA.IV06.RealMatrix, NLA.IV06.RealMatrix]
CHECKED_PROJECT_EDGE NLA.IV06.eigenvalue_determinant_semantics_proved._simp_1_1: []
CHECKED_PROJECT_EDGE NLA.IV06.family_and_determinant_semantics: [NLA.IV06.family_and_determinant_semantics_proved,
 NLA.IV06.EntrywiseLE,
 NLA.IV06.lower,
 NLA.IV06.upper,
 NLA.IV06.RealMatrix,
 NLA.IV06.InIntervalFamily,
 NLA.IV06.family,
 NLA.IV06.characteristicDet]
CHECKED_PROJECT_EDGE NLA.IV06.family_and_determinant_semantics_proved: [NLA.IV06.EntrywiseLE,
 NLA.IV06.lower,
 NLA.IV06.upper,
 NLA.IV06.RealMatrix,
 NLA.IV06.InIntervalFamily,
 NLA.IV06.family,
 NLA.IV06.characteristicDet,
 NLA.IV06.family._proof_1,
 NLA.IV06.lower._proof_1,
 NLA.IV06.lower._proof_2,
 NLA.IV06.upper._proof_1,
 NLA.IV06.upper._proof_2,
 NLA.IV06.interval_family_iff,
 NLA.IV06.family_characteristicDet,
 NLA.IV06.EntrywiseLE,
 NLA.IV06.lower,
 NLA.IV06.upper,
 NLA.IV06.RealMatrix,
 NLA.IV06.InIntervalFamily,
 NLA.IV06.family,
 NLA.IV06.characteristicDet]
CHECKED_PROJECT_EDGE NLA.IV06.EntrywiseLE: [NLA.IV06.RealMatrix, NLA.IV06.RealMatrix]
CHECKED_PROJECT_EDGE NLA.IV06.lower: [NLA.IV06.family,
 NLA.IV06.lower._proof_1,
 NLA.IV06.lower._proof_2,
 NLA.IV06.RealMatrix]
CHECKED_PROJECT_EDGE NLA.IV06.family: [NLA.IV06.family._proof_1, NLA.IV06.RealMatrix]
CHECKED_PROJECT_EDGE NLA.IV06.family._proof_1: []
CHECKED_PROJECT_EDGE NLA.IV06.lower._proof_1: []
CHECKED_PROJECT_EDGE NLA.IV06.lower._proof_2: []
CHECKED_PROJECT_EDGE NLA.IV06.upper: [NLA.IV06.family,
 NLA.IV06.upper._proof_1,
 NLA.IV06.upper._proof_2,
 NLA.IV06.RealMatrix]
CHECKED_PROJECT_EDGE NLA.IV06.upper._proof_1: []
CHECKED_PROJECT_EDGE NLA.IV06.upper._proof_2: []
CHECKED_PROJECT_EDGE NLA.IV06.InIntervalFamily: [NLA.IV06.RealMatrix, NLA.IV06.EntrywiseLE, NLA.IV06.RealMatrix]
CHECKED_PROJECT_EDGE NLA.IV06.interval_family_iff: [NLA.IV06.RealMatrix,
 NLA.IV06.InIntervalFamily,
 NLA.IV06.lower,
 NLA.IV06.upper,
 NLA.IV06.family,
 NLA.IV06.EntrywiseLE,
 NLA.IV06.lower._proof_1,
 NLA.IV06.family._proof_1,
 NLA.IV06.lower._proof_2,
 NLA.IV06.upper._proof_1,
 NLA.IV06.upper._proof_2,
 NLA.IV06.RealMatrix,
 NLA.IV06.InIntervalFamily,
 NLA.IV06.lower,
 NLA.IV06.upper,
 NLA.IV06.family]
CHECKED_PROJECT_EDGE NLA.IV06.family_characteristicDet: [NLA.IV06.characteristicDet,
 NLA.IV06.family,
 NLA.IV06.family._proof_1,
 NLA.IV06.RealMatrix,
 NLA.IV06.family_characteristicDet._simp_1_3,
 NLA.IV06.characteristicDet,
 NLA.IV06.family]
CHECKED_PROJECT_EDGE NLA.IV06.family_characteristicDet._simp_1_3: []
CHECKED_PROJECT_EDGE NLA.IV06.witness_eigenpairs: [NLA.IV06.witness_eigenpairs_proved,
 NLA.IV06.InIntervalFamily,
 NLA.IV06.lower,
 NLA.IV06.upper,
 NLA.IV06.family,
 NLA.IV06.includedA,
 NLA.IV06.includedB,
 NLA.IV06.includedVector,
 NLA.IV06.includedValue,
 NLA.IV06.realEigenvalueSet]
CHECKED_PROJECT_EDGE NLA.IV06.witness_eigenpairs_proved: [NLA.IV06.InIntervalFamily,
 NLA.IV06.lower,
 NLA.IV06.upper,
 NLA.IV06.family,
 NLA.IV06.includedA,
 NLA.IV06.includedB,
 NLA.IV06.RealMatrix,
 NLA.IV06.interval_family_iff,
 NLA.IV06.includedA._proof_1,
 NLA.IV06.upper._proof_1,
 NLA.IV06.includedA._proof_2,
 NLA.IV06.includedA._proof_3,
 NLA.IV06.includedB._proof_1,
 NLA.IV06.lower._proof_2,
 NLA.IV06.includedB._proof_2,
 NLA.IV06.includedB._proof_3,
 NLA.IV06.includedVector,
 NLA.IV06.includedVector._proof_1,
 NLA.IV06.includedVector._proof_2,
 NLA.IV06.includedVector._proof_3,
 NLA.IV06.includedVector._proof_4,
 NLA.IV06.includedVector._proof_5,
 NLA.IV06.includedValue,
 NLA.IV06.family._proof_1,
 NLA.IV06.includedValue._proof_1,
 NLA.IV06.realEigenvalueSet,
 NLA.IV06.HasRealEigenvalue,
 NLA.IV06.InIntervalFamily,
 NLA.IV06.lower,
 NLA.IV06.upper,
 NLA.IV06.family,
 NLA.IV06.includedA,
 NLA.IV06.includedB,
 NLA.IV06.includedVector,
 NLA.IV06.includedValue,
 NLA.IV06.realEigenvalueSet]
CHECKED_PROJECT_EDGE NLA.IV06.includedA: [NLA.IV06.includedA._proof_1,
 NLA.IV06.upper._proof_1,
 NLA.IV06.includedA._proof_2,
 NLA.IV06.includedA._proof_3]
CHECKED_PROJECT_EDGE NLA.IV06.includedA._proof_1: []
CHECKED_PROJECT_EDGE NLA.IV06.includedA._proof_2: []
CHECKED_PROJECT_EDGE NLA.IV06.includedA._proof_3: []
CHECKED_PROJECT_EDGE NLA.IV06.includedB: [NLA.IV06.includedB._proof_1,
 NLA.IV06.lower._proof_2,
 NLA.IV06.includedB._proof_2,
 NLA.IV06.includedB._proof_3]
CHECKED_PROJECT_EDGE NLA.IV06.includedB._proof_1: []
CHECKED_PROJECT_EDGE NLA.IV06.includedB._proof_2: []
CHECKED_PROJECT_EDGE NLA.IV06.includedB._proof_3: []
CHECKED_PROJECT_EDGE NLA.IV06.includedVector: [NLA.IV06.includedVector._proof_1,
 NLA.IV06.includedVector._proof_2,
 NLA.IV06.includedVector._proof_3,
 NLA.IV06.includedVector._proof_4,
 NLA.IV06.includedVector._proof_5]
CHECKED_PROJECT_EDGE NLA.IV06.includedVector._proof_1: []
CHECKED_PROJECT_EDGE NLA.IV06.includedVector._proof_2: []
CHECKED_PROJECT_EDGE NLA.IV06.includedVector._proof_3: []
CHECKED_PROJECT_EDGE NLA.IV06.includedVector._proof_4: []
CHECKED_PROJECT_EDGE NLA.IV06.includedVector._proof_5: []
CHECKED_PROJECT_EDGE NLA.IV06.includedValue: [NLA.IV06.includedValue._proof_1, NLA.IV06.family._proof_1]
CHECKED_PROJECT_EDGE NLA.IV06.includedValue._proof_1: []
CHECKED_PROJECT_EDGE NLA.IV06.realEigenvalueSet: [NLA.IV06.RealMatrix,
 NLA.IV06.InIntervalFamily,
 NLA.IV06.HasRealEigenvalue,
 NLA.IV06.RealMatrix]
CHECKED_PROJECT_EDGE NLA.IV06.witness_separators: [NLA.IV06.witness_separators_proved,
 NLA.IV06.RealMatrix,
 NLA.IV06.InIntervalFamily,
 NLA.IV06.lower,
 NLA.IV06.upper,
 NLA.IV06.determinantLower,
 NLA.IV06.characteristicDet,
 NLA.IV06.separator,
 NLA.IV06.determinantUpper,
 NLA.IV06.realEigenvalueSet]
CHECKED_PROJECT_EDGE NLA.IV06.witness_separators_proved: [NLA.IV06.RealMatrix,
 NLA.IV06.InIntervalFamily,
 NLA.IV06.lower,
 NLA.IV06.upper,
 NLA.IV06.determinantLower,
 NLA.IV06.characteristicDet,
 NLA.IV06.separator,
 NLA.IV06.determinantUpper,
 NLA.IV06.family,
 NLA.IV06.interval_family_iff,
 NLA.IV06.family_characteristicDet,
 NLA.IV06.determinantLower._proof_1,
 NLA.IV06.determinantUpper._proof_1,
 NLA.IV06.determinantLower._proof_2,
 NLA.IV06.determinantUpper._proof_2,
 NLA.IV06.determinantLower._proof_3,
 NLA.IV06.determinantUpper._proof_3,
 NLA.IV06.includedVector._proof_4,
 NLA.IV06.numerical_separator_margin,
 NLA.IV06.realEigenvalueSet,
 NLA.IV06.HasRealEigenvalue,
 NLA.IV06.eigenvalue_determinant_semantics_proved,
 NLA.IV06.RealMatrix,
 NLA.IV06.InIntervalFamily,
 NLA.IV06.lower,
 NLA.IV06.upper,
 NLA.IV06.determinantLower,
 NLA.IV06.characteristicDet,
 NLA.IV06.separator,
 NLA.IV06.determinantUpper,
 NLA.IV06.realEigenvalueSet]
CHECKED_PROJECT_EDGE NLA.IV06.determinantLower: [NLA.IV06.determinantLower._proof_1,
 NLA.IV06.determinantLower._proof_2,
 NLA.IV06.determinantLower._proof_3]
CHECKED_PROJECT_EDGE NLA.IV06.determinantLower._proof_1: []
CHECKED_PROJECT_EDGE NLA.IV06.determinantLower._proof_2: []
CHECKED_PROJECT_EDGE NLA.IV06.determinantLower._proof_3: []
CHECKED_PROJECT_EDGE NLA.IV06.separator: [NLA.IV06.includedVector._proof_4]
CHECKED_PROJECT_EDGE NLA.IV06.determinantUpper: [NLA.IV06.determinantUpper._proof_1,
 NLA.IV06.determinantUpper._proof_2,
 NLA.IV06.determinantUpper._proof_3]
CHECKED_PROJECT_EDGE NLA.IV06.determinantUpper._proof_1: []
CHECKED_PROJECT_EDGE NLA.IV06.determinantUpper._proof_2: []
CHECKED_PROJECT_EDGE NLA.IV06.determinantUpper._proof_3: []
CHECKED_PROJECT_EDGE NLA.IV06.numerical_separator_margin: [NLA.IV06.numerical_separator_margin._proof_1_7]
CHECKED_PROJECT_EDGE NLA.IV06.numerical_separator_margin._proof_1_7: []
CHECKED_PROJECT_EDGE NLA.IV06.connected_component_intervals: [NLA.IV06.connected_component_intervals_proved]
CHECKED_PROJECT_EDGE NLA.IV06.connected_component_intervals_proved: []
CHECKED_PROJECT_EDGE NLA.IV06.four_components: [NLA.IV06.four_components_proved,
 NLA.IV06.realEigenvalueSet,
 NLA.IV06.lower,
 NLA.IV06.upper,
 NLA.IV06.includedValue,
 NLA.IV06.componentCard]
CHECKED_PROJECT_EDGE NLA.IV06.four_components_proved: [NLA.IV06.realEigenvalueSet,
 NLA.IV06.lower,
 NLA.IV06.upper,
 NLA.IV06.includedValue,
 NLA.IV06.family,
 NLA.IV06.includedA,
 NLA.IV06.includedB,
 NLA.IV06.includedVector,
 NLA.IV06.InIntervalFamily,
 NLA.IV06.witness_eigenpairs_proved,
 NLA.IV06.separator,
 NLA.IV06.ordered_pair_separator,
 NLA.IV06.connected_component_intervals_proved,
 NLA.IV06.determinantUpper,
 NLA.IV06.RealMatrix,
 NLA.IV06.determinantLower,
 NLA.IV06.characteristicDet,
 NLA.IV06.witness_separators_proved,
 NLA.IV06.componentCard,
 NLA.IV06.realEigenvalueSet,
 NLA.IV06.lower,
 NLA.IV06.upper,
 NLA.IV06.includedValue,
 NLA.IV06.componentCard]
CHECKED_PROJECT_EDGE NLA.IV06.ordered_pair_separator: [NLA.IV06.includedValue,
 NLA.IV06.separator,
 NLA.IV06.includedValue._proof_1,
 NLA.IV06.family._proof_1,
 NLA.IV06.includedVector._proof_4,
 NLA.IV06.ordered_pair_separator._simp_1_3,
 NLA.IV06.includedValue,
 NLA.IV06.separator]
CHECKED_PROJECT_EDGE NLA.IV06.ordered_pair_separator._simp_1_3: []
CHECKED_PROJECT_EDGE NLA.IV06.componentCard: []
CHECKED_PROJECT_EDGE NLA.IV06.counterexample: [NLA.IV06.counterexample_proved,
 NLA.IV06.EntrywiseLE,
 NLA.IV06.lower,
 NLA.IV06.upper,
 NLA.IV06.componentCard,
 NLA.IV06.realEigenvalueSet]
CHECKED_PROJECT_EDGE NLA.IV06.counterexample_proved: [NLA.IV06.EntrywiseLE,
 NLA.IV06.lower,
 NLA.IV06.upper,
 NLA.IV06.componentCard,
 NLA.IV06.realEigenvalueSet,
 NLA.IV06.RealMatrix,
 NLA.IV06.InIntervalFamily,
 NLA.IV06.family,
 NLA.IV06.characteristicDet,
 NLA.IV06.family_and_determinant_semantics_proved,
 NLA.IV06.includedValue,
 NLA.IV06.four_components_proved,
 NLA.IV06.EntrywiseLE,
 NLA.IV06.lower,
 NLA.IV06.upper,
 NLA.IV06.componentCard,
 NLA.IV06.realEigenvalueSet]
CHECKED_PROJECT_EDGE NLA.IV06.not_componentBoundConjecture: [NLA.IV06.not_componentBoundConjecture_proved,
 NLA.IV06.ComponentBoundConjecture]
CHECKED_PROJECT_EDGE NLA.IV06.not_componentBoundConjecture_proved: [NLA.IV06.ComponentBoundConjecture,
 NLA.IV06.componentCard,
 NLA.IV06.realEigenvalueSet,
 NLA.IV06.lower,
 NLA.IV06.upper,
 NLA.IV06.EntrywiseLE,
 NLA.IV06.counterexample_proved,
 NLA.IV06.ComponentBoundConjecture]
CHECKED_PROJECT_EDGE NLA.IV06.ComponentBoundConjecture: [NLA.IV06.RealMatrix,
 NLA.IV06.EntrywiseLE,
 NLA.IV06.componentCard,
 NLA.IV06.realEigenvalueSet]
REQUIRED_DEPENDENCY_PRESENT Matrix.exists_mulVec_eq_zero_iff
REQUIRED_DEPENDENCY_PRESENT ConnectedComponents.coe_eq_coe'
REQUIRED_DEPENDENCY_PRESENT isPreconnected_connectedComponent
REQUIRED_DEPENDENCY_PRESENT IsPreconnected.image
REQUIRED_DEPENDENCY_PRESENT continuous_subtype_val
REQUIRED_DEPENDENCY_PRESENT IsPreconnected.Icc_subset
REQUIRED_DEPENDENCY_PRESENT Cardinal.mk_le_of_injective
REQUIRED_DEPENDENCY_PRESENT Cardinal.mk_fintype
REQUIRED_DEPENDENCY_PRESENT Fintype.card_fin
REQUIRED_DEPENDENCY_PRESENT LeanCert.Validity.verify_strict_upper_bound_dyadic_checked
REQUIRED_DEPENDENCY_PRESENT NLA.IV06.interval_family_iff
REQUIRED_DEPENDENCY_PRESENT NLA.IV06.family_characteristicDet
REQUIRED_DEPENDENCY_PRESENT NLA.IV06.witness_eigenpairs_proved
REQUIRED_DEPENDENCY_PRESENT NLA.IV06.numerical_separator_margin
REQUIRED_DEPENDENCY_PRESENT NLA.IV06.witness_separators_proved
REQUIRED_DEPENDENCY_PRESENT NLA.IV06.connected_component_intervals_proved
REQUIRED_DEPENDENCY_PRESENT NLA.IV06.ordered_pair_separator
REQUIRED_DEPENDENCY_PRESENT NLA.IV06.four_components_proved
REQUIRED_DEPENDENCY_PRESENT NLA.IV06.counterexample_proved
REQUIRED_DEPENDENCY_PRESENT NLA.IV06.not_componentBoundConjecture_proved
SAFE_PROJECT_DECLARATIONS_TRAVERSED 65
PUBLIC_THEOREM_KINDS_VERIFIED 8
'NLA.IV06.eigenvalue_determinant_semantics' depends on axioms: [propext, Classical.choice, Quot.sound]
'NLA.IV06.family_and_determinant_semantics' depends on axioms: [propext, Classical.choice, Quot.sound]
'NLA.IV06.witness_eigenpairs' depends on axioms: [propext, Classical.choice, Quot.sound]
'NLA.IV06.witness_separators' depends on axioms: [propext, Classical.choice, Quot.sound]
'NLA.IV06.connected_component_intervals' depends on axioms: [propext, Classical.choice, Quot.sound]
'NLA.IV06.four_components' depends on axioms: [propext, Classical.choice, Quot.sound]
'NLA.IV06.counterexample' depends on axioms: [propext, Classical.choice, Quot.sound]
'NLA.IV06.not_componentBoundConjecture' depends on axioms: [propext, Classical.choice, Quot.sound]
'NLA.IV06.numerical_separator_margin' depends on axioms: [propext, Classical.choice, Quot.sound]
'NLA.IV06.connected_component_intervals_proved' depends on axioms: [propext, Classical.choice, Quot.sound]
'NLA.IV06.four_components_proved' depends on axioms: [propext, Classical.choice, Quot.sound]
def NLA.IV06.HasRealEigenvalue : {n : Nat} → NLA.IV06.RealMatrix n → Real → Prop :=
fun {n} A lam =>
  ∃ v,
    And
      (@Ne (Fin n → Real) v
        (@OfNat.ofNat (Fin n → Real) (nat_lit 0)
          (@Zero.toOfNat0 (Fin n → Real) (@Pi.instZero (Fin n) (fun a => Real) fun i => Real.instZero))))
      (@Eq (Fin n → Real)
        (@Matrix.mulVec (Fin n) (Fin n) Real
          (@NonUnitalNonAssocRing.toNonUnitalNonAssocSemiring Real
            (@NonUnitalNonAssocCommRing.toNonUnitalNonAssocRing Real
              (@NonUnitalCommRing.toNonUnitalNonAssocCommRing Real (@CommRing.toNonUnitalCommRing Real Real.commRing))))
          (Fin.fintype n) A v)
        (@HSMul.hSMul Real (Fin n → Real) (Fin n → Real)
          (@instHSMul Real (Fin n → Real) (@Function.hasSMul (Fin n) Real Real (@instSMulOfMul Real Real.instMul))) lam
          v))
def NLA.IV06.characteristicDet : {n : Nat} → NLA.IV06.RealMatrix n → Real → Real :=
fun {n} A lam =>
  @Matrix.det (Fin n) (instDecidableEqFin n) (Fin.fintype n) Real Real.commRing
    (@HSub.hSub (NLA.IV06.RealMatrix n) (NLA.IV06.RealMatrix n) (NLA.IV06.RealMatrix n)
      (@instHSub (NLA.IV06.RealMatrix n) (@Matrix.sub (Fin n) (Fin n) Real Real.instSub))
      (@HSMul.hSMul Real (NLA.IV06.RealMatrix n) (NLA.IV06.RealMatrix n)
        (@instHSMul Real (NLA.IV06.RealMatrix n)
          (@Matrix.smul (Fin n) (Fin n) Real Real (@instSMulOfMul Real Real.instMul)))
        lam
        (@OfNat.ofNat (NLA.IV06.RealMatrix n) (nat_lit 1)
          (@One.toOfNat1 (NLA.IV06.RealMatrix n)
            (@Matrix.one (Fin n) Real (instDecidableEqFin n) Real.instZero Real.instOne))))
      A)
def NLA.IV06.realEigenvalueSet : {n : Nat} → NLA.IV06.RealMatrix n → NLA.IV06.RealMatrix n → Set Real :=
fun {n} L U =>
  @Set.ofPred Real fun lam => ∃ A, And (@NLA.IV06.InIntervalFamily n L U A) (@NLA.IV06.HasRealEigenvalue n A lam)
def NLA.IV06.componentCard : Set Real → Cardinal.{0} :=
fun S =>
  Cardinal.mk
    (@ConnectedComponents (@Set.Elem Real S)
      (@instTopologicalSpaceSubtype Real (fun x => @Membership.mem Real (Set Real) (@Set.instMembership Real) S x)
        (@UniformSpace.toTopologicalSpace Real (@PseudoMetricSpace.toUniformSpace Real Real.pseudoMetricSpace))))
def NLA.IV06.ComponentBoundConjecture : Prop :=
∀ (n : Nat),
  @LE.le Nat instLENat (@OfNat.ofNat Nat (nat_lit 1) (instOfNatNat (nat_lit 1))) n →
    ∀ (L U : NLA.IV06.RealMatrix n),
      @NLA.IV06.EntrywiseLE n L U →
        @LE.le Cardinal.{0} Cardinal.instLE (NLA.IV06.componentCard (@NLA.IV06.realEigenvalueSet n L U))
          (@Nat.cast Cardinal.{0} Cardinal.instNatCast n)
def ConnectedComponents.{u} : (α : Type u) → [TopologicalSpace α] → Type u :=
fun α [TopologicalSpace α] => Quotient (connectedComponentSetoid α)
@[defeq] theorem Real.dist_eq : ∀ (x y : ℝ), dist x y = |x - y| :=
fun x y => rfl
@Matrix.exists_mulVec_eq_zero_iff : ∀ {n : Type u_1} [inst : Fintype n] {A : Type u_2} [inst_1 : CommRing A]
  [IsDomain A] {M : Matrix n n A} [inst_3 : DecidableEq n], (∃ v, v ≠ 0 ∧ M.mulVec v = 0) ↔ M.det = 0
@IsPreconnected.Icc_subset : ∀ {α : Type u_1} [inst : LinearOrder α] [inst_1 : TopologicalSpace α]
  [OrderClosedTopology α] {s : Set α}, IsPreconnected s → ∀ {a b : α}, a ∈ s → b ∈ s → Set.Icc a b ⊆ s
@Cardinal.mk_le_of_injective : ∀ {α β : Type u_1} {f : α → β}, Function.Injective f → Cardinal.mk α ≤ Cardinal.mk β
NLA.IV06.eigenvalue_determinant_semantics : ∀ (n : ℕ) (A : NLA.IV06.RealMatrix n) (lam : ℝ),
  NLA.IV06.HasRealEigenvalue A lam ↔ NLA.IV06.characteristicDet A lam = 0
NLA.IV06.family_and_determinant_semantics : NLA.IV06.EntrywiseLE NLA.IV06.lower NLA.IV06.upper ∧
  (∀ (A : NLA.IV06.RealMatrix 3),
      NLA.IV06.InIntervalFamily NLA.IV06.lower NLA.IV06.upper A ↔
        ∃ a b, a ∈ Set.Icc (-166) (-16) ∧ b ∈ Set.Icc 9 159 ∧ A = NLA.IV06.family a b) ∧
    ∀ (a b lam : ℝ),
      NLA.IV06.characteristicDet (NLA.IV06.family a b) lam = (lam - 25) * (lam ^ 2 - 1) - a * (lam - 1) - b * (lam + 1)
NLA.IV06.witness_eigenpairs : ∀ (i : Fin 4),
  NLA.IV06.InIntervalFamily NLA.IV06.lower NLA.IV06.upper
      (NLA.IV06.family (NLA.IV06.includedA i) (NLA.IV06.includedB i)) ∧
    NLA.IV06.includedVector i ≠ 0 ∧
      Matrix.mulVec (NLA.IV06.family (NLA.IV06.includedA i) (NLA.IV06.includedB i)) (NLA.IV06.includedVector i) =
          NLA.IV06.includedValue i • NLA.IV06.includedVector i ∧
        NLA.IV06.includedValue i ∈ NLA.IV06.realEigenvalueSet NLA.IV06.lower NLA.IV06.upper
NLA.IV06.witness_separators : (∀ (A : NLA.IV06.RealMatrix 3),
    NLA.IV06.InIntervalFamily NLA.IV06.lower NLA.IV06.upper A →
      ∀ (j : Fin 3),
        NLA.IV06.determinantLower j ≤ NLA.IV06.characteristicDet A (NLA.IV06.separator j) ∧
          NLA.IV06.characteristicDet A (NLA.IV06.separator j) ≤ NLA.IV06.determinantUpper j) ∧
  (∀ (j : Fin 3), NLA.IV06.determinantUpper j < 0) ∧
    ∀ (j : Fin 3), NLA.IV06.separator j ∉ NLA.IV06.realEigenvalueSet NLA.IV06.lower NLA.IV06.upper
NLA.IV06.connected_component_intervals : ∀ (S : Set ℝ) (x y : ↑S),
  ConnectedComponents.mk x = ConnectedComponents.mk y → Set.Icc ↑x ↑y ⊆ S
NLA.IV06.four_components : (∃ f,
    (∀ (i : Fin 4), ↑(f i) = NLA.IV06.includedValue i) ∧ Function.Injective fun i => ConnectedComponents.mk (f i)) ∧
  4 ≤ NLA.IV06.componentCard (NLA.IV06.realEigenvalueSet NLA.IV06.lower NLA.IV06.upper)
NLA.IV06.counterexample : NLA.IV06.EntrywiseLE NLA.IV06.lower NLA.IV06.upper ∧
  3 < NLA.IV06.componentCard (NLA.IV06.realEigenvalueSet NLA.IV06.lower NLA.IV06.upper)
NLA.IV06.not_componentBoundConjecture : ¬NLA.IV06.ComponentBoundConjecture
theorem NLA.IV06.numerical_separator_margin : -18 < 0 :=
have h0 :=
  LeanCert.Validity.verify_strict_upper_bound_dyadic_checked (LeanCert.Core.Expr.const (Rat.divInt 18 1)).neg
    (Rat.divInt 0 1) (Rat.divInt 0 1) (le_refl (Rat.divInt 0 1)) (Rat.divInt 0 1) (-53) 10
    (of_decide_eq_true (id (Eq.refl true))) NLA.IV06.numerical_separator_margin._proof_1_7 ↑(Rat.divInt 0 1)
    ⟨le_refl ↑(Rat.divInt 0 1), le_refl ↑(Rat.divInt 0 1)⟩;
Eq.mpr
  (eq_of_heq
    ((fun α self a a' e'_3 a_1 a'_1 e'_4 =>
        Eq.casesOn (motive := fun a_2 x => a' = a_2 → e'_3 ≍ x → (a < a_1) ≍ (a' < a'_1)) e'_3
          (fun h =>
            Eq.ndrec (motive := fun a' => ∀ (e_3 : a = a'), e_3 ≍ Eq.refl a → (a < a_1) ≍ (a' < a'_1))
              (fun e_3 h =>
                Eq.casesOn (motive := fun a_2 x => a'_1 = a_2 → e'_4 ≍ x → (a < a_1) ≍ (a < a'_1)) e'_4
                  (fun h =>
                    Eq.ndrec (motive := fun a' => ∀ (e_4 : a_1 = a'), e_4 ≍ Eq.refl a_1 → (a < a_1) ≍ (a < a'))
                      (fun e_4 h => HEq.refl (a < a_1)) (Eq.symm h) e'_4)
                  (Eq.refl a'_1) (HEq.refl e'_4))
              (Eq.symm h) e'_3)
          (Eq.refl a') (HEq.refl e'_3))
      ℝ Real.instLT (-18) (-↑(↑18 / ↑1))
      (Mathlib.Meta.NormNum.isInt_eq_true
        (Mathlib.Meta.NormNum.isInt_neg (Eq.refl Neg.neg)
          (Mathlib.Meta.NormNum.IsNat.to_isInt (Mathlib.Meta.NormNum.isNat_ofNat ℝ (Eq.refl 18)))
          (Eq.refl (Int.negOfNat 18)))
        (Mathlib.Meta.NormNum.isInt_neg (Eq.refl Neg.neg)
          (Mathlib.Meta.NormNum.IsNat.to_isInt
            (Mathlib.Meta.NormNum.isNat_ratCast
              (Mathlib.Meta.NormNum.IsNNRat.to_isNat
                (Mathlib.Meta.NormNum.isNNRat_div
                  (Mathlib.Meta.NormNum.IsNat.to_isNNRat
                    (Mathlib.Meta.NormNum.isNat_mul (Eq.refl HMul.hMul)
                      (Mathlib.Meta.NormNum.isNat_intCast 18 18 (Mathlib.Meta.NormNum.isNat_ofNat ℤ (Eq.refl 18)))
                      (Mathlib.Meta.NormNum.IsNNRat.to_isNat
                        (Mathlib.Meta.NormNum.isNNRat_inv_pos
                          (Mathlib.Meta.NormNum.IsNat.to_isNNRat
                            (Mathlib.Meta.NormNum.isNat_intCast 1 1 (Mathlib.Meta.NormNum.isNat_ofNat ℤ (Eq.refl 1))))))
                      (Eq.refl 18)))))))
          (Eq.refl (Int.negOfNat 18))))
      0 (↑(↑0 / ↑1))
      (Mathlib.Meta.NormNum.isNat_eq_true (Mathlib.Meta.NormNum.isNat_ofNat ℝ Nat.cast_zero)
        (Mathlib.Meta.NormNum.isNat_ratCast
          (Mathlib.Meta.NormNum.IsNNRat.to_isNat
            (Mathlib.Meta.NormNum.isNNRat_div
              (Mathlib.Meta.NormNum.IsNat.to_isNNRat
                (Mathlib.Meta.NormNum.isNat_mul (Eq.refl HMul.hMul)
                  (Mathlib.Meta.NormNum.isNat_intCast 0 0 (Mathlib.Meta.NormNum.isNat_ofNat ℤ (Eq.refl 0)))
                  (Mathlib.Meta.NormNum.IsNNRat.to_isNat
                    (Mathlib.Meta.NormNum.isNNRat_inv_pos
                      (Mathlib.Meta.NormNum.IsNat.to_isNNRat
                        (Mathlib.Meta.NormNum.isNat_intCast 1 1 (Mathlib.Meta.NormNum.isNat_ofNat ℤ (Eq.refl 1))))))
                  (Eq.refl 0)))))))))
  (Eq.mp
    (congr (congrArg LT.lt (congrArg Neg.neg (congrArg Rat.cast (Rat.divInt_eq_div 18 1))))
      (congrArg Rat.cast (Rat.divInt_eq_div 0 1)))
    h0)
theorem NLA.IV06.connected_component_intervals_proved : ∀ (S : Set ℝ) (x y : ↑S),
  ConnectedComponents.mk x = ConnectedComponents.mk y → Set.Icc ↑x ↑y ⊆ S :=
fun S x y h =>
  have hx := ConnectedComponents.coe_eq_coe'.mp h;
  have hpre :=
    IsPreconnected.image isPreconnected_connectedComponent Subtype.val (Continuous.continuousOn continuous_subtype_val);
  have hleft := Exists.intro x ⟨hx, rfl⟩;
  have hright := Exists.intro y ⟨mem_connectedComponent, rfl⟩;
  fun ⦃z⦄ hz =>
  Exists.casesOn (IsPreconnected.Icc_subset hpre hleft hright hz) fun u h =>
    And.casesOn h fun left right =>
      Eq.ndrec (motive := fun ⦃z⦄ => z ∈ Set.Icc ↑x ↑y → z ∈ S) (fun hz => u.property) right hz
theorem NLA.IV06.four_components_proved : (∃ f,
    (∀ (i : Fin 4), ↑(f i) = NLA.IV06.includedValue i) ∧ Function.Injective fun i => ConnectedComponents.mk (f i)) ∧
  4 ≤ NLA.IV06.componentCard (NLA.IV06.realEigenvalueSet NLA.IV06.lower NLA.IV06.upper) :=
let f := fun i => ⟨NLA.IV06.includedValue i, (NLA.IV06.witness_eigenpairs_proved i).right.right.right⟩;
have hsep := fun i j hij h =>
  Exists.casesOn (NLA.IV06.ordered_pair_separator i j hij) fun k h_1 =>
    And.casesOn h_1 fun hki hkj =>
      have hbetween :=
        NLA.IV06.connected_component_intervals_proved (NLA.IV06.realEigenvalueSet NLA.IV06.lower NLA.IV06.upper) (f i)
          (f j) h;
      NLA.IV06.witness_separators_proved.right.right k (hbetween ⟨hki, hkj⟩);
have hinj := fun ⦃i j⦄ h =>
  Or.casesOn (lt_trichotomy i j) (fun hij => False.elim (hsep i j hij h)) fun h_1 =>
    Or.casesOn h_1 (fun heq => heq) fun hji => False.elim (hsep j i hji (Eq.symm h));
⟨Exists.intro f ⟨fun x => rfl, hinj⟩,
  id
    (Eq.mp
      (congrFun' (congrArg LE.le (Eq.trans (Cardinal.mk_fintype (Fin 4)) (congrArg Nat.cast (Fintype.card_fin 4))))
        (Cardinal.mk (ConnectedComponents ↑(NLA.IV06.realEigenvalueSet NLA.IV06.lower NLA.IV06.upper))))
      (Cardinal.mk_le_of_injective hinj))⟩
theorem NLA.IV06.not_componentBoundConjecture_proved : ¬NLA.IV06.ComponentBoundConjecture :=
fun h =>
  not_le_of_gt NLA.IV06.counterexample_proved.right
    (h 3
      (Mathlib.Meta.NormNum.isNat_le_true (Mathlib.Meta.NormNum.isNat_ofNat ℕ (Eq.refl 1))
        (Mathlib.Meta.NormNum.isNat_ofNat ℕ (Eq.refl 3)) (Eq.refl true))
      NLA.IV06.lower NLA.IV06.upper NLA.IV06.counterexample_proved.left)
