Mathlib/Analysis/Matrix/Order.lean:142:  obtain ⟨B, rfl⟩ := CStarAlgebra.nonneg_iff_eq_star_mul_self.mp hA.nonneg
Mathlib/Analysis/Matrix/Order.lean:184:  obtain ⟨y, rfl⟩ := CStarAlgebra.nonneg_iff_eq_star_mul_self.mp hx.nonneg
Mathlib/Analysis/Matrix/Order.lean:217:  obtain ⟨a, rfl⟩ := CStarAlgebra.nonneg_iff_eq_star_mul_self.mp hx.nonneg
Mathlib/Analysis/Matrix/Order.lean:218:  obtain ⟨b, rfl⟩ := CStarAlgebra.nonneg_iff_eq_star_mul_self.mp hy.nonneg
Mathlib/Analysis/Matrix/Order.lean:249:    exact (hAs.kronecker hBs).dotProduct_mulVec_nonneg _
Mathlib/Analysis/Matrix/Order.lean:300:  re_inner_nonneg x := RCLike.nonneg_iff.mp (hM.mul_mul_conjTranspose_same x).trace_nonneg |>.1
Mathlib/Analysis/Matrix/Order.lean:328:        conjTranspose_conjTranspose, mul_assoc, trace_conjTranspose_mul_self_eq_zero_iff] at hx
Mathlib/Analysis/Matrix/PosDef.lean:46:  RCLike.nonneg_iff.mp (hA.dotProduct_mulVec_nonneg _) |>.1
Mathlib/Analysis/Matrix/PosDef.lean:54:  conv_lhs => rw [hA.1.spectral_theorem, conjStarAlgAut_apply, trace_mul_cycle, coe_star_mul_self,
Mathlib/Analysis/Matrix/Normed.lean:550:theorem frobenius_norm_def (A : Matrix m n α) :
Mathlib/Analysis/Matrix/Normed.lean:588:  rw [frobenius_norm_def, Fintype.sum_unique, PiLp.norm_eq_of_L2, Real.sqrt_eq_rpow]
Mathlib/Analysis/Matrix/Normed.lean:597:  simp [frobenius_norm_def, PiLp.norm_eq_of_L2, Real.sqrt_eq_rpow]
Mathlib/LinearAlgebra/Matrix/PosDef.lean:305:theorem dotProduct_mulVec_nonneg {M : Matrix n n R} (hM : M.PosSemidef) :
Mathlib/LinearAlgebra/Matrix/PosDef.lean:308:lemma of_dotProduct_mulVec_nonneg {M : Matrix n n R} (hM1 : M.IsHermitian)
Mathlib/LinearAlgebra/Matrix/PosDef.lean:316:  refine of_dotProduct_mulVec_nonneg (isHermitian_conjTranspose_mul_mul B hA.1) fun x ↦ ?_
Mathlib/LinearAlgebra/Matrix/PosDef.lean:318:      hA.dotProduct_mulVec_nonneg (B *ᵥ x)
Mathlib/LinearAlgebra/Matrix/PosDef.lean:321:lemma mul_mul_conjTranspose_same {A : Matrix n n R} (hA : PosSemidef A) (B : Matrix m n R) :
Mathlib/LinearAlgebra/Matrix/PosDef.lean:333:    simpa only [hM.isHermitian.eq] using (hM.pow k).mul_mul_conjTranspose_same M
Mathlib/LinearAlgebra/Matrix/PosDef.lean:359:  refine .of_dotProduct_mulVec_nonneg (isHermitian_conjTranspose_mul_self _) fun x => ?_
Mathlib/LinearAlgebra/Matrix/PosDef.lean:375:theorem trace_conjTranspose_mul_self_eq_zero_iff {A : Matrix m n R} :
Mathlib/LinearAlgebra/Matrix/PosDef.lean:381:  simpa using trace_conjTranspose_mul_self_eq_zero_iff (A := Aᴴ)
Mathlib/LinearAlgebra/Matrix/PosDef.lean:452:lemma mul_mul_conjTranspose_same {A : Matrix n n R} {B : Matrix m n R} (hA : A.PosDef)
Mathlib/LinearAlgebra/Matrix/PosDef.lean:469:  simpa using mul_mul_conjTranspose_same .one hA
Mathlib/LinearAlgebra/Matrix/PosDef.lean:515:  have := hM.mul_mul_conjTranspose_same (B := M⁻¹) ?_
Mathlib/LinearAlgebra/Matrix/PosDef.lean:569:  · refine fun h => .of_dotProduct_mulVec_nonneg h.1 fun x => ?_
Mathlib/LinearAlgebra/Matrix/Trace.lean:161:theorem trace_mul_cycle [NonUnitalCommSemiring R] (A : Matrix m n R) (B : Matrix n p R)
Mathlib/LinearAlgebra/Matrix/Trace.lean:165:theorem trace_mul_cycle' [NonUnitalCommSemiring R] (A : Matrix m n R) (B : Matrix n p R)
Mathlib/LinearAlgebra/Matrix/Trace.lean:196:  rw [trace_mul_cycle, Units.inv_mul, one_mul]
