.lake/packages/mathlib/Mathlib/Analysis/Matrix/Spectrum.lean:156:  conv_lhs => rw [hA.spectral_theorem, conjStarAlgAut_apply, charpoly_mul_comm, ← mul_assoc]
.lake/packages/mathlib/Mathlib/Analysis/Matrix/Spectrum.lean:159:lemma roots_charpoly_eq_eigenvalues :
.lake/packages/mathlib/Mathlib/Analysis/Matrix/Spectrum.lean:166:lemma roots_charpoly_eq_eigenvalues₀ :
.lake/packages/mathlib/Mathlib/Analysis/Matrix/Spectrum.lean:168:  rw [hA.roots_charpoly_eq_eigenvalues]
.lake/packages/mathlib/Mathlib/Analysis/Matrix/Spectrum.lean:172:lemma sort_roots_charpoly_eq_eigenvalues₀ :
.lake/packages/mathlib/Mathlib/Analysis/Matrix/Spectrum.lean:174:  simp_rw [hA.roots_charpoly_eq_eigenvalues₀, Fin.univ_val_map, Multiset.map_coe, List.map_ofFn,
.lake/packages/mathlib/Mathlib/Analysis/Matrix/Spectrum.lean:185:    simp_rw [← List.ofFn_inj, ← sort_roots_charpoly_eq_eigenvalues₀, h]
.lake/packages/mathlib/Mathlib/Analysis/Matrix/Spectrum.lean:188:  Polynomial.splits_iff_card_roots.mpr (by simp [hA.roots_charpoly_eq_eigenvalues])
.lake/packages/mathlib/Mathlib/Analysis/Matrix/Spectrum.lean:192:  simp [det_eq_prod_roots_charpoly_of_splits hA.splits_charpoly, hA.roots_charpoly_eq_eigenvalues]
.lake/packages/mathlib/Mathlib/Analysis/Matrix/Spectrum.lean:240:  simp [trace_eq_sum_roots_charpoly_of_splits hA.splits_charpoly, hA.roots_charpoly_eq_eigenvalues]
.lake/packages/mathlib/Mathlib/Analysis/Matrix/HermitianFunctionalCalculus.lean:154:  rw [cfc_eq hA f, IsHermitian.cfc, conjStarAlgAut_apply, charpoly_mul_comm, ← mul_assoc]
.lake/packages/mathlib/Mathlib/LinearAlgebra/Matrix/Charpoly/Basic.lean:240:A version of `Matrix.charpoly_mul_comm` for rectangular matrices.
.lake/packages/mathlib/Mathlib/LinearAlgebra/Matrix/Charpoly/Basic.lean:241:See also `Matrix.charpoly_mul_comm_of_le` which has just `(A * B).charpoly` as the LHS.
.lake/packages/mathlib/Mathlib/LinearAlgebra/Matrix/Charpoly/Basic.lean:243:theorem charpoly_mul_comm' (A : Matrix m n R) (B : Matrix n m R) :
.lake/packages/mathlib/Mathlib/LinearAlgebra/Matrix/Charpoly/Basic.lean:266:theorem charpoly_mul_comm_of_le
.lake/packages/mathlib/Mathlib/LinearAlgebra/Matrix/Charpoly/Basic.lean:270:    Nat.add_sub_cancel' hle, charpoly_mul_comm']
.lake/packages/mathlib/Mathlib/LinearAlgebra/Matrix/Charpoly/Basic.lean:272:/-- A version of `charpoly_mul_comm'` for square matrices. -/
.lake/packages/mathlib/Mathlib/LinearAlgebra/Matrix/Charpoly/Basic.lean:273:theorem charpoly_mul_comm (A B : Matrix n n R) : (A * B).charpoly = (B * A).charpoly :=
.lake/packages/mathlib/Mathlib/LinearAlgebra/Matrix/Charpoly/Basic.lean:274:  (isRegular_X_pow _).left.eq_iff.mp <| charpoly_mul_comm' A B
.lake/packages/mathlib/Mathlib/LinearAlgebra/Matrix/Charpoly/Basic.lean:281:    rw [vecMulVec_eq (ι := Unit), charpoly_mul_comm_of_le (n := Unit) _ _ h, charpoly, charmatrix]
.lake/packages/mathlib/Mathlib/LinearAlgebra/Matrix/Charpoly/Basic.lean:287:  rw [Matrix.charpoly_mul_comm, ← mul_assoc]
