/private/tmp/nla-lean-mf16-worktree/matrix-functions-and-stability/MF-16/lean/NLA/MF16/Polynomial.lean:21:56: warning: This simp argument is unused:
  exprScale

Hint: Omit it from the simp argument list.
  [apply] simp [linearCoefficientExpr, linearCoefficient, exprSub, sub_eq_add_neg]

Note: This linter can be disabled with `set_option linter.unusedSimpArgs false`
Try this:
  [apply] ring_nf
  
  The `ring` tactic failed to close the goal. Use `ring_nf` to obtain a normal form.
    
  Note that `ring` works primarily in *commutative* rings. If you have a noncommutative ring, abelian group or module, consider using `noncomm_ring`, `abel` or `module` instead.
/private/tmp/nla-lean-mf16-worktree/matrix-functions-and-stability/MF-16/lean/NLA/MF16/Polynomial.lean:41:70: error: unsolved goals
v : Fin 3 → ℝ
⊢ -4783113 + v 0 * v 2 * linearCoefficient (v 0 + v 2) * v 1 * 136 +
                      v 0 * linearCoefficient (v 0 + v 2) * v 1 ^ 2 * 82 -
                    v 0 * v 1 * identityCoefficient (v 0 + v 2) * 144 +
                  v 0 ^ 2 * v 2 * linearCoefficient (v 0 + v 2) * 16 +
                v 0 ^ 2 * linearCoefficient (v 0 + v 2) * v 1 * 16 -
              v 0 ^ 2 * identityCoefficient (v 0 + v 2) * 17 +
            v 0 ^ 3 * linearCoefficient (v 0 + v 2) +
          v 2 * linearCoefficient (v 0 + v 2) * v 1 ^ 2 * 289 +
        linearCoefficient (v 0 + v 2) * v 1 ^ 3 * 136 -
      v 1 ^ 2 * identityCoefficient (v 0 + v 2) * 305 =
    -4783113 +
        v 0 *
          Matrix.vecMul ![v 0 + v 1 * 4, v 0 * 4 + v 1 * 17]
            ((!![v 0 * linearCoefficient (v 0 + v 2), linearCoefficient (v 0 + v 2) * v 1;
                  linearCoefficient (v 0 + v 2) * v 1, v 2 * linearCoefficient (v 0 + v 2)] -
                identityCoefficient (v 0 + v 2) • 1) *
              !![1, 4; 4, 17])
            0 +
      v 1 *
        Matrix.vecMul ![v 0 + v 1 * 4, v 0 * 4 + v 1 * 17]
          ((!![v 0 * linearCoefficient (v 0 + v 2), linearCoefficient (v 0 + v 2) * v 1;
                linearCoefficient (v 0 + v 2) * v 1, v 2 * linearCoefficient (v 0 + v 2)] -
              identityCoefficient (v 0 + v 2) • 1) *
            !![1, 4; 4, 17])
          1
/private/tmp/nla-lean-mf16-worktree/matrix-functions-and-stability/MF-16/lean/NLA/MF16/Polynomial.lean:44:4: warning: This simp argument is unused:
  Matrix.smul_apply

Hint: Omit it from the simp argument list.
  [apply] simp [polynomialSystem, evalFin, finEnv, exprSub, exprScale, reducedWord, symmetricMatrix, realB, realP,
    Matrix.mul_apply, Fin.sum_univ_two, Matrix.trace, smul_eq_mul]

Note: This linter can be disabled with `set_option linter.unusedSimpArgs false`
Try this:
  [apply] ring_nf
  
  The `ring` tactic failed to close the goal. Use `ring_nf` to obtain a normal form.
    
  Note that `ring` works primarily in *commutative* rings. If you have a noncommutative ring, abelian group or module, consider using `noncomm_ring`, `abel` or `module` instead.
/private/tmp/nla-lean-mf16-worktree/matrix-functions-and-stability/MF-16/lean/NLA/MF16/Polynomial.lean:48:70: error: unsolved goals
v : Fin 3 → ℝ
⊢ -6377496 + v 0 * v 2 * linearCoefficient (v 0 + v 2) * v 1 * 65 - v 0 * v 2 * identityCoefficient (v 0 + v 2) * 72 +
                        v 0 * v 2 ^ 2 * linearCoefficient (v 0 + v 2) * 68 +
                      v 0 * linearCoefficient (v 0 + v 2) * v 1 ^ 2 * 12 -
                    v 0 * v 1 * identityCoefficient (v 0 + v 2) * 17 +
                  v 0 ^ 2 * v 2 * linearCoefficient (v 0 + v 2) * 4 +
                v 0 ^ 2 * linearCoefficient (v 0 + v 2) * v 1 +
              v 2 * linearCoefficient (v 0 + v 2) * v 1 ^ 2 * 204 -
            v 2 * v 1 * identityCoefficient (v 0 + v 2) * 305 +
          v 2 ^ 2 * linearCoefficient (v 0 + v 2) * v 1 * 289 +
        linearCoefficient (v 0 + v 2) * v 1 ^ 3 * 33 -
      v 1 ^ 2 * identityCoefficient (v 0 + v 2) * 72 =
    -6377496 +
        v 2 *
          Matrix.vecMul ![v 0 + v 1 * 4, v 0 * 4 + v 1 * 17]
            ((!![v 0 * linearCoefficient (v 0 + v 2), linearCoefficient (v 0 + v 2) * v 1;
                  linearCoefficient (v 0 + v 2) * v 1, v 2 * linearCoefficient (v 0 + v 2)] -
                identityCoefficient (v 0 + v 2) • 1) *
              !![1, 4; 4, 17])
            1 +
      v 1 *
        Matrix.vecMul ![v 0 + v 1 * 4, v 0 * 4 + v 1 * 17]
          ((!![v 0 * linearCoefficient (v 0 + v 2), linearCoefficient (v 0 + v 2) * v 1;
                linearCoefficient (v 0 + v 2) * v 1, v 2 * linearCoefficient (v 0 + v 2)] -
              identityCoefficient (v 0 + v 2) • 1) *
            !![1, 4; 4, 17])
          0
/private/tmp/nla-lean-mf16-worktree/matrix-functions-and-stability/MF-16/lean/NLA/MF16/Polynomial.lean:51:4: warning: This simp argument is unused:
  Matrix.smul_apply

Hint: Omit it from the simp argument list.
  [apply] simp [polynomialSystem, evalFin, finEnv, exprSub, exprScale, reducedWord, symmetricMatrix, realB, realP,
    Matrix.mul_apply, Fin.sum_univ_two, Matrix.trace, smul_eq_mul]

Note: This linter can be disabled with `set_option linter.unusedSimpArgs false`
/private/tmp/nla-lean-mf16-worktree/matrix-functions-and-stability/MF-16/lean/NLA/MF16/Polynomial.lean:66:10: error: Tactic `rewrite` failed: Did not find an occurrence of the pattern
  evalFin (polynomialSystem 0) ?v
in the target expression
  evalFin (polynomialSystem ((fun i => i) ⟨0, ⋯⟩)) v = 0

case mpr.«0»
v : Fin 3 → ℝ
hd : Matrix.det (symmetricMatrix v) = 3
h00 : reducedWord v 0 0 = realP 0 0
h01 : reducedWord v 0 1 = realP 0 1
⊢ evalFin (polynomialSystem ((fun i => i) ⟨0, ⋯⟩)) v = 0
/private/tmp/nla-lean-mf16-worktree/matrix-functions-and-stability/MF-16/lean/NLA/MF16/Polynomial.lean:67:10: error: Tactic `rewrite` failed: Did not find an occurrence of the pattern
  evalFin (polynomialSystem 1) ?v
in the target expression
  evalFin (polynomialSystem ((fun i => i) ⟨1, ⋯⟩)) v = 0

case mpr.«1»
v : Fin 3 → ℝ
hd : Matrix.det (symmetricMatrix v) = 3
h00 : reducedWord v 0 0 = realP 0 0
h01 : reducedWord v 0 1 = realP 0 1
⊢ evalFin (polynomialSystem ((fun i => i) ⟨1, ⋯⟩)) v = 0
/private/tmp/nla-lean-mf16-worktree/matrix-functions-and-stability/MF-16/lean/NLA/MF16/Polynomial.lean:68:10: error: Tactic `rewrite` failed: Did not find an occurrence of the pattern
  evalFin (polynomialSystem 2) ?v
in the target expression
  evalFin (polynomialSystem ((fun i => i) ⟨2, ⋯⟩)) v = 0

case mpr.«2»
v : Fin 3 → ℝ
hd : Matrix.det (symmetricMatrix v) = 3
h00 : reducedWord v 0 0 = realP 0 0
h01 : reducedWord v 0 1 = realP 0 1
⊢ evalFin (polynomialSystem ((fun i => i) ⟨2, ⋯⟩)) v = 0
