⚠ [8709/8723] Replayed NLA.KE05.PolynomialNull
warning: NLA/KE05/PolynomialNull.lean:85:2: Try this: 
  letI̵

The goal is a proposition, so `let` is preferred over `letI`.
The difference between `let` and `letI` is that `letI` inlines the value.
But this is not relevant for proofs because of proof irrelevance.

Note: This linter can be disabled with `set_option linter.style.haveILetI false`
⚠ [8710/8723] Replayed NLA.KE05.Regular
warning: NLA/KE05/Regular.lean:50:32: this tactic is never executed

Note: This linter can be disabled with `set_option linter.unreachableTactic false`
warning: NLA/KE05/Regular.lean:73:32: this tactic is never executed

Note: This linter can be disabled with `set_option linter.unreachableTactic false`
warning: NLA/KE05/Regular.lean:50:32: Unused tactic linter: `ring` does nothing

Note: This linter can be disabled with `set_option linter.unusedTactic false`
warning: NLA/KE05/Regular.lean:73:32: Unused tactic linter: `ring` does nothing

Note: This linter can be disabled with `set_option linter.unusedTactic false`
⚠ [8714/8723] Replayed NLA.KE05.Recurrence
warning: NLA/KE05/Recurrence.lean:26:55: `Fin.coe_cast` has been deprecated: Use `Fin.val_cast` instead
warning: NLA/KE05/Recurrence.lean:26:69: This simp argument is unused:
  Fin.val_mk

Hint: Omit it from the simp argument list.
  [apply] simp only [List.getElem_drop, List.getElem_finRange, Fin.coe_cast] at hv

Note: This linter can be disabled with `set_option linter.unusedSimpArgs false`
✖ [8719/8723] Building NLA.KE05.TotalMeasurability (30s)
trace: .> LEAN_PATH=/Users/sholden/Projects/OpenProblemsInNLA/intervals-and-absolute-value-equations/IV-06/lean/.lake/packages/Cli/.lake/build/lib/lean:/Users/sholden/Projects/OpenProblemsInNLA/intervals-and-absolute-value-equations/IV-06/lean/.lake/packages/batteries/.lake/build/lib/lean:/Users/sholden/Projects/OpenProblemsInNLA/intervals-and-absolute-value-equations/IV-06/lean/.lake/packages/Qq/.lake/build/lib/lean:/Users/sholden/Projects/OpenProblemsInNLA/intervals-and-absolute-value-equations/IV-06/lean/.lake/packages/aesop/.lake/build/lib/lean:/Users/sholden/Projects/OpenProblemsInNLA/intervals-and-absolute-value-equations/IV-06/lean/.lake/packages/proofwidgets/.lake/build/lib/lean:/Users/sholden/Projects/OpenProblemsInNLA/intervals-and-absolute-value-equations/IV-06/lean/.lake/packages/importGraph/.lake/build/lib/lean:/Users/sholden/Projects/OpenProblemsInNLA/intervals-and-absolute-value-equations/IV-06/lean/.lake/packages/LeanSearchClient/.lake/build/lib/lean:/Users/sholden/Projects/OpenProblemsInNLA/intervals-and-absolute-value-equations/IV-06/lean/.lake/packages/plausible/.lake/build/lib/lean:/Users/sholden/Projects/OpenProblemsInNLA/intervals-and-absolute-value-equations/IV-06/lean/.lake/packages/mathlib/.lake/build/lib/lean:/Users/sholden/Projects/OpenProblemsInNLA/intervals-and-absolute-value-equations/IV-06/lean/.lake/packages/leancert/.lake/build/lib/lean:/private/tmp/nla-lean-ke05/randomized-and-low-rank-approximation/KE-05/lean/.lake/build/lib/lean /private/tmp/nla-lean-runtime/lean-4.33.1-darwin_aarch64/bin/lean /private/tmp/nla-lean-ke05/randomized-and-low-rank-approximation/KE-05/lean/NLA/KE05/TotalMeasurability.lean -o /private/tmp/nla-lean-ke05/randomized-and-low-rank-approximation/KE-05/lean/.lake/build/lib/lean/NLA/KE05/TotalMeasurability.olean -i /private/tmp/nla-lean-ke05/randomized-and-low-rank-approximation/KE-05/lean/.lake/build/lib/lean/NLA/KE05/TotalMeasurability.ilean -c /private/tmp/nla-lean-ke05/randomized-and-low-rank-approximation/KE-05/lean/.lake/build/ir/NLA/KE05/TotalMeasurability.c --setup /private/tmp/nla-lean-ke05/randomized-and-low-rank-approximation/KE-05/lean/.lake/build/ir/NLA/KE05/TotalMeasurability.setup.json --json
error: NLA/KE05/TotalMeasurability.lean:77:4: Type mismatch: After simplification, term
  MeasurableSet.compl (measurableSet_eq_fun (Measurable.mul h1 h2) measurable_const)
 has type
  @MeasurableSet (Sample b d) MeasurableSpace.pi
    {x | ((fun x => Matrix.det (omega x (rootOrder k i))) * fun x => Matrix.det ((recurrence L x k).lastS i)) x = 0}ᶜ
but is expected to have type
  @MeasurableSet (Sample b d) MeasurableSpace.pi
    {a | Matrix.det (omega a (rootOrder k i)) * Matrix.det ((recurrence L a k).lastS i) ≠ 0}
error: Lean exited with code 1
✔ [8720/8723] Built NLA.KE05.FirstOrdering (30s)
✖ [8721/8723] Building NLA.KE05.MatrixBounds (30s)
trace: .> LEAN_PATH=/Users/sholden/Projects/OpenProblemsInNLA/intervals-and-absolute-value-equations/IV-06/lean/.lake/packages/Cli/.lake/build/lib/lean:/Users/sholden/Projects/OpenProblemsInNLA/intervals-and-absolute-value-equations/IV-06/lean/.lake/packages/batteries/.lake/build/lib/lean:/Users/sholden/Projects/OpenProblemsInNLA/intervals-and-absolute-value-equations/IV-06/lean/.lake/packages/Qq/.lake/build/lib/lean:/Users/sholden/Projects/OpenProblemsInNLA/intervals-and-absolute-value-equations/IV-06/lean/.lake/packages/aesop/.lake/build/lib/lean:/Users/sholden/Projects/OpenProblemsInNLA/intervals-and-absolute-value-equations/IV-06/lean/.lake/packages/proofwidgets/.lake/build/lib/lean:/Users/sholden/Projects/OpenProblemsInNLA/intervals-and-absolute-value-equations/IV-06/lean/.lake/packages/importGraph/.lake/build/lib/lean:/Users/sholden/Projects/OpenProblemsInNLA/intervals-and-absolute-value-equations/IV-06/lean/.lake/packages/LeanSearchClient/.lake/build/lib/lean:/Users/sholden/Projects/OpenProblemsInNLA/intervals-and-absolute-value-equations/IV-06/lean/.lake/packages/plausible/.lake/build/lib/lean:/Users/sholden/Projects/OpenProblemsInNLA/intervals-and-absolute-value-equations/IV-06/lean/.lake/packages/mathlib/.lake/build/lib/lean:/Users/sholden/Projects/OpenProblemsInNLA/intervals-and-absolute-value-equations/IV-06/lean/.lake/packages/leancert/.lake/build/lib/lean:/private/tmp/nla-lean-ke05/randomized-and-low-rank-approximation/KE-05/lean/.lake/build/lib/lean /private/tmp/nla-lean-runtime/lean-4.33.1-darwin_aarch64/bin/lean /private/tmp/nla-lean-ke05/randomized-and-low-rank-approximation/KE-05/lean/NLA/KE05/MatrixBounds.lean -o /private/tmp/nla-lean-ke05/randomized-and-low-rank-approximation/KE-05/lean/.lake/build/lib/lean/NLA/KE05/MatrixBounds.olean -i /private/tmp/nla-lean-ke05/randomized-and-low-rank-approximation/KE-05/lean/.lake/build/lib/lean/NLA/KE05/MatrixBounds.ilean -c /private/tmp/nla-lean-ke05/randomized-and-low-rank-approximation/KE-05/lean/.lake/build/ir/NLA/KE05/MatrixBounds.c --setup /private/tmp/nla-lean-ke05/randomized-and-low-rank-approximation/KE-05/lean/.lake/build/ir/NLA/KE05/MatrixBounds.setup.json --json
warning: NLA/KE05/MatrixBounds.lean:23:29: This simp argument is unused:
  Pi.single_apply

Hint: Omit it from the simp argument list.
  [apply] simp [T, u, Fin.sum_univ_two, Matrix.ofLp_toEuclideanCLM, Matrix.mulVec, dotProduct, EuclideanSpace.single]

Note: This linter can be disabled with `set_option linter.unusedSimpArgs false`
error: NLA/KE05/MatrixBounds.lean:64:4: Type mismatch: After simplification, term
  Eq.symm h
 has type
  @Eq ℝ ((8 ^ (-(1 / 4))) ^ 4) (1 / 8)
but is expected to have type
  @Eq ℝ (Real.rpow 8 (-(1 / 4)) ^ 4) (1 / 8)
error: Lean exited with code 1
✖ [8723/8723] Building NLA.KE05.LimitAlgebra (24s)
trace: .> LEAN_PATH=/Users/sholden/Projects/OpenProblemsInNLA/intervals-and-absolute-value-equations/IV-06/lean/.lake/packages/Cli/.lake/build/lib/lean:/Users/sholden/Projects/OpenProblemsInNLA/intervals-and-absolute-value-equations/IV-06/lean/.lake/packages/batteries/.lake/build/lib/lean:/Users/sholden/Projects/OpenProblemsInNLA/intervals-and-absolute-value-equations/IV-06/lean/.lake/packages/Qq/.lake/build/lib/lean:/Users/sholden/Projects/OpenProblemsInNLA/intervals-and-absolute-value-equations/IV-06/lean/.lake/packages/aesop/.lake/build/lib/lean:/Users/sholden/Projects/OpenProblemsInNLA/intervals-and-absolute-value-equations/IV-06/lean/.lake/packages/proofwidgets/.lake/build/lib/lean:/Users/sholden/Projects/OpenProblemsInNLA/intervals-and-absolute-value-equations/IV-06/lean/.lake/packages/importGraph/.lake/build/lib/lean:/Users/sholden/Projects/OpenProblemsInNLA/intervals-and-absolute-value-equations/IV-06/lean/.lake/packages/LeanSearchClient/.lake/build/lib/lean:/Users/sholden/Projects/OpenProblemsInNLA/intervals-and-absolute-value-equations/IV-06/lean/.lake/packages/plausible/.lake/build/lib/lean:/Users/sholden/Projects/OpenProblemsInNLA/intervals-and-absolute-value-equations/IV-06/lean/.lake/packages/mathlib/.lake/build/lib/lean:/Users/sholden/Projects/OpenProblemsInNLA/intervals-and-absolute-value-equations/IV-06/lean/.lake/packages/leancert/.lake/build/lib/lean:/private/tmp/nla-lean-ke05/randomized-and-low-rank-approximation/KE-05/lean/.lake/build/lib/lean /private/tmp/nla-lean-runtime/lean-4.33.1-darwin_aarch64/bin/lean /private/tmp/nla-lean-ke05/randomized-and-low-rank-approximation/KE-05/lean/NLA/KE05/LimitAlgebra.lean -o /private/tmp/nla-lean-ke05/randomized-and-low-rank-approximation/KE-05/lean/.lake/build/lib/lean/NLA/KE05/LimitAlgebra.olean -i /private/tmp/nla-lean-ke05/randomized-and-low-rank-approximation/KE-05/lean/.lake/build/lib/lean/NLA/KE05/LimitAlgebra.ilean -c /private/tmp/nla-lean-ke05/randomized-and-low-rank-approximation/KE-05/lean/.lake/build/ir/NLA/KE05/LimitAlgebra.c --setup /private/tmp/nla-lean-ke05/randomized-and-low-rank-approximation/KE-05/lean/.lake/build/ir/NLA/KE05/LimitAlgebra.setup.json --json
error: NLA/KE05/LimitAlgebra.lean:39:75: linarith failed to find a contradiction
case «0».«0».h1
w : Sample 2 3
hw : Matrix.det (omega w 2) ≠ 0
ht : Matrix.diag (P w) 0 + Matrix.diag (P w) 1 = 1
a✝ : P w 1 1 < 1 - P w 0 0
⊢ False
failed
error: NLA/KE05/LimitAlgebra.lean:39:75: linarith failed to find a contradiction
case «1».«1».h1
w : Sample 2 3
hw : Matrix.det (omega w 2) ≠ 0
ht : Matrix.diag (P w) 0 + Matrix.diag (P w) 1 = 1
a✝ : P w 0 0 < 1 - P w 1 1
⊢ False
failed
warning: NLA/KE05/LimitAlgebra.lean:39:53: This simp argument is unused:
  Matrix.one_apply

Hint: Omit it from the simp argument list.
  [apply] simp [Matrix.adjugate_fin_two, Matrix.sub_apply]

Note: This linter can be disabled with `set_option linter.unusedSimpArgs false`
info: NLA/KE05/LimitAlgebra.lean:48:4: Try this:
  [apply] ring_nf
  
  The `ring` tactic failed to close the goal. Use `ring_nf` to obtain a normal form.
    
  Note that `ring` works primarily in *commutative* rings. If you have a noncommutative ring, abelian group or module, consider using `noncomm_ring`, `abel` or `module` instead.
error: NLA/KE05/LimitAlgebra.lean:45:38: unsolved goals
e : ℝ
w : Sample 2 3
h1 : Matrix.det (omega w 1) ≠ 0
h2 : Matrix.det (omega w 2) ≠ 0
⊢ -(e * X w 0 0 * P w 1 1) - e * P w 0 0 * X w 1 1 + e * X w 0 1 * P w 1 0 + e * P w 0 1 * X w 1 0 +
            e ^ 2 * X w 0 0 * X w 1 1 -
          e ^ 2 * X w 0 1 * X w 1 0 +
        P w 0 0 * P w 1 1 -
      P w 0 1 * P w 1 0 =
    -(e * Matrix.vecMul ![P w 1 1, -P w 0 1] (X w) 0) - e * Matrix.vecMul ![-P w 1 0, P w 0 0] (X w) 1 +
            e ^ 2 * X w 0 0 * X w 1 1 -
          e ^ 2 * X w 0 1 * X w 1 0 +
        P w 0 0 * P w 1 1 -
      P w 0 1 * P w 1 0
warning: NLA/KE05/LimitAlgebra.lean:47:38: This simp argument is unused:
  Matrix.mul_apply

Hint: Omit it from the simp argument list.
  [apply] simp [Matrix.det_fin_two, Matrix.sub_apply, Matrix.smul_apply, Matrix.trace, Fin.sum_univ_two,
    Matrix.adjugate_fin_two]

Note: This linter can be disabled with `set_option linter.unusedSimpArgs false`
error: NLA/KE05/LimitAlgebra.lean:76:4: Tactic `rewrite` failed: Did not find an occurrence of the pattern
  (omega w 1 * (e • X w - P w))⁻¹
in the target expression
  (omega w (rootOrder 0 1) * (e • X w - P w))⁻¹ * Matrix.diagonal (witnessData e (rootOrder 0 1)) *
      (omega w (rootOrder 0 1) * (e • X w - P w)) =
    (e • X w - P w)⁻¹ * e • X w * (e • X w - P w)

e : ℝ
w : Sample 2 3
hw : Valid (witnessData e) w
hs : Matrix.det (e • X w - P w) ≠ 0
⊢ (omega w (rootOrder 0 1) * (e • X w - P w))⁻¹ * Matrix.diagonal (witnessData e (rootOrder 0 1)) *
      (omega w (rootOrder 0 1) * (e • X w - P w)) =
    (e • X w - P w)⁻¹ * e • X w * (e • X w - P w)
error: Lean exited with code 1
Some required targets logged failures:
- NLA.KE05.TotalMeasurability
- NLA.KE05.MatrixBounds
- NLA.KE05.LimitAlgebra
error: build failed
