⚠ [8707/8726] Replayed NLA.KE05.Recurrence
warning: NLA/KE05/Recurrence.lean:26:55: `Fin.coe_cast` has been deprecated: Use `Fin.val_cast` instead
warning: NLA/KE05/Recurrence.lean:26:69: This simp argument is unused:
  Fin.val_mk

Hint: Omit it from the simp argument list.
  [apply] simp only [List.getElem_drop, List.getElem_finRange, Fin.coe_cast] at hv

Note: This linter can be disabled with `set_option linter.unusedSimpArgs false`
⚠ [8710/8726] Replayed NLA.KE05.LimitAlgebra
warning: NLA/KE05/LimitAlgebra.lean:39:53: This simp argument is unused:
  Matrix.one_apply

Hint: Omit it from the simp argument list.
  [apply] simp [Matrix.adjugate_fin_two, Matrix.sub_apply]

Note: This linter can be disabled with `set_option linter.unusedSimpArgs false`
warning: NLA/KE05/LimitAlgebra.lean:47:38: This simp argument is unused:
  Matrix.mul_apply

Hint: Omit it from the simp argument list.
  [apply] simp [Matrix.det_fin_two, Matrix.sub_apply, Matrix.smul_apply, Matrix.trace, Fin.sum_univ_two,
    Matrix.adjugate_fin_two, Matrix.vecMul, dotProduct]

Note: This linter can be disabled with `set_option linter.unusedSimpArgs false`
⚠ [8711/8726] Replayed NLA.KE05.PolynomialNull
warning: NLA/KE05/PolynomialNull.lean:85:2: Try this: 
  letI̵

The goal is a proposition, so `let` is preferred over `letI`.
The difference between `let` and `letI` is that `letI` inlines the value.
But this is not relevant for proofs because of proof irrelevance.

Note: This linter can be disabled with `set_option linter.style.haveILetI false`
⚠ [8712/8726] Replayed NLA.KE05.Regular
warning: NLA/KE05/Regular.lean:50:32: this tactic is never executed

Note: This linter can be disabled with `set_option linter.unreachableTactic false`
warning: NLA/KE05/Regular.lean:73:32: this tactic is never executed

Note: This linter can be disabled with `set_option linter.unreachableTactic false`
warning: NLA/KE05/Regular.lean:50:32: Unused tactic linter: `ring` does nothing

Note: This linter can be disabled with `set_option linter.unusedTactic false`
warning: NLA/KE05/Regular.lean:73:32: Unused tactic linter: `ring` does nothing

Note: This linter can be disabled with `set_option linter.unusedTactic false`
⚠ [8720/8726] Replayed NLA.KE05.ProbabilityBridge
warning: NLA/KE05/ProbabilityBridge.lean:22:15: `Set.mem_setOf_eq` has been deprecated: Use `Set.mem_ofPred_eq` instead
warning: NLA/KE05/ProbabilityBridge.lean:22:15: This simp argument is unused:
  Set.mem_setOf_eq

Hint: Omit it from the simp argument list.
  [apply] simp only [Set.mem_empty_iff_false, iff_false]

Note: This linter can be disabled with `set_option linter.unusedSimpArgs false`
⚠ [8722/8726] Replayed NLA.KE05.MatrixBounds
warning: NLA/KE05/MatrixBounds.lean:23:29: This simp argument is unused:
  Pi.single_apply

Hint: Omit it from the simp argument list.
  [apply] simp [T, u, Fin.sum_univ_two, Matrix.ofLp_toEuclideanCLM, Matrix.mulVec, dotProduct, EuclideanSpace.single]

Note: This linter can be disabled with `set_option linter.unusedSimpArgs false`
⚠ [8723/8726] Replayed NLA.KE05.ExtremumBounds
warning: NLA/KE05/ExtremumBounds.lean:22:59: This simp argument is unused:
  abs_of_pos (by positivity : 0 < 2 * e)

Hint: Omit it from the simp argument list.
  [apply] simp [Real.norm_eq_abs, abs_of_pos he]

Note: This linter can be disabled with `set_option linter.unusedSimpArgs false`
warning: NLA/KE05/ExtremumBounds.lean:22:97: Used `tac1 <;> tac2` where `(tac1; tac2)` would suffice

Note: This linter can be disabled with `set_option linter.unnecessarySeqFocus false`
⚠ [8725/8726] Replayed NLA.KE05.TotalMeasurability
warning: NLA/KE05/TotalMeasurability.lean:77:46: `Set.compl_setOf` has been deprecated: Use `Set.compl_ofPred` instead
✖ [8726/8726] Building NLA.KE05.Asymptotic (14s)
trace: .> LEAN_PATH=/Users/sholden/Projects/OpenProblemsInNLA/intervals-and-absolute-value-equations/IV-06/lean/.lake/packages/Cli/.lake/build/lib/lean:/Users/sholden/Projects/OpenProblemsInNLA/intervals-and-absolute-value-equations/IV-06/lean/.lake/packages/batteries/.lake/build/lib/lean:/Users/sholden/Projects/OpenProblemsInNLA/intervals-and-absolute-value-equations/IV-06/lean/.lake/packages/Qq/.lake/build/lib/lean:/Users/sholden/Projects/OpenProblemsInNLA/intervals-and-absolute-value-equations/IV-06/lean/.lake/packages/aesop/.lake/build/lib/lean:/Users/sholden/Projects/OpenProblemsInNLA/intervals-and-absolute-value-equations/IV-06/lean/.lake/packages/proofwidgets/.lake/build/lib/lean:/Users/sholden/Projects/OpenProblemsInNLA/intervals-and-absolute-value-equations/IV-06/lean/.lake/packages/importGraph/.lake/build/lib/lean:/Users/sholden/Projects/OpenProblemsInNLA/intervals-and-absolute-value-equations/IV-06/lean/.lake/packages/LeanSearchClient/.lake/build/lib/lean:/Users/sholden/Projects/OpenProblemsInNLA/intervals-and-absolute-value-equations/IV-06/lean/.lake/packages/plausible/.lake/build/lib/lean:/Users/sholden/Projects/OpenProblemsInNLA/intervals-and-absolute-value-equations/IV-06/lean/.lake/packages/mathlib/.lake/build/lib/lean:/Users/sholden/Projects/OpenProblemsInNLA/intervals-and-absolute-value-equations/IV-06/lean/.lake/packages/leancert/.lake/build/lib/lean:/private/tmp/nla-lean-ke05/randomized-and-low-rank-approximation/KE-05/lean/.lake/build/lib/lean /private/tmp/nla-lean-runtime/lean-4.33.1-darwin_aarch64/bin/lean /private/tmp/nla-lean-ke05/randomized-and-low-rank-approximation/KE-05/lean/NLA/KE05/Asymptotic.lean -o /private/tmp/nla-lean-ke05/randomized-and-low-rank-approximation/KE-05/lean/.lake/build/lib/lean/NLA/KE05/Asymptotic.olean -i /private/tmp/nla-lean-ke05/randomized-and-low-rank-approximation/KE-05/lean/.lake/build/lib/lean/NLA/KE05/Asymptotic.ilean -c /private/tmp/nla-lean-ke05/randomized-and-low-rank-approximation/KE-05/lean/.lake/build/ir/NLA/KE05/Asymptotic.c --setup /private/tmp/nla-lean-ke05/randomized-and-low-rank-approximation/KE-05/lean/.lake/build/ir/NLA/KE05/Asymptotic.setup.json --json
error: NLA/KE05/Asymptotic.lean:39:24: `simp` made no progress
warning: NLA/KE05/Asymptotic.lean:39:82: This simp argument is unused:
  inv_one

Hint: Omit it from the simp argument list.
  [apply] simp only [epsilon, div_eq_mul_inv, mul_inv_rev, inv_inv, one_mul, Function.comp_def]

Note: This linter can be disabled with `set_option linter.unusedSimpArgs false`
error: Lean exited with code 1
Some required targets logged failures:
- NLA.KE05.Asymptotic
error: build failed
