⚠ [8709/8725] Replayed NLA.KE05.PolynomialNull
warning: NLA/KE05/PolynomialNull.lean:85:2: Try this: 
  letI̵

The goal is a proposition, so `let` is preferred over `letI`.
The difference between `let` and `letI` is that `letI` inlines the value.
But this is not relevant for proofs because of proof irrelevance.

Note: This linter can be disabled with `set_option linter.style.haveILetI false`
⚠ [8710/8725] Replayed NLA.KE05.Regular
warning: NLA/KE05/Regular.lean:50:32: this tactic is never executed

Note: This linter can be disabled with `set_option linter.unreachableTactic false`
warning: NLA/KE05/Regular.lean:73:32: this tactic is never executed

Note: This linter can be disabled with `set_option linter.unreachableTactic false`
warning: NLA/KE05/Regular.lean:50:32: Unused tactic linter: `ring` does nothing

Note: This linter can be disabled with `set_option linter.unusedTactic false`
warning: NLA/KE05/Regular.lean:73:32: Unused tactic linter: `ring` does nothing

Note: This linter can be disabled with `set_option linter.unusedTactic false`
⚠ [8714/8725] Replayed NLA.KE05.Recurrence
warning: NLA/KE05/Recurrence.lean:26:55: `Fin.coe_cast` has been deprecated: Use `Fin.val_cast` instead
warning: NLA/KE05/Recurrence.lean:26:69: This simp argument is unused:
  Fin.val_mk

Hint: Omit it from the simp argument list.
  [apply] simp only [List.getElem_drop, List.getElem_finRange, Fin.coe_cast] at hv

Note: This linter can be disabled with `set_option linter.unusedSimpArgs false`
⚠ [8720/8725] Replayed NLA.KE05.ProbabilityBridge
warning: NLA/KE05/ProbabilityBridge.lean:22:15: `Set.mem_setOf_eq` has been deprecated: Use `Set.mem_ofPred_eq` instead
warning: NLA/KE05/ProbabilityBridge.lean:22:15: This simp argument is unused:
  Set.mem_setOf_eq

Hint: Omit it from the simp argument list.
  [apply] simp only [Set.mem_empty_iff_false, iff_false]

Note: This linter can be disabled with `set_option linter.unusedSimpArgs false`
⚠ [8721/8725] Built NLA.KE05.TotalMeasurability (18s)
warning: NLA/KE05/TotalMeasurability.lean:77:46: `Set.compl_setOf` has been deprecated: Use `Set.compl_ofPred` instead
⚠ [8722/8725] Built NLA.KE05.LimitAlgebra (18s)
warning: NLA/KE05/LimitAlgebra.lean:39:53: This simp argument is unused:
  Matrix.one_apply

Hint: Omit it from the simp argument list.
  [apply] simp [Matrix.adjugate_fin_two, Matrix.sub_apply]

Note: This linter can be disabled with `set_option linter.unusedSimpArgs false`
warning: NLA/KE05/LimitAlgebra.lean:47:38: This simp argument is unused:
  Matrix.mul_apply

Hint: Omit it from the simp argument list.
  [apply] simp [Matrix.det_fin_two, Matrix.sub_apply, Matrix.smul_apply, Matrix.trace, Fin.sum_univ_two,
    Matrix.adjugate_fin_two, Matrix.vecMul, dotProduct]

Note: This linter can be disabled with `set_option linter.unusedSimpArgs false`
⚠ [8723/8725] Built NLA.KE05.MatrixBounds (18s)
warning: NLA/KE05/MatrixBounds.lean:23:29: This simp argument is unused:
  Pi.single_apply

Hint: Omit it from the simp argument list.
  [apply] simp [T, u, Fin.sum_univ_two, Matrix.ofLp_toEuclideanCLM, Matrix.mulVec, dotProduct, EuclideanSpace.single]

Note: This linter can be disabled with `set_option linter.unusedSimpArgs false`
✖ [8724/8725] Building NLA.KE05.ExtremumBounds (18s)
trace: .> LEAN_PATH=/Users/sholden/Projects/OpenProblemsInNLA/intervals-and-absolute-value-equations/IV-06/lean/.lake/packages/Cli/.lake/build/lib/lean:/Users/sholden/Projects/OpenProblemsInNLA/intervals-and-absolute-value-equations/IV-06/lean/.lake/packages/batteries/.lake/build/lib/lean:/Users/sholden/Projects/OpenProblemsInNLA/intervals-and-absolute-value-equations/IV-06/lean/.lake/packages/Qq/.lake/build/lib/lean:/Users/sholden/Projects/OpenProblemsInNLA/intervals-and-absolute-value-equations/IV-06/lean/.lake/packages/aesop/.lake/build/lib/lean:/Users/sholden/Projects/OpenProblemsInNLA/intervals-and-absolute-value-equations/IV-06/lean/.lake/packages/proofwidgets/.lake/build/lib/lean:/Users/sholden/Projects/OpenProblemsInNLA/intervals-and-absolute-value-equations/IV-06/lean/.lake/packages/importGraph/.lake/build/lib/lean:/Users/sholden/Projects/OpenProblemsInNLA/intervals-and-absolute-value-equations/IV-06/lean/.lake/packages/LeanSearchClient/.lake/build/lib/lean:/Users/sholden/Projects/OpenProblemsInNLA/intervals-and-absolute-value-equations/IV-06/lean/.lake/packages/plausible/.lake/build/lib/lean:/Users/sholden/Projects/OpenProblemsInNLA/intervals-and-absolute-value-equations/IV-06/lean/.lake/packages/mathlib/.lake/build/lib/lean:/Users/sholden/Projects/OpenProblemsInNLA/intervals-and-absolute-value-equations/IV-06/lean/.lake/packages/leancert/.lake/build/lib/lean:/private/tmp/nla-lean-ke05/randomized-and-low-rank-approximation/KE-05/lean/.lake/build/lib/lean /private/tmp/nla-lean-runtime/lean-4.33.1-darwin_aarch64/bin/lean /private/tmp/nla-lean-ke05/randomized-and-low-rank-approximation/KE-05/lean/NLA/KE05/ExtremumBounds.lean -o /private/tmp/nla-lean-ke05/randomized-and-low-rank-approximation/KE-05/lean/.lake/build/lib/lean/NLA/KE05/ExtremumBounds.olean -i /private/tmp/nla-lean-ke05/randomized-and-low-rank-approximation/KE-05/lean/.lake/build/lib/lean/NLA/KE05/ExtremumBounds.ilean -c /private/tmp/nla-lean-ke05/randomized-and-low-rank-approximation/KE-05/lean/.lake/build/ir/NLA/KE05/ExtremumBounds.c --setup /private/tmp/nla-lean-ke05/randomized-and-low-rank-approximation/KE-05/lean/.lake/build/ir/NLA/KE05/ExtremumBounds.setup.json --json
error: NLA/KE05/ExtremumBounds.lean:24:4: Type mismatch: After simplification, term
  h
 has type
  2 * |e| ≤ ‖![e, 2 * e]‖
but is expected to have type
  2 * e ≤ ‖![e, 2 * e]‖
warning: NLA/KE05/ExtremumBounds.lean:22:59: This simp argument is unused:
  abs_of_pos (by positivity : 0 < 2 * e)

Hint: Omit it from the simp argument list.
  [apply] simp [Real.norm_eq_abs, abs_of_pos he]

Note: This linter can be disabled with `set_option linter.unusedSimpArgs false`
error: NLA/KE05/ExtremumBounds.lean:62:8: failed to prove positivity/nonnegativity/nonzeroness
error: NLA/KE05/ExtremumBounds.lean:61:2: Type mismatch: After simplification, term
  h
 has type
  (if
        spectralNorm ((recurrence (witnessData e) w 0).hat 1) = 0 ∧
          spectralNorm (Matrix.diagonal (witnessData e (rootOrder 0 1))) = 0 then
      1
    else
      spectralNorm ((recurrence (witnessData e) w 0).hat 1) /
        spectralNorm (Matrix.diagonal (witnessData e (rootOrder 0 1)))) ≤
    mono (witnessData e) w
but is expected to have type
  spectralNorm ((recurrence (witnessData e) w 0).hat 1) / (2 * e) ≤ mono (witnessData e) w
error: NLA/KE05/ExtremumBounds.lean:84:43: failed to prove positivity/nonnegativity/nonzeroness
error: Lean exited with code 1
✖ [8725/8725] Building NLA.KE05.MatrixLimit (18s)
trace: .> LEAN_PATH=/Users/sholden/Projects/OpenProblemsInNLA/intervals-and-absolute-value-equations/IV-06/lean/.lake/packages/Cli/.lake/build/lib/lean:/Users/sholden/Projects/OpenProblemsInNLA/intervals-and-absolute-value-equations/IV-06/lean/.lake/packages/batteries/.lake/build/lib/lean:/Users/sholden/Projects/OpenProblemsInNLA/intervals-and-absolute-value-equations/IV-06/lean/.lake/packages/Qq/.lake/build/lib/lean:/Users/sholden/Projects/OpenProblemsInNLA/intervals-and-absolute-value-equations/IV-06/lean/.lake/packages/aesop/.lake/build/lib/lean:/Users/sholden/Projects/OpenProblemsInNLA/intervals-and-absolute-value-equations/IV-06/lean/.lake/packages/proofwidgets/.lake/build/lib/lean:/Users/sholden/Projects/OpenProblemsInNLA/intervals-and-absolute-value-equations/IV-06/lean/.lake/packages/importGraph/.lake/build/lib/lean:/Users/sholden/Projects/OpenProblemsInNLA/intervals-and-absolute-value-equations/IV-06/lean/.lake/packages/LeanSearchClient/.lake/build/lib/lean:/Users/sholden/Projects/OpenProblemsInNLA/intervals-and-absolute-value-equations/IV-06/lean/.lake/packages/plausible/.lake/build/lib/lean:/Users/sholden/Projects/OpenProblemsInNLA/intervals-and-absolute-value-equations/IV-06/lean/.lake/packages/mathlib/.lake/build/lib/lean:/Users/sholden/Projects/OpenProblemsInNLA/intervals-and-absolute-value-equations/IV-06/lean/.lake/packages/leancert/.lake/build/lib/lean:/private/tmp/nla-lean-ke05/randomized-and-low-rank-approximation/KE-05/lean/.lake/build/lib/lean /private/tmp/nla-lean-runtime/lean-4.33.1-darwin_aarch64/bin/lean /private/tmp/nla-lean-ke05/randomized-and-low-rank-approximation/KE-05/lean/NLA/KE05/MatrixLimit.lean -o /private/tmp/nla-lean-ke05/randomized-and-low-rank-approximation/KE-05/lean/.lake/build/lib/lean/NLA/KE05/MatrixLimit.olean -i /private/tmp/nla-lean-ke05/randomized-and-low-rank-approximation/KE-05/lean/.lake/build/lib/lean/NLA/KE05/MatrixLimit.ilean -c /private/tmp/nla-lean-ke05/randomized-and-low-rank-approximation/KE-05/lean/.lake/build/ir/NLA/KE05/MatrixLimit.c --setup /private/tmp/nla-lean-ke05/randomized-and-low-rank-approximation/KE-05/lean/.lake/build/ir/NLA/KE05/MatrixLimit.setup.json --json
error: NLA/KE05/MatrixLimit.lean:13:4: Unknown constant `tendsto_natCast_atTop_atTop.atTop_add_const_right`
error: NLA/KE05/MatrixLimit.lean:14:2: Type mismatch: After simplification, term
  Tendsto.inv_tendsto_atTop h
 has type
  Tendsto (fun m => ↑m + 6)⁻¹ atTop (nhds 0)
but is expected to have type
  Tendsto epsilon atTop (nhds 0)
error: NLA/KE05/MatrixLimit.lean:42:14: don't know how to synthesize implicit argument `a`
  @Tendsto.mul (Mat 2) instTopologicalSpaceMatrix Matrix.instMulOfFintypeOfAddCommMonoid
    instContinuousMulMatrixOfContinuousAdd ℕ (fun x => epsilon x • ?m.149 - ?m.164) (fun x => X w) atTop
    (0 • ?m.149 - ?m.164) (X w) (Tendsto.sub (Tendsto.smul epsilon_tendsto_zero tendsto_const_nhds) tendsto_const_nhds)
    tendsto_const_nhds
context:
w : Sample 2 3
hk : kappa w ≠ 0
hw : ∀ (m : ℕ), Valid (witnessData (epsilon m)) w
hden : Tendsto (fun m => 2 * epsilon m - kappa w) atTop (nhds (-kappa w))
⊢ Mat 2
error: NLA/KE05/MatrixLimit.lean:42:14: don't know how to synthesize implicit argument `f`
  @Tendsto.mul (Mat 2) instTopologicalSpaceMatrix Matrix.instMulOfFintypeOfAddCommMonoid
    instContinuousMulMatrixOfContinuousAdd ℕ (fun x => epsilon x • ?m.149 - ?m.164) (fun x => X w) atTop
    (0 • ?m.149 - ?m.164) (X w) (Tendsto.sub (Tendsto.smul epsilon_tendsto_zero tendsto_const_nhds) tendsto_const_nhds)
    tendsto_const_nhds
context:
w : Sample 2 3
hk : kappa w ≠ 0
hw : ∀ (m : ℕ), Valid (witnessData (epsilon m)) w
hden : Tendsto (fun m => 2 * epsilon m - kappa w) atTop (nhds (-kappa w))
⊢ ℕ → Mat 2
error: NLA/KE05/MatrixLimit.lean:42:15: don't know how to synthesize implicit argument `b`
  @Tendsto.sub (Mat 2) ℕ instTopologicalSpaceMatrix Matrix.sub IsTopologicalAddGroup.to_continuousSub
    (fun x => epsilon x • ?m.149) (fun x => ?m.164) atTop (0 • ?m.149) ?m.164
    (Tendsto.smul epsilon_tendsto_zero tendsto_const_nhds) tendsto_const_nhds
context:
w : Sample 2 3
hk : kappa w ≠ 0
hw : ∀ (m : ℕ), Valid (witnessData (epsilon m)) w
hden : Tendsto (fun m => 2 * epsilon m - kappa w) atTop (nhds (-kappa w))
⊢ Mat 2
error: NLA/KE05/MatrixLimit.lean:42:15: don't know how to synthesize implicit argument `a`
  @Tendsto.sub (Mat 2) ℕ instTopologicalSpaceMatrix Matrix.sub IsTopologicalAddGroup.to_continuousSub
    (fun x => epsilon x • ?m.149) (fun x => ?m.164) atTop (0 • ?m.149) ?m.164
    (Tendsto.smul epsilon_tendsto_zero tendsto_const_nhds) tendsto_const_nhds
context:
w : Sample 2 3
hk : kappa w ≠ 0
hw : ∀ (m : ℕ), Valid (witnessData (epsilon m)) w
hden : Tendsto (fun m => 2 * epsilon m - kappa w) atTop (nhds (-kappa w))
⊢ Mat 2
error: NLA/KE05/MatrixLimit.lean:42:15: don't know how to synthesize implicit argument `g`
  @Tendsto.sub (Mat 2) ℕ instTopologicalSpaceMatrix Matrix.sub IsTopologicalAddGroup.to_continuousSub
    (fun x => epsilon x • ?m.149) (fun x => ?m.164) atTop (0 • ?m.149) ?m.164
    (Tendsto.smul epsilon_tendsto_zero tendsto_const_nhds) tendsto_const_nhds
context:
w : Sample 2 3
hk : kappa w ≠ 0
hw : ∀ (m : ℕ), Valid (witnessData (epsilon m)) w
hden : Tendsto (fun m => 2 * epsilon m - kappa w) atTop (nhds (-kappa w))
⊢ ℕ → Mat 2
error: NLA/KE05/MatrixLimit.lean:42:15: don't know how to synthesize implicit argument `f`
  @Tendsto.sub (Mat 2) ℕ instTopologicalSpaceMatrix Matrix.sub IsTopologicalAddGroup.to_continuousSub
    (fun x => epsilon x • ?m.149) (fun x => ?m.164) atTop (0 • ?m.149) ?m.164
    (Tendsto.smul epsilon_tendsto_zero tendsto_const_nhds) tendsto_const_nhds
context:
w : Sample 2 3
hk : kappa w ≠ 0
hw : ∀ (m : ℕ), Valid (witnessData (epsilon m)) w
hden : Tendsto (fun m => 2 * epsilon m - kappa w) atTop (nhds (-kappa w))
⊢ ℕ → Mat 2
error: NLA/KE05/MatrixLimit.lean:42:66: don't know how to synthesize implicit argument `x`
  @tendsto_const_nhds (Mat 2) instTopologicalSpaceMatrix ℕ ?m.164 atTop
context:
w : Sample 2 3
hk : kappa w ≠ 0
hw : ∀ (m : ℕ), Valid (witnessData (epsilon m)) w
hden : Tendsto (fun m => 2 * epsilon m - kappa w) atTop (nhds (-kappa w))
⊢ Mat 2
error: NLA/KE05/MatrixLimit.lean:42:16: don't know how to synthesize implicit argument `a`
  @Tendsto.smul ℝ (Mat 2) ℕ PseudoMetricSpace.toUniformSpace.toTopologicalSpace instTopologicalSpaceMatrix Matrix.smul
    instContinuousSMulMatrix epsilon (fun x => ?m.149) atTop 0 ?m.149 epsilon_tendsto_zero tendsto_const_nhds
context:
w : Sample 2 3
hk : kappa w ≠ 0
hw : ∀ (m : ℕ), Valid (witnessData (epsilon m)) w
hden : Tendsto (fun m => 2 * epsilon m - kappa w) atTop (nhds (-kappa w))
⊢ Mat 2
error: NLA/KE05/MatrixLimit.lean:42:16: don't know how to synthesize implicit argument `g`
  @Tendsto.smul ℝ (Mat 2) ℕ PseudoMetricSpace.toUniformSpace.toTopologicalSpace instTopologicalSpaceMatrix Matrix.smul
    instContinuousSMulMatrix epsilon (fun x => ?m.149) atTop 0 ?m.149 epsilon_tendsto_zero tendsto_const_nhds
context:
w : Sample 2 3
hk : kappa w ≠ 0
hw : ∀ (m : ℕ), Valid (witnessData (epsilon m)) w
hden : Tendsto (fun m => 2 * epsilon m - kappa w) atTop (nhds (-kappa w))
⊢ ℕ → Mat 2
error: NLA/KE05/MatrixLimit.lean:42:42: don't know how to synthesize implicit argument `x`
  @tendsto_const_nhds (Mat 2) instTopologicalSpaceMatrix ℕ ?m.149 atTop
context:
w : Sample 2 3
hk : kappa w ≠ 0
hw : ∀ (m : ℕ), Valid (witnessData (epsilon m)) w
hden : Tendsto (fun m => 2 * epsilon m - kappa w) atTop (nhds (-kappa w))
⊢ Mat 2
error: NLA/KE05/MatrixLimit.lean:42:9: failed to infer `have` declaration type
error: Lean exited with code 1
Some required targets logged failures:
- NLA.KE05.ExtremumBounds
- NLA.KE05.MatrixLimit
error: build failed
