⚠ [8707/8730] Replayed NLA.KE05.Recurrence
warning: NLA/KE05/Recurrence.lean:26:55: `Fin.coe_cast` has been deprecated: Use `Fin.val_cast` instead
warning: NLA/KE05/Recurrence.lean:26:69: This simp argument is unused:
  Fin.val_mk

Hint: Omit it from the simp argument list.
  [apply] simp only [List.getElem_drop, List.getElem_finRange, Fin.coe_cast] at hv

Note: This linter can be disabled with `set_option linter.unusedSimpArgs false`
⚠ [8710/8730] Replayed NLA.KE05.LimitAlgebra
warning: NLA/KE05/LimitAlgebra.lean:39:53: This simp argument is unused:
  Matrix.one_apply

Hint: Omit it from the simp argument list.
  [apply] simp [Matrix.adjugate_fin_two, Matrix.sub_apply]

Note: This linter can be disabled with `set_option linter.unusedSimpArgs false`
warning: NLA/KE05/LimitAlgebra.lean:47:38: This simp argument is unused:
  Matrix.mul_apply

Hint: Omit it from the simp argument list.
  [apply] simp [Matrix.det_fin_two, Matrix.sub_apply, Matrix.smul_apply, Matrix.trace, Fin.sum_univ_two,
    Matrix.adjugate_fin_two, Matrix.vecMul, dotProduct]

Note: This linter can be disabled with `set_option linter.unusedSimpArgs false`
⚠ [8711/8730] Replayed NLA.KE05.PolynomialNull
warning: NLA/KE05/PolynomialNull.lean:85:2: Try this: 
  letI̵

The goal is a proposition, so `let` is preferred over `letI`.
The difference between `let` and `letI` is that `letI` inlines the value.
But this is not relevant for proofs because of proof irrelevance.

Note: This linter can be disabled with `set_option linter.style.haveILetI false`
⚠ [8712/8730] Replayed NLA.KE05.Regular
warning: NLA/KE05/Regular.lean:50:32: this tactic is never executed

Note: This linter can be disabled with `set_option linter.unreachableTactic false`
warning: NLA/KE05/Regular.lean:73:32: this tactic is never executed

Note: This linter can be disabled with `set_option linter.unreachableTactic false`
warning: NLA/KE05/Regular.lean:50:32: Unused tactic linter: `ring` does nothing

Note: This linter can be disabled with `set_option linter.unusedTactic false`
warning: NLA/KE05/Regular.lean:73:32: Unused tactic linter: `ring` does nothing

Note: This linter can be disabled with `set_option linter.unusedTactic false`
⚠ [8720/8730] Replayed NLA.KE05.ProbabilityBridge
warning: NLA/KE05/ProbabilityBridge.lean:22:15: `Set.mem_setOf_eq` has been deprecated: Use `Set.mem_ofPred_eq` instead
warning: NLA/KE05/ProbabilityBridge.lean:22:15: This simp argument is unused:
  Set.mem_setOf_eq

Hint: Omit it from the simp argument list.
  [apply] simp only [Set.mem_empty_iff_false, iff_false]

Note: This linter can be disabled with `set_option linter.unusedSimpArgs false`
⚠ [8722/8730] Replayed NLA.KE05.MatrixBounds
warning: NLA/KE05/MatrixBounds.lean:23:29: This simp argument is unused:
  Pi.single_apply

Hint: Omit it from the simp argument list.
  [apply] simp [T, u, Fin.sum_univ_two, Matrix.ofLp_toEuclideanCLM, Matrix.mulVec, dotProduct, EuclideanSpace.single]

Note: This linter can be disabled with `set_option linter.unusedSimpArgs false`
⚠ [8723/8730] Replayed NLA.KE05.ExtremumBounds
warning: NLA/KE05/ExtremumBounds.lean:22:59: This simp argument is unused:
  abs_of_pos (by positivity : 0 < 2 * e)

Hint: Omit it from the simp argument list.
  [apply] simp [Real.norm_eq_abs, abs_of_pos he]

Note: This linter can be disabled with `set_option linter.unusedSimpArgs false`
warning: NLA/KE05/ExtremumBounds.lean:22:97: Used `tac1 <;> tac2` where `(tac1; tac2)` would suffice

Note: This linter can be disabled with `set_option linter.unnecessarySeqFocus false`
⚠ [8725/8730] Replayed NLA.KE05.TotalMeasurability
warning: NLA/KE05/TotalMeasurability.lean:77:46: `Set.compl_setOf` has been deprecated: Use `Set.compl_ofPred` instead
ℹ [8729/8730] Built Solution (11s)
info: Solution.lean:65:0: 'NLA.KE05.literal_recurrence_contract' depends on axioms: [propext, Classical.choice, Quot.sound]
info: Solution.lean:68:0: 'NLA.KE05.admissibility_and_endpoints' depends on axioms: [propext, Classical.choice, Quot.sound]
info: Solution.lean:71:0: 'NLA.KE05.exact_rational_witness' depends on axioms: [propext, Classical.choice, Quot.sound]
info: Solution.lean:74:0: 'NLA.KE05.probability_one_validity' depends on axioms: [propext, Classical.choice, Quot.sound]
info: Solution.lean:77:0: 'NLA.KE05.probability_one_nonzero_limit' depends on axioms: [propext, Classical.choice, Quot.sound]
info: Solution.lean:80:0: 'NLA.KE05.literal_lower_bound' depends on axioms: [propext, Classical.choice, Quot.sound]
info: Solution.lean:83:0: 'NLA.KE05.almost_sure_divergence' depends on axioms: [propext, Classical.choice, Quot.sound]
info: Solution.lean:86:0: 'NLA.KE05.marginal_probability_limit' depends on axioms: [propext, Classical.choice, Quot.sound]
info: Solution.lean:89:0: 'NLA.KE05.no_finite_uniform_constant' depends on axioms: [propext, Classical.choice, Quot.sound]
info: Solution.lean:92:0: 'NLA.KE05.not_uniform_probability_conjecture' depends on axioms: [propext, Classical.choice, Quot.sound]
Build completed successfully (8730 jobs).
