⚠ [8707/8709] Replayed NLA.KE05.PolynomialNull
warning: NLA/KE05/PolynomialNull.lean:85:2: Try this: 
  letI̵

The goal is a proposition, so `let` is preferred over `letI`.
The difference between `let` and `letI` is that `letI` inlines the value.
But this is not relevant for proofs because of proof irrelevance.

Note: This linter can be disabled with `set_option linter.style.haveILetI false`
✖ [8708/8709] Building NLA.KE05.Regular (62s)
trace: .> LEAN_PATH=/Users/sholden/Projects/OpenProblemsInNLA/intervals-and-absolute-value-equations/IV-06/lean/.lake/packages/Cli/.lake/build/lib/lean:/Users/sholden/Projects/OpenProblemsInNLA/intervals-and-absolute-value-equations/IV-06/lean/.lake/packages/batteries/.lake/build/lib/lean:/Users/sholden/Projects/OpenProblemsInNLA/intervals-and-absolute-value-equations/IV-06/lean/.lake/packages/Qq/.lake/build/lib/lean:/Users/sholden/Projects/OpenProblemsInNLA/intervals-and-absolute-value-equations/IV-06/lean/.lake/packages/aesop/.lake/build/lib/lean:/Users/sholden/Projects/OpenProblemsInNLA/intervals-and-absolute-value-equations/IV-06/lean/.lake/packages/proofwidgets/.lake/build/lib/lean:/Users/sholden/Projects/OpenProblemsInNLA/intervals-and-absolute-value-equations/IV-06/lean/.lake/packages/importGraph/.lake/build/lib/lean:/Users/sholden/Projects/OpenProblemsInNLA/intervals-and-absolute-value-equations/IV-06/lean/.lake/packages/LeanSearchClient/.lake/build/lib/lean:/Users/sholden/Projects/OpenProblemsInNLA/intervals-and-absolute-value-equations/IV-06/lean/.lake/packages/plausible/.lake/build/lib/lean:/Users/sholden/Projects/OpenProblemsInNLA/intervals-and-absolute-value-equations/IV-06/lean/.lake/packages/mathlib/.lake/build/lib/lean:/Users/sholden/Projects/OpenProblemsInNLA/intervals-and-absolute-value-equations/IV-06/lean/.lake/packages/leancert/.lake/build/lib/lean:/private/tmp/nla-lean-ke05/randomized-and-low-rank-approximation/KE-05/lean/.lake/build/lib/lean /private/tmp/nla-lean-runtime/lean-4.33.1-darwin_aarch64/bin/lean /private/tmp/nla-lean-ke05/randomized-and-low-rank-approximation/KE-05/lean/NLA/KE05/Regular.lean -o /private/tmp/nla-lean-ke05/randomized-and-low-rank-approximation/KE-05/lean/.lake/build/lib/lean/NLA/KE05/Regular.olean -i /private/tmp/nla-lean-ke05/randomized-and-low-rank-approximation/KE-05/lean/.lake/build/lib/lean/NLA/KE05/Regular.ilean -c /private/tmp/nla-lean-ke05/randomized-and-low-rank-approximation/KE-05/lean/.lake/build/ir/NLA/KE05/Regular.c --setup /private/tmp/nla-lean-ke05/randomized-and-low-rank-approximation/KE-05/lean/.lake/build/ir/NLA/KE05/Regular.setup.json --json
error: NLA/KE05/Regular.lean:41:20: unsolved goals
case add
σ : Type u_1
a : σ → ℝ
f f✝ g✝ : (σ → ℝ) → ℝ
a✝¹ : RegularAt a f✝
a✝ : RegularAt a g✝
p q : MvPolynomial σ ℝ
hq : (MvPolynomial.eval a) q ≠ 0
hf : ∀ (x : σ → ℝ), (MvPolynomial.eval x) q ≠ 0 → f✝ x = (MvPolynomial.eval x) p / (MvPolynomial.eval x) q
r s : MvPolynomial σ ℝ
hs : (MvPolynomial.eval a) s ≠ 0
hg : ∀ (x : σ → ℝ), (MvPolynomial.eval x) s ≠ 0 → g✝ x = (MvPolynomial.eval x) r / (MvPolynomial.eval x) s
x : σ → ℝ
hx : (MvPolynomial.eval x) (q * s) ≠ 0
hh : (MvPolynomial.eval x) q ≠ 0 ∧ (MvPolynomial.eval x) s ≠ 0
⊢ (MvPolynomial.eval x) p / (MvPolynomial.eval x) q + (MvPolynomial.eval x) r / (MvPolynomial.eval x) s =
    ((MvPolynomial.eval x) p * (MvPolynomial.eval x) s + (MvPolynomial.eval x) q * (MvPolynomial.eval x) r) /
      ((MvPolynomial.eval x) q * (MvPolynomial.eval x) s)
error: Lean exited with code 1
Some required targets logged failures:
- NLA.KE05.Regular
error: build failed
