RETAINED: NLA.MI06.not_dominationConjecture -> NLA.MI06.not_dominationConjecture_proved
RETAINED: NLA.MI06.not_dominationConjecture_proved -> NLA.MI06.counterexample_proved
RETAINED: NLA.MI06.counterexample_proved -> _private.NLA.MI06.Proof.0.NLA.MI06.scalar_coefficient_gap
RETAINED: _private.NLA.MI06.Proof.0.NLA.MI06.scalar_coefficient_gap -> _private.NLA.MI06.Proof.0.NLA.MI06.sqrt_two_lt_three_halves
RETAINED: _private.NLA.MI06.Proof.0.NLA.MI06.sqrt_two_lt_three_halves -> _private.NLA.MI06.Proof.0.NLA.MI06.scalar_squared_gap
CERTIFICATE CONSTANTS: [LT.lt,
 Real,
 Real.instLT,
 LeanCert.Core.Expr.eval,
 Nat,
 Rat.cast,
 Real.instRatCast,
 Rat.divInt,
 OfNat.ofNat,
 Int,
 instOfNat,
 LeanCert.Core.Expr.const,
 LeanCert.Validity.verify_strict_upper_bound_dyadic_checked,
 le_refl,
 Rat,
 Rat.instPreorder,
 Neg.neg,
 Int.instNegInt,
 instOfNatNat,
 of_decide_eq_true,
 LE.le,
 Int.instLEInt,
 Int.decLe,
 id,
 Eq,
 Bool,
 Decidable.decide,
 Bool.true,
 Eq.refl,
 _private.NLA.MI06.Proof.0.NLA.MI06.scalar_squared_gap._proof_1_7,
 And.intro,
 Preorder.toLE,
 Real.instPreorder,
 Eq.mpr,
 instOfNatAtLeastTwo,
 Real.instNatCast,
 Nat.instAtLeastTwoHAddOfNat,
 Nat.instNeZeroSucc,
 HDiv.hDiv,
 instHDiv,
 DivInvMonoid.toDiv,
 Real.instDivInvMonoid,
 Rat.instDiv,
 Int.cast,
 Rat.instIntCast,
 eq_of_heq,
 LT,
 Eq.casesOn,
 HEq,
 Eq.ndrec,
 HEq.refl,
 Eq.symm,
 Mathlib.Meta.NormNum.isNat_eq_true,
 AddGroupWithOne.toAddMonoidWithOne,
 Ring.toAddGroupWithOne,
 Real.instRing,
 Mathlib.Meta.NormNum.isNat_ofNat,
 AddMonoidWithOne.toNatCast,
 Mathlib.Meta.NormNum.instAtLeastTwo,
 Mathlib.Meta.NormNum.isNat_ratCast,
 Real.instDivisionRing,
 Mathlib.Meta.NormNum.IsNNRat.to_isNat,
 DivisionSemiring.toSemiring,
 Semifield.toDivisionSemiring,
 Field.toSemifield,
 Rat.instField,
 Mathlib.Meta.NormNum.isNNRat_div,
 Mathlib.Meta.NormNum.IsNat.to_isNNRat,
 HMul.hMul,
 instHMul,
 Distrib.toMul,
 instDistribOfSemiring,
 Inv.inv,
 InvOneClass.toInv,
 DivInvOneMonoid.toInvOneClass,
 DivisionMonoid.toDivInvOneMonoid,
 GroupWithZero.toDivisionMonoid,
 DivisionSemiring.toGroupWithZero,
 Mathlib.Meta.NormNum.isNat_mul,
 Rat.semiring,
 Mathlib.Meta.NormNum.isNat_intCast,
 DivisionRing.toRing,
 Rat.instDivisionRing,
 Int.instRing,
 Mathlib.Meta.NormNum.isNNRat_inv_pos,
 Rat.instCharZero,
 Mathlib.Meta.NormNum.isNNRat_eq_true,
 Real.instField,
 Mathlib.Meta.NormNum.isNNRat_mul,
 Real.semiring,
 FloorSemiring.instCharZero,
 Real.partialOrder,
 FloorRing.toFloorSemiring,
 Real.linearOrder,
 Real.instFloorRing,
 Nat.mul,
 Mathlib.Meta.NormNum.isNNRat_ratCast,
 Ring.toSemiring,
 Eq.mp,
 congr,
 congrArg,
 Rat.divInt_eq_div]
CERTIFICATE PROOF TERM: have h0 :=
  LeanCert.Validity.verify_strict_upper_bound_dyadic_checked (LeanCert.Core.Expr.const (Rat.divInt 2 1))
    (Rat.divInt 0 1) (Rat.divInt 0 1) (le_refl (Rat.divInt 0 1)) (Rat.divInt 9 4) (-53) 10
    (of_decide_eq_true (id (Eq.refl true))) NLA.MI06.scalar_squared_gap._proof_1_7✝ ↑(Rat.divInt 0 1)
    ⟨le_refl ↑(Rat.divInt 0 1), le_refl ↑(Rat.divInt 0 1)⟩;
Eq.mpr
  (eq_of_heq
    ((fun α self a a' e'_3 a_1 a'_1 e'_4 =>
        Eq.casesOn (motive := fun a_2 x => a' = a_2 → e'_3 ≍ x → (a < a_1) ≍ (a' < a'_1)) e'_3
          (fun h =>
            Eq.ndrec (motive := fun a' => ∀ (e_3 : a = a'), e_3 ≍ Eq.refl a → (a < a_1) ≍ (a' < a'_1))
              (fun e_3 h =>
                Eq.casesOn (motive := fun a_2 x => a'_1 = a_2 → e'_4 ≍ x → (a < a_1) ≍ (a < a'_1)) e'_4
                  (fun h =>
                    Eq.ndrec (motive := fun a' => ∀ (e_4 : a_1 = a'), e_4 ≍ Eq.refl a_1 → (a < a_1) ≍ (a < a'))
                      (fun e_4 h => HEq.refl (a < a_1)) (Eq.symm h) e'_4)
                  (Eq.refl a'_1) (HEq.refl e'_4))
              (Eq.symm h) e'_3)
          (Eq.refl a') (HEq.refl e'_3))
      ℝ Real.instLT 2 (↑(↑2 / ↑1))
      (Mathlib.Meta.NormNum.isNat_eq_true (Mathlib.Meta.NormNum.isNat_ofNat ℝ (Eq.refl 2))
        (Mathlib.Meta.NormNum.isNat_ratCast
          (Mathlib.Meta.NormNum.IsNNRat.to_isNat
            (Mathlib.Meta.NormNum.isNNRat_div
              (Mathlib.Meta.NormNum.IsNat.to_isNNRat
                (Mathlib.Meta.NormNum.isNat_mul (Eq.refl HMul.hMul)
                  (Mathlib.Meta.NormNum.isNat_intCast 2 2 (Mathlib.Meta.NormNum.isNat_ofNat ℤ (Eq.refl 2)))
                  (Mathlib.Meta.NormNum.IsNNRat.to_isNat
                    (Mathlib.Meta.NormNum.isNNRat_inv_pos
                      (Mathlib.Meta.NormNum.IsNat.to_isNNRat
                        (Mathlib.Meta.NormNum.isNat_intCast 1 1 (Mathlib.Meta.NormNum.isNat_ofNat ℤ (Eq.refl 1))))))
                  (Eq.refl 2)))))))
      (9 / 4) (↑(↑9 / ↑4))
      (Mathlib.Meta.NormNum.isNNRat_eq_true
        (Mathlib.Meta.NormNum.isNNRat_div
          (Mathlib.Meta.NormNum.isNNRat_mul (Eq.refl HMul.hMul)
            (Mathlib.Meta.NormNum.IsNat.to_isNNRat (Mathlib.Meta.NormNum.isNat_ofNat ℝ (Eq.refl 9)))
            (Mathlib.Meta.NormNum.isNNRat_inv_pos
              (Mathlib.Meta.NormNum.IsNat.to_isNNRat (Mathlib.Meta.NormNum.isNat_ofNat ℝ (Eq.refl 4))))
            (Eq.refl (Nat.mul 9 1)) (Eq.refl 4)))
        (Mathlib.Meta.NormNum.isNNRat_ratCast
          (Mathlib.Meta.NormNum.isNNRat_div
            (Mathlib.Meta.NormNum.isNNRat_mul (Eq.refl HMul.hMul)
              (Mathlib.Meta.NormNum.IsNat.to_isNNRat
                (Mathlib.Meta.NormNum.isNat_intCast 9 9 (Mathlib.Meta.NormNum.isNat_ofNat ℤ (Eq.refl 9))))
              (Mathlib.Meta.NormNum.isNNRat_inv_pos
                (Mathlib.Meta.NormNum.IsNat.to_isNNRat
                  (Mathlib.Meta.NormNum.isNat_intCast 4 4 (Mathlib.Meta.NormNum.isNat_ofNat ℤ (Eq.refl 4)))))
              (Eq.refl (Nat.mul 9 1)) (Eq.refl 4)))))))
  (Eq.mp
    (congr (congrArg LT.lt (congrArg Rat.cast (Rat.divInt_eq_div 2 1))) (congrArg Rat.cast (Rat.divInt_eq_div 9 4))) h0)
'NLA.MI06.counterexample' depends on axioms: [propext, Classical.choice, Quot.sound]
'NLA.MI06.not_dominationConjecture' depends on axioms: [propext, Classical.choice, Quot.sound]
