✖ [3145/3145] Building NLA.MI06.Proof (21s)
trace: .> LEAN_PATH=/private/tmp/nla-lean-mi06-worktree/matrix-inequalities-and-norms/MI-06/lean/.lake/packages/Cli/.lake/build/lib/lean:/private/tmp/nla-lean-mi06-worktree/matrix-inequalities-and-norms/MI-06/lean/.lake/packages/batteries/.lake/build/lib/lean:/private/tmp/nla-lean-mi06-worktree/matrix-inequalities-and-norms/MI-06/lean/.lake/packages/Qq/.lake/build/lib/lean:/private/tmp/nla-lean-mi06-worktree/matrix-inequalities-and-norms/MI-06/lean/.lake/packages/aesop/.lake/build/lib/lean:/private/tmp/nla-lean-mi06-worktree/matrix-inequalities-and-norms/MI-06/lean/.lake/packages/proofwidgets/.lake/build/lib/lean:/private/tmp/nla-lean-mi06-worktree/matrix-inequalities-and-norms/MI-06/lean/.lake/packages/importGraph/.lake/build/lib/lean:/private/tmp/nla-lean-mi06-worktree/matrix-inequalities-and-norms/MI-06/lean/.lake/packages/LeanSearchClient/.lake/build/lib/lean:/private/tmp/nla-lean-mi06-worktree/matrix-inequalities-and-norms/MI-06/lean/.lake/packages/plausible/.lake/build/lib/lean:/private/tmp/nla-lean-mi06-worktree/matrix-inequalities-and-norms/MI-06/lean/.lake/packages/mathlib/.lake/build/lib/lean:/private/tmp/nla-lean-mi06-worktree/matrix-inequalities-and-norms/MI-06/lean/.lake/packages/leancert/.lake/build/lib/lean:/private/tmp/nla-lean-mi06-worktree/matrix-inequalities-and-norms/MI-06/lean/.lake/build/lib/lean /Users/georgestepaniants/.elan/toolchains/leanprover--lean4---v4.33.1/bin/lean /private/tmp/nla-lean-mi06-worktree/matrix-inequalities-and-norms/MI-06/lean/NLA/MI06/Proof.lean -o /private/tmp/nla-lean-mi06-worktree/matrix-inequalities-and-norms/MI-06/lean/.lake/build/lib/lean/NLA/MI06/Proof.olean -i /private/tmp/nla-lean-mi06-worktree/matrix-inequalities-and-norms/MI-06/lean/.lake/build/lib/lean/NLA/MI06/Proof.ilean -c /private/tmp/nla-lean-mi06-worktree/matrix-inequalities-and-norms/MI-06/lean/.lake/build/ir/NLA/MI06/Proof.c --setup /private/tmp/nla-lean-mi06-worktree/matrix-inequalities-and-norms/MI-06/lean/.lake/build/ir/NLA/MI06/Proof.setup.json --json
error: NLA/MI06/Proof.lean:50:30: Tactic `assumption` failed

a b c : ℂ
ha : 0 ≤ a
hb : 0 ≤ b
hc : 0 ≤ c
h : !![a, 0, 0; 0, b, 0; 0, 0, c] = Matrix.diagonal ![a, b, c]
⊢ 0 ≤ ?m.1945
error: NLA/MI06/Proof.lean:50:30: Tactic `assumption` failed

a b c : ℂ
ha : 0 ≤ a
hb : 0 ≤ b
hc : 0 ≤ c
h : !![a, 0, 0; 0, b, 0; 0, 0, c] = Matrix.diagonal ![a, b, c]
⊢ 0 ≤ ?m.1945
error: NLA/MI06/Proof.lean:50:30: Tactic `assumption` failed

a b c : ℂ
ha : 0 ≤ a
hb : 0 ≤ b
hc : 0 ≤ c
h : !![a, 0, 0; 0, b, 0; 0, 0, c] = Matrix.diagonal ![a, b, c]
⊢ 0 ≤ ?m.1945
error: NLA/MI06/Proof.lean:53:78: unsolved goals
case «0».«0»
⊢ 4 / 5 = 1 / 20 * (4 * (starRingEnd ℂ) 4)

case «0».«1»
⊢ 3 / 5 = 1 / 20 * (4 * (starRingEnd ℂ) 3)

case «1».«0»
⊢ 3 / 5 = 1 / 20 * (3 * (starRingEnd ℂ) 4)

case «1».«1»
⊢ 9 / 20 = 1 / 20 * (3 * (starRingEnd ℂ) 3)
error: NLA/MI06/Proof.lean:65:77: unsolved goals
case «0».«0»
⊢ 4 / 5 = 1 / 20 * (4 * (starRingEnd ℂ) 4)

case «0».«2»
⊢ 3 / 5 = 1 / 20 * (4 * (starRingEnd ℂ) 3)

case «2».«0»
⊢ 3 / 5 = 1 / 20 * (3 * (starRingEnd ℂ) 4)

case «2».«2»
⊢ 9 / 20 = 1 / 20 * (3 * (starRingEnd ℂ) 3)
error: NLA/MI06/Proof.lean:86:77: unsolved goals
case «1».«0»
⊢ 3 / 4 = (starRingEnd ℂ) 3 / (starRingEnd ℂ) 4

case «1».«1»
⊢ 9 / 16 = (starRingEnd ℂ) 3 / (starRingEnd ℂ) 4 * (3 / 4)
error: NLA/MI06/Proof.lean:94:59: unsolved goals
case «0».«0»
⊢ 25 / 16 = 1 + 3 / 4 * ((starRingEnd ℂ) 3 / (starRingEnd ℂ) 4)
error: NLA/MI06/Proof.lean:101:76: unsolved goals
case «0».«0»
⊢ 25 / 16 = 1 + (starRingEnd ℂ) 3 / (starRingEnd ℂ) 4 * (3 / 4)
error: NLA/MI06/Proof.lean:109:59: unsolved goals
case «0».«2»
⊢ 3 / 4 = (starRingEnd ℂ) 3 / (starRingEnd ℂ) 4

case «2».«2»
⊢ 9 / 16 = 3 / 4 * ((starRingEnd ℂ) 3 / (starRingEnd ℂ) 4)
error: NLA/MI06/Proof.lean:117:61: unsolved goals
case «0».«0»
⊢ 9 / 16 = (starRingEnd ℂ) 3 / (starRingEnd ℂ) 4 * (3 / 4)

case «1».«1»
⊢ 9 / 16 = (starRingEnd ℂ) 3 / (starRingEnd ℂ) 4 * (3 / 4)
error: NLA/MI06/Proof.lean:126:74: unsolved goals
case «0».«0»
⊢ 9 / 16 = 3 / 4 * ((starRingEnd ℂ) 3 / (starRingEnd ℂ) 4)

case «2».«2»
⊢ 9 / 16 = 3 / 4 * ((starRingEnd ℂ) 3 / (starRingEnd ℂ) 4)
error: NLA/MI06/Proof.lean:155:32: unsolved goals
case «0».«0»
⊢ 41 / 40 = 1 / 8 + 1 / 10 * (3 * (starRingEnd ℂ) 3)

case «1».«0»
⊢ 3 / 10 = 1 / 10 * (starRingEnd ℂ) 3
error: NLA/MI06/Proof.lean:162:32: unsolved goals
case «0».«0»
⊢ 41 / 40 = 1 / 8 + 1 / 10 * (3 * (starRingEnd ℂ) 3)

case «2».«0»
⊢ 3 / 10 = 1 / 10 * (starRingEnd ℂ) 3
error: Lean exited with code 1
Some required targets logged failures:
- NLA.MI06.Proof
error: build failed
