Mathlib/Analysis/SpecialFunctions/ContinuousFunctionalCalculus/Rpow/Basic.lean:469:lemma rpow_rpow [IsSemitopologicalRing A] [T2Space A]
Mathlib/Analysis/SpecialFunctions/ContinuousFunctionalCalculus/Rpow/Basic.lean:478:lemma rpow_rpow_inv [IsSemitopologicalRing A] [T2Space A]
Mathlib/Analysis/SpecialFunctions/ContinuousFunctionalCalculus/Rpow/Basic.lean:481:  rw [rpow_rpow a x x⁻¹ hx, mul_inv_cancel₀ hx, rpow_one a ha.nonneg]
Mathlib/Analysis/SpecialFunctions/ContinuousFunctionalCalculus/Rpow/Basic.lean:486:  simpa using rpow_rpow_inv a x⁻¹ (inv_ne_zero hx)
Mathlib/Analysis/SpecialFunctions/ContinuousFunctionalCalculus/Rpow/Basic.lean:488:lemma rpow_rpow_of_exponent_nonneg [IsSemitopologicalRing A] [T2Space A] (a : A) (x y : ℝ)
Mathlib/Analysis/SpecialFunctions/ContinuousFunctionalCalculus/Rpow/Basic.lean:678:    simp [sqrt_eq_rpow, div_eq_mul_inv, one_mul, rpow_rpow _ _ _ hx]
Mathlib/Analysis/SpecialFunctions/ContinuousFunctionalCalculus/Rpow/Basic.lean:687:      rpow_rpow _ _ _ (by simp), inv_mul_eq_div]
Mathlib/Analysis/SpecialFunctions/ContinuousFunctionalCalculus/Rpow/Basic.lean:708:    rw [sqrt_eq_rpow, rpow_rpow_of_exponent_nonneg _ _ _ (by simp) h₁, one_div_mul_eq_div]
Mathlib/Analysis/SpecialFunctions/ContinuousFunctionalCalculus/Rpow/Basic.lean:758:    rw [rpow_rpow (hx := hx) (ha := by grind)]
Mathlib/Analysis/SpecialFunctions/ContinuousFunctionalCalculus/Rpow/Basic.lean:795:        inverse_eq_rpow_neg_one, rpow_rpow _ _ _ (by grind)]
Mathlib/Analysis/CStarAlgebra/Basic.lean:271:theorem IsSelfAdjoint.nnnorm_pow_two_pow {x : E} (hx : IsSelfAdjoint x) (n : ℕ) :
Mathlib/Analysis/CStarAlgebra/Basic.lean:278:theorem IsSelfAdjoint.norm_pow_two_pow {x : E} (hx : IsSelfAdjoint x) (n : ℕ) :
Mathlib/Analysis/CStarAlgebra/Basic.lean:280:  congr($(hx.nnnorm_pow_two_pow n))
Mathlib/Analysis/CStarAlgebra/Matrix.lean:199:lemma l2_opNorm_conjTranspose_mul_self (A : Matrix m n 𝕜) : ‖Aᴴ * A‖ = ‖A‖ * ‖A‖ := by
Mathlib/Analysis/CStarAlgebra/Matrix.lean:206:  Subtype.ext <| l2_opNorm_conjTranspose_mul_self _
Mathlib/Analysis/CStarAlgebra/Matrix.lean:229:lemma l2_opNorm_toEuclideanCLM (A : Matrix n n 𝕜) :
Mathlib/Analysis/CStarAlgebra/Matrix.lean:235:  rw [← l2_opNorm_toEuclideanCLM]
Mathlib/Analysis/CStarAlgebra/Matrix.lean:289:  norm_mul_self_le M := le_of_eq <| Eq.symm <| l2_opNorm_conjTranspose_mul_self M
Mathlib/LinearAlgebra/Matrix/PosDef.lean:313:lemma conjTranspose_mul_mul_same {A : Matrix n n R} (hA : PosSemidef A) (B : Matrix n m R) :
Mathlib/LinearAlgebra/Matrix/PosDef.lean:323:  simpa only [conjTranspose_conjTranspose] using hA.conjTranspose_mul_mul_same Bᴴ
Mathlib/LinearAlgebra/Matrix/PosDef.lean:337:  · have := (conjTranspose_mul_mul_same hM M⁻¹).conjTranspose
Mathlib/LinearAlgebra/Matrix/PosDef.lean:394:  refine ⟨fun h ↦ ?_, fun h ↦ h.conjTranspose_mul_mul_same _⟩
Mathlib/LinearAlgebra/Matrix/PosDef.lean:396:  have := h.conjTranspose_mul_mul_same ((U⁻¹ : (Matrix n n R)ˣ) : Matrix n n R)
Mathlib/LinearAlgebra/Matrix/PosDef.lean:445:lemma conjTranspose_mul_mul_same {A : Matrix n n R} {B : Matrix n m R} (hA : A.PosDef)
Mathlib/LinearAlgebra/Matrix/PosDef.lean:457:  simpa using hA.conjTranspose_mul_mul_same (B := Bᴴ) hB
Mathlib/LinearAlgebra/Matrix/PosDef.lean:463:  simpa using conjTranspose_mul_mul_same .one hA
Mathlib/LinearAlgebra/Matrix/PosDef.lean:540:  refine ⟨fun h ↦ ?_, fun h ↦ h.conjTranspose_mul_mul_same <| mulVec_injective_of_isUnit hU⟩
Mathlib/LinearAlgebra/Matrix/PosDef.lean:542:  have := h.conjTranspose_mul_mul_same (mulVec_injective_of_isUnit (Units.isUnit U⁻¹))
Mathlib/Analysis/Matrix/Spectrum.lean:238:theorem trace_eq_sum_eigenvalues [DecidableEq n] (hA : A.IsHermitian) :
