NLA/MI08/Definitions.lean 3d239b1379ea53cead7b54a06ed8ae92e2d191420f45a39b5466dcd6380c3965 MATCH
Challenge.lean 7ef811f91e89621f606400fb76756068f941c30f94ac4d9135bb6111d115413e MATCH
NUMERICAL_TARGETS.md c8bf9ab6782e2bec826664fe69cd09a523e495cedadbee64ada5f4eca6d25832 MATCH
NLA/MI08/Correspondence.lean 3bf9263dcc6726a08b4cfd31aa9386c872c38ba58cb607de184ee78a8e143741 MATCH
NLA/MI08/Designs.lean a3d875b90fee6e891d9a1af914ac1d2a60002a28aca3f8f6aa325e2ff5742a5f MATCH
NLA/MI08/Proof.lean b78a5e6dc64f679329fa5fbb05ece206d161f503578d4b50b72a8ebd23f156e7 MATCH
Solution.lean bf8b01921469343f9a3acd5f2fe875e9530de4c69024af8b0fd2b409fd401950 MATCH
comparator.json 18928dd61159e774c47a220a825f4666881e2a89fa825514bd800a91463bf465 MATCH
lakefile.toml 0ba5280ec9dd388e19ebb4b09e1257f4f8851b72da6ed8a3432a647eed9720b4 MATCH
lake-manifest.json 84d8f7719040dade88e1d169389aa9a9b937686ce5782ec5063d8cc0fa726c08 MATCH
lean-toolchain 3aac669c7a910ec2389f4e4f921b605adf6ebf2d1e0c9b9cd0be4d33f3f5db71 MATCH
formalization.yaml 5772fa9a218b656e5a20483b6ff0172b6c4a5c7f742e2f39162823082d8fe7b3 MATCH
README.md 6cf0b930926a7fab68bef677494a6764c8ca797f338e673fb3ff8167261af564 MATCH
LICENSE cfc7749b96f63bd31c3c42b5c471bf756814053e847c10f3eb003417bc523d30 MATCH
verification/final-build.log c17c819aedabeb1abaeecd3694c5c2b4e1cac5443879933eccefcff0a5154aa3 MATCH
verification/AxiomAudit.lean b1ab427ee49ed7941c6fcdcee8f872cc2f70bf7e281772d136cd1f9c8e198c32 MATCH
verification/axioms.log 1dcbbca3ec0905bb7404494e4f06f9edec7bad84454ce396f0cd64c301be74a3 MATCH
FROZEN SAME NLA/MI08/Definitions.lean
FROZEN SAME Challenge.lean
FROZEN SAME NUMERICAL_TARGETS.md
CANONICAL BASE SAME README.md
CANONICAL BASE SAME solution.md
CANONICAL BASE SAME solution.tex
STATEMENT METADATA SNAPSHOT SAME README.md
STATEMENT METADATA SNAPSHOT SAME formalization.yaml
