/private/tmp/nla-lean-ra09-worktree/randomized-and-low-rank-approximation/RA-09/lean/NLA/RA09/Frobenius.lean:91:60: error: Tactic `rewrite` failed: Did not find an occurrence of the pattern
  ?M * 1
in the target expression
  (1 * (Mᵀ * M)).trace = (Mᵀ * M).trace

m n : ℕ
M : Matrix (Fin m) (Fin n) ℝ
V : ↥(unitaryGroup (Fin n) ℝ)
⊢ (1 * (Mᵀ * M)).trace = (Mᵀ * M).trace
/private/tmp/nla-lean-ra09-worktree/randomized-and-low-rank-approximation/RA-09/lean/NLA/RA09/Frobenius.lean:104:2: error: Type mismatch: After simplification, term
  PosSemidef.trace_nonneg (PosSemidef.mul_mul_conjTranspose_same hY S)
 has type
  0 ≤ (S * (Y * Sᴴ)).trace
but is expected to have type
  0 ≤ (Y * (Sᴴ * S)).trace
/private/tmp/nla-lean-ra09-worktree/randomized-and-low-rank-approximation/RA-09/lean/NLA/RA09/Frobenius.lean:121:5: warning: Variable name `hA` is not explicitly referenced.

Hint: The binding can be removed (if unused) or named `_` (if used implicitly). Alternatively, prefix the name with `_` to silence this warning:
  [apply] _hA

Note: This linter can be disabled with `set_option linter.unusedVariables false`
/private/tmp/nla-lean-ra09-worktree/randomized-and-low-rank-approximation/RA-09/lean/NLA/RA09/Frobenius.lean:132:21: error: #assert_trust: 'NLA.RA09.frobenius_orthogonal_invariance_proved' depends on sorry or unrecognized axioms
  foundational: propext, Classical.choice, Quot.sound
  sorryAx: sorryAx
/private/tmp/nla-lean-ra09-worktree/randomized-and-low-rank-approximation/RA-09/lean/NLA/RA09/Frobenius.lean:133:21: error: #assert_trust: 'NLA.RA09.trace_deficit_reduction_proved' depends on sorry or unrecognized axioms
  foundational: propext, Classical.choice, Quot.sound
  sorryAx: sorryAx
'NLA.RA09.frobenius_semantics_proved' depends on axioms: [propext, Classical.choice, Quot.sound]
'NLA.RA09.frobenius_orthogonal_invariance_proved' depends on axioms: [propext, sorryAx, Classical.choice, Quot.sound]
'NLA.RA09.trace_deficit_reduction_proved' depends on axioms: [propext, sorryAx, Classical.choice, Quot.sound]
