NLA/IS03/Spectral.lean:68:12: warning: This simp argument is unused:
  Matrix.diagonal_apply

Hint: Omit it from the simp argument list.
  [apply] simp [Finsupp.single_apply]

Note: This linter can be disabled with `set_option linter.unusedSimpArgs false`
NLA/IS03/Spectral.lean:68:35: warning: This simp argument is unused:
  Finsupp.single_apply

Hint: Omit it from the simp argument list.
  [apply] simp [Matrix.diagonal_apply]

Note: This linter can be disabled with `set_option linter.unusedSimpArgs false`
NLA/IS03/Spectral.lean:69:12: warning: This simp argument is unused:
  Matrix.diagonal_apply

Hint: Omit it from the simp argument list.
  [apply] simp [Finsupp.single_apply, h, Ne.symm h]

Note: This linter can be disabled with `set_option linter.unusedSimpArgs false`
NLA/IS03/Spectral.lean:69:35: warning: This simp argument is unused:
  Finsupp.single_apply

Hint: Omit it from the simp argument list.
  [apply] simp [Matrix.diagonal_apply, h, Ne.symm h]

Note: This linter can be disabled with `set_option linter.unusedSimpArgs false`
NLA/IS03/Spectral.lean:69:60: warning: This simp argument is unused:
  Ne.symm h

Hint: Omit it from the simp argument list.
  [apply] simp [Matrix.diagonal_apply, Finsupp.single_apply, h]

Note: This linter can be disabled with `set_option linter.unusedSimpArgs false`
