Try this:
  [apply] ring_nf
  
  The `ring` tactic failed to close the goal. Use `ring_nf` to obtain a normal form.
    
  Note that `ring` works primarily in *commutative* rings. If you have a noncommutative ring, abelian group or module, consider using `noncomm_ring`, `abel` or `module` instead.
NLA/IS03/Algebra.lean:18:75: error: unsolved goals
⊢ ⋯ - ⋯ - ⋯ * ⋯ + ⋯ * C 2062 * C 4 - ⋯ * ⋯ * C 276647 * C 3 - C (7 / 542064) * X ^ 3 * C (1 / 7) * C 163022 -
                                                                                              C (7 / 542064) * X ^ 4 *
                                                                                                  C 209536 *
                                                                                                C (3 / 7) -
                                                                                            C (7 / 542064) * X ^ 4 *
                                                                                                C 24579 *
                                                                                              C (1 / 7) -
                                                                                          C (7 / 542064) * X ^ 4 *
                                                                                              C 2909046 *
                                                                                            C (1 / 7) +
                                                                                        C (7 / 542064) * X ^ 4 *
                                                                                              C (3 / 7) *
                                                                                            C 2062 *
                                                                                          C 5 +
                                                                                      C (7 / 542064) * X ^ 4 *
                                                                                            C (3 / 7) *
                                                                                          C 163022 *
                                                                                        C 2 +
                                                                                    C (7 / 542064) * X ^ 4 * C (5 / 7) *
                                                                                        C 276647 *
                                                                                      C 4 +
                                                                                  C (7 / 542064) * X ^ 4 * C (2 / 7) *
                                                                                      C 55183 *
                                                                                    C 3 -
                                                                                C (7 / 542064) * X ^ 4 * C (1 / 7) *
                                                                                  C 30535 +
                                                                              C (7 / 542064) * X ^ 5 * C 209536 *
                                                                                C (2 / 7) +
                                                                            C (7 / 542064) * X ^ 5 * C 24579 *
                                                                              C (3 / 7) -
                                                                          C (7 / 542064) * X ^ 5 * C 2909046 *
                                                                            C (1 / 7) +
                                                                        C (7 / 542064) * X ^ 5 * C (3 / 7) * C 276647 *
                                                                          C 5 +
                                                                      C (7 / 542064) * X ^ 5 * C (3 / 7) * C 30535 *
                                                                        C 2 -
                                                                    C (7 / 542064) * X ^ 5 * C (5 / 7) * C 55183 * C 4 -
                                                                  C (7 / 542064) * X ^ 5 * C (2 / 7) * C 163022 * C 3 +
                                                                C (7 / 542064) * X ^ 5 * C (1 / 7) * C 484841 -
                                                              C (7 / 542064) * X ^ 5 * C 2062 * C 6 -
                                                            C (7 / 542064) * X ^ 6 * C 209536 * C (5 / 7) -
                                                          C (7 / 542064) * X ^ 6 * C 24579 * C (2 / 7) +
                                                        C (7 / 542064) * X ^ 6 * C 2909046 * C (3 / 7) -
                                                      C (7 / 542064) * X ^ 6 * C (3 / 7) * C 55183 * C 5 -
                                                    C (7 / 542064) * X ^ 6 * C (3 / 7) * C 484841 * C 2 +
                                                  C (7 / 542064) * X ^ 6 * C (5 / 7) * C 163022 * C 4 -
                                                C (7 / 542064) * X ^ 6 * C (2 / 7) * C 30535 * C 3 -
                                              C (7 / 542064) * X ^ 6 * C 276647 * C 6 -
                                            C (7 / 542064) * X ^ 7 * C 209536 * C (3 / 7) +
                                          C (7 / 542064) * X ^ 7 * C 24579 * C (5 / 7) -
                                        C (7 / 542064) * X ^ 7 * C 2909046 * C (2 / 7) +
                                      C (7 / 542064) * X ^ 7 * C (3 / 7) * C 163022 * C 5 +
                                    C (7 / 542064) * X ^ 7 * C (5 / 7) * C 30535 * C 4 +
                                  C (7 / 542064) * X ^ 7 * C (2 / 7) * C 484841 * C 3 +
                                C (7 / 542064) * X ^ 7 * C 55183 * C 6 +
                              C (7 / 542064) * X ^ 8 * C 209536 +
                            C (7 / 542064) * X ^ 8 * C 24579 * C (3 / 7) +
                          C (7 / 542064) * X ^ 8 * C 2909046 * C (5 / 7) +
                        C (7 / 542064) * X ^ 8 * C (3 / 7) * C 30535 * C 5 -
                      C (7 / 542064) * X ^ 8 * C (5 / 7) * C 484841 * C 4 -
                    C (7 / 542064) * X ^ 8 * C 163022 * C 6 -
                  C (7 / 542064) * X ^ 9 * C 24579 +
                C (7 / 542064) * X ^ 9 * C 2909046 * C (3 / 7) -
              C (7 / 542064) * X ^ 9 * C (3 / 7) * C 484841 * C 5 -
            C (7 / 542064) * X ^ 9 * C 30535 * C 6 -
          C (7 / 542064) * X ^ 10 * C 2909046 +
        C (7 / 542064) * X ^ 10 * C 484841 * C 6 -
      C (7 / 542064) * C (1 / 7) * C 2062 =
    1
NLA/IS03/Algebra.lean:28:67: error: unsolved goals
case p1.rs
⊢ derivativePolynomial.leadingCoeff = 1
NLA/IS03/Algebra.lean:31:76: error: unsolved goals
case coeff_ne_zero
⊢ ¬derivativePolynomial.coeff 6 = 0

case deg_eq_deg
⊢ derivativePolynomial.natDegree = 6
