$ systemd-run --user --quiet --wait --pipe --collect -p 'RestrictAddressFamilies=~AF_UNIX' --working-directory /home/runner/work/_temp/nla-lean-tools/.verification-tmp/nla-fresh-proof-ya9sipcq/project /usr/bin/env -i PATH=/home/runner/.elan/toolchains/leanprover--lean4---v4.33.1/bin:/home/runner/.elan/bin:/home/runner/go/bin:/opt/hostedtoolcache/go/1.27.1/x64/bin:/snap/bin:/home/runner/.local/bin:/opt/pipx_bin:/home/runner/.cargo/bin:/home/runner/.config/composer/vendor/bin:/usr/local/.ghcup/bin:/home/runner/.dotnet/tools:/usr/local/sbin:/usr/local/bin:/usr/sbin:/usr/bin:/sbin:/bin:/usr/games:/usr/local/games:/snap/bin HOME=/home/runner LANG=C.UTF-8 XDG_RUNTIME_DIR=/run/user/1001 DBUS_SESSION_BUS_ADDRESS=unix:path=/run/user/1001/bus GIT_TERMINAL_PROMPT=0 GIT_CONFIG_NOSYSTEM=1 GIT_CONFIG_GLOBAL=/dev/null COMPARATOR_BIN=/home/runner/work/_temp/nla-lean-tools/.tools/comparator/.lake/build/bin/comparator COMPARATOR_LEAN4EXPORT=/home/runner/work/_temp/nla-lean-tools/.tools/lean4export/.lake/build/bin/lean4export COMPARATOR_LANDRUN=/home/runner/work/_temp/nla-lean-tools/scripts/strict_landrun.py XDG_CACHE_HOME=/home/runner/work/_temp/nla-lean-tools/.tools/cache TMPDIR=/home/runner/work/_temp/nla-lean-tools/.verification-tmp lake env /home/runner/work/_temp/nla-lean-tools/.tools/comparator/.lake/build/bin/comparator comparator.json
Building Challenge
✔ [2380/2382] Built NLA.IE14.Definitions (1.7s)
⚠ [2381/2382] Built Challenge (1.6s)
warning: Challenge.lean:6:8: declaration uses `sorry`
warning: Challenge.lean:10:8: declaration uses `sorry`
warning: Challenge.lean:15:8: declaration uses `sorry`
warning: Challenge.lean:18:8: declaration uses `sorry`
Build completed successfully (2382 jobs).
Exporting #[Quot, Quot.mk, Quot.lift, Quot.ind, NLA.IE14.upper_bound, NLA.IE14.rational_attainment, NLA.IE14.sharp_maximum, NLA.IE14.original_target, propext, Classical.choice, Quot.sound, Nat.add, Nat.sub, Nat.mul, Nat.pow, Nat.gcd, Nat.div, Nat.mod, Nat.beq, Nat.ble, Nat.land, Nat.lor, Nat.xor, Nat.shiftLeft, Nat.shiftRight, String.ofList, Char.ofNat, List, eagerReduce, Nat, String, String.mk, Char, optParam, autoParam, semiOutParam, outParam] from Challenge
Building Solution
✔ [3076/3086] Built LeanCert.Tactic.Verification (1.7s)
✔ [3077/3086] Built NLA.IE14.Base (2.3s)
✔ [3078/3086] Built NLA.IE14.Front (4.3s)
⚠ [3079/3086] Built NLA.IE14.WitnessPath (5.1s)
warning: NLA/IE14/WitnessPath.lean:106:67: This simp argument is unused:
  hkN

Hint: Omit it from the simp argument list.
  [apply] simp [witnessPivot, hk0, stageFactor, Equiv.swap_apply_right, hk, show ¬n - 1 + 1 < n by omega]

Note: This linter can be disabled with `set_option linter.unusedSimpArgs false`
warning: NLA/IE14/WitnessPath.lean:127:95: Used `tac1 <;> tac2` where `(tac1; tac2)` would suffice

Note: This linter can be disabled with `set_option linter.unnecessarySeqFocus false`
⚠ [3080/3086] Built NLA.IE14.WitnessInput (5.3s)
warning: NLA/IE14/WitnessInput.lean:90:30: Used `tac1 <;> tac2` where `(tac1; tac2)` would suffice

Note: This linter can be disabled with `set_option linter.unnecessarySeqFocus false`
warning: NLA/IE14/WitnessInput.lean:151:25: Used `tac1 <;> tac2` where `(tac1; tac2)` would suffice

Note: This linter can be disabled with `set_option linter.unnecessarySeqFocus false`
✔ [3081/3086] Built NLA.IE14.PairBounds (2.9s)
✔ [3082/3086] Built NLA.IE14.ColumnBounds (5.5s)
✔ [3083/3086] Built NLA.IE14.Upper (3.6s)
✔ [3084/3086] Built NLA.IE14.Proof (2.2s)
ℹ [3085/3086] Built Solution (2.2s)
info: Solution.lean:29:0: 'NLA.IE14.upper_bound' depends on axioms: [propext, Classical.choice, Quot.sound]
info: Solution.lean:30:0: 'NLA.IE14.rational_attainment' depends on axioms: [propext, Classical.choice, Quot.sound]
info: Solution.lean:31:0: 'NLA.IE14.sharp_maximum' depends on axioms: [propext, Classical.choice, Quot.sound]
info: Solution.lean:32:0: 'NLA.IE14.original_target' depends on axioms: [propext, Classical.choice, Quot.sound]
Build completed successfully (3086 jobs).
Exporting #[Quot, Quot.mk, Quot.lift, Quot.ind, NLA.IE14.upper_bound, NLA.IE14.rational_attainment, NLA.IE14.sharp_maximum, NLA.IE14.original_target, propext, Classical.choice, Quot.sound, Nat.add, Nat.sub, Nat.mul, Nat.pow, Nat.gcd, Nat.div, Nat.mod, Nat.beq, Nat.ble, Nat.land, Nat.lor, Nat.xor, Nat.shiftLeft, Nat.shiftRight, String.ofList, Char.ofNat, List, eagerReduce, Nat, String, String.mk, Char, optParam, autoParam, semiOutParam, outParam] from Solution
Running Lean default kernel on solution.
Lean default kernel accepts the solution
Your solution is okay!

EXIT_STATUS=0
