/private/tmp/nla-lean-ra08-worktree/randomized-and-low-rank-approximation/RA-08/lean/NLA/RA08/ProjectionNorm.lean:30:73: error: unsolved goals
case «0»
hp : IsStarProjection witnessF
T : EuclideanSpace ℝ (Fin 6) →L[ℝ] EuclideanSpace ℝ (Fin 6) := toEuclideanCLM witnessF
hu : ‖T‖ ≤ 1
e : EuclideanSpace ℝ (Fin 6) := PiLp.single 2 5 1
⊢ ![64 / 81, 1024 / 5265, 1792 / 5265, 8 / 585, 64 / 585, 0] 5 = 0

case «1»
hp : IsStarProjection witnessF
T : EuclideanSpace ℝ (Fin 6) →L[ℝ] EuclideanSpace ℝ (Fin 6) := toEuclideanCLM witnessF
hu : ‖T‖ ≤ 1
e : EuclideanSpace ℝ (Fin 6) := PiLp.single 2 5 1
⊢ ![1024 / 5265, 64 / 81, -(1792 / 5265), 64 / 585, 8 / 585, 0] 5 = 0

case «2»
hp : IsStarProjection witnessF
T : EuclideanSpace ℝ (Fin 6) →L[ℝ] EuclideanSpace ℝ (Fin 6) := toEuclideanCLM witnessF
hu : ‖T‖ ≤ 1
e : EuclideanSpace ℝ (Fin 6) := PiLp.single 2 5 1
⊢ ![1792 / 5265, -(1792 / 5265), 2048 / 5265, -(32 / 585), 32 / 585, 0] 5 = 0

case «3»
hp : IsStarProjection witnessF
T : EuclideanSpace ℝ (Fin 6) →L[ℝ] EuclideanSpace ℝ (Fin 6) := toEuclideanCLM witnessF
hu : ‖T‖ ≤ 1
e : EuclideanSpace ℝ (Fin 6) := PiLp.single 2 5 1
⊢ ![8 / 585, 64 / 585, -(32 / 585), 1 / 65, 0, 0] 5 = 0

case «4»
hp : IsStarProjection witnessF
T : EuclideanSpace ℝ (Fin 6) →L[ℝ] EuclideanSpace ℝ (Fin 6) := toEuclideanCLM witnessF
hu : ‖T‖ ≤ 1
e : EuclideanSpace ℝ (Fin 6) := PiLp.single 2 5 1
⊢ ![64 / 585, 8 / 585, 32 / 585, 0, 1 / 65, 0] 5 = 0

case «5»
hp : IsStarProjection witnessF
T : EuclideanSpace ℝ (Fin 6) →L[ℝ] EuclideanSpace ℝ (Fin 6) := toEuclideanCLM witnessF
hu : ‖T‖ ≤ 1
e : EuclideanSpace ℝ (Fin 6) := PiLp.single 2 5 1
⊢ ![0, 0, 0, 0, 0, 1] 5 = 1
/private/tmp/nla-lean-ra08-worktree/randomized-and-low-rank-approximation/RA-08/lean/NLA/RA08/ProjectionNorm.lean:47:21: error: #assert_trust: 'NLA.RA08.witness_projection_norm' depends on sorry or unrecognized axioms
  foundational: propext, Classical.choice, Quot.sound
  sorryAx: sorryAx
/private/tmp/nla-lean-ra08-worktree/randomized-and-low-rank-approximation/RA-08/lean/NLA/RA08/ProjectionNorm.lean:48:21: error: #assert_trust: 'NLA.RA08.witness_residual_norm' depends on sorry or unrecognized axioms
  foundational: propext, Classical.choice, Quot.sound
  sorryAx: sorryAx
'NLA.RA08.witness_projection_norm' depends on axioms: [propext, sorryAx, Classical.choice, Quot.sound]
'NLA.RA08.witness_residual_norm' depends on axioms: [propext, sorryAx, Classical.choice, Quot.sound]
