.lake/packages/mathlib/Mathlib/LinearAlgebra/Matrix/ToLinearEquiv.lean:27:* `Matrix.exists_mulVec_eq_zero_iff`: `M` maps some `v ≠ 0` to zero iff `det M = 0`
.lake/packages/mathlib/Mathlib/LinearAlgebra/Matrix/ToLinearEquiv.lean:109:/-- This holds for all integral domains (see `Matrix.exists_mulVec_eq_zero_iff`),
.lake/packages/mathlib/Mathlib/LinearAlgebra/Matrix/ToLinearEquiv.lean:111:private theorem exists_mulVec_eq_zero_iff_aux {K : Type*} [DecidableEq n] [Field K]
.lake/packages/mathlib/Mathlib/LinearAlgebra/Matrix/ToLinearEquiv.lean:127:private theorem exists_mulVec_eq_zero_iff' {A : Type*} (K : Type*) [DecidableEq n] [CommRing A]
.lake/packages/mathlib/Mathlib/LinearAlgebra/Matrix/ToLinearEquiv.lean:131:    exists_mulVec_eq_zero_iff_aux
.lake/packages/mathlib/Mathlib/LinearAlgebra/Matrix/ToLinearEquiv.lean:163:theorem exists_mulVec_eq_zero_iff [DecidableEq n] : (∃ v ≠ 0, M *ᵥ v = 0) ↔ M.det = 0 :=
.lake/packages/mathlib/Mathlib/LinearAlgebra/Matrix/ToLinearEquiv.lean:164:  exists_mulVec_eq_zero_iff' (FractionRing A)
.lake/packages/mathlib/Mathlib/LinearAlgebra/Matrix/ToLinearEquiv.lean:167:  simpa only [← M.det_transpose, ← mulVec_transpose] using exists_mulVec_eq_zero_iff
.lake/packages/mathlib/Mathlib/LinearAlgebra/Matrix/ToLinearEquiv.lean:170:  grind [nondegenerate_iff_forall_vecMul_and_mulVec_eq_zero, exists_mulVec_eq_zero_iff,
.lake/packages/mathlib/Mathlib/LinearAlgebra/Matrix/ToLinearEquiv.lean:177:  grind [separatingRight_iff_forall_mulVec_eq_zero, exists_mulVec_eq_zero_iff]
.lake/packages/mathlib/Mathlib/SetTheory/Cardinal/Order.lean:105:theorem mk_le_of_injective {α β : Type u} {f : α → β} (hf : Injective f) : #α ≤ #β :=
.lake/packages/mathlib/Mathlib/Topology/Order/Compact.lean:464:theorem eq_Icc_of_connected_compact {s : Set α} (h₁ : IsConnected s) (h₂ : IsCompact s) :
.lake/packages/mathlib/Mathlib/Topology/Order/Compact.lean:466:  eq_Icc_csInf_csSup_of_connected_bdd_closed h₁ h₂.bddBelow h₂.bddAbove h₂.isClosed
.lake/packages/mathlib/Mathlib/Topology/Order/Compact.lean:523:  eq_Icc_of_connected_compact ⟨(nonempty_Icc.2 hab).image f, isPreconnected_Icc.image f h⟩
.lake/packages/mathlib/Mathlib/Topology/Order/IntermediateValue.lean:200:theorem IsPreconnected.Icc_subset {s : Set α} (hs : IsPreconnected s) {a b : α} (ha : a ∈ s)
.lake/packages/mathlib/Mathlib/Topology/Order/IntermediateValue.lean:242:theorem eq_Icc_csInf_csSup_of_connected_bdd_closed {s : Set α} (hc : IsConnected s)
.lake/packages/mathlib/Mathlib/Topology/Order/IntermediateValue.lean:287:/-- A preconnected set is either one of the intervals `Icc`, `Ico`, `Ioc`, `Ioo`, `Ici`, `Ioi`,
.lake/packages/mathlib/Mathlib/Topology/Order/IntermediateValue.lean:414:theorem isPreconnected_Icc_aux (x y : α) (s t : Set α) (hxy : x ≤ y) (hs : IsClosed s)
.lake/packages/mathlib/Mathlib/Topology/Order/IntermediateValue.lean:432:theorem isPreconnected_Icc : IsPreconnected (Icc a b) :=
.lake/packages/mathlib/Mathlib/Topology/Order/IntermediateValue.lean:438:      · exact isPreconnected_Icc_aux x y s t h hs ht hab hx hy
.lake/packages/mathlib/Mathlib/Topology/Order/IntermediateValue.lean:441:        exact isPreconnected_Icc_aux y x t s h ht hs hab hy hx)
.lake/packages/mathlib/Mathlib/Topology/Order/IntermediateValue.lean:443:theorem isPreconnected_uIcc : IsPreconnected ([[a, b]]) :=
.lake/packages/mathlib/Mathlib/Topology/Order/IntermediateValue.lean:444:  isPreconnected_Icc
.lake/packages/mathlib/Mathlib/Topology/Order/IntermediateValue.lean:448:    ⟨[[x, y]], h.uIcc_subset hx hy, left_mem_uIcc, right_mem_uIcc, isPreconnected_uIcc⟩
.lake/packages/mathlib/Mathlib/Topology/Order/IntermediateValue.lean:493:  ⟨nonempty_Icc.2 h, isPreconnected_Icc⟩
.lake/packages/mathlib/Mathlib/Topology/Order/IntermediateValue.lean:526:    isPreconnected_Icc, isPreconnected_Ico, isPreconnected_Ioc, isPreconnected_Ioo,
.lake/packages/mathlib/Mathlib/Topology/Order/IntermediateValue.lean:561:  isPreconnected_Icc.intermediate_value (left_mem_Icc.2 hab) (right_mem_Icc.2 hab) hf
.lake/packages/mathlib/Mathlib/Topology/Order/IntermediateValue.lean:567:  isPreconnected_Icc.intermediate_value (right_mem_Icc.2 hab) (left_mem_Icc.2 hab) hf
.lake/packages/mathlib/Mathlib/Topology/Order/IntermediateValue.lean:572:  cases le_total (f a) (f b) <;> simp [*, isPreconnected_uIcc.intermediate_value]
.lake/packages/mathlib/Mathlib/Topology/Order/IntermediateValue.lean:578:  isPreconnected_uIcc.intermediate_value₂ right_mem_uIcc left_mem_uIcc hf continuousOn_id hb ha
.lake/packages/mathlib/Mathlib/Topology/Order/IntermediateValue.lean:587:  isPreconnected_Icc.intermediate_value₂
.lake/packages/mathlib/Mathlib/Topology/Order/IntermediateValue.lean:607:  isPreconnected_Icc.intermediate_value₂
