Traceback (most recent call last):
  File "/private/tmp/nla-lean-mf16-worktree/tools/render_problems.py", line 149, in <module>
    for identifier, warnings in pool.map(render, sources):
  File "/Users/georgestepaniants/miniforge3/lib/python3.10/concurrent/futures/_base.py", line 621, in result_iterator
    yield _result_or_cancel(fs.pop())
  File "/Users/georgestepaniants/miniforge3/lib/python3.10/concurrent/futures/_base.py", line 319, in _result_or_cancel
    return fut.result(timeout)
  File "/Users/georgestepaniants/miniforge3/lib/python3.10/concurrent/futures/_base.py", line 458, in result
    return self.__get_result()
  File "/Users/georgestepaniants/miniforge3/lib/python3.10/concurrent/futures/_base.py", line 403, in __get_result
    raise self._exception
  File "/Users/georgestepaniants/miniforge3/lib/python3.10/concurrent/futures/thread.py", line 58, in run
    result = self.fn(*self.args, **self.kwargs)
  File "/private/tmp/nla-lean-mf16-worktree/tools/render_problems.py", line 133, in render
    raise RuntimeError(f"{identifier}: XeLaTeX failed\n{compiled.stdout[-5000:]}")
RuntimeError: MF-16: XeLaTeX failed
/local/texlive/2025/texmf-dist/tex/latex/unicode-math/unicode-math-xetex.s
ty
(/usr/local/texlive/2025/texmf-dist/tex/latex/l3packages/l3keys2e/l3keys2e.sty)
 (/usr/local/texlive/2025/texmf-dist/tex/latex/base/fix-cm.sty
(/usr/local/texlive/2025/texmf-dist/tex/latex/base/ts1enc.def))
(/usr/local/texlive/2025/texmf-dist/tex/latex/unicode-math/unicode-math-table.t
ex))) (/usr/local/texlive/2025/texmf-dist/tex/latex/xcolor/xcolor.sty
(/usr/local/texlive/2025/texmf-dist/tex/latex/graphics-cfg/color.cfg)
(/usr/local/texlive/2025/texmf-dist/tex/latex/graphics-def/xetex.def)
(/usr/local/texlive/2025/texmf-dist/tex/latex/graphics/mathcolor.ltx))
(/usr/local/texlive/2025/texmf-dist/tex/latex/microtype/microtype.sty
(/usr/local/texlive/2025/texmf-dist/tex/latex/etoolbox/etoolbox.sty)
(/usr/local/texlive/2025/texmf-dist/tex/latex/microtype/microtype-xetex.def)
(/usr/local/texlive/2025/texmf-dist/tex/latex/microtype/microtype.cfg))
(/usr/local/texlive/2025/texmf-dist/tex/latex/enumitem/enumitem.sty)
(/usr/local/texlive/2025/texmf-dist/tex/latex/needspace/needspace.sty)
(/usr/local/texlive/2025/texmf-dist/tex/latex/fancyhdr/fancyhdr.sty)
(/usr/local/texlive/2025/texmf-dist/tex/latex/bookmark/bookmark.sty
(/usr/local/texlive/2025/texmf-dist/tex/latex/hyperref/hyperref.sty
(/usr/local/texlive/2025/texmf-dist/tex/latex/kvsetkeys/kvsetkeys.sty)
(/usr/local/texlive/2025/texmf-dist/tex/generic/kvdefinekeys/kvdefinekeys.sty)
(/usr/local/texlive/2025/texmf-dist/tex/generic/pdfescape/pdfescape.sty
(/usr/local/texlive/2025/texmf-dist/tex/generic/ltxcmds/ltxcmds.sty)
(/usr/local/texlive/2025/texmf-dist/tex/generic/pdftexcmds/pdftexcmds.sty
(/usr/local/texlive/2025/texmf-dist/tex/generic/infwarerr/infwarerr.sty)))
(/usr/local/texlive/2025/texmf-dist/tex/latex/hycolor/hycolor.sty)
(/usr/local/texlive/2025/texmf-dist/tex/latex/hyperref/nameref.sty
(/usr/local/texlive/2025/texmf-dist/tex/latex/refcount/refcount.sty)
(/usr/local/texlive/2025/texmf-dist/tex/generic/gettitlestring/gettitlestring.s
ty (/usr/local/texlive/2025/texmf-dist/tex/latex/kvoptions/kvoptions.sty)))
(/usr/local/texlive/2025/texmf-dist/tex/generic/stringenc/stringenc.sty)
(/usr/local/texlive/2025/texmf-dist/tex/latex/hyperref/pd1enc.def)
(/usr/local/texlive/2025/texmf-dist/tex/generic/intcalc/intcalc.sty)
(/usr/local/texlive/2025/texmf-dist/tex/latex/hyperref/puenc.def)
(/usr/local/texlive/2025/texmf-dist/tex/latex/url/url.sty)
(/usr/local/texlive/2025/texmf-dist/tex/generic/bitset/bitset.sty
(/usr/local/texlive/2025/texmf-dist/tex/generic/bigintcalc/bigintcalc.sty))
(/usr/local/texlive/2025/texmf-dist/tex/latex/base/atbegshi-ltx.sty))
(/usr/local/texlive/2025/texmf-dist/tex/latex/hyperref/hxetex.def
(/usr/local/texlive/2025/texmf-dist/tex/latex/rerunfilecheck/rerunfilecheck.sty
(/usr/local/texlive/2025/texmf-dist/tex/latex/base/atveryend-ltx.sty)
(/usr/local/texlive/2025/texmf-dist/tex/generic/uniquecounter/uniquecounter.sty
))) (/usr/local/texlive/2025/texmf-dist/tex/latex/bookmark/bkm-dvipdfm.def))
No file problem.aux.
*geometry* driver: auto-detecting
*geometry* detected driver: xetex

Package hyperref Warning: Rerun to get /PageLabels entry.

(/usr/local/texlive/2025/texmf-dist/tex/latex/amsfonts/umsa.fd)
(/usr/local/texlive/2025/texmf-dist/tex/latex/microtype/mt-msa.cfg)
(/usr/local/texlive/2025/texmf-dist/tex/latex/amsfonts/umsb.fd)
(/usr/local/texlive/2025/texmf-dist/tex/latex/microtype/mt-msb.cfg)
Overfull \hbox (55.86227pt too wide) in paragraph at lines 147--158
\TU/texgyrepagella(0)/m/it/10.5 mial_word_equivalence\TU/texgyrepagella(0)/m/n/
10.5 , \TU/texgyrepagella(0)/m/it/10.5 krawczyk_certificate\TU/texgyrepagella(0
)/m/n/10.5 , \TU/texgyrepagella(0)/m/it/10.5 certified_root\TU/texgyrepagella(0
)/m/n/10.5 , \TU/texgyrepagella(0)/m/it/10.5 root_to_matrix\TU/texgyrepagella(0
)/m/n/10.5 , \TU/texgyrepagella(0)/m/it/10.5 counterexample\TU/texgyrepagella(0
)/m/n/10.5 , \TU/texgyrepagella(0)/m/it/10.5 not_wordUniquenessConjecture\TU/te
xgyrepagella(0)/m/n/10.5 .


Package fancyhdr Warning: \headheight is too small (15.0pt): 
(fancyhdr)                Make it at least 19.94998pt, for example:
(fancyhdr)                \setlength{\headheight}{19.94998pt}.
(fancyhdr)                You might also make \topmargin smaller:
(fancyhdr)                \addtolength{\topmargin}{-4.94998pt}.

[1]
Overfull \hbox (108.19656pt too wide) in paragraph at lines 159--166
[]\TU/texgyrepagella(0)/m/n/10.5 The actual checked toolchain is \TU/texgyrepag
ella(0)/b/n/10.5 Lean 4.33.1\TU/texgyrepagella(0)/m/n/10.5 . Exact dependency r
evisions are Mathlib \TU/texgyrepagella(0)/m/it/10.5 0df444a360eaa60ab8c11dca51
a86af692955474

! LaTeX Error: Environment Shaded undefined.

See the LaTeX manual or LaTeX Companion for explanation.
Type  H <return>  for immediate help.
 ...                                              
                                                  
l.173 \begin{Shaded}
                    
Output written on problem.pdf (1 page).
Transcript written on problem.log.

