/private/tmp/nla-lean-is03-worktree/eigenvalues-and-inverse-problems/IS-03/lean/NLA/IS03/Newton.lean:61:32: error(lean.synthInstanceFailed): failed to synthesize instance of type class
  Algebra ℝ ℂ

Hint: Type class instance resolution failures can be inspected with the `set_option trace.Meta.synthInstance true` command.
/private/tmp/nla-lean-is03-worktree/eigenvalues-and-inverse-problems/IS-03/lean/NLA/IS03/Newton.lean:65:33: error(lean.synthInstanceFailed): failed to synthesize instance of type class
  Algebra ℝ ℂ

Hint: Type class instance resolution failures can be inspected with the `set_option trace.Meta.synthInstance true` command.
/private/tmp/nla-lean-is03-worktree/eigenvalues-and-inverse-problems/IS-03/lean/NLA/IS03/Newton.lean:78:4: error: ring failed, ring expressions not equal
ι : Type u_1
inst✝ : Fintype ι
μ : ι → ℂ
hcard : Fintype.card ι = 6
hprod : ∏ i, (X - C (μ i)) = map sorry derivativePolynomial
hc : ∀ k ≤ 6, (map sorry derivativePolynomial).coeff k = (-1) ^ (6 - k) * elementaryMoments μ (6 - k)
e1 : elementaryMoments μ 1 = 3 / 7
h : -((sorry ()) 5 / (sorry ()) 7) = elementaryMoments μ 2
⊢ 5 / 7 - (sorry ()) 5 * ((sorry ()) 7)⁻¹ = 0
/private/tmp/nla-lean-is03-worktree/eigenvalues-and-inverse-problems/IS-03/lean/NLA/IS03/Newton.lean:83:4: error: ring failed, ring expressions not equal
ι : Type u_1
inst✝ : Fintype ι
μ : ι → ℂ
hcard : Fintype.card ι = 6
hprod : ∏ i, (X - C (μ i)) = map sorry derivativePolynomial
hc : ∀ k ≤ 6, (map sorry derivativePolynomial).coeff k = (-1) ^ (6 - k) * elementaryMoments μ (6 - k)
e1 : elementaryMoments μ 1 = 3 / 7
e2 : elementaryMoments μ 2 = -5 / 7
h : (sorry ()) 2 / (sorry ()) 7 = -elementaryMoments μ 3
⊢ 2 / 7 - (sorry ()) 2 * ((sorry ()) 7)⁻¹ = 0
/private/tmp/nla-lean-is03-worktree/eigenvalues-and-inverse-problems/IS-03/lean/NLA/IS03/Newton.lean:88:4: error: ring failed, ring expressions not equal
ι : Type u_1
inst✝ : Fintype ι
μ : ι → ℂ
hcard : Fintype.card ι = 6
hprod : ∏ i, (X - C (μ i)) = map sorry derivativePolynomial
hc : ∀ k ≤ 6, (map sorry derivativePolynomial).coeff k = (-1) ^ (6 - k) * elementaryMoments μ (6 - k)
e1 : elementaryMoments μ 1 = 3 / 7
e2 : elementaryMoments μ 2 = -5 / 7
e3 : elementaryMoments μ 3 = -2 / 7
h : -((sorry ()) 3 / (sorry ()) 7) = elementaryMoments μ 4
⊢ 3 / 7 - (sorry ()) 3 * ((sorry ()) 7)⁻¹ = 0
/private/tmp/nla-lean-is03-worktree/eigenvalues-and-inverse-problems/IS-03/lean/NLA/IS03/Newton.lean:93:4: error: ring failed, ring expressions not equal
ι : Type u_1
inst✝ : Fintype ι
μ : ι → ℂ
hcard : Fintype.card ι = 6
hprod : ∏ i, (X - C (μ i)) = map sorry derivativePolynomial
hc : ∀ k ≤ 6, (map sorry derivativePolynomial).coeff k = (-1) ^ (6 - k) * elementaryMoments μ (6 - k)
e1 : elementaryMoments μ 1 = 3 / 7
e2 : elementaryMoments μ 2 = -5 / 7
e3 : elementaryMoments μ 3 = -2 / 7
e4 : elementaryMoments μ 4 = -3 / 7
h : ((sorry ()) 7)⁻¹ = -elementaryMoments μ 5
⊢ 1 / 7 - ((sorry ()) 7)⁻¹ = 0
/private/tmp/nla-lean-is03-worktree/eigenvalues-and-inverse-problems/IS-03/lean/NLA/IS03/Newton.lean:98:4: error: ring failed, ring expressions not equal
ι : Type u_1
inst✝ : Fintype ι
μ : ι → ℂ
hcard : Fintype.card ι = 6
hprod : ∏ i, (X - C (μ i)) = map sorry derivativePolynomial
hc : ∀ k ≤ 6, (map sorry derivativePolynomial).coeff k = (-1) ^ (6 - k) * elementaryMoments μ (6 - k)
e1 : elementaryMoments μ 1 = 3 / 7
e2 : elementaryMoments μ 2 = -5 / 7
e3 : elementaryMoments μ 3 = -2 / 7
e4 : elementaryMoments μ 4 = -3 / 7
e5 : elementaryMoments μ 5 = -1 / 7
h : ((sorry ()) 7)⁻¹ = elementaryMoments μ 6
⊢ -1 / 7 + ((sorry ()) 7)⁻¹ = 0
/private/tmp/nla-lean-is03-worktree/eigenvalues-and-inverse-problems/IS-03/lean/NLA/IS03/Newton.lean:135:21: error: #assert_trust: 'NLA.IS03.power_sums_of_derivative_product' depends on sorry or unrecognized axioms
  foundational: propext, Classical.choice, Quot.sound
  sorryAx: sorryAx
'NLA.IS03.product_coeff_eq_elementary' depends on axioms: [propext, Classical.choice, Quot.sound]
'NLA.IS03.powerMoments_newton' depends on axioms: [propext, Classical.choice, Quot.sound]
'NLA.IS03.power_sums_of_derivative_product' depends on axioms: [propext, sorryAx, Classical.choice, Quot.sound]
