{
  "selected_job_checks": "PASS",
  "complete_inputs": 177,
  "exports": 8,
  "original_archives": [
    {
      "name": "lean-MI-22",
      "id": 10306730657,
      "sha256": "58dff766eaa79d82b572fdc46d299fff4e9f3aafeae1a987bd61b63fb3b11ab6",
      "file_count": 13
    },
    {
      "name": "lean-checker-controls",
      "id": 10306635394,
      "sha256": "b2b6d1d1d97717a2dc70043ec1f3128c2067b38572fedd45cf5b07e7811388b0",
      "file_count": 10
    }
  ],
  "overall_run_success_observed": true
}
