{
  "selected_job_checks": "PASS",
  "complete_inputs": 303,
  "exports": 7,
  "original_archives": [
    {
      "name": "lean-IS-03",
      "id": 10308926506,
      "sha256": "5a72c6ed55af7aea388b74910cd0b0cbc2c81004427b145390fbe74f4ec1ac1e",
      "file_count": 13
    },
    {
      "name": "lean-checker-controls",
      "id": 10308311562,
      "sha256": "2ef6c60b6f7e7367fd72ba3e484ab7e350cf8970c8e6ae880bb4bbff494c5cb5",
      "file_count": 10
    }
  ],
  "overall_run_success_observed": true
}
