✔ [3077/3078] Built NLA.IE15.Bounds (12s)
✖ [3078/3078] Building NLA.IE15.Witnesses (8.5s)
trace: .> LEAN_PATH=/Users/sholden/Projects/OpenProblemsInNLA/intervals-and-absolute-value-equations/IV-06/lean/.lake/packages/Cli/.lake/build/lib/lean:/Users/sholden/Projects/OpenProblemsInNLA/intervals-and-absolute-value-equations/IV-06/lean/.lake/packages/batteries/.lake/build/lib/lean:/Users/sholden/Projects/OpenProblemsInNLA/intervals-and-absolute-value-equations/IV-06/lean/.lake/packages/Qq/.lake/build/lib/lean:/Users/sholden/Projects/OpenProblemsInNLA/intervals-and-absolute-value-equations/IV-06/lean/.lake/packages/aesop/.lake/build/lib/lean:/Users/sholden/Projects/OpenProblemsInNLA/intervals-and-absolute-value-equations/IV-06/lean/.lake/packages/proofwidgets/.lake/build/lib/lean:/Users/sholden/Projects/OpenProblemsInNLA/intervals-and-absolute-value-equations/IV-06/lean/.lake/packages/importGraph/.lake/build/lib/lean:/Users/sholden/Projects/OpenProblemsInNLA/intervals-and-absolute-value-equations/IV-06/lean/.lake/packages/LeanSearchClient/.lake/build/lib/lean:/Users/sholden/Projects/OpenProblemsInNLA/intervals-and-absolute-value-equations/IV-06/lean/.lake/packages/plausible/.lake/build/lib/lean:/Users/sholden/Projects/OpenProblemsInNLA/intervals-and-absolute-value-equations/IV-06/lean/.lake/packages/mathlib/.lake/build/lib/lean:/Users/sholden/Projects/OpenProblemsInNLA/intervals-and-absolute-value-equations/IV-06/lean/.lake/packages/leancert/.lake/build/lib/lean:/private/tmp/nla-20260922-ie15/linear-systems-and-elimination/IE-15/lean/.lake/build/lib/lean /private/tmp/nla-20260922-runtime/lean-4.33.1-darwin_aarch64/bin/lean /private/tmp/nla-20260922-ie15/linear-systems-and-elimination/IE-15/lean/NLA/IE15/Witnesses.lean -o /private/tmp/nla-20260922-ie15/linear-systems-and-elimination/IE-15/lean/.lake/build/lib/lean/NLA/IE15/Witnesses.olean -i /private/tmp/nla-20260922-ie15/linear-systems-and-elimination/IE-15/lean/.lake/build/lib/lean/NLA/IE15/Witnesses.ilean -c /private/tmp/nla-20260922-ie15/linear-systems-and-elimination/IE-15/lean/.lake/build/ir/NLA/IE15/Witnesses.c --setup /private/tmp/nla-20260922-ie15/linear-systems-and-elimination/IE-15/lean/.lake/build/ir/NLA/IE15/Witnesses.setup.json --json
error: NLA/IE15/Witnesses.lean:10:49: unsolved goals
⊢ Matrix.vecCons (![1, 0, -1] 2) (fun i => Matrix.vecCons (![0, 1, -1] 2) (fun i => ![1, 1, 1] 2) i) 2 -
        ![0, 1, -1] 2 * Matrix.vecCons 0 (fun i => Matrix.vecCons 1 (fun i => 1) i) 2 -
      ![1, 0, -1] 2 * Matrix.vecCons 1 (fun i => Matrix.vecCons 0 (fun i => 1) i) 2 =
    3
error: NLA/IE15/Witnesses.lean:12:50: unsolved goals
⊢ Matrix.vecCons (![1, 0, 1, 1] 2)
              (fun i =>
                Matrix.vecCons (![0, 1, 1 / 3, -1] 2)
                  (fun i => Matrix.vecCons (![-(1 / 3), -1, 1, -1] 2) (fun i => ![-1, 1, 1, 1] 2) i) i)
              2 *
            Matrix.vecCons (![1, 1 / 3, -1] 2) (fun i => Matrix.vecCons (![-1, 1, -1] 2) (fun i => ![1, 1, 1] 2) i) 2 +
          -(Matrix.vecCons (![0, 1, 1] 2)
                (fun i =>
                  Matrix.vecCons (![1, 1 / 3, -1] 2)
                    (fun i => Matrix.vecCons (![-1, 1, -1] 2) (fun i => ![1, 1, 1] 2) i) i)
                2 *
              Matrix.vecCons (![0, 1, 1 / 3, -1] 2)
                (fun i => Matrix.vecCons (![-(1 / 3), -1, 1, -1] 2) (fun i => ![-1, 1, 1, 1] 2) i) 2) +
        (-(![0, 1, 1 / 3, -1] 2 *
              (Matrix.vecCons 0 (fun i => Matrix.vecCons 1 (fun i => Matrix.vecCons (-1) (fun i => 1) i) i) 2 *
                  Matrix.vecCons (![1, 1 / 3, -1] 2)
                    (fun i => Matrix.vecCons (![-1, 1, -1] 2) (fun i => ![1, 1, 1] 2) i) 2 +
                -(Matrix.vecCons (![0, 1, 1] 2)
                      (fun i =>
                        Matrix.vecCons (![1, 1 / 3, -1] 2)
                          (fun i => Matrix.vecCons (![-1, 1, -1] 2) (fun i => ![1, 1, 1] 2) i) i)
                      2 *
                    Matrix.vecCons 1 (fun i => Matrix.vecCons (-1) (fun i => 1) i) 2))) +
          ![1, 1 / 3, -1] 2 *
            (Matrix.vecCons 0 (fun i => Matrix.vecCons 1 (fun i => Matrix.vecCons (-1) (fun i => 1) i) i) 2 *
                Matrix.vecCons (![0, 1, 1 / 3, -1] 2)
                  (fun i => Matrix.vecCons (![-(1 / 3), -1, 1, -1] 2) (fun i => ![-1, 1, 1, 1] 2) i) 2 +
              -(Matrix.vecCons (![1, 0, 1, 1] 2)
                    (fun i =>
                      Matrix.vecCons (![0, 1, 1 / 3, -1] 2)
                        (fun i => Matrix.vecCons (![-(1 / 3), -1, 1, -1] 2) (fun i => ![-1, 1, 1, 1] 2) i) i)
                    2 *
                  Matrix.vecCons 1 (fun i => Matrix.vecCons (-1) (fun i => 1) i) 2))) +
      (Matrix.vecCons (![1, 0, 1, 1] (Fin.succAbove 2 2))
                (fun i =>
                  Matrix.vecCons (![0, 1, 1 / 3, -1] (Fin.succAbove 2 2))
                    (fun i =>
                      Matrix.vecCons (![-(1 / 3), -1, 1, -1] (Fin.succAbove 2 2))
                        (fun i => ![-1, 1, 1, 1] (Fin.succAbove 2 2)) i)
                    i)
                2 *
              Matrix.vecCons 0 (fun i => Matrix.vecCons (-(1 / 3)) (fun i => -1) i) 2 +
            -(Matrix.vecCons 1 (fun i => Matrix.vecCons 0 (fun i => Matrix.vecCons (-(1 / 3)) (fun i => -1) i) i) 2 *
                Matrix.vecCons (![0, 1, 1 / 3, -1] (Fin.succAbove 2 2))
                  (fun i =>
                    Matrix.vecCons (![-(1 / 3), -1, 1, -1] (Fin.succAbove 2 2))
                      (fun i => ![-1, 1, 1, 1] (Fin.succAbove 2 2)) i)
                  2) +
          ![0, 1, 1 / 3, -1] (Fin.succAbove 2 2) *
            (Matrix.vecCons 1 (fun i => Matrix.vecCons 0 (fun i => Matrix.vecCons (-(1 / 3)) (fun i => -1) i) i) 2 *
                Matrix.vecCons 1 (fun i => Matrix.vecCons (-1) (fun i => 1) i) 2 +
              -(Matrix.vecCons 0 (fun i => Matrix.vecCons 1 (fun i => Matrix.vecCons (-1) (fun i => 1) i) i) 2 *
                  Matrix.vecCons 0 (fun i => Matrix.vecCons (-(1 / 3)) (fun i => -1) i) 2)) +
        (-(![0, 1, 1 / 3, -1] (Fin.castSucc 2) *
              (Matrix.vecCons 1 (fun i => Matrix.vecCons 0 (fun i => Matrix.vecCons (-(1 / 3)) (fun i => -1) i) i) 2 *
                  Matrix.vecCons 1 (fun i => Matrix.vecCons (-1) (fun i => 1) i) 2 +
                -(Matrix.vecCons 0 (fun i => Matrix.vecCons 1 (fun i => Matrix.vecCons (-1) (fun i => 1) i) i) 2 *
                    Matrix.vecCons 0 (fun i => Matrix.vecCons (-(1 / 3)) (fun i => -1) i) 2))) +
          (Matrix.vecCons 1 (fun i => Matrix.vecCons 0 (fun i => Matrix.vecCons (-(1 / 3)) (fun i => -1) i) i) 2 *
              Matrix.vecCons (![0, 1, 1 / 3, -1] (Fin.castSucc 2))
                (fun i =>
                  Matrix.vecCons (![-(1 / 3), -1, 1, -1] (Fin.castSucc 2)) (fun i => ![-1, 1, 1, 1] (Fin.castSucc 2)) i)
                2 +
            -(Matrix.vecCons (![1, 0, 1, 1] (Fin.castSucc 2))
                  (fun i =>
                    Matrix.vecCons (![0, 1, 1 / 3, -1] (Fin.castSucc 2))
                      (fun i =>
                        Matrix.vecCons (![-(1 / 3), -1, 1, -1] (Fin.castSucc 2))
                          (fun i => ![-1, 1, 1, 1] (Fin.castSucc 2)) i)
                      i)
                  2 *
                Matrix.vecCons 0 (fun i => Matrix.vecCons (-(1 / 3)) (fun i => -1) i) 2)))) =
    70 / 9
error: NLA/IE15/Witnesses.lean:16:85: unsolved goals
case right.«2»
⊢ (1 < ⟨2, ⋯⟩ ∧ ¬((if 0 < ⟨2, ⋯⟩ then 2 else 0) - if 0 < ⟨2, ⋯⟩ then -if 0 < ⟨2, ⋯⟩ then 1 else 0 else 0) = 0) ∧
    (⟨2, ⋯⟩ ≤ 2 →
        |if 1 < 2 ∧ 1 < ⟨2, ⋯⟩ then (if 0 < ⟨2, ⋯⟩ then 2 else 0) - if 0 < ⟨2, ⋯⟩ then -1 else 0 else 0| ≤
          |if 1 < ⟨2, ⋯⟩ then (if 0 < ⟨2, ⋯⟩ then 2 else 0) - if 0 < ⟨2, ⋯⟩ then -if 0 < ⟨2, ⋯⟩ then 1 else 0 else 0
            else 0|) ∧
      (⟨2, ⋯⟩ ≤ 2 →
        |if 1 < ⟨2, ⋯⟩ ∧ 1 < 2 then (if 0 < ⟨2, ⋯⟩ then 2 else 0) - if 0 < ⟨2, ⋯⟩ then -1 else 0 else 0| ≤
          |if 1 < ⟨2, ⋯⟩ then (if 0 < ⟨2, ⋯⟩ then 2 else 0) - if 0 < ⟨2, ⋯⟩ then -if 0 < ⟨2, ⋯⟩ then 1 else 0 else 0
            else 0|)
error: NLA/IE15/Witnesses.lean:24:82: unsolved goals
case right.«2»
⊢ (1 < ⟨2, ⋯⟩ ∧
      ¬((if 0 < ⟨2, ⋯⟩ then 4 / 3 else 0) - if 0 < ⟨2, ⋯⟩ then if 0 < ⟨2, ⋯⟩ then -(1 / 3) else 0 else 0) = 0) ∧
    ((⟨2, ⋯⟩ ≤ 2 →
          |if 1 < 2 ∧ 1 < ⟨2, ⋯⟩ then (if 0 < ⟨2, ⋯⟩ then 4 / 3 else 0) - if 0 < ⟨2, ⋯⟩ then -(1 / 3) else 0 else 0| ≤
            |if 1 < ⟨2, ⋯⟩ then
                (if 0 < ⟨2, ⋯⟩ then 4 / 3 else 0) - if 0 < ⟨2, ⋯⟩ then if 0 < ⟨2, ⋯⟩ then -(1 / 3) else 0 else 0
              else 0|) ∧
        (⟨2, ⋯⟩ ≤ Fin.succ 2 →
          |if 1 < Fin.succ 2 ∧ 1 < ⟨2, ⋯⟩ then (if 0 < ⟨2, ⋯⟩ then 2 else 0) - if 0 < ⟨2, ⋯⟩ then 1 / 3 else 0 else 0| ≤
            |if 1 < ⟨2, ⋯⟩ then
                (if 0 < ⟨2, ⋯⟩ then 4 / 3 else 0) - if 0 < ⟨2, ⋯⟩ then if 0 < ⟨2, ⋯⟩ then -(1 / 3) else 0 else 0
              else 0|)) ∧
      (⟨2, ⋯⟩ ≤ 2 →
          |if 1 < ⟨2, ⋯⟩ ∧ 1 < 2 then (if 0 < ⟨2, ⋯⟩ then 4 / 3 else 0) - if 0 < ⟨2, ⋯⟩ then -(1 / 3) else 0 else 0| ≤
            |if 1 < ⟨2, ⋯⟩ then
                (if 0 < ⟨2, ⋯⟩ then 4 / 3 else 0) - if 0 < ⟨2, ⋯⟩ then if 0 < ⟨2, ⋯⟩ then -(1 / 3) else 0 else 0
              else 0|) ∧
        (⟨2, ⋯⟩ ≤ Fin.succ 2 →
          |if 1 < ⟨2, ⋯⟩ ∧ 1 < Fin.succ 2 then (if 0 < ⟨2, ⋯⟩ then -(2 / 3) else 0) - if 0 < ⟨2, ⋯⟩ then 1 else 0
              else 0| ≤
            |if 1 < ⟨2, ⋯⟩ then
                (if 0 < ⟨2, ⋯⟩ then 4 / 3 else 0) - if 0 < ⟨2, ⋯⟩ then if 0 < ⟨2, ⋯⟩ then -(1 / 3) else 0 else 0
              else 0|)

case right.«3»
⊢ ¬((if 1 < ⟨3, ⋯⟩ then (if 0 < ⟨3, ⋯⟩ then 2 else 0) - if 0 < ⟨3, ⋯⟩ then -if 0 < ⟨3, ⋯⟩ then 1 else 0 else 0 else 0) -
          if 1 < ⟨2, ⋯⟩ ∧ 1 < ⟨3, ⋯⟩ then
            ((if 1 < ⟨3, ⋯⟩ ∧ 1 < ⟨2, ⋯⟩ then
                  (if 0 < ⟨3, ⋯⟩ ∧ 0 < ⟨2, ⋯⟩ then 2 else 0) - if 0 < ⟨2, ⋯⟩ then if 0 < ⟨3, ⋯⟩ then 1 / 3 else 0 else 0
                else 0) /
                if 1 < ⟨2, ⋯⟩ then
                  (if 0 < ⟨2, ⋯⟩ then 4 / 3 else 0) - if 0 < ⟨2, ⋯⟩ then if 0 < ⟨2, ⋯⟩ then -(1 / 3) else 0 else 0
                else 0) *
              ((if 0 < ⟨2, ⋯⟩ ∧ 0 < ⟨3, ⋯⟩ then -(2 / 3) else 0) -
                if 0 < ⟨3, ⋯⟩ then -if 0 < ⟨2, ⋯⟩ then -1 else 0 else 0)
          else 0) =
        0 ∧
    ((⟨3, ⋯⟩ ≤ 2 →
          |if ⟨2, ⋯⟩ < 2 then
                (if 1 < 2 ∧ 1 < ⟨3, ⋯⟩ then (if 0 < ⟨3, ⋯⟩ then -(2 / 3) else 0) - if 0 < ⟨3, ⋯⟩ then 1 else 0 else 0) -
                  if 1 < ⟨2, ⋯⟩ ∧ 1 < ⟨3, ⋯⟩ then
                    ((if 1 < 2 ∧ 1 < ⟨2, ⋯⟩ then (if 0 < ⟨2, ⋯⟩ then 4 / 3 else 0) - if 0 < ⟨2, ⋯⟩ then -(1 / 3) else 0
                        else 0) /
                        if 1 < ⟨2, ⋯⟩ then
                          (if 0 < ⟨2, ⋯⟩ then 4 / 3 else 0) -
                            if 0 < ⟨2, ⋯⟩ then if 0 < ⟨2, ⋯⟩ then -(1 / 3) else 0 else 0
                        else 0) *
                      ((if 0 < ⟨2, ⋯⟩ ∧ 0 < ⟨3, ⋯⟩ then -(2 / 3) else 0) -
                        if 0 < ⟨3, ⋯⟩ then -if 0 < ⟨2, ⋯⟩ then -1 else 0 else 0)
                  else 0
              else 0| ≤
            |(if 1 < ⟨3, ⋯⟩ then (if 0 < ⟨3, ⋯⟩ then 2 else 0) - if 0 < ⟨3, ⋯⟩ then -if 0 < ⟨3, ⋯⟩ then 1 else 0 else 0
                else 0) -
                if 1 < ⟨2, ⋯⟩ ∧ 1 < ⟨3, ⋯⟩ then
                  ((if 1 < ⟨3, ⋯⟩ ∧ 1 < ⟨2, ⋯⟩ then
                        (if 0 < ⟨3, ⋯⟩ ∧ 0 < ⟨2, ⋯⟩ then 2 else 0) -
                          if 0 < ⟨2, ⋯⟩ then if 0 < ⟨3, ⋯⟩ then 1 / 3 else 0 else 0
                      else 0) /
                      if 1 < ⟨2, ⋯⟩ then
                        (if 0 < ⟨2, ⋯⟩ then 4 / 3 else 0) - if 0 < ⟨2, ⋯⟩ then if 0 < ⟨2, ⋯⟩ then -(1 / 3) else 0 else 0
                      else 0) *
                    ((if 0 < ⟨2, ⋯⟩ ∧ 0 < ⟨3, ⋯⟩ then -(2 / 3) else 0) -
                      if 0 < ⟨3, ⋯⟩ then -if 0 < ⟨2, ⋯⟩ then -1 else 0 else 0)
                else 0|) ∧
        (⟨3, ⋯⟩ ≤ Fin.succ 2 →
          |if ⟨2, ⋯⟩ < Fin.succ 2 then
                (if 1 < Fin.succ 2 ∧ 1 < ⟨3, ⋯⟩ then (if 0 < ⟨3, ⋯⟩ then 2 else 0) - if 0 < ⟨3, ⋯⟩ then -1 else 0
                  else 0) -
                  if 1 < ⟨2, ⋯⟩ ∧ 1 < ⟨3, ⋯⟩ then
                    ((if 1 < Fin.succ 2 ∧ 1 < ⟨2, ⋯⟩ then
                          (if 0 < ⟨2, ⋯⟩ then 2 else 0) - if 0 < ⟨2, ⋯⟩ then 1 / 3 else 0
                        else 0) /
                        if 1 < ⟨2, ⋯⟩ then
                          (if 0 < ⟨2, ⋯⟩ then 4 / 3 else 0) -
                            if 0 < ⟨2, ⋯⟩ then if 0 < ⟨2, ⋯⟩ then -(1 / 3) else 0 else 0
                        else 0) *
                      ((if 0 < ⟨2, ⋯⟩ ∧ 0 < ⟨3, ⋯⟩ then -(2 / 3) else 0) -
                        if 0 < ⟨3, ⋯⟩ then -if 0 < ⟨2, ⋯⟩ then -1 else 0 else 0)
                  else 0
              else 0| ≤
            |(if 1 < ⟨3, ⋯⟩ then (if 0 < ⟨3, ⋯⟩ then 2 else 0) - if 0 < ⟨3, ⋯⟩ then -if 0 < ⟨3, ⋯⟩ then 1 else 0 else 0
                else 0) -
                if 1 < ⟨2, ⋯⟩ ∧ 1 < ⟨3, ⋯⟩ then
                  ((if 1 < ⟨3, ⋯⟩ ∧ 1 < ⟨2, ⋯⟩ then
                        (if 0 < ⟨3, ⋯⟩ ∧ 0 < ⟨2, ⋯⟩ then 2 else 0) -
                          if 0 < ⟨2, ⋯⟩ then if 0 < ⟨3, ⋯⟩ then 1 / 3 else 0 else 0
                      else 0) /
                      if 1 < ⟨2, ⋯⟩ then
                        (if 0 < ⟨2, ⋯⟩ then 4 / 3 else 0) - if 0 < ⟨2, ⋯⟩ then if 0 < ⟨2, ⋯⟩ then -(1 / 3) else 0 else 0
                      else 0) *
                    ((if 0 < ⟨2, ⋯⟩ ∧ 0 < ⟨3, ⋯⟩ then -(2 / 3) else 0) -
                      if 0 < ⟨3, ⋯⟩ then -if 0 < ⟨2, ⋯⟩ then -1 else 0 else 0)
                else 0|)) ∧
      (⟨3, ⋯⟩ ≤ 2 →
          |if ⟨2, ⋯⟩ < 2 then
                (if 1 < ⟨3, ⋯⟩ ∧ 1 < 2 then (if 0 < ⟨3, ⋯⟩ then 2 else 0) - if 0 < ⟨3, ⋯⟩ then 1 / 3 else 0 else 0) -
                  if 1 < ⟨2, ⋯⟩ ∧ 1 < 2 then
                    ((if 1 < ⟨3, ⋯⟩ ∧ 1 < ⟨2, ⋯⟩ then
                          (if 0 < ⟨3, ⋯⟩ ∧ 0 < ⟨2, ⋯⟩ then 2 else 0) -
                            if 0 < ⟨2, ⋯⟩ then if 0 < ⟨3, ⋯⟩ then 1 / 3 else 0 else 0
                        else 0) /
                        if 1 < ⟨2, ⋯⟩ then
                          (if 0 < ⟨2, ⋯⟩ then 4 / 3 else 0) -
                            if 0 < ⟨2, ⋯⟩ then if 0 < ⟨2, ⋯⟩ then -(1 / 3) else 0 else 0
                        else 0) *
                      ((if 0 < ⟨2, ⋯⟩ then 4 / 3 else 0) - if 0 < ⟨2, ⋯⟩ then -(1 / 3) else 0)
                  else 0
              else 0| ≤
            |(if 1 < ⟨3, ⋯⟩ then (if 0 < ⟨3, ⋯⟩ then 2 else 0) - if 0 < ⟨3, ⋯⟩ then -if 0 < ⟨3, ⋯⟩ then 1 else 0 else 0
                else 0) -
                if 1 < ⟨2, ⋯⟩ ∧ 1 < ⟨3, ⋯⟩ then
                  ((if 1 < ⟨3, ⋯⟩ ∧ 1 < ⟨2, ⋯⟩ then
                        (if 0 < ⟨3, ⋯⟩ ∧ 0 < ⟨2, ⋯⟩ then 2 else 0) -
                          if 0 < ⟨2, ⋯⟩ then if 0 < ⟨3, ⋯⟩ then 1 / 3 else 0 else 0
                      else 0) /
                      if 1 < ⟨2, ⋯⟩ then
                        (if 0 < ⟨2, ⋯⟩ then 4 / 3 else 0) - if 0 < ⟨2, ⋯⟩ then if 0 < ⟨2, ⋯⟩ then -(1 / 3) else 0 else 0
                      else 0) *
                    ((if 0 < ⟨2, ⋯⟩ ∧ 0 < ⟨3, ⋯⟩ then -(2 / 3) else 0) -
                      if 0 < ⟨3, ⋯⟩ then -if 0 < ⟨2, ⋯⟩ then -1 else 0 else 0)
                else 0|) ∧
        (⟨3, ⋯⟩ ≤ Fin.succ 2 →
          |if ⟨2, ⋯⟩ < Fin.succ 2 then
                (if 1 < ⟨3, ⋯⟩ ∧ 1 < Fin.succ 2 then (if 0 < ⟨3, ⋯⟩ then 2 else 0) - if 0 < ⟨3, ⋯⟩ then -1 else 0
                  else 0) -
                  if 1 < ⟨2, ⋯⟩ ∧ 1 < Fin.succ 2 then
                    ((if 1 < ⟨3, ⋯⟩ ∧ 1 < ⟨2, ⋯⟩ then
                          (if 0 < ⟨3, ⋯⟩ ∧ 0 < ⟨2, ⋯⟩ then 2 else 0) -
                            if 0 < ⟨2, ⋯⟩ then if 0 < ⟨3, ⋯⟩ then 1 / 3 else 0 else 0
                        else 0) /
                        if 1 < ⟨2, ⋯⟩ then
                          (if 0 < ⟨2, ⋯⟩ then 4 / 3 else 0) -
                            if 0 < ⟨2, ⋯⟩ then if 0 < ⟨2, ⋯⟩ then -(1 / 3) else 0 else 0
                        else 0) *
                      ((if 0 < ⟨2, ⋯⟩ then -(2 / 3) else 0) - if 0 < ⟨2, ⋯⟩ then 1 else 0)
                  else 0
              else 0| ≤
            |(if 1 < ⟨3, ⋯⟩ then (if 0 < ⟨3, ⋯⟩ then 2 else 0) - if 0 < ⟨3, ⋯⟩ then -if 0 < ⟨3, ⋯⟩ then 1 else 0 else 0
                else 0) -
                if 1 < ⟨2, ⋯⟩ ∧ 1 < ⟨3, ⋯⟩ then
                  ((if 1 < ⟨3, ⋯⟩ ∧ 1 < ⟨2, ⋯⟩ then
                        (if 0 < ⟨3, ⋯⟩ ∧ 0 < ⟨2, ⋯⟩ then 2 else 0) -
                          if 0 < ⟨2, ⋯⟩ then if 0 < ⟨3, ⋯⟩ then 1 / 3 else 0 else 0
                      else 0) /
                      if 1 < ⟨2, ⋯⟩ then
                        (if 0 < ⟨2, ⋯⟩ then 4 / 3 else 0) - if 0 < ⟨2, ⋯⟩ then if 0 < ⟨2, ⋯⟩ then -(1 / 3) else 0 else 0
                      else 0) *
                    ((if 0 < ⟨2, ⋯⟩ ∧ 0 < ⟨3, ⋯⟩ then -(2 / 3) else 0) -
                      if 0 < ⟨3, ⋯⟩ then -if 0 < ⟨2, ⋯⟩ then -1 else 0 else 0)
                else 0|)
error: NLA/IE15/Witnesses.lean:46:2: unsolved goals
case a.«_@»._internal._hyg.0.«1».«1».«2»
hp : 0 < entryMax witnessThree
⊢ |if 0 < ⟨2, ⋯⟩ then -1 else 0| ≤ 3

case a.«_@»._internal._hyg.0.«1».«2».«1»
hp : 0 < entryMax witnessThree
⊢ |if 0 < ⟨2, ⋯⟩ then 1 else 0| ≤ 3

case a.«_@»._internal._hyg.0.«1».«2».«2»
hp : 0 < entryMax witnessThree
⊢ |if 0 < ⟨2, ⋯⟩ then 2 else 0| ≤ 3

case a.«_@»._internal._hyg.0.«2».«2».«2»
hp : 0 < entryMax witnessThree
⊢ |if 1 < ⟨2, ⋯⟩ then (if 0 < ⟨2, ⋯⟩ then 2 else 0) - if 0 < ⟨2, ⋯⟩ then -if 0 < ⟨2, ⋯⟩ then 1 else 0 else 0 else 0| ≤ 3
error: NLA/IE15/Witnesses.lean:54:4: Type mismatch
  h
has type
  |if 1 < 2 then
          (if 0 < 2 then
              Matrix.vecCons (![1, 0, -1] 2) (fun i => Matrix.vecCons (![0, 1, -1] 2) (fun i => ![1, 1, 1] 2) i) 2 -
                Matrix.vecCons 1 (fun i => Matrix.vecCons 0 (fun i => 1) i) 2 * ![1, 0, -1] 2
            else 0) -
            if 0 < 2 then
              if 0 < 2 then Matrix.vecCons 0 (fun i => Matrix.vecCons 1 (fun i => 1) i) 2 * ![0, 1, -1] 2 else 0
            else 0
        else 0| /
      entryMax !![1, 0, -1; 0, 1, -1; 1, 1, 1] ≤
    growth !![1, 0, -1; 0, 1, -1; 1, 1, 1] (diagonalStates !![1, 0, -1; 0, 1, -1; 1, 1, 1])
but is expected to have type
  3 ≤ growth !![1, 0, -1; 0, 1, -1; 1, 1, 1] (diagonalStates !![1, 0, -1; 0, 1, -1; 1, 1, 1])
error: NLA/IE15/Witnesses.lean:59:2: unsolved goals
case a.«_@»._internal._hyg.0.«1».«1».«2»
hp : 0 < entryMax witnessFour
⊢ |if 0 < ⟨2, ⋯⟩ then 1 / 3 else 0| ≤ 14 / 3

case a.«_@»._internal._hyg.0.«1».«1».«3»
hp : 0 < entryMax witnessFour
⊢ |if 0 < ⟨3, ⋯⟩ then -1 else 0| ≤ 14 / 3

case a.«_@»._internal._hyg.0.«1».«2».«1»
hp : 0 < entryMax witnessFour
⊢ |if 0 < ⟨2, ⋯⟩ then -1 else 0| ≤ 14 / 3

case a.«_@»._internal._hyg.0.«1».«2».«2»
hp : 0 < entryMax witnessFour
⊢ |if 0 < ⟨2, ⋯⟩ then 4 / 3 else 0| ≤ 14 / 3

case a.«_@»._internal._hyg.0.«1».«2».«3»
hp : 0 < entryMax witnessFour
⊢ |if 0 < ⟨2, ⋯⟩ ∧ 0 < ⟨3, ⋯⟩ then -(2 / 3) else 0| ≤ 14 / 3

case a.«_@»._internal._hyg.0.«1».«3».«1»
hp : 0 < entryMax witnessFour
⊢ |if 0 < ⟨3, ⋯⟩ then 1 else 0| ≤ 14 / 3

case a.«_@»._internal._hyg.0.«1».«3».«2»
hp : 0 < entryMax witnessFour
⊢ |if 0 < ⟨3, ⋯⟩ ∧ 0 < ⟨2, ⋯⟩ then 2 else 0| ≤ 14 / 3

case a.«_@»._internal._hyg.0.«1».«3».«3»
hp : 0 < entryMax witnessFour
⊢ |if 0 < ⟨3, ⋯⟩ then 2 else 0| ≤ 14 / 3

case a.«_@»._internal._hyg.0.«2».«2».«2»
hp : 0 < entryMax witnessFour
⊢ |if 1 < ⟨2, ⋯⟩ then (if 0 < ⟨2, ⋯⟩ then 4 / 3 else 0) - if 0 < ⟨2, ⋯⟩ then if 0 < ⟨2, ⋯⟩ then -(1 / 3) else 0 else 0
      else 0| ≤
    14 / 3

case a.«_@»._internal._hyg.0.«2».«2».«3»
hp : 0 < entryMax witnessFour
⊢ |if 1 < ⟨2, ⋯⟩ ∧ 1 < ⟨3, ⋯⟩ then
        (if 0 < ⟨2, ⋯⟩ ∧ 0 < ⟨3, ⋯⟩ then -(2 / 3) else 0) - if 0 < ⟨3, ⋯⟩ then -if 0 < ⟨2, ⋯⟩ then -1 else 0 else 0
      else 0| ≤
    14 / 3

case a.«_@»._internal._hyg.0.«2».«3».«2»
hp : 0 < entryMax witnessFour
⊢ |if 1 < ⟨3, ⋯⟩ ∧ 1 < ⟨2, ⋯⟩ then
        (if 0 < ⟨3, ⋯⟩ ∧ 0 < ⟨2, ⋯⟩ then 2 else 0) - if 0 < ⟨2, ⋯⟩ then if 0 < ⟨3, ⋯⟩ then 1 / 3 else 0 else 0
      else 0| ≤
    14 / 3

case a.«_@»._internal._hyg.0.«2».«3».«3»
hp : 0 < entryMax witnessFour
⊢ |if 1 < ⟨3, ⋯⟩ then (if 0 < ⟨3, ⋯⟩ then 2 else 0) - if 0 < ⟨3, ⋯⟩ then -if 0 < ⟨3, ⋯⟩ then 1 else 0 else 0 else 0| ≤
    14 / 3

case a.«_@»._internal._hyg.0.«3».«3».«3»
hp : 0 < entryMax witnessFour
⊢ |(if 1 < ⟨3, ⋯⟩ then (if 0 < ⟨3, ⋯⟩ then 2 else 0) - if 0 < ⟨3, ⋯⟩ then -if 0 < ⟨3, ⋯⟩ then 1 else 0 else 0 else 0) -
        if 1 < ⟨2, ⋯⟩ ∧ 1 < ⟨3, ⋯⟩ then
          ((if 1 < ⟨3, ⋯⟩ ∧ 1 < ⟨2, ⋯⟩ then
                (if 0 < ⟨3, ⋯⟩ ∧ 0 < ⟨2, ⋯⟩ then 2 else 0) - if 0 < ⟨2, ⋯⟩ then if 0 < ⟨3, ⋯⟩ then 1 / 3 else 0 else 0
              else 0) /
              if 1 < ⟨2, ⋯⟩ then
                (if 0 < ⟨2, ⋯⟩ then 4 / 3 else 0) - if 0 < ⟨2, ⋯⟩ then if 0 < ⟨2, ⋯⟩ then -(1 / 3) else 0 else 0
              else 0) *
            ((if 0 < ⟨2, ⋯⟩ ∧ 0 < ⟨3, ⋯⟩ then -(2 / 3) else 0) -
              if 0 < ⟨3, ⋯⟩ then -if 0 < ⟨2, ⋯⟩ then -1 else 0 else 0)
        else 0| ≤
    14 / 3
error: NLA/IE15/Witnesses.lean:67:4: Type mismatch
  h
has type
  |if ⟨2, ⋯⟩ < 3 then
          (if 1 < 3 then
              (if 0 < 3 then
                  Matrix.vecCons (![1, 0, 1, 1] 3)
                      (fun i =>
                        Matrix.vecCons (![0, 1, 1 / 3, -1] 3)
                          (fun i => Matrix.vecCons (![-(1 / 3), -1, 1, -1] 3) (fun i => ![-1, 1, 1, 1] 3) i) i)
                      3 -
                    Matrix.vecCons 1 (fun i => Matrix.vecCons 0 (fun i => Matrix.vecCons (-(1 / 3)) (fun i => -1) i) i)
                        3 *
                      ![1, 0, 1, 1] 3
                else 0) -
                if 0 < 3 then
                  if 0 < 3 then
                    Matrix.vecCons 0 (fun i => Matrix.vecCons 1 (fun i => Matrix.vecCons (-1) (fun i => 1) i) i) 3 *
                      ![0, 1, 1 / 3, -1] 3
                  else 0
                else 0
            else 0) -
            if 1 < ⟨2, ⋯⟩ ∧ 1 < 3 then
              ((if 1 < 3 ∧ 1 < ⟨2, ⋯⟩ then
                    (if 0 < 3 ∧ 0 < ⟨2, ⋯⟩ then
                        Matrix.vecCons 1 (fun i => Matrix.vecCons (1 / 3) (fun i => Matrix.vecCons 1 (fun i => 1) i) i)
                            3 -
                          Matrix.vecCons 1
                            (fun i => Matrix.vecCons 0 (fun i => Matrix.vecCons (-(1 / 3)) (fun i => -1) i) i) 3
                      else 0) -
                      if 0 < ⟨2, ⋯⟩ then
                        if 0 < 3 then
                          Matrix.vecCons 0 (fun i => Matrix.vecCons 1 (fun i => Matrix.vecCons (-1) (fun i => 1) i) i)
                              3 *
                            (1 / 3)
                        else 0
                      else 0
                  else 0) /
                  if 1 < ⟨2, ⋯⟩ then
                    (if 0 < ⟨2, ⋯⟩ then 4 / 3 else 0) - if 0 < ⟨2, ⋯⟩ then if 0 < ⟨2, ⋯⟩ then -(1 / 3) else 0 else 0
                  else 0) *
                ((if 0 < ⟨2, ⋯⟩ ∧ 0 < 3 then ![-(1 / 3), -1, 1, -1] 3 + 1 / 3 * ![1, 0, 1, 1] 3 else 0) -
                  if 0 < 3 then if 0 < ⟨2, ⋯⟩ then -![0, 1, 1 / 3, -1] 3 else 0 else 0)
            else 0
        else 0| /
      entryMax !![1, 0, 1, 1; 0, 1, 1 / 3, -1; -(1 / 3), -1, 1, -1; -1, 1, 1, 1] ≤
    growth !![1, 0, 1, 1; 0, 1, 1 / 3, -1; -(1 / 3), -1, 1, -1; -1, 1, 1, 1]
      (diagonalStates !![1, 0, 1, 1; 0, 1, 1 / 3, -1; -(1 / 3), -1, 1, -1; -1, 1, 1, 1])
but is expected to have type
  14 / 3 ≤
    growth !![1, 0, 1, 1; 0, 1, 1 / 3, -1; -(1 / 3), -1, 1, -1; -1, 1, 1, 1]
      (diagonalStates !![1, 0, 1, 1; 0, 1, 1 / 3, -1; -(1 / 3), -1, 1, -1; -1, 1, 1, 1])
error: NLA/IE15/Witnesses.lean:79:21: #assert_trust: 'NLA.IE15.witness_certificates_proved' depends on sorry or unrecognized axioms
  foundational: propext, Classical.choice, Quot.sound
  sorryAx: sorryAx
error: Lean exited with code 1
Some required targets logged failures:
- NLA.IE15.Witnesses
error: build failed
