✖ [3078/3078] Building NLA.IE15.Witnesses (9.6s)
trace: .> LEAN_PATH=/Users/sholden/Projects/OpenProblemsInNLA/intervals-and-absolute-value-equations/IV-06/lean/.lake/packages/Cli/.lake/build/lib/lean:/Users/sholden/Projects/OpenProblemsInNLA/intervals-and-absolute-value-equations/IV-06/lean/.lake/packages/batteries/.lake/build/lib/lean:/Users/sholden/Projects/OpenProblemsInNLA/intervals-and-absolute-value-equations/IV-06/lean/.lake/packages/Qq/.lake/build/lib/lean:/Users/sholden/Projects/OpenProblemsInNLA/intervals-and-absolute-value-equations/IV-06/lean/.lake/packages/aesop/.lake/build/lib/lean:/Users/sholden/Projects/OpenProblemsInNLA/intervals-and-absolute-value-equations/IV-06/lean/.lake/packages/proofwidgets/.lake/build/lib/lean:/Users/sholden/Projects/OpenProblemsInNLA/intervals-and-absolute-value-equations/IV-06/lean/.lake/packages/importGraph/.lake/build/lib/lean:/Users/sholden/Projects/OpenProblemsInNLA/intervals-and-absolute-value-equations/IV-06/lean/.lake/packages/LeanSearchClient/.lake/build/lib/lean:/Users/sholden/Projects/OpenProblemsInNLA/intervals-and-absolute-value-equations/IV-06/lean/.lake/packages/plausible/.lake/build/lib/lean:/Users/sholden/Projects/OpenProblemsInNLA/intervals-and-absolute-value-equations/IV-06/lean/.lake/packages/mathlib/.lake/build/lib/lean:/Users/sholden/Projects/OpenProblemsInNLA/intervals-and-absolute-value-equations/IV-06/lean/.lake/packages/leancert/.lake/build/lib/lean:/private/tmp/nla-20260922-ie15/linear-systems-and-elimination/IE-15/lean/.lake/build/lib/lean /private/tmp/nla-20260922-runtime/lean-4.33.1-darwin_aarch64/bin/lean /private/tmp/nla-20260922-ie15/linear-systems-and-elimination/IE-15/lean/NLA/IE15/Witnesses.lean -o /private/tmp/nla-20260922-ie15/linear-systems-and-elimination/IE-15/lean/.lake/build/lib/lean/NLA/IE15/Witnesses.olean -i /private/tmp/nla-20260922-ie15/linear-systems-and-elimination/IE-15/lean/.lake/build/lib/lean/NLA/IE15/Witnesses.ilean -c /private/tmp/nla-20260922-ie15/linear-systems-and-elimination/IE-15/lean/.lake/build/ir/NLA/IE15/Witnesses.c --setup /private/tmp/nla-20260922-ie15/linear-systems-and-elimination/IE-15/lean/.lake/build/ir/NLA/IE15/Witnesses.setup.json --json
error: NLA/IE15/Witnesses.lean:13:50: unsolved goals
⊢ 4 +
      (-![-(1 / 3), -1, 1, -1] (Fin.succAbove 2 2) + 1 / 3 * ![-1, 1, 1, 1] (Fin.succAbove 2 2) +
          -(![0, 1, 1 / 3, -1] (Fin.succAbove 2 2) * (4 / 3)) +
        (![0, 1, 1 / 3, -1] (Fin.castSucc 2) * (4 / 3) +
          (-(1 / 3 * ![-1, 1, 1, 1] (Fin.castSucc 2)) + ![-(1 / 3), -1, 1, -1] (Fin.castSucc 2)))) =
    70 / 9
error: NLA/IE15/Witnesses.lean:24:36: No goals to be solved
error: NLA/IE15/Witnesses.lean:24:36: No goals to be solved
error: NLA/IE15/Witnesses.lean:24:36: No goals to be solved
error: NLA/IE15/Witnesses.lean:26:36: No goals to be solved
error: NLA/IE15/Witnesses.lean:26:36: No goals to be solved
error: NLA/IE15/Witnesses.lean:26:36: No goals to be solved
error: NLA/IE15/Witnesses.lean:37:36: No goals to be solved
error: NLA/IE15/Witnesses.lean:37:36: No goals to be solved
error: NLA/IE15/Witnesses.lean:37:36: No goals to be solved
error: NLA/IE15/Witnesses.lean:37:36: No goals to be solved
error: NLA/IE15/Witnesses.lean:37:36: No goals to be solved
error: NLA/IE15/Witnesses.lean:37:36: No goals to be solved
error: NLA/IE15/Witnesses.lean:39:36: No goals to be solved
error: NLA/IE15/Witnesses.lean:39:36: No goals to be solved
error: NLA/IE15/Witnesses.lean:39:36: No goals to be solved
error: NLA/IE15/Witnesses.lean:39:36: No goals to be solved
error: NLA/IE15/Witnesses.lean:39:36: No goals to be solved
error: NLA/IE15/Witnesses.lean:39:36: No goals to be solved
error: NLA/IE15/Witnesses.lean:92:21: #assert_trust: 'NLA.IE15.witness_certificates_proved' depends on sorry or unrecognized axioms
  foundational: propext, Classical.choice, Quot.sound
  sorryAx: sorryAx
error: Lean exited with code 1
Some required targets logged failures:
- NLA.IE15.Witnesses
error: build failed
