/private/tmp/nla-lean-ra09-worktree/randomized-and-low-rank-approximation/RA-09/lean/NLA/RA09/Harmonic.lean:68:18: error: Ambiguous term
  sub_apply
Possible interpretations:
  _root_.sub_apply : ∀ (f g : ?m.152) (x : ?m.153), (f - g) x = f x - g x
  
  Matrix.sub_apply : ∀ (A B : Matrix ?m.152 ?m.153 ?m.154) (i : ?m.152) (j : ?m.153), (A - B) i j = A i j - B i j
/private/tmp/nla-lean-ra09-worktree/randomized-and-low-rank-approximation/RA-09/lean/NLA/RA09/Harmonic.lean:68:48: error: Ambiguous term
  smul_apply
Possible interpretations:
  _root_.smul_apply : ∀ (f : ?m.153) (r : ?m.152) (x : ?m.154), (r • f) x = r • f x
  
  Matrix.smul_apply : ∀ (r : ?m.155) (A : Matrix ?m.152 ?m.153 ?m.154) (i : ?m.152) (j : ?m.153),
    (r • A) i j = r • A i j
/private/tmp/nla-lean-ra09-worktree/randomized-and-low-rank-approximation/RA-09/lean/NLA/RA09/Harmonic.lean:68:6: error: Type mismatch: After simplification, term
  hd
 has type
  0 ≤ (diagonal a - b • outerSquare v) i i
but is expected to have type
  0 ≤ a i - b * (v i * v i)
/private/tmp/nla-lean-ra09-worktree/randomized-and-low-rank-approximation/RA-09/lean/NLA/RA09/Harmonic.lean:71:40: error(lean.invalidField): Invalid field `mp`: The environment does not contain `Function.mp`, so it is not possible to project the field `mp` from an expression
  mul_le_mul_left ?m.182
of type
  ∀ (a : ?m.176), ?m.180 * a ≤ ?m.181 * a
/private/tmp/nla-lean-ra09-worktree/randomized-and-low-rank-approximation/RA-09/lean/NLA/RA09/Harmonic.lean:71:36: error: Application type mismatch: The argument
  hb
has type
  0 < b
but is expected to have type
  ?m.180 ≤ ?m.181
in the application
  mul_le_mul_left hb
/private/tmp/nla-lean-ra09-worktree/randomized-and-low-rank-approximation/RA-09/lean/NLA/RA09/Harmonic.lean:105:36: error(lean.invalidField): Invalid field `mp`: The environment does not contain `Function.mp`, so it is not possible to project the field `mp` from an expression
  mul_le_mul_left ?m.478
of type
  ∀ (a : ?m.472), ?m.476 * a ≤ ?m.477 * a
/private/tmp/nla-lean-ra09-worktree/randomized-and-low-rank-approximation/RA-09/lean/NLA/RA09/Harmonic.lean:105:32: error: Application type mismatch: The argument
  hH
has type
  0 < H
but is expected to have type
  ?m.476 ≤ ?m.477
in the application
  mul_le_mul_left hH
/private/tmp/nla-lean-ra09-worktree/randomized-and-low-rank-approximation/RA-09/lean/NLA/RA09/Harmonic.lean:111:21: error: #assert_trust: 'NLA.RA09.harmonic_constraint_proved' depends on sorry or unrecognized axioms
  foundational: propext, Classical.choice, Quot.sound
  sorryAx: sorryAx
'NLA.RA09.outerSquare_mulVec' depends on axioms: [propext, Classical.choice, Quot.sound]
'NLA.RA09.diagonal_outer_quadratic' depends on axioms: [propext, Classical.choice, Quot.sound]
'NLA.RA09.harmonic_constraint_proved' depends on axioms: [propext, sorryAx, Classical.choice, Quot.sound]
