'NLA.RA20.SmoothAudit.exact_frozen_contract' depends on axioms: [propext, Classical.choice, Quot.sound]
EXACT_FROZEN_CONTRACT_TYPE: PASS
ACTUAL_PROOF_EDGE NLA.RA20.algebraic_smooth_locus_proved: [NLA.RA20.Mat,
 NLA.RA20.SmoothPoint,
 NLA.RA20.hollow,
 NLA.RA20.ExactlyOneZero,
 NLA.RA20.Mat,
 NLA.RA20.SmoothPoint,
 NLA.RA20.hollow,
 NLA.RA20.ExactlyOneZero,
 NLA.RA20.variety,
 NLA.RA20.CoordinateRing,
 NLA.RA20.Poly,
 NLA.RA20.Variables,
 NLA.RA20.definingIdeal,
 NLA.RA20.SmoothPoint._proof_1,
 NLA.RA20.coordinates,
 NLA.RA20.matrix_eq_hollow_of_mem,
 NLA.RA20.hollow_variety_semantics_proved,
 NLA.RA20.ABCCoordinateRing,
 NLA.RA20.ABCPoly,
 NLA.RA20.abcIdeal,
 NLA.RA20.reducedCoordinateEquiv,
 NLA.RA20.abcPoint,
 NLA.RA20.reducedPoint_comap,
 NLA.RA20.smoothLocus_comap_algEquiv,
 NLA.RA20.abc_smooth_locus_iff,
 NLA.RA20.abcPoint_comap]
ACTUAL_PROOF_EDGE NLA.RA20.Mat: []
ACTUAL_PROOF_EDGE NLA.RA20.SmoothPoint: [NLA.RA20.Mat,
 NLA.RA20.Mat,
 NLA.RA20.variety,
 NLA.RA20.CoordinateRing,
 NLA.RA20.Poly,
 NLA.RA20.Variables,
 NLA.RA20.definingIdeal,
 NLA.RA20.SmoothPoint._proof_1,
 NLA.RA20.coordinates]
ACTUAL_PROOF_EDGE NLA.RA20.variety: [NLA.RA20.Mat, NLA.RA20.Mat]
ACTUAL_PROOF_EDGE NLA.RA20.CoordinateRing: [NLA.RA20.Poly, NLA.RA20.Variables, NLA.RA20.definingIdeal]
ACTUAL_PROOF_EDGE NLA.RA20.Poly: [NLA.RA20.Variables]
ACTUAL_PROOF_EDGE NLA.RA20.Variables: []
ACTUAL_PROOF_EDGE NLA.RA20.definingIdeal: [NLA.RA20.Poly,
 NLA.RA20.Variables,
 NLA.RA20.Variables,
 NLA.RA20.coordinateVariety]
ACTUAL_PROOF_EDGE NLA.RA20.coordinateVariety: [NLA.RA20.Variables,
 NLA.RA20.Variables,
 NLA.RA20.Mat,
 NLA.RA20.variety,
 NLA.RA20.matrixOfCoordinates]
ACTUAL_PROOF_EDGE NLA.RA20.matrixOfCoordinates: [NLA.RA20.Variables, NLA.RA20.Mat, NLA.RA20.Variables]
ACTUAL_PROOF_EDGE NLA.RA20.SmoothPoint._proof_1: [NLA.RA20.Poly,
 NLA.RA20.Variables,
 NLA.RA20.definingIdeal,
 NLA.RA20.Poly,
 NLA.RA20.Variables,
 NLA.RA20.definingIdeal]
ACTUAL_PROOF_EDGE NLA.RA20.coordinates: [NLA.RA20.Mat, NLA.RA20.Variables, NLA.RA20.Mat, NLA.RA20.Variables]
ACTUAL_PROOF_EDGE NLA.RA20.hollow: []
ACTUAL_PROOF_EDGE NLA.RA20.ExactlyOneZero: []
ACTUAL_PROOF_EDGE NLA.RA20.matrix_eq_hollow_of_mem: [NLA.RA20.Mat,
 NLA.RA20.variety,
 NLA.RA20.hollow,
 NLA.RA20.Mat,
 NLA.RA20.variety,
 NLA.RA20.hollow]
ACTUAL_PROOF_EDGE NLA.RA20.hollow_variety_semantics_proved: [NLA.RA20.hollow,
 NLA.RA20.Mat,
 NLA.RA20.variety,
 NLA.RA20.hollow,
 NLA.RA20.Mat,
 NLA.RA20.variety,
 NLA.RA20.hollow_det,
 NLA.RA20.hollow_mem_variety_iff,
 NLA.RA20.matrix_eq_hollow_of_mem]
ACTUAL_PROOF_EDGE NLA.RA20.hollow_det: [NLA.RA20.hollow, NLA.RA20.hollow]
ACTUAL_PROOF_EDGE NLA.RA20.hollow_mem_variety_iff: [NLA.RA20.Mat,
 NLA.RA20.variety,
 NLA.RA20.hollow,
 NLA.RA20.Mat,
 NLA.RA20.variety,
 NLA.RA20.hollow,
 NLA.RA20.hollow_det,
 NLA.RA20.hollow_isSymm,
 NLA.RA20.hollow_rank_le_two]
ACTUAL_PROOF_EDGE NLA.RA20.hollow_isSymm: [NLA.RA20.hollow, NLA.RA20.hollow]
ACTUAL_PROOF_EDGE NLA.RA20.hollow_rank_le_two: [NLA.RA20.hollow, NLA.RA20.hollow]
ACTUAL_PROOF_EDGE NLA.RA20.ABCCoordinateRing: [NLA.RA20.ABCPoly, NLA.RA20.abcIdeal]
ACTUAL_PROOF_EDGE NLA.RA20.ABCPoly: []
ACTUAL_PROOF_EDGE NLA.RA20.abcIdeal: [NLA.RA20.ABCPoly, NLA.RA20.ABCPoly, NLA.RA20.abcPolynomial]
ACTUAL_PROOF_EDGE NLA.RA20.abcPolynomial: [NLA.RA20.ABCPoly, NLA.RA20.ABCPoly, NLA.RA20.abcPolynomial._proof_1]
ACTUAL_PROOF_EDGE NLA.RA20.abcPolynomial._proof_1: []
ACTUAL_PROOF_EDGE NLA.RA20.reducedCoordinateEquiv: [NLA.RA20.CoordinateRing,
 NLA.RA20.ABCCoordinateRing,
 NLA.RA20.Poly,
 NLA.RA20.Variables,
 NLA.RA20.definingIdeal,
 NLA.RA20.ABCPoly,
 NLA.RA20.abcIdeal,
 NLA.RA20.Poly,
 NLA.RA20.Variables,
 NLA.RA20.definingIdeal,
 NLA.RA20.ABCCoordinateRing,
 NLA.RA20.ABCPoly,
 NLA.RA20.abcIdeal,
 NLA.RA20.reducedCoordinateEquiv._proof_1,
 NLA.RA20.hollowQuotientMap,
 NLA.RA20.reducedCoordinateEquiv._proof_2,
 NLA.RA20.reducedCoordinateEquiv._proof_3,
 NLA.RA20.reducedCoordinateEquiv._proof_4,
 NLA.RA20.hollowQuotientMap_surjective]
ACTUAL_PROOF_EDGE NLA.RA20.reducedCoordinateEquiv._proof_1: [NLA.RA20.Poly,
 NLA.RA20.ABCCoordinateRing,
 NLA.RA20.Variables,
 NLA.RA20.ABCPoly,
 NLA.RA20.abcIdeal,
 NLA.RA20.Poly,
 NLA.RA20.ABCCoordinateRing,
 NLA.RA20.Variables,
 NLA.RA20.ABCPoly,
 NLA.RA20.abcIdeal]
ACTUAL_PROOF_EDGE NLA.RA20.hollowQuotientMap: [NLA.RA20.Poly,
 NLA.RA20.ABCCoordinateRing,
 NLA.RA20.Variables,
 NLA.RA20.ABCPoly,
 NLA.RA20.abcIdeal,
 NLA.RA20.Poly,
 NLA.RA20.ABCPoly,
 NLA.RA20.abcIdeal,
 NLA.RA20.Variables,
 NLA.RA20.hollowQuotientMap._proof_1,
 NLA.RA20.hollowPullback]
ACTUAL_PROOF_EDGE NLA.RA20.hollowQuotientMap._proof_1: [NLA.RA20.ABCPoly,
 NLA.RA20.abcIdeal,
 NLA.RA20.ABCPoly,
 NLA.RA20.abcIdeal]
ACTUAL_PROOF_EDGE NLA.RA20.hollowPullback: [NLA.RA20.Poly,
 NLA.RA20.ABCPoly,
 NLA.RA20.Variables,
 NLA.RA20.ABCPoly,
 NLA.RA20.Variables,
 NLA.RA20.polynomialHollow]
ACTUAL_PROOF_EDGE NLA.RA20.polynomialHollow: [NLA.RA20.ABCPoly,
 NLA.RA20.hollow,
 NLA.RA20.ABCPoly,
 NLA.RA20.abcPolynomial._proof_1]
ACTUAL_PROOF_EDGE NLA.RA20.reducedCoordinateEquiv._proof_2: [NLA.RA20.Poly,
 NLA.RA20.Variables,
 NLA.RA20.definingIdeal,
 NLA.RA20.Poly,
 NLA.RA20.Variables,
 NLA.RA20.definingIdeal]
ACTUAL_PROOF_EDGE NLA.RA20.reducedCoordinateEquiv._proof_3: [NLA.RA20.Poly,
 NLA.RA20.Variables,
 NLA.RA20.ABCCoordinateRing,
 NLA.RA20.ABCPoly,
 NLA.RA20.abcIdeal,
 NLA.RA20.reducedCoordinateEquiv._proof_1,
 NLA.RA20.hollowQuotientMap,
 NLA.RA20.Poly,
 NLA.RA20.Variables,
 NLA.RA20.ABCCoordinateRing,
 NLA.RA20.ABCPoly,
 NLA.RA20.abcIdeal,
 NLA.RA20.hollowQuotientMap]
ACTUAL_PROOF_EDGE NLA.RA20.reducedCoordinateEquiv._proof_4: [NLA.RA20.Poly,
 NLA.RA20.Variables,
 NLA.RA20.definingIdeal,
 NLA.RA20.ABCCoordinateRing,
 NLA.RA20.ABCPoly,
 NLA.RA20.abcIdeal,
 NLA.RA20.reducedCoordinateEquiv._proof_1,
 NLA.RA20.hollowQuotientMap,
 NLA.RA20.Poly,
 NLA.RA20.Variables,
 NLA.RA20.ABCCoordinateRing,
 NLA.RA20.ABCPoly,
 NLA.RA20.abcIdeal,
 NLA.RA20.hollowQuotientMap,
 NLA.RA20.definingIdeal,
 NLA.RA20.hollowQuotientMap_ker]
ACTUAL_PROOF_EDGE NLA.RA20.hollowQuotientMap_ker: [NLA.RA20.Poly,
 NLA.RA20.Variables,
 NLA.RA20.ABCCoordinateRing,
 NLA.RA20.ABCPoly,
 NLA.RA20.abcIdeal,
 NLA.RA20.hollowQuotientMap,
 NLA.RA20.definingIdeal,
 NLA.RA20.Poly,
 NLA.RA20.Variables,
 NLA.RA20.ABCCoordinateRing,
 NLA.RA20.ABCPoly,
 NLA.RA20.abcIdeal,
 NLA.RA20.hollowQuotientMap,
 NLA.RA20.definingIdeal,
 NLA.RA20.hollowPullback,
 NLA.RA20.definingIdeal_eq_comap_abcIdeal]
ACTUAL_PROOF_EDGE NLA.RA20.definingIdeal_eq_comap_abcIdeal: [NLA.RA20.Poly,
 NLA.RA20.Variables,
 NLA.RA20.definingIdeal,
 NLA.RA20.ABCPoly,
 NLA.RA20.hollowPullback,
 NLA.RA20.abcIdeal,
 NLA.RA20.Poly,
 NLA.RA20.Variables,
 NLA.RA20.definingIdeal,
 NLA.RA20.ABCPoly,
 NLA.RA20.hollowPullback,
 NLA.RA20.abcIdeal,
 NLA.RA20.abcIdeal_vanishing,
 NLA.RA20.coordinateVariety,
 NLA.RA20.coordinates,
 NLA.RA20.hollow,
 NLA.RA20.aeval_hollowPullback,
 NLA.RA20.Mat,
 NLA.RA20.variety,
 NLA.RA20.hollow_mem_variety_iff,
 NLA.RA20.matrixOfCoordinates,
 NLA.RA20.matrix_eq_hollow_of_mem,
 NLA.RA20.hollow_variety_semantics_proved]
ACTUAL_PROOF_EDGE NLA.RA20.abcIdeal_vanishing: [NLA.RA20.abcIdeal,
 NLA.RA20.abcIdeal,
 NLA.RA20.abcIdeal_zeroLocus,
 NLA.RA20.ABCPoly,
 NLA.RA20.abcIdeal_isRadical]
ACTUAL_PROOF_EDGE NLA.RA20.abcIdeal_zeroLocus: [NLA.RA20.abcIdeal,
 NLA.RA20.abcIdeal,
 NLA.RA20.abcPolynomial._proof_1,
 NLA.RA20.ABCPoly]
ACTUAL_PROOF_EDGE NLA.RA20.abcIdeal_isRadical: [NLA.RA20.ABCPoly,
 NLA.RA20.abcIdeal,
 NLA.RA20.ABCPoly,
 NLA.RA20.abcPolynomial,
 NLA.RA20.abcPolynomial_squarefree]
ACTUAL_PROOF_EDGE NLA.RA20.abcPolynomial_squarefree: [NLA.RA20.ABCPoly,
 NLA.RA20.abcPolynomial,
 NLA.RA20.ABCPoly,
 NLA.RA20.abcPolynomial._proof_1]
ACTUAL_PROOF_EDGE NLA.RA20.aeval_hollowPullback: [NLA.RA20.Poly,
 NLA.RA20.ABCPoly,
 NLA.RA20.Variables,
 NLA.RA20.hollowPullback,
 NLA.RA20.coordinates,
 NLA.RA20.hollow,
 NLA.RA20.Poly,
 NLA.RA20.ABCPoly,
 NLA.RA20.Variables,
 NLA.RA20.hollowPullback,
 NLA.RA20.coordinates,
 NLA.RA20.hollow,
 NLA.RA20.polynomialHollow,
 NLA.RA20.hollowPullback.eq_1,
 NLA.RA20.abcPolynomial._proof_1]
ACTUAL_PROOF_EDGE NLA.RA20.hollowPullback.eq_1: [NLA.RA20.Poly,
 NLA.RA20.ABCPoly,
 NLA.RA20.Variables,
 NLA.RA20.hollowPullback,
 NLA.RA20.polynomialHollow,
 NLA.RA20.Poly,
 NLA.RA20.ABCPoly,
 NLA.RA20.Variables,
 NLA.RA20.hollowPullback]
ACTUAL_PROOF_EDGE NLA.RA20.hollowQuotientMap_surjective: [NLA.RA20.Poly,
 NLA.RA20.ABCCoordinateRing,
 NLA.RA20.Variables,
 NLA.RA20.ABCPoly,
 NLA.RA20.abcIdeal,
 NLA.RA20.hollowQuotientMap,
 NLA.RA20.Poly,
 NLA.RA20.ABCPoly,
 NLA.RA20.abcIdeal,
 NLA.RA20.Variables,
 NLA.RA20.hollowPullback,
 NLA.RA20.hollowPullback_surjective]
ACTUAL_PROOF_EDGE NLA.RA20.hollowPullback_surjective: [NLA.RA20.Poly,
 NLA.RA20.ABCPoly,
 NLA.RA20.Variables,
 NLA.RA20.hollowPullback,
 NLA.RA20.ABCPoly,
 NLA.RA20.Poly,
 NLA.RA20.Variables,
 NLA.RA20.hollowPullback,
 NLA.RA20.offDiagonalPullback,
 NLA.RA20.hollowPullback_offDiagonalPullback]
ACTUAL_PROOF_EDGE NLA.RA20.offDiagonalPullback: [NLA.RA20.ABCPoly,
 NLA.RA20.Poly,
 NLA.RA20.Variables,
 NLA.RA20.Poly,
 NLA.RA20.Variables,
 NLA.RA20.offDiagonalPullback._proof_1]
ACTUAL_PROOF_EDGE NLA.RA20.offDiagonalPullback._proof_1: []
ACTUAL_PROOF_EDGE NLA.RA20.hollowPullback_offDiagonalPullback: [NLA.RA20.ABCPoly,
 NLA.RA20.Poly,
 NLA.RA20.Variables,
 NLA.RA20.hollowPullback,
 NLA.RA20.offDiagonalPullback,
 NLA.RA20.ABCPoly,
 NLA.RA20.Poly,
 NLA.RA20.Variables,
 NLA.RA20.hollowPullback,
 NLA.RA20.offDiagonalPullback,
 NLA.RA20.abcPolynomial._proof_1,
 NLA.RA20.offDiagonalPullback._proof_1,
 NLA.RA20.polynomialHollow]
ACTUAL_PROOF_EDGE NLA.RA20.abcPoint: [NLA.RA20.ABCCoordinateRing,
 NLA.RA20.ABCPoly,
 NLA.RA20.abcIdeal,
 NLA.RA20.abcEvaluation._proof_1,
 NLA.RA20.ABCCoordinateRing,
 NLA.RA20.ABCPoly,
 NLA.RA20.abcIdeal,
 NLA.RA20.abcPoint._proof_1,
 NLA.RA20.abcEvaluation,
 NLA.RA20.abcPoint._proof_2]
ACTUAL_PROOF_EDGE NLA.RA20.abcEvaluation._proof_1: []
ACTUAL_PROOF_EDGE NLA.RA20.abcPoint._proof_1: [NLA.RA20.ABCCoordinateRing,
 NLA.RA20.ABCPoly,
 NLA.RA20.abcIdeal,
 NLA.RA20.ABCCoordinateRing,
 NLA.RA20.ABCPoly,
 NLA.RA20.abcIdeal]
ACTUAL_PROOF_EDGE NLA.RA20.abcEvaluation: [NLA.RA20.ABCCoordinateRing,
 NLA.RA20.ABCPoly,
 NLA.RA20.abcIdeal,
 NLA.RA20.abcEvaluation._proof_1,
 NLA.RA20.ABCPoly,
 NLA.RA20.abcIdeal,
 NLA.RA20.abcPreimagePrime._proof_1,
 NLA.RA20.abcEvaluation._proof_2]
ACTUAL_PROOF_EDGE NLA.RA20.abcPreimagePrime._proof_1: [NLA.RA20.ABCPoly,
 NLA.RA20.abcIdeal,
 NLA.RA20.ABCPoly,
 NLA.RA20.abcIdeal]
ACTUAL_PROOF_EDGE NLA.RA20.abcEvaluation._proof_2: [NLA.RA20.abcEvaluation._proof_1,
 NLA.RA20.ABCPoly,
 NLA.RA20.abcIdeal,
 NLA.RA20.abcEvaluation._proof_1,
 NLA.RA20.ABCPoly,
 NLA.RA20.abcIdeal,
 NLA.RA20.abcPolynomial,
 NLA.RA20.abcPolynomial._proof_1]
ACTUAL_PROOF_EDGE NLA.RA20.abcPoint._proof_2: [NLA.RA20.abcEvaluation._proof_1,
 NLA.RA20.ABCCoordinateRing,
 NLA.RA20.ABCPoly,
 NLA.RA20.abcIdeal,
 NLA.RA20.abcPoint._proof_1,
 NLA.RA20.abcEvaluation,
 NLA.RA20.abcEvaluation._proof_1,
 NLA.RA20.ABCCoordinateRing,
 NLA.RA20.ABCPoly,
 NLA.RA20.abcIdeal,
 NLA.RA20.abcEvaluation]
ACTUAL_PROOF_EDGE NLA.RA20.reducedPoint_comap: [NLA.RA20.Poly,
 NLA.RA20.Variables,
 NLA.RA20.definingIdeal,
 NLA.RA20.ABCCoordinateRing,
 NLA.RA20.ABCPoly,
 NLA.RA20.abcIdeal,
 NLA.RA20.CoordinateRing,
 NLA.RA20.reducedCoordinateEquiv,
 NLA.RA20.abcPoint,
 NLA.RA20.coordinates,
 NLA.RA20.hollow,
 NLA.RA20.Poly,
 NLA.RA20.Variables,
 NLA.RA20.definingIdeal,
 NLA.RA20.ABCCoordinateRing,
 NLA.RA20.ABCPoly,
 NLA.RA20.abcIdeal,
 NLA.RA20.CoordinateRing,
 NLA.RA20.reducedCoordinateEquiv,
 NLA.RA20.abcPoint,
 NLA.RA20.coordinates,
 NLA.RA20.hollow,
 NLA.RA20.abcEvaluation,
 NLA.RA20.hollowPullback,
 NLA.RA20.reducedCoordinateEquiv_mk,
 NLA.RA20.abcEvaluation_mk,
 NLA.RA20.aeval_hollowPullback]
ACTUAL_PROOF_EDGE NLA.RA20.reducedCoordinateEquiv_mk: [NLA.RA20.Poly,
 NLA.RA20.ABCCoordinateRing,
 NLA.RA20.CoordinateRing,
 NLA.RA20.Variables,
 NLA.RA20.definingIdeal,
 NLA.RA20.ABCPoly,
 NLA.RA20.abcIdeal,
 NLA.RA20.reducedCoordinateEquiv,
 NLA.RA20.hollowPullback,
 NLA.RA20.Poly,
 NLA.RA20.ABCCoordinateRing,
 NLA.RA20.Variables,
 NLA.RA20.ABCPoly,
 NLA.RA20.abcIdeal,
 NLA.RA20.CoordinateRing,
 NLA.RA20.definingIdeal,
 NLA.RA20.reducedCoordinateEquiv,
 NLA.RA20.hollowPullback,
 NLA.RA20.polynomialHollow,
 NLA.RA20.reducedCoordinateEquiv_mk_X]
ACTUAL_PROOF_EDGE NLA.RA20.reducedCoordinateEquiv_mk_X: [NLA.RA20.ABCCoordinateRing,
 NLA.RA20.CoordinateRing,
 NLA.RA20.Poly,
 NLA.RA20.Variables,
 NLA.RA20.definingIdeal,
 NLA.RA20.ABCPoly,
 NLA.RA20.abcIdeal,
 NLA.RA20.reducedCoordinateEquiv,
 NLA.RA20.polynomialHollow,
 NLA.RA20.ABCCoordinateRing,
 NLA.RA20.CoordinateRing,
 NLA.RA20.Poly,
 NLA.RA20.Variables,
 NLA.RA20.definingIdeal,
 NLA.RA20.ABCPoly,
 NLA.RA20.abcIdeal,
 NLA.RA20.reducedCoordinateEquiv,
 NLA.RA20.polynomialHollow,
 NLA.RA20.reducedCoordinateEquiv._proof_1,
 NLA.RA20.hollowQuotientMap,
 NLA.RA20.reducedCoordinateEquiv._proof_2,
 NLA.RA20.reducedCoordinateEquiv._proof_3,
 NLA.RA20.reducedCoordinateEquiv._proof_4,
 NLA.RA20.hollowQuotientMap_surjective,
 NLA.RA20.reducedCoordinateEquiv.eq_1,
 NLA.RA20.hollowQuotientMap._proof_1]
ACTUAL_PROOF_EDGE NLA.RA20.reducedCoordinateEquiv.eq_1: [NLA.RA20.CoordinateRing,
 NLA.RA20.ABCCoordinateRing,
 NLA.RA20.Poly,
 NLA.RA20.Variables,
 NLA.RA20.definingIdeal,
 NLA.RA20.ABCPoly,
 NLA.RA20.abcIdeal,
 NLA.RA20.reducedCoordinateEquiv,
 NLA.RA20.reducedCoordinateEquiv._proof_1,
 NLA.RA20.hollowQuotientMap,
 NLA.RA20.reducedCoordinateEquiv._proof_2,
 NLA.RA20.reducedCoordinateEquiv._proof_3,
 NLA.RA20.reducedCoordinateEquiv._proof_4,
 NLA.RA20.hollowQuotientMap_surjective,
 NLA.RA20.CoordinateRing,
 NLA.RA20.ABCCoordinateRing,
 NLA.RA20.Poly,
 NLA.RA20.Variables,
 NLA.RA20.definingIdeal,
 NLA.RA20.ABCPoly,
 NLA.RA20.abcIdeal,
 NLA.RA20.reducedCoordinateEquiv]
ACTUAL_PROOF_EDGE NLA.RA20.abcEvaluation_mk: [NLA.RA20.ABCPoly,
 NLA.RA20.ABCCoordinateRing,
 NLA.RA20.abcIdeal,
 NLA.RA20.abcEvaluation,
 NLA.RA20.ABCPoly,
 NLA.RA20.ABCCoordinateRing,
 NLA.RA20.abcIdeal,
 NLA.RA20.abcEvaluation]
ACTUAL_PROOF_EDGE NLA.RA20.smoothLocus_comap_algEquiv: []
ACTUAL_PROOF_EDGE NLA.RA20.abc_smooth_locus_iff: [NLA.RA20.ABCCoordinateRing,
 NLA.RA20.ABCPoly,
 NLA.RA20.abcIdeal,
 NLA.RA20.ExactlyOneZero,
 NLA.RA20.ABCCoordinateRing,
 NLA.RA20.ABCPoly,
 NLA.RA20.abcIdeal,
 NLA.RA20.ExactlyOneZero,
 NLA.RA20.ABCLocal,
 NLA.RA20.ABCLocal._proof_1,
 NLA.RA20.abc_prime_product_zero,
 NLA.RA20.abc_local_not_smooth,
 NLA.RA20.abc_local_smooth]
ACTUAL_PROOF_EDGE NLA.RA20.ABCLocal: [NLA.RA20.ABCCoordinateRing,
 NLA.RA20.ABCPoly,
 NLA.RA20.abcIdeal,
 NLA.RA20.ABCCoordinateRing,
 NLA.RA20.ABCPoly,
 NLA.RA20.abcIdeal,
 NLA.RA20.ABCLocal._proof_1]
ACTUAL_PROOF_EDGE NLA.RA20.ABCLocal._proof_1: [NLA.RA20.ABCCoordinateRing,
 NLA.RA20.ABCPoly,
 NLA.RA20.abcIdeal,
 NLA.RA20.ABCCoordinateRing,
 NLA.RA20.ABCPoly,
 NLA.RA20.abcIdeal]
ACTUAL_PROOF_EDGE NLA.RA20.abc_prime_product_zero: [NLA.RA20.ABCCoordinateRing,
 NLA.RA20.ABCPoly,
 NLA.RA20.abcIdeal,
 NLA.RA20.ABCCoordinateRing,
 NLA.RA20.ABCPoly,
 NLA.RA20.abcIdeal,
 NLA.RA20.abcPolynomial,
 NLA.RA20.abc_prime_mem_iff,
 NLA.RA20.abcPolynomial._proof_1]
ACTUAL_PROOF_EDGE NLA.RA20.abc_prime_mem_iff: [NLA.RA20.ABCCoordinateRing,
 NLA.RA20.ABCPoly,
 NLA.RA20.abcIdeal,
 NLA.RA20.ABCCoordinateRing,
 NLA.RA20.ABCPoly,
 NLA.RA20.abcIdeal,
 NLA.RA20.abcPreimagePrime]
ACTUAL_PROOF_EDGE NLA.RA20.abcPreimagePrime: [NLA.RA20.ABCCoordinateRing,
 NLA.RA20.ABCPoly,
 NLA.RA20.abcIdeal,
 NLA.RA20.ABCCoordinateRing,
 NLA.RA20.ABCPoly,
 NLA.RA20.abcIdeal,
 NLA.RA20.abcPreimagePrime._proof_1,
 NLA.RA20.abcPreimagePrime._proof_2]
ACTUAL_PROOF_EDGE NLA.RA20.abcPreimagePrime._proof_2: [NLA.RA20.ABCPoly,
 NLA.RA20.abcIdeal,
 NLA.RA20.abcPreimagePrime._proof_1,
 NLA.RA20.ABCPoly,
 NLA.RA20.abcIdeal]
ACTUAL_PROOF_EDGE NLA.RA20.abc_local_not_smooth: [NLA.RA20.ABCCoordinateRing,
 NLA.RA20.ABCPoly,
 NLA.RA20.abcIdeal,
 NLA.RA20.ABCLocal,
 NLA.RA20.ABCLocal._proof_1,
 NLA.RA20.ABCCoordinateRing,
 NLA.RA20.ABCPoly,
 NLA.RA20.abcIdeal,
 NLA.RA20.ABCPolynomialLocal,
 NLA.RA20.abcPreimagePrime,
 NLA.RA20.ABCPolynomialLocal._proof_1,
 NLA.RA20.triple_product_not_formallySmooth,
 NLA.RA20.ABCLocal,
 NLA.RA20.ABCLocal._proof_1,
 NLA.RA20.abcLocalizationMap,
 NLA.RA20.abcLocalizationMap_surjective,
 NLA.RA20.abc_local_product_ne_zero,
 NLA.RA20.abcPolynomial,
 NLA.RA20.abcPolynomial._proof_1,
 NLA.RA20.abcLocalizationMap_ker,
 NLA.RA20.abcLocalEvaluation,
 NLA.RA20.abcLocalEvaluation_algebraMap]
ACTUAL_PROOF_EDGE NLA.RA20.ABCPolynomialLocal: [NLA.RA20.ABCCoordinateRing,
 NLA.RA20.ABCPoly,
 NLA.RA20.abcIdeal,
 NLA.RA20.ABCCoordinateRing,
 NLA.RA20.ABCPoly,
 NLA.RA20.abcIdeal,
 NLA.RA20.abcPreimagePrime,
 NLA.RA20.ABCPolynomialLocal._proof_1]
ACTUAL_PROOF_EDGE NLA.RA20.ABCPolynomialLocal._proof_1: [NLA.RA20.ABCCoordinateRing,
 NLA.RA20.ABCPoly,
 NLA.RA20.abcIdeal,
 NLA.RA20.abcPreimagePrime._proof_1,
 NLA.RA20.abcPreimagePrime._proof_2,
 NLA.RA20.ABCCoordinateRing,
 NLA.RA20.ABCPoly,
 NLA.RA20.abcIdeal,
 NLA.RA20.abcPreimagePrime._proof_1,
 NLA.RA20.abcPreimagePrime._proof_2]
ACTUAL_PROOF_EDGE NLA.RA20.triple_product_not_formallySmooth: []
ACTUAL_PROOF_EDGE NLA.RA20.abcLocalizationMap: [NLA.RA20.ABCCoordinateRing,
 NLA.RA20.ABCPoly,
 NLA.RA20.abcIdeal,
 NLA.RA20.ABCPolynomialLocal,
 NLA.RA20.ABCLocal,
 NLA.RA20.abcPreimagePrime,
 NLA.RA20.ABCPolynomialLocal._proof_1,
 NLA.RA20.ABCLocal._proof_1,
 NLA.RA20.ABCCoordinateRing,
 NLA.RA20.ABCPoly,
 NLA.RA20.abcIdeal,
 NLA.RA20.ABCPolynomialLocal,
 NLA.RA20.ABCLocal,
 NLA.RA20.abcPreimagePrime,
 NLA.RA20.ABCPolynomialLocal._proof_1,
 NLA.RA20.ABCLocal._proof_1,
 NLA.RA20.abcLocalizationMap._proof_1,
 NLA.RA20.abcLocalizationMap._proof_2,
 NLA.RA20.abcLocalizationMap._proof_3,
 NLA.RA20.abcPreimagePrime._proof_1,
 NLA.RA20.abcLocalizationMap._proof_5,
 NLA.RA20.abcLocalizationMap._proof_6]
ACTUAL_PROOF_EDGE NLA.RA20.abcLocalizationMap._proof_1: [NLA.RA20.ABCCoordinateRing,
 NLA.RA20.ABCPoly,
 NLA.RA20.abcIdeal,
 NLA.RA20.abcPreimagePrime._proof_1,
 NLA.RA20.abcPreimagePrime._proof_2,
 NLA.RA20.ABCCoordinateRing,
 NLA.RA20.ABCPoly,
 NLA.RA20.abcIdeal,
 NLA.RA20.abcPreimagePrime._proof_1,
 NLA.RA20.abcPreimagePrime._proof_2]
ACTUAL_PROOF_EDGE NLA.RA20.abcLocalizationMap._proof_2: [NLA.RA20.ABCCoordinateRing,
 NLA.RA20.ABCPoly,
 NLA.RA20.abcIdeal,
 NLA.RA20.abcPreimagePrime,
 NLA.RA20.abcLocalizationMap._proof_1,
 NLA.RA20.ABCCoordinateRing,
 NLA.RA20.ABCPoly,
 NLA.RA20.abcIdeal,
 NLA.RA20.abcPreimagePrime,
 NLA.RA20.abcPreimagePrime._proof_1,
 NLA.RA20.abcPreimagePrime._proof_2]
ACTUAL_PROOF_EDGE NLA.RA20.abcLocalizationMap._proof_3: [NLA.RA20.ABCCoordinateRing,
 NLA.RA20.ABCPoly,
 NLA.RA20.abcIdeal,
 NLA.RA20.ABCLocal._proof_1,
 NLA.RA20.ABCCoordinateRing,
 NLA.RA20.ABCPoly,
 NLA.RA20.abcIdeal]
ACTUAL_PROOF_EDGE NLA.RA20.abcLocalizationMap._proof_5: [NLA.RA20.ABCCoordinateRing,
 NLA.RA20.ABCPoly,
 NLA.RA20.abcIdeal,
 NLA.RA20.abcPreimagePrime,
 NLA.RA20.abcLocalizationMap._proof_1,
 NLA.RA20.abcPreimagePrime._proof_1,
 NLA.RA20.abcLocalizationMap._proof_4,
 NLA.RA20.ABCLocal._proof_1,
 NLA.RA20.ABCCoordinateRing,
 NLA.RA20.ABCPoly,
 NLA.RA20.abcIdeal,
 NLA.RA20.abcPreimagePrime,
 NLA.RA20.abcPreimagePrime._proof_1,
 NLA.RA20.abcPreimagePrime._proof_2]
ACTUAL_PROOF_EDGE NLA.RA20.abcLocalizationMap._proof_4: [NLA.RA20.ABCPoly,
 NLA.RA20.abcIdeal,
 NLA.RA20.abcPreimagePrime._proof_1,
 NLA.RA20.ABCPoly,
 NLA.RA20.abcIdeal]
ACTUAL_PROOF_EDGE NLA.RA20.abcLocalizationMap._proof_6: [NLA.RA20.ABCCoordinateRing,
 NLA.RA20.ABCPoly,
 NLA.RA20.abcIdeal,
 NLA.RA20.ABCLocal,
 NLA.RA20.ABCPolynomialLocal,
 NLA.RA20.abcPreimagePrime,
 NLA.RA20.ABCPolynomialLocal._proof_1,
 NLA.RA20.ABCLocal._proof_1,
 NLA.RA20.abcLocalizationMap._proof_1,
 NLA.RA20.abcLocalizationMap._proof_2,
 NLA.RA20.abcLocalizationMap._proof_3,
 NLA.RA20.abcPreimagePrime._proof_1,
 NLA.RA20.ABCCoordinateRing,
 NLA.RA20.ABCPoly,
 NLA.RA20.abcIdeal,
 NLA.RA20.ABCLocal,
 NLA.RA20.ABCPolynomialLocal,
 NLA.RA20.abcPreimagePrime,
 NLA.RA20.ABCPolynomialLocal._proof_1,
 NLA.RA20.ABCLocal._proof_1,
 NLA.RA20.abcPreimagePrime._proof_1,
 NLA.RA20.abcPreimagePrime._proof_2]
ACTUAL_PROOF_EDGE NLA.RA20.abcLocalizationMap_surjective: [NLA.RA20.ABCCoordinateRing,
 NLA.RA20.ABCPoly,
 NLA.RA20.abcIdeal,
 NLA.RA20.ABCPolynomialLocal,
 NLA.RA20.ABCLocal,
 NLA.RA20.abcPreimagePrime,
 NLA.RA20.ABCPolynomialLocal._proof_1,
 NLA.RA20.ABCLocal._proof_1,
 NLA.RA20.abcLocalizationMap,
 NLA.RA20.ABCCoordinateRing,
 NLA.RA20.ABCPoly,
 NLA.RA20.abcIdeal,
 NLA.RA20.abcPreimagePrime,
 NLA.RA20.abcPreimagePrime._proof_1,
 NLA.RA20.abcPreimagePrime._proof_2,
 NLA.RA20.ABCLocal,
 NLA.RA20.ABCLocal._proof_1,
 NLA.RA20.abc_complement_map,
 NLA.RA20.ABCPolynomialLocal,
 NLA.RA20.ABCPolynomialLocal._proof_1]
ACTUAL_PROOF_EDGE NLA.RA20.abc_complement_map: [NLA.RA20.ABCCoordinateRing,
 NLA.RA20.ABCPoly,
 NLA.RA20.abcIdeal,
 NLA.RA20.abcPreimagePrime,
 NLA.RA20.abcPreimagePrime._proof_1,
 NLA.RA20.abcPreimagePrime._proof_2,
 NLA.RA20.ABCCoordinateRing,
 NLA.RA20.ABCPoly,
 NLA.RA20.abcIdeal,
 NLA.RA20.abcPreimagePrime,
 NLA.RA20.abcPreimagePrime._proof_1,
 NLA.RA20.abcPreimagePrime._proof_2]
ACTUAL_PROOF_EDGE NLA.RA20.abc_local_product_ne_zero: [NLA.RA20.ABCCoordinateRing,
 NLA.RA20.ABCPoly,
 NLA.RA20.abcIdeal,
 NLA.RA20.ABCPolynomialLocal,
 NLA.RA20.abcPreimagePrime,
 NLA.RA20.ABCPolynomialLocal._proof_1,
 NLA.RA20.ABCCoordinateRing,
 NLA.RA20.ABCPoly,
 NLA.RA20.abcIdeal,
 NLA.RA20.ABCPolynomialLocal,
 NLA.RA20.abcPreimagePrime,
 NLA.RA20.ABCPolynomialLocal._proof_1]
ACTUAL_PROOF_EDGE NLA.RA20.abcLocalizationMap_ker: [NLA.RA20.ABCCoordinateRing,
 NLA.RA20.ABCPoly,
 NLA.RA20.abcIdeal,
 NLA.RA20.ABCPolynomialLocal,
 NLA.RA20.abcPreimagePrime,
 NLA.RA20.ABCPolynomialLocal._proof_1,
 NLA.RA20.ABCLocal,
 NLA.RA20.ABCLocal._proof_1,
 NLA.RA20.abcLocalizationMap,
 NLA.RA20.abcPolynomial,
 NLA.RA20.ABCCoordinateRing,
 NLA.RA20.ABCPoly,
 NLA.RA20.abcIdeal,
 NLA.RA20.ABCPolynomialLocal,
 NLA.RA20.abcPreimagePrime,
 NLA.RA20.ABCPolynomialLocal._proof_1,
 NLA.RA20.ABCLocal,
 NLA.RA20.ABCLocal._proof_1,
 NLA.RA20.abcPreimagePrime._proof_1,
 NLA.RA20.abcPreimagePrime._proof_2,
 NLA.RA20.abc_complement_map,
 NLA.RA20.abcLocalizationMap,
 NLA.RA20.abcPolynomial,
 NLA.RA20.abcLocalizationMap._proof_2,
 NLA.RA20.abcIdeal.eq_1]
ACTUAL_PROOF_EDGE NLA.RA20.abcIdeal.eq_1: [NLA.RA20.ABCPoly,
 NLA.RA20.abcIdeal,
 NLA.RA20.abcPolynomial,
 NLA.RA20.ABCPoly,
 NLA.RA20.abcIdeal]
ACTUAL_PROOF_EDGE NLA.RA20.abcLocalEvaluation: [NLA.RA20.ABCCoordinateRing,
 NLA.RA20.ABCPoly,
 NLA.RA20.abcIdeal,
 NLA.RA20.ABCPolynomialLocal,
 NLA.RA20.abcPreimagePrime,
 NLA.RA20.ABCPolynomialLocal._proof_1,
 NLA.RA20.ABCCoordinateRing,
 NLA.RA20.ABCPoly,
 NLA.RA20.abcIdeal,
 NLA.RA20.abcPreimagePrime._proof_1,
 NLA.RA20.abcPreimagePrime,
 NLA.RA20.abcLocalizationMap._proof_1,
 NLA.RA20.ABCPolynomialLocal,
 NLA.RA20.ABCPolynomialLocal._proof_1,
 NLA.RA20.abcLocalEvaluation._proof_3,
 NLA.RA20.abcLocalizationMap._proof_2,
 NLA.RA20.abcLocalEvaluation._proof_4]
ACTUAL_PROOF_EDGE NLA.RA20.abcLocalEvaluation._proof_3: [NLA.RA20.ABCCoordinateRing,
 NLA.RA20.ABCPoly,
 NLA.RA20.abcIdeal,
 NLA.RA20.abcPreimagePrime,
 NLA.RA20.ABCPolynomialLocal._proof_1,
 NLA.RA20.abcLocalEvaluation._proof_1,
 NLA.RA20.abcLocalEvaluation._proof_2,
 NLA.RA20.ABCCoordinateRing,
 NLA.RA20.ABCPoly,
 NLA.RA20.abcIdeal,
 NLA.RA20.abcPreimagePrime,
 NLA.RA20.ABCPolynomialLocal._proof_1]
ACTUAL_PROOF_EDGE NLA.RA20.abcLocalEvaluation._proof_1: [NLA.RA20.ABCPoly, NLA.RA20.ABCPoly]
ACTUAL_PROOF_EDGE NLA.RA20.abcLocalEvaluation._proof_2: [NLA.RA20.ABCPoly, NLA.RA20.ABCPoly]
ACTUAL_PROOF_EDGE NLA.RA20.abcLocalEvaluation._proof_4: [NLA.RA20.ABCCoordinateRing,
 NLA.RA20.ABCPoly,
 NLA.RA20.abcIdeal,
 NLA.RA20.abcPreimagePrime._proof_1,
 NLA.RA20.abcPreimagePrime,
 NLA.RA20.abcLocalizationMap._proof_1,
 NLA.RA20.ABCCoordinateRing,
 NLA.RA20.ABCPoly,
 NLA.RA20.abcIdeal,
 NLA.RA20.abcPreimagePrime._proof_1,
 NLA.RA20.abcPreimagePrime,
 NLA.RA20.abcPreimagePrime._proof_2,
 NLA.RA20.abc_prime_mem_iff]
ACTUAL_PROOF_EDGE NLA.RA20.abcLocalEvaluation_algebraMap: [NLA.RA20.ABCCoordinateRing,
 NLA.RA20.ABCPoly,
 NLA.RA20.abcIdeal,
 NLA.RA20.ABCPolynomialLocal,
 NLA.RA20.abcPreimagePrime,
 NLA.RA20.ABCPolynomialLocal._proof_1,
 NLA.RA20.abcLocalEvaluation,
 NLA.RA20.ABCCoordinateRing,
 NLA.RA20.ABCPoly,
 NLA.RA20.abcIdeal,
 NLA.RA20.abcPreimagePrime,
 NLA.RA20.abcLocalizationMap._proof_1,
 NLA.RA20.ABCPolynomialLocal,
 NLA.RA20.ABCPolynomialLocal._proof_1,
 NLA.RA20.abcLocalizationMap._proof_2,
 NLA.RA20.abcLocalEvaluation._proof_4]
ACTUAL_PROOF_EDGE NLA.RA20.abc_local_smooth: [NLA.RA20.ABCCoordinateRing,
 NLA.RA20.ABCPoly,
 NLA.RA20.abcIdeal,
 NLA.RA20.ABCLocal,
 NLA.RA20.ABCLocal._proof_1,
 NLA.RA20.ABCCoordinateRing,
 NLA.RA20.ABCPoly,
 NLA.RA20.abcIdeal,
 NLA.RA20.formallySmooth_of_retraction,
 NLA.RA20.ABCPolynomialLocal,
 NLA.RA20.ABCLocal,
 NLA.RA20.abcPreimagePrime,
 NLA.RA20.ABCPolynomialLocal._proof_1,
 NLA.RA20.ABCLocal._proof_1,
 NLA.RA20.abcLocalizationMap,
 NLA.RA20.abcLocalChart,
 NLA.RA20.abcLocalChart_retraction]
ACTUAL_PROOF_EDGE NLA.RA20.formallySmooth_of_retraction: []
ACTUAL_PROOF_EDGE NLA.RA20.abcLocalChart: [NLA.RA20.ABCCoordinateRing,
 NLA.RA20.ABCPoly,
 NLA.RA20.abcIdeal,
 NLA.RA20.ABCLocal,
 NLA.RA20.ABCPolynomialLocal,
 NLA.RA20.ABCLocal._proof_1,
 NLA.RA20.abcPreimagePrime,
 NLA.RA20.ABCPolynomialLocal._proof_1,
 NLA.RA20.ABCCoordinateRing,
 NLA.RA20.ABCPoly,
 NLA.RA20.abcIdeal,
 NLA.RA20.abcPreimagePrime._proof_1,
 NLA.RA20.ABCLocal._proof_1,
 NLA.RA20.ABCLocal,
 NLA.RA20.abcLocalChart._proof_3,
 NLA.RA20.ABCPolynomialLocal,
 NLA.RA20.abcPreimagePrime,
 NLA.RA20.ABCPolynomialLocal._proof_1,
 NLA.RA20.abcLocalChart._proof_4,
 NLA.RA20.abcChart,
 NLA.RA20.abcChart_unit]
ACTUAL_PROOF_EDGE NLA.RA20.abcLocalChart._proof_3: [NLA.RA20.ABCCoordinateRing,
 NLA.RA20.ABCPoly,
 NLA.RA20.abcIdeal,
 NLA.RA20.ABCLocal._proof_1,
 NLA.RA20.abcLocalChart._proof_1,
 NLA.RA20.abcLocalChart._proof_2,
 NLA.RA20.ABCCoordinateRing,
 NLA.RA20.ABCPoly,
 NLA.RA20.abcIdeal,
 NLA.RA20.ABCLocal._proof_1]
ACTUAL_PROOF_EDGE NLA.RA20.abcLocalChart._proof_1: [NLA.RA20.ABCCoordinateRing,
 NLA.RA20.ABCPoly,
 NLA.RA20.abcIdeal,
 NLA.RA20.ABCCoordinateRing,
 NLA.RA20.ABCPoly,
 NLA.RA20.abcIdeal]
ACTUAL_PROOF_EDGE NLA.RA20.abcLocalChart._proof_2: [NLA.RA20.ABCCoordinateRing,
 NLA.RA20.ABCPoly,
 NLA.RA20.abcIdeal,
 NLA.RA20.ABCCoordinateRing,
 NLA.RA20.ABCPoly,
 NLA.RA20.abcIdeal]
ACTUAL_PROOF_EDGE NLA.RA20.abcLocalChart._proof_4: [NLA.RA20.ABCCoordinateRing,
 NLA.RA20.ABCPoly,
 NLA.RA20.abcIdeal,
 NLA.RA20.ABCLocal._proof_1,
 NLA.RA20.ABCCoordinateRing,
 NLA.RA20.ABCPoly,
 NLA.RA20.abcIdeal]
ACTUAL_PROOF_EDGE NLA.RA20.abcChart: [NLA.RA20.ABCCoordinateRing,
 NLA.RA20.ABCPoly,
 NLA.RA20.abcIdeal,
 NLA.RA20.ABCPolynomialLocal,
 NLA.RA20.abcPreimagePrime,
 NLA.RA20.ABCPolynomialLocal._proof_1,
 NLA.RA20.ABCCoordinateRing,
 NLA.RA20.ABCPoly,
 NLA.RA20.abcIdeal,
 NLA.RA20.ABCPolynomialLocal,
 NLA.RA20.abcPreimagePrime,
 NLA.RA20.ABCPolynomialLocal._proof_1,
 NLA.RA20.abcPreimagePrime._proof_1,
 NLA.RA20.abcChart._proof_1,
 NLA.RA20.abcErase,
 NLA.RA20.abcChart._proof_2]
ACTUAL_PROOF_EDGE NLA.RA20.abcChart._proof_1: [NLA.RA20.ABCCoordinateRing,
 NLA.RA20.ABCPoly,
 NLA.RA20.abcIdeal,
 NLA.RA20.abcPreimagePrime,
 NLA.RA20.ABCPolynomialLocal._proof_1,
 NLA.RA20.abcLocalEvaluation._proof_1,
 NLA.RA20.abcLocalEvaluation._proof_2,
 NLA.RA20.ABCCoordinateRing,
 NLA.RA20.ABCPoly,
 NLA.RA20.abcIdeal,
 NLA.RA20.abcPreimagePrime,
 NLA.RA20.ABCPolynomialLocal._proof_1]
ACTUAL_PROOF_EDGE NLA.RA20.abcErase: [NLA.RA20.ABCPoly, NLA.RA20.ABCPoly]
ACTUAL_PROOF_EDGE NLA.RA20.abcChart._proof_2: [NLA.RA20.ABCCoordinateRing,
 NLA.RA20.ABCPoly,
 NLA.RA20.abcIdeal,
 NLA.RA20.ABCPolynomialLocal,
 NLA.RA20.abcPreimagePrime,
 NLA.RA20.ABCPolynomialLocal._proof_1,
 NLA.RA20.abcChart._proof_1,
 NLA.RA20.abcErase,
 NLA.RA20.ABCCoordinateRing,
 NLA.RA20.ABCPoly,
 NLA.RA20.abcIdeal,
 NLA.RA20.abcPolynomial,
 NLA.RA20.ABCPolynomialLocal,
 NLA.RA20.abcPreimagePrime,
 NLA.RA20.ABCPolynomialLocal._proof_1,
 NLA.RA20.abcErase,
 NLA.RA20.abcErase_relation]
ACTUAL_PROOF_EDGE NLA.RA20.abcErase_relation: [NLA.RA20.ABCPoly,
 NLA.RA20.abcErase,
 NLA.RA20.abcPolynomial,
 NLA.RA20.ABCPoly,
 NLA.RA20.abcErase,
 NLA.RA20.abcPolynomial,
 NLA.RA20.abcPolynomial._proof_1,
 NLA.RA20.abcErase_X]
ACTUAL_PROOF_EDGE NLA.RA20.abcErase_X: [NLA.RA20.ABCPoly, NLA.RA20.abcErase, NLA.RA20.ABCPoly, NLA.RA20.abcErase]
ACTUAL_PROOF_EDGE NLA.RA20.abcChart_unit: [NLA.RA20.ABCCoordinateRing,
 NLA.RA20.ABCPoly,
 NLA.RA20.abcIdeal,
 NLA.RA20.ABCPolynomialLocal,
 NLA.RA20.abcPreimagePrime,
 NLA.RA20.ABCPolynomialLocal._proof_1,
 NLA.RA20.abcChart,
 NLA.RA20.ABCCoordinateRing,
 NLA.RA20.ABCPoly,
 NLA.RA20.abcIdeal,
 NLA.RA20.ABCPolynomialLocal,
 NLA.RA20.abcPreimagePrime,
 NLA.RA20.ABCPolynomialLocal._proof_1,
 NLA.RA20.abcChart,
 NLA.RA20.abcPreimagePrime._proof_1,
 NLA.RA20.abcPreimagePrime._proof_2,
 NLA.RA20.abcErase,
 NLA.RA20.abc_prime_mem_iff,
 NLA.RA20.abc_eval_erase,
 NLA.RA20.abcChart_mk]
ACTUAL_PROOF_EDGE NLA.RA20.abc_eval_erase: [NLA.RA20.ABCPoly,
 NLA.RA20.abcErase,
 NLA.RA20.ABCPoly,
 NLA.RA20.abcErase,
 NLA.RA20.abcErase_X]
ACTUAL_PROOF_EDGE NLA.RA20.abcChart_mk: [NLA.RA20.ABCCoordinateRing,
 NLA.RA20.ABCPoly,
 NLA.RA20.abcIdeal,
 NLA.RA20.ABCPolynomialLocal,
 NLA.RA20.abcPreimagePrime,
 NLA.RA20.ABCPolynomialLocal._proof_1,
 NLA.RA20.abcChart,
 NLA.RA20.abcErase,
 NLA.RA20.ABCCoordinateRing,
 NLA.RA20.ABCPoly,
 NLA.RA20.abcIdeal,
 NLA.RA20.ABCPolynomialLocal,
 NLA.RA20.abcPreimagePrime,
 NLA.RA20.ABCPolynomialLocal._proof_1,
 NLA.RA20.abcChart]
ACTUAL_PROOF_EDGE NLA.RA20.abcLocalChart_retraction: [NLA.RA20.ABCCoordinateRing,
 NLA.RA20.ABCPoly,
 NLA.RA20.abcIdeal,
 NLA.RA20.ABCLocal,
 NLA.RA20.ABCLocal._proof_1,
 NLA.RA20.ABCPolynomialLocal,
 NLA.RA20.abcPreimagePrime,
 NLA.RA20.ABCPolynomialLocal._proof_1,
 NLA.RA20.abcLocalizationMap,
 NLA.RA20.abcLocalChart,
 NLA.RA20.ABCCoordinateRing,
 NLA.RA20.ABCPoly,
 NLA.RA20.abcIdeal,
 NLA.RA20.ABCLocal,
 NLA.RA20.ABCLocal._proof_1,
 NLA.RA20.ABCPolynomialLocal,
 NLA.RA20.abcPreimagePrime,
 NLA.RA20.ABCPolynomialLocal._proof_1,
 NLA.RA20.abcLocalizationMap,
 NLA.RA20.abcErase,
 NLA.RA20.abcErase_X,
 NLA.RA20.abc_local_coordinate_zero,
 NLA.RA20.abcLocalChart,
 NLA.RA20.abcChart,
 NLA.RA20.abcLocalChart_algebraMap,
 NLA.RA20.abcChart_mk,
 NLA.RA20.abcLocalizationMap_algebraMap]
ACTUAL_PROOF_EDGE NLA.RA20.abc_local_coordinate_zero: [NLA.RA20.ABCCoordinateRing,
 NLA.RA20.ABCPoly,
 NLA.RA20.abcIdeal,
 NLA.RA20.ABCLocal,
 NLA.RA20.ABCPolynomialLocal,
 NLA.RA20.abcPreimagePrime,
 NLA.RA20.ABCPolynomialLocal._proof_1,
 NLA.RA20.ABCLocal._proof_1,
 NLA.RA20.abcLocalizationMap,
 NLA.RA20.ABCCoordinateRing,
 NLA.RA20.ABCPoly,
 NLA.RA20.abcIdeal,
 NLA.RA20.ABCLocal,
 NLA.RA20.ABCPolynomialLocal,
 NLA.RA20.abcPreimagePrime,
 NLA.RA20.ABCPolynomialLocal._proof_1,
 NLA.RA20.ABCLocal._proof_1,
 NLA.RA20.abcLocalizationMap,
 NLA.RA20.abc_local_coordinate_unit,
 NLA.RA20.abcLocalizationMap_algebraMap,
 NLA.RA20.abcPolynomial]
ACTUAL_PROOF_EDGE NLA.RA20.abc_local_coordinate_unit: [NLA.RA20.ABCCoordinateRing,
 NLA.RA20.ABCPoly,
 NLA.RA20.abcIdeal,
 NLA.RA20.ABCLocal,
 NLA.RA20.ABCLocal._proof_1,
 NLA.RA20.ABCPolynomialLocal,
 NLA.RA20.abcPreimagePrime,
 NLA.RA20.ABCPolynomialLocal._proof_1,
 NLA.RA20.abcLocalizationMap,
 NLA.RA20.ABCCoordinateRing,
 NLA.RA20.ABCPoly,
 NLA.RA20.abcIdeal,
 NLA.RA20.ABCLocal,
 NLA.RA20.ABCLocal._proof_1,
 NLA.RA20.ABCPolynomialLocal,
 NLA.RA20.abcPreimagePrime,
 NLA.RA20.ABCPolynomialLocal._proof_1,
 NLA.RA20.abcLocalizationMap,
 NLA.RA20.abcLocalizationMap_algebraMap,
 NLA.RA20.abc_prime_mem_iff]
ACTUAL_PROOF_EDGE NLA.RA20.abcLocalizationMap_algebraMap: [NLA.RA20.ABCCoordinateRing,
 NLA.RA20.ABCPoly,
 NLA.RA20.abcIdeal,
 NLA.RA20.ABCLocal,
 NLA.RA20.ABCPolynomialLocal,
 NLA.RA20.abcPreimagePrime,
 NLA.RA20.ABCPolynomialLocal._proof_1,
 NLA.RA20.ABCLocal._proof_1,
 NLA.RA20.abcLocalizationMap,
 NLA.RA20.ABCCoordinateRing,
 NLA.RA20.ABCPoly,
 NLA.RA20.abcIdeal,
 NLA.RA20.abcPreimagePrime,
 NLA.RA20.abcPreimagePrime._proof_1,
 NLA.RA20.abcPreimagePrime._proof_2,
 NLA.RA20.ABCPolynomialLocal,
 NLA.RA20.ABCPolynomialLocal._proof_1,
 NLA.RA20.ABCLocal,
 NLA.RA20.ABCLocal._proof_1]
ACTUAL_PROOF_EDGE NLA.RA20.abcLocalChart_algebraMap: [NLA.RA20.ABCCoordinateRing,
 NLA.RA20.ABCPoly,
 NLA.RA20.abcIdeal,
 NLA.RA20.ABCPolynomialLocal,
 NLA.RA20.ABCLocal,
 NLA.RA20.ABCLocal._proof_1,
 NLA.RA20.abcPreimagePrime,
 NLA.RA20.ABCPolynomialLocal._proof_1,
 NLA.RA20.abcLocalChart,
 NLA.RA20.abcChart,
 NLA.RA20.ABCCoordinateRing,
 NLA.RA20.ABCPoly,
 NLA.RA20.abcIdeal,
 NLA.RA20.ABCLocal._proof_1,
 NLA.RA20.ABCLocal,
 NLA.RA20.ABCPolynomialLocal,
 NLA.RA20.abcPreimagePrime,
 NLA.RA20.ABCPolynomialLocal._proof_1,
 NLA.RA20.abcLocalChart._proof_4,
 NLA.RA20.abcChart,
 NLA.RA20.abcChart_unit]
ACTUAL_PROOF_EDGE NLA.RA20.abcPoint_comap: [NLA.RA20.ABCPoly,
 NLA.RA20.abcIdeal,
 NLA.RA20.abcPoint,
 NLA.RA20.ABCPoly,
 NLA.RA20.abcIdeal,
 NLA.RA20.abcPoint,
 NLA.RA20.ABCCoordinateRing,
 NLA.RA20.abcEvaluation,
 NLA.RA20.abcEvaluation_mk]
REQUIRED_MATERIAL_DEPENDENCY NLA.RA20.SmoothPoint
REQUIRED_MATERIAL_DEPENDENCY NLA.RA20.definingIdeal
REQUIRED_MATERIAL_DEPENDENCY NLA.RA20.variety
REQUIRED_MATERIAL_DEPENDENCY NLA.RA20.abc_smooth_locus_iff
REQUIRED_MATERIAL_DEPENDENCY NLA.RA20.abc_local_not_smooth
REQUIRED_MATERIAL_DEPENDENCY NLA.RA20.abc_local_smooth
REQUIRED_MATERIAL_DEPENDENCY NLA.RA20.triple_product_not_formallySmooth
REQUIRED_MATERIAL_DEPENDENCY NLA.RA20.abcLocalizationMap_surjective
REQUIRED_MATERIAL_DEPENDENCY NLA.RA20.abcLocalizationMap_ker
REQUIRED_MATERIAL_DEPENDENCY NLA.RA20.abcLocalChart_retraction
REQUIRED_MATERIAL_DEPENDENCY NLA.RA20.formallySmooth_of_retraction
REQUIRED_MATERIAL_DEPENDENCY NLA.RA20.abcPoint_comap
REQUIRED_MATERIAL_DEPENDENCY NLA.RA20.reducedPoint_comap
REQUIRED_MATERIAL_DEPENDENCY NLA.RA20.reducedCoordinateEquiv
REQUIRED_MATERIAL_DEPENDENCY NLA.RA20.definingIdeal_eq_comap_abcIdeal
REQUIRED_MATERIAL_DEPENDENCY NLA.RA20.abcIdeal_vanishing
REQUIRED_MATERIAL_DEPENDENCY NLA.RA20.abcPolynomial_squarefree
REQUIRED_MATERIAL_DEPENDENCY NLA.RA20.smoothLocus_comap_algEquiv
REQUIRED_MATERIAL_DEPENDENCY Algebra.smoothLocus
REQUIRED_MATERIAL_DEPENDENCY MvPolynomial.vanishingIdeal
REQUIRED_MATERIAL_DEPENDENCY MvPolynomial.pointToPoint
REQUIRED_MATERIAL_DEPENDENCY MvPolynomial.vanishingIdeal_zeroLocus_eq_radical
REQUIRED_MATERIAL_DEPENDENCY Algebra.FormallySmooth.iff_split_surjection
REQUIRED_MATERIAL_DEPENDENCY Algebra.FormallySmooth.of_comp_surjective
REQUIRED_MATERIAL_DEPENDENCY Algebra.FormallySmooth.comp_surjective
REQUIRED_MATERIAL_DEPENDENCY Algebra.FormallySmooth.iff_of_equiv
REQUIRED_MATERIAL_DEPENDENCY IsLocalization.algEquivOfAlgEquiv
REQUIRED_MATERIAL_DEPENDENCY IsLocalization.ker_map
REQUIRED_MATERIAL_DEPENDENCY IsLocalization.map_surjective_of_surjective
REQUIRED_MATERIAL_DEPENDENCY PrimeSpectrum.comap_injective_of_surjective
ACTUAL_PROJECT_DECLARATIONS: 111
NLA.RA20.algebraic_smooth_locus_proved
  (X : NLA.RA20.Mat (@OfNat.ofNat.{0} Nat (nat_lit 3) (instOfNatNat (nat_lit 3)))) :
  Iff
    (NLA.RA20.SmoothPoint (@OfNat.ofNat.{0} Nat (nat_lit 3) (instOfNatNat (nat_lit 3)))
      (@OfNat.ofNat.{0} Nat (nat_lit 3) (instOfNatNat (nat_lit 3))) X)
    (And
      (@Eq.{1} (NLA.RA20.Mat (@OfNat.ofNat.{0} Nat (nat_lit 3) (instOfNatNat (nat_lit 3)))) X
        (@NLA.RA20.hollow.{0} Complex Complex.instZero
          (X
            (@OfNat.ofNat.{0} (Fin (@OfNat.ofNat.{0} Nat (nat_lit 3) (instOfNatNat (nat_lit 3)))) (nat_lit 0)
              (@Fin.instOfNat (@OfNat.ofNat.{0} Nat (nat_lit 3) (instOfNatNat (nat_lit 3)))
                (@Nat.instNeZeroSucc (@OfNat.ofNat.{0} Nat (nat_lit 2) (instOfNatNat (nat_lit 2)))) (nat_lit 0)))
            (@OfNat.ofNat.{0} (Fin (@OfNat.ofNat.{0} Nat (nat_lit 3) (instOfNatNat (nat_lit 3)))) (nat_lit 1)
              (@Fin.instOfNat (@OfNat.ofNat.{0} Nat (nat_lit 3) (instOfNatNat (nat_lit 3)))
                (@Nat.instNeZeroSucc (@OfNat.ofNat.{0} Nat (nat_lit 2) (instOfNatNat (nat_lit 2)))) (nat_lit 1))))
          (X
            (@OfNat.ofNat.{0} (Fin (@OfNat.ofNat.{0} Nat (nat_lit 3) (instOfNatNat (nat_lit 3)))) (nat_lit 0)
              (@Fin.instOfNat (@OfNat.ofNat.{0} Nat (nat_lit 3) (instOfNatNat (nat_lit 3)))
                (@Nat.instNeZeroSucc (@OfNat.ofNat.{0} Nat (nat_lit 2) (instOfNatNat (nat_lit 2)))) (nat_lit 0)))
            (@OfNat.ofNat.{0} (Fin (@OfNat.ofNat.{0} Nat (nat_lit 3) (instOfNatNat (nat_lit 3)))) (nat_lit 2)
              (@Fin.instOfNat (@OfNat.ofNat.{0} Nat (nat_lit 3) (instOfNatNat (nat_lit 3)))
                (@Nat.instNeZeroSucc (@OfNat.ofNat.{0} Nat (nat_lit 2) (instOfNatNat (nat_lit 2)))) (nat_lit 2))))
          (X
            (@OfNat.ofNat.{0} (Fin (@OfNat.ofNat.{0} Nat (nat_lit 3) (instOfNatNat (nat_lit 3)))) (nat_lit 1)
              (@Fin.instOfNat (@OfNat.ofNat.{0} Nat (nat_lit 3) (instOfNatNat (nat_lit 3)))
                (@Nat.instNeZeroSucc (@OfNat.ofNat.{0} Nat (nat_lit 2) (instOfNatNat (nat_lit 2)))) (nat_lit 1)))
            (@OfNat.ofNat.{0} (Fin (@OfNat.ofNat.{0} Nat (nat_lit 3) (instOfNatNat (nat_lit 3)))) (nat_lit 2)
              (@Fin.instOfNat (@OfNat.ofNat.{0} Nat (nat_lit 3) (instOfNatNat (nat_lit 3)))
                (@Nat.instNeZeroSucc (@OfNat.ofNat.{0} Nat (nat_lit 2) (instOfNatNat (nat_lit 2)))) (nat_lit 2))))))
      (NLA.RA20.ExactlyOneZero
        (X
          (@OfNat.ofNat.{0} (Fin (@OfNat.ofNat.{0} Nat (nat_lit 3) (instOfNatNat (nat_lit 3)))) (nat_lit 0)
            (@Fin.instOfNat (@OfNat.ofNat.{0} Nat (nat_lit 3) (instOfNatNat (nat_lit 3)))
              (@Nat.instNeZeroSucc (@OfNat.ofNat.{0} Nat (nat_lit 2) (instOfNatNat (nat_lit 2)))) (nat_lit 0)))
          (@OfNat.ofNat.{0} (Fin (@OfNat.ofNat.{0} Nat (nat_lit 3) (instOfNatNat (nat_lit 3)))) (nat_lit 1)
            (@Fin.instOfNat (@OfNat.ofNat.{0} Nat (nat_lit 3) (instOfNatNat (nat_lit 3)))
              (@Nat.instNeZeroSucc (@OfNat.ofNat.{0} Nat (nat_lit 2) (instOfNatNat (nat_lit 2)))) (nat_lit 1))))
        (X
          (@OfNat.ofNat.{0} (Fin (@OfNat.ofNat.{0} Nat (nat_lit 3) (instOfNatNat (nat_lit 3)))) (nat_lit 0)
            (@Fin.instOfNat (@OfNat.ofNat.{0} Nat (nat_lit 3) (instOfNatNat (nat_lit 3)))
              (@Nat.instNeZeroSucc (@OfNat.ofNat.{0} Nat (nat_lit 2) (instOfNatNat (nat_lit 2)))) (nat_lit 0)))
          (@OfNat.ofNat.{0} (Fin (@OfNat.ofNat.{0} Nat (nat_lit 3) (instOfNatNat (nat_lit 3)))) (nat_lit 2)
            (@Fin.instOfNat (@OfNat.ofNat.{0} Nat (nat_lit 3) (instOfNatNat (nat_lit 3)))
              (@Nat.instNeZeroSucc (@OfNat.ofNat.{0} Nat (nat_lit 2) (instOfNatNat (nat_lit 2)))) (nat_lit 2))))
        (X
          (@OfNat.ofNat.{0} (Fin (@OfNat.ofNat.{0} Nat (nat_lit 3) (instOfNatNat (nat_lit 3)))) (nat_lit 1)
            (@Fin.instOfNat (@OfNat.ofNat.{0} Nat (nat_lit 3) (instOfNatNat (nat_lit 3)))
              (@Nat.instNeZeroSucc (@OfNat.ofNat.{0} Nat (nat_lit 2) (instOfNatNat (nat_lit 2)))) (nat_lit 1)))
          (@OfNat.ofNat.{0} (Fin (@OfNat.ofNat.{0} Nat (nat_lit 3) (instOfNatNat (nat_lit 3)))) (nat_lit 2)
            (@Fin.instOfNat (@OfNat.ofNat.{0} Nat (nat_lit 3) (instOfNatNat (nat_lit 3)))
              (@Nat.instNeZeroSucc (@OfNat.ofNat.{0} Nat (nat_lit 2) (instOfNatNat (nat_lit 2)))) (nat_lit 2))))))
Algebra.FormallySmooth.iff_split_surjection.{u, v, u_2} {R : Type u} {A : Type v} [CommRing R] [CommRing A]
  [Algebra R A] {P : Type u_2} [CommRing P] [Algebra R P] [Algebra.FormallySmooth R P] (f : P →ₐ[R] A)
  (hf : Function.Surjective ⇑f) : Algebra.FormallySmooth R A ↔ ∃ g, f.kerSquareLift.comp g = AlgHom.id R A
IsLocalization.ker_map.{u_1, u_2, u_3, u_4} {R : Type u_1} {S : Type u_2} {P : Type u_3} (Q : Type u_4) [CommSemiring R]
  [CommSemiring S] [CommSemiring P] [CommSemiring Q] {M : Submonoid R} {T : Submonoid P} [Algebra R S] [Algebra P Q]
  [IsLocalization M S] [IsLocalization T Q] (g : R →+* P) (hT : Submonoid.map g M = T) :
  RingHom.ker (IsLocalization.map Q g ⋯) = Ideal.map (algebraMap R S) (RingHom.ker g)
IsLocalization.map_surjective_of_surjective.{u_1, u_2, u_3, u_4} {R : Type u_1} [CommSemiring R] (M : Submonoid R)
  (S : Type u_2) [CommSemiring S] [Algebra R S] {P : Type u_3} [CommSemiring P] [IsLocalization M S] {g : R →+* P}
  (Q : Type u_4) [CommSemiring Q] [Algebra P Q] (h : Function.Surjective ⇑g) [IsLocalization (Submonoid.map g M) Q] :
  Function.Surjective ⇑(IsLocalization.map Q g ⋯)
IsLocalization.algEquivOfAlgEquiv.{u_4, u_5, u_6, u_7, u_8} {A : Type u_4} [CommSemiring A] {R : Type u_5}
  [CommSemiring R] [Algebra A R] {M : Submonoid R} (S : Type u_6) [CommSemiring S] [Algebra A S] [Algebra R S]
  [IsScalarTower A R S] [IsLocalization M S] {P : Type u_7} [CommSemiring P] [Algebra A P] {T : Submonoid P}
  (Q : Type u_8) [CommSemiring Q] [Algebra A Q] [Algebra P Q] [IsScalarTower A P Q] [IsLocalization T Q] (h : R ≃ₐ[A] P)
  (H : Submonoid.map h M = T) : S ≃ₐ[A] Q
NLA.RA20.smoothLocus_comap_algEquiv.{u_1, u_2, u_3} {R : Type u_1} {A : Type u_2} {B : Type u_3} [CommRing R]
  [CommRing A] [CommRing B] [Algebra R A] [Algebra R B] (e : A ≃ₐ[R] B) (p : PrimeSpectrum B) :
  PrimeSpectrum.comap e.toRingEquiv.toRingHom p ∈ Algebra.smoothLocus R A ↔ p ∈ Algebra.smoothLocus R B
