/private/tmp/nla-lean-is03-worktree/eigenvalues-and-inverse-problems/IS-03/lean/NLA/IS03/Newton.lean:99:38: error: unsolved goals
ι : Type u_1
inst✝ : Fintype ι
μ : ι → ℂ
hcard : Fintype.card ι = 6
hprod : ∏ i, (X - C (μ i)) = map (algebraMap ℝ ℂ) derivativePolynomial
hc : ∀ k ≤ 6, (map (algebraMap ℝ ℂ) derivativePolynomial).coeff k = (-1) ^ (6 - k) * elementaryMoments μ (6 - k)
e1 : elementaryMoments μ 1 = 3 / 7
e2 : elementaryMoments μ 2 = -5 / 7
e3 : elementaryMoments μ 3 = -2 / 7
e4 : elementaryMoments μ 4 = -3 / 7
e5 : elementaryMoments μ 5 = -1 / 7
e6 : elementaryMoments μ 6 = 1 / 7
e7 : elementaryMoments μ 7 = 0
⊢ 3 / 7 =
    3 / 7 - ∑ x ∈ {(1, 0), (0, 1)} with 0 < x.1 ∧ x.1 = 0, (-1) ^ x.1 * elementaryMoments μ x.1 * powerMoments μ x.2
/private/tmp/nla-lean-is03-worktree/eigenvalues-and-inverse-problems/IS-03/lean/NLA/IS03/Newton.lean:102:40: error: unsolved goals
ι : Type u_1
inst✝ : Fintype ι
μ : ι → ℂ
hcard : Fintype.card ι = 6
hprod : ∏ i, (X - C (μ i)) = map (algebraMap ℝ ℂ) derivativePolynomial
hc : ∀ k ≤ 6, (map (algebraMap ℝ ℂ) derivativePolynomial).coeff k = (-1) ^ (6 - k) * elementaryMoments μ (6 - k)
e1 : elementaryMoments μ 1 = 3 / 7
e2 : elementaryMoments μ 2 = -5 / 7
e3 : elementaryMoments μ 3 = -2 / 7
e4 : elementaryMoments μ 4 = -3 / 7
e5 : elementaryMoments μ 5 = -1 / 7
e6 : elementaryMoments μ 6 = 1 / 7
e7 : elementaryMoments μ 7 = 0
s1 : powerMoments μ 1 = 3 / 7
⊢ 79 / 49 =
    10 / 7 -
      ∑ x ∈ {(2, 0), (1, 1), (0, 2)} with 0 < x.1 ∧ x.1 ≤ 1, (-1) ^ x.1 * elementaryMoments μ x.1 * powerMoments μ x.2
/private/tmp/nla-lean-is03-worktree/eigenvalues-and-inverse-problems/IS-03/lean/NLA/IS03/Newton.lean:105:41: error: unsolved goals
ι : Type u_1
inst✝ : Fintype ι
μ : ι → ℂ
hcard : Fintype.card ι = 6
hprod : ∏ i, (X - C (μ i)) = map (algebraMap ℝ ℂ) derivativePolynomial
hc : ∀ k ≤ 6, (map (algebraMap ℝ ℂ) derivativePolynomial).coeff k = (-1) ^ (6 - k) * elementaryMoments μ (6 - k)
e1 : elementaryMoments μ 1 = 3 / 7
e2 : elementaryMoments μ 2 = -5 / 7
e3 : elementaryMoments μ 3 = -2 / 7
e4 : elementaryMoments μ 4 = -3 / 7
e5 : elementaryMoments μ 5 = -1 / 7
e6 : elementaryMoments μ 6 = 1 / 7
e7 : elementaryMoments μ 7 = 0
s1 : powerMoments μ 1 = 3 / 7
s2 : powerMoments μ 2 = 79 / 49
⊢ 48 / 343 =
    -(6 / 7) -
      ∑ x ∈ {(3, 0), (2, 1), (1, 2), (0, 3)} with 0 < x.1 ∧ x.1 < 3,
        (-1) ^ x.1 * elementaryMoments μ x.1 * powerMoments μ x.2
/private/tmp/nla-lean-is03-worktree/eigenvalues-and-inverse-problems/IS-03/lean/NLA/IS03/Newton.lean:108:44: error: unsolved goals
ι : Type u_1
inst✝ : Fintype ι
μ : ι → ℂ
hcard : Fintype.card ι = 6
hprod : ∏ i, (X - C (μ i)) = map (algebraMap ℝ ℂ) derivativePolynomial
hc : ∀ k ≤ 6, (map (algebraMap ℝ ℂ) derivativePolynomial).coeff k = (-1) ^ (6 - k) * elementaryMoments μ (6 - k)
e1 : elementaryMoments μ 1 = 3 / 7
e2 : elementaryMoments μ 2 = -5 / 7
e3 : elementaryMoments μ 3 = -2 / 7
e4 : elementaryMoments μ 4 = -3 / 7
e5 : elementaryMoments μ 5 = -1 / 7
e6 : elementaryMoments μ 6 = 1 / 7
e7 : elementaryMoments μ 7 = 0
s1 : powerMoments μ 1 = 3 / 7
s2 : powerMoments μ 2 = 79 / 49
s3 : powerMoments μ 3 = 48 / 343
⊢ 6731 / 2401 =
    12 / 7 -
      ∑ x ∈ {(4, 0), (3, 1), (2, 2), (1, 3), (0, 4)} with 0 < x.1 ∧ x.1 < 4,
        (-1) ^ x.1 * elementaryMoments μ x.1 * powerMoments μ x.2
/private/tmp/nla-lean-is03-worktree/eigenvalues-and-inverse-problems/IS-03/lean/NLA/IS03/Newton.lean:112:45: error: unsolved goals
ι : Type u_1
inst✝ : Fintype ι
μ : ι → ℂ
hcard : Fintype.card ι = 6
hprod : ∏ i, (X - C (μ i)) = map (algebraMap ℝ ℂ) derivativePolynomial
hc : ∀ k ≤ 6, (map (algebraMap ℝ ℂ) derivativePolynomial).coeff k = (-1) ^ (6 - k) * elementaryMoments μ (6 - k)
e1 : elementaryMoments μ 1 = 3 / 7
e2 : elementaryMoments μ 2 = -5 / 7
e3 : elementaryMoments μ 3 = -2 / 7
e4 : elementaryMoments μ 4 = -3 / 7
e5 : elementaryMoments μ 5 = -1 / 7
e6 : elementaryMoments μ 6 = 1 / 7
e7 : elementaryMoments μ 7 = 0
s1 : powerMoments μ 1 = 3 / 7
s2 : powerMoments μ 2 = 79 / 49
s3 : powerMoments μ 3 = 48 / 343
s4 : powerMoments μ 4 = 6731 / 2401
⊢ 5213 / 16807 =
    -(5 / 7) -
      ∑ x ∈ {(5, 0), (4, 1), (3, 2), (2, 3), (1, 4), (0, 5)} with 0 < x.1 ∧ x.1 < 5,
        (-1) ^ x.1 * elementaryMoments μ x.1 * powerMoments μ x.2
/private/tmp/nla-lean-is03-worktree/eigenvalues-and-inverse-problems/IS-03/lean/NLA/IS03/Newton.lean:116:48: error: unsolved goals
ι : Type u_1
inst✝ : Fintype ι
μ : ι → ℂ
hcard : Fintype.card ι = 6
hprod : ∏ i, (X - C (μ i)) = map (algebraMap ℝ ℂ) derivativePolynomial
hc : ∀ k ≤ 6, (map (algebraMap ℝ ℂ) derivativePolynomial).coeff k = (-1) ^ (6 - k) * elementaryMoments μ (6 - k)
e1 : elementaryMoments μ 1 = 3 / 7
e2 : elementaryMoments μ 2 = -5 / 7
e3 : elementaryMoments μ 3 = -2 / 7
e4 : elementaryMoments μ 4 = -3 / 7
e5 : elementaryMoments μ 5 = -1 / 7
e6 : elementaryMoments μ 6 = 1 / 7
e7 : elementaryMoments μ 7 = 0
s1 : powerMoments μ 1 = 3 / 7
s2 : powerMoments μ 2 = 79 / 49
s3 : powerMoments μ 3 = 48 / 343
s4 : powerMoments μ 4 = 6731 / 2401
s5 : powerMoments μ 5 = 5213 / 16807
⊢ 219766 / 117649 =
    -(6 / 7) -
      ∑ x ∈ {(6, 0), (5, 1), (4, 2), (3, 3), (2, 4), (1, 5), (0, 6)} with 0 < x.1 ∧ x.1 < 6,
        (-1) ^ x.1 * elementaryMoments μ x.1 * powerMoments μ x.2
/private/tmp/nla-lean-is03-worktree/eigenvalues-and-inverse-problems/IS-03/lean/NLA/IS03/Newton.lean:120:47: error: unsolved goals
ι : Type u_1
inst✝ : Fintype ι
μ : ι → ℂ
hcard : Fintype.card ι = 6
hprod : ∏ i, (X - C (μ i)) = map (algebraMap ℝ ℂ) derivativePolynomial
hc : ∀ k ≤ 6, (map (algebraMap ℝ ℂ) derivativePolynomial).coeff k = (-1) ^ (6 - k) * elementaryMoments μ (6 - k)
e1 : elementaryMoments μ 1 = 3 / 7
e2 : elementaryMoments μ 2 = -5 / 7
e3 : elementaryMoments μ 3 = -2 / 7
e4 : elementaryMoments μ 4 = -3 / 7
e5 : elementaryMoments μ 5 = -1 / 7
e6 : elementaryMoments μ 6 = 1 / 7
e7 : elementaryMoments μ 7 = 0
s1 : powerMoments μ 1 = 3 / 7
s2 : powerMoments μ 2 = 79 / 49
s3 : powerMoments μ 3 = 48 / 343
s4 : powerMoments μ 4 = 6731 / 2401
s5 : powerMoments μ 5 = 5213 / 16807
s6 : powerMoments μ 6 = 219766 / 117649
⊢ 8593 / 823543 =
    ∑ x ∈ {(7, 0), (6, 1), (5, 2), (4, 3), (3, 4), (2, 5), (1, 6), (0, 7)} with 0 < x.1 ∧ x.1 < 7,
      (-1) ^ x.1 * elementaryMoments μ x.1 * powerMoments μ x.2
