/private/tmp/nla-lean-ra08-worktree/randomized-and-low-rank-approximation/RA-08/lean/NLA/RA08/Certificate.lean:27:93: error: unsolved goals
case «0»
⊢ (vecHead (vecHead fun i j => if i = j then ![1 / 2, 127 / 128, 17 / 16, 0, 0, 0] i else 0) + 1 / 82944 - 127 / 128) *
        4 +
      ((vecHead (vecTail (vecHead fun i j => if i = j then ![1 / 2, 127 / 128, 17 / 16, 0, 0, 0] i else 0)) +
            1 / 336960) *
          3 +
        (vecHead (vecTail (vecTail (vecHead fun i j => if i = j then ![1 / 2, 127 / 128, 17 / 16, 0, 0, 0] i else 0))) +
            7 / 1347840 -
          if 0 = 2 then 127 / 128 else 0)) =
    -(221123 / 112320)

case «1»
⊢ (vecHead (vecHead (vecTail fun i j => if i = j then ![1 / 2, 127 / 128, 17 / 16, 0, 0, 0] i else 0)) + 1 / 336960) *
        4 +
      ((vecHead (vecTail (vecHead (vecTail fun i j => if i = j then ![1 / 2, 127 / 128, 17 / 16, 0, 0, 0] i else 0))) +
              1 / 82944 -
            127 / 128) *
          3 +
        (vecHead
              (vecTail
                (vecTail (vecHead (vecTail fun i j => if i = j then ![1 / 2, 127 / 128, 17 / 16, 0, 0, 0] i else 0)))) +
            -(7 / 1347840) -
          if 1 = 2 then 127 / 128 else 0)) =
    77 / 1797120

case «2»
⊢ (vecHead (vecHead (vecTail (vecTail fun i j => if i = j then ![1 / 2, 127 / 128, 17 / 16, 0, 0, 0] i else 0))) +
          7 / 1347840) *
        4 +
      ((vecHead
              (vecTail
                (vecHead (vecTail (vecTail fun i j => if i = j then ![1 / 2, 127 / 128, 17 / 16, 0, 0, 0] i else 0)))) +
            -(7 / 1347840)) *
          3 +
        (vecHead
              (vecTail
                (vecTail
                  (vecHead
                    (vecTail (vecTail fun i j => if i = j then ![1 / 2, 127 / 128, 17 / 16, 0, 0, 0] i else 0))))) +
            1 / 168480 -
          if ⟨2, ⋯⟩ = 2 then 127 / 128 else 0)) =
    6319 / 89856

case «3»
⊢ (vecHead
            (vecHead
              (vecTail (vecTail (vecTail fun i j => if i = j then ![1 / 2, 127 / 128, 17 / 16, 0, 0, 0] i else 0)))) +
          1 / 4792320) *
        4 +
      ((vecHead
              (vecTail
                (vecHead
                  (vecTail
                    (vecTail (vecTail fun i j => if i = j then ![1 / 2, 127 / 128, 17 / 16, 0, 0, 0] i else 0))))) +
            1 / 599040) *
          3 +
        (vecHead
              (vecTail
                (vecTail
                  (vecHead
                    (vecTail
                      (vecTail (vecTail fun i j => if i = j then ![1 / 2, 127 / 128, 17 / 16, 0, 0, 0] i else 0)))))) +
            -(1 / 1198080) -
          if ⟨3, ⋯⟩ = 2 then 127 / 128 else 0)) =
    1 / 199680

case «4»
⊢ (vecHead
            (vecHead
              (vecTail
                (vecTail
                  (vecTail (vecTail fun i j => if i = j then ![1 / 2, 127 / 128, 17 / 16, 0, 0, 0] i else 0))))) +
          1 / 599040) *
        4 +
      ((vecHead
              (vecTail
                (vecHead
                  (vecTail
                    (vecTail
                      (vecTail (vecTail fun i j => if i = j then ![1 / 2, 127 / 128, 17 / 16, 0, 0, 0] i else 0)))))) +
            1 / 4792320) *
          3 +
        (vecHead
              (vecTail
                (vecTail
                  (vecHead
                    (vecTail
                      (vecTail
                        (vecTail
                          (vecTail fun i j => if i = j then ![1 / 2, 127 / 128, 17 / 16, 0, 0, 0] i else 0))))))) +
            1 / 1198080 -
          if ⟨4, ⋯⟩ = 2 then 127 / 128 else 0)) =
    1 / 122880

case «5»
⊢ vecHead
          (vecHead
            (vecTail
              (vecTail
                (vecTail
                  (vecTail (vecTail fun i j => if i = j then ![1 / 2, 127 / 128, 17 / 16, 0, 0, 0] i else 0)))))) *
        4 +
      (vecHead
            (vecTail
              (vecHead
                (vecTail
                  (vecTail
                    (vecTail
                      (vecTail (vecTail fun i j => if i = j then ![1 / 2, 127 / 128, 17 / 16, 0, 0, 0] i else 0))))))) *
          3 +
        (vecHead
            (vecTail
              (vecTail
                (vecHead
                  (vecTail
                    (vecTail
                      (vecTail
                        (vecTail
                          (vecTail fun i j => if i = j then ![1 / 2, 127 / 128, 17 / 16, 0, 0, 0] i else 0)))))))) -
          if ⟨5, ⋯⟩ = 2 then 127 / 128 else 0)) =
    0
/private/tmp/nla-lean-ra08-worktree/randomized-and-low-rank-approximation/RA-08/lean/NLA/RA08/Certificate.lean:36:29: error: unsolved goals
case «0»
⊢ -((vecHead (vecHead fun i j => if i = j then ![1 / 2, 127 / 128, 17 / 16, 0, 0, 0] i else 0) + 1 / 82944 - 1 / 2) *
          (221123 / 112320)) +
      ((vecHead (vecTail (vecHead fun i j => if i = j then ![1 / 2, 127 / 128, 17 / 16, 0, 0, 0] i else 0)) +
            1 / 336960) *
          (77 / 1797120) +
        ((vecHead
                  (vecTail
                    (vecTail (vecHead fun i j => if i = j then ![1 / 2, 127 / 128, 17 / 16, 0, 0, 0] i else 0))) +
                7 / 1347840 -
              if 0 = 2 then 1 / 2 else 0) *
            (6319 / 89856) +
          ((vecHead
                    (vecTail
                      (vecTail
                        (vecTail (vecHead fun i j => if i = j then ![1 / 2, 127 / 128, 17 / 16, 0, 0, 0] i else 0)))) +
                  1 / 4792320 -
                if 0 = Fin.succ 2 then 1 / 2 else 0) *
              (1 / 199680) +
            (vecHead
                    (vecTail
                      (vecTail
                        (vecTail
                          (vecTail
                            (vecHead fun i j => if i = j then ![1 / 2, 127 / 128, 17 / 16, 0, 0, 0] i else 0))))) +
                  1 / 599040 -
                if 0 = (Fin.succ 2).succ then 1 / 2 else 0) *
              (1 / 122880)))) =
    -(34405 / 1472200704)

case «1»
⊢ -((vecHead (vecHead (vecTail fun i j => if i = j then ![1 / 2, 127 / 128, 17 / 16, 0, 0, 0] i else 0)) + 1 / 336960) *
          (221123 / 112320)) +
      ((vecHead (vecTail (vecHead (vecTail fun i j => if i = j then ![1 / 2, 127 / 128, 17 / 16, 0, 0, 0] i else 0))) +
              1 / 82944 -
            1 / 2) *
          (77 / 1797120) +
        ((vecHead
                  (vecTail
                    (vecTail
                      (vecHead (vecTail fun i j => if i = j then ![1 / 2, 127 / 128, 17 / 16, 0, 0, 0] i else 0)))) +
                -(7 / 1347840) -
              if 1 = 2 then 1 / 2 else 0) *
            (6319 / 89856) +
          ((vecHead
                    (vecTail
                      (vecTail
                        (vecTail
                          (vecHead
                            (vecTail fun i j => if i = j then ![1 / 2, 127 / 128, 17 / 16, 0, 0, 0] i else 0))))) +
                  1 / 599040 -
                if 1 = Fin.succ 2 then 1 / 2 else 0) *
              (1 / 199680) +
            (vecHead
                    (vecTail
                      (vecTail
                        (vecTail
                          (vecTail
                            (vecHead
                              (vecTail fun i j => if i = j then ![1 / 2, 127 / 128, 17 / 16, 0, 0, 0] i else 0)))))) +
                  1 / 4792320 -
                if 1 = (Fin.succ 2).succ then 1 / 2 else 0) *
              (1 / 122880)))) =
    1752653 / 117776056320

case «2»
⊢ -((vecHead (vecHead (vecTail (vecTail fun i j => if i = j then ![1 / 2, 127 / 128, 17 / 16, 0, 0, 0] i else 0))) +
            7 / 1347840) *
          (221123 / 112320)) +
      ((vecHead
              (vecTail
                (vecHead (vecTail (vecTail fun i j => if i = j then ![1 / 2, 127 / 128, 17 / 16, 0, 0, 0] i else 0)))) +
            -(7 / 1347840)) *
          (77 / 1797120) +
        ((vecHead
                  (vecTail
                    (vecTail
                      (vecHead
                        (vecTail (vecTail fun i j => if i = j then ![1 / 2, 127 / 128, 17 / 16, 0, 0, 0] i else 0))))) +
                1 / 168480 -
              if ⟨2, ⋯⟩ = 2 then 1 / 2 else 0) *
            (6319 / 89856) +
          ((vecHead
                    (vecTail
                      (vecTail
                        (vecTail
                          (vecHead
                            (vecTail
                              (vecTail fun i j => if i = j then ![1 / 2, 127 / 128, 17 / 16, 0, 0, 0] i else 0)))))) +
                  -(1 / 1198080) -
                if ⟨2, ⋯⟩ = Fin.succ 2 then 1 / 2 else 0) *
              (1 / 199680) +
            (vecHead
                    (vecTail
                      (vecTail
                        (vecTail
                          (vecTail
                            (vecHead
                              (vecTail
                                (vecTail fun i j =>
                                  if i = j then ![1 / 2, 127 / 128, 17 / 16, 0, 0, 0] i else 0))))))) +
                  1 / 1198080 -
                if ⟨2, ⋯⟩ = (Fin.succ 2).succ then 1 / 2 else 0) *
              (1 / 122880)))) =
    1164429317 / 29444014080

case «3»
⊢ -((vecHead
              (vecHead
                (vecTail (vecTail (vecTail fun i j => if i = j then ![1 / 2, 127 / 128, 17 / 16, 0, 0, 0] i else 0)))) +
            1 / 4792320) *
          (221123 / 112320)) +
      ((vecHead
              (vecTail
                (vecHead
                  (vecTail
                    (vecTail (vecTail fun i j => if i = j then ![1 / 2, 127 / 128, 17 / 16, 0, 0, 0] i else 0))))) +
            1 / 599040) *
          (77 / 1797120) +
        ((vecHead
                  (vecTail
                    (vecTail
                      (vecHead
                        (vecTail
                          (vecTail
                            (vecTail fun i j => if i = j then ![1 / 2, 127 / 128, 17 / 16, 0, 0, 0] i else 0)))))) +
                -(1 / 1198080) -
              if ⟨3, ⋯⟩ = 2 then 1 / 2 else 0) *
            (6319 / 89856) +
          ((vecHead
                    (vecTail
                      (vecTail
                        (vecTail
                          (vecHead
                            (vecTail
                              (vecTail
                                (vecTail fun i j =>
                                  if i = j then ![1 / 2, 127 / 128, 17 / 16, 0, 0, 0] i else 0))))))) +
                  1 / 4259840 -
                if ⟨3, ⋯⟩ = Fin.succ 2 then 1 / 2 else 0) *
              (1 / 199680) +
            (vecHead
                  (vecTail
                    (vecTail
                      (vecTail
                        (vecTail
                          (vecHead
                            (vecTail
                              (vecTail
                                (vecTail fun i j =>
                                  if i = j then ![1 / 2, 127 / 128, 17 / 16, 0, 0, 0] i else 0)))))))) -
                if ⟨3, ⋯⟩ = (Fin.succ 2).succ then 1 / 2 else 0) *
              (1 / 122880)))) =
    -(38911 / 13086228480)

case «4»
⊢ -((vecHead
              (vecHead
                (vecTail
                  (vecTail
                    (vecTail (vecTail fun i j => if i = j then ![1 / 2, 127 / 128, 17 / 16, 0, 0, 0] i else 0))))) +
            1 / 599040) *
          (221123 / 112320)) +
      ((vecHead
              (vecTail
                (vecHead
                  (vecTail
                    (vecTail
                      (vecTail (vecTail fun i j => if i = j then ![1 / 2, 127 / 128, 17 / 16, 0, 0, 0] i else 0)))))) +
            1 / 4792320) *
          (77 / 1797120) +
        ((vecHead
                  (vecTail
                    (vecTail
                      (vecHead
                        (vecTail
                          (vecTail
                            (vecTail
                              (vecTail fun i j => if i = j then ![1 / 2, 127 / 128, 17 / 16, 0, 0, 0] i else 0))))))) +
                1 / 1198080 -
              if ⟨4, ⋯⟩ = 2 then 1 / 2 else 0) *
            (6319 / 89856) +
          ((vecHead
                  (vecTail
                    (vecTail
                      (vecTail
                        (vecHead
                          (vecTail
                            (vecTail
                              (vecTail
                                (vecTail fun i j =>
                                  if i = j then ![1 / 2, 127 / 128, 17 / 16, 0, 0, 0] i else 0)))))))) -
                if ⟨4, ⋯⟩ = Fin.succ 2 then 1 / 2 else 0) *
              (1 / 199680) +
            (vecHead
                    (vecTail
                      (vecTail
                        (vecTail
                          (vecTail
                            (vecHead
                              (vecTail
                                (vecTail
                                  (vecTail
                                    (vecTail fun i j =>
                                      if i = j then ![1 / 2, 127 / 128, 17 / 16, 0, 0, 0] i else 0))))))))) +
                  1 / 4259840 -
                if ⟨4, ⋯⟩ = (Fin.succ 2).succ then 1 / 2 else 0) *
              (1 / 122880)))) =
    -(763891 / 104689827840)

case «5»
⊢ -(vecHead
            (vecHead
              (vecTail
                (vecTail
                  (vecTail
                    (vecTail (vecTail fun i j => if i = j then ![1 / 2, 127 / 128, 17 / 16, 0, 0, 0] i else 0)))))) *
          (221123 / 112320)) +
      (vecHead
            (vecTail
              (vecHead
                (vecTail
                  (vecTail
                    (vecTail
                      (vecTail (vecTail fun i j => if i = j then ![1 / 2, 127 / 128, 17 / 16, 0, 0, 0] i else 0))))))) *
          (77 / 1797120) +
        ((vecHead
                (vecTail
                  (vecTail
                    (vecHead
                      (vecTail
                        (vecTail
                          (vecTail
                            (vecTail
                              (vecTail fun i j => if i = j then ![1 / 2, 127 / 128, 17 / 16, 0, 0, 0] i else 0)))))))) -
              if ⟨5, ⋯⟩ = 2 then 1 / 2 else 0) *
            (6319 / 89856) +
          ((vecHead
                  (vecTail
                    (vecTail
                      (vecTail
                        (vecHead
                          (vecTail
                            (vecTail
                              (vecTail
                                (vecTail
                                  (vecTail fun i j =>
                                    if i = j then ![1 / 2, 127 / 128, 17 / 16, 0, 0, 0] i else 0))))))))) -
                if ⟨5, ⋯⟩ = Fin.succ 2 then 1 / 2 else 0) *
              (1 / 199680) +
            (vecHead
                  (vecTail
                    (vecTail
                      (vecTail
                        (vecTail
                          (vecHead
                            (vecTail
                              (vecTail
                                (vecTail
                                  (vecTail
                                    (vecTail fun i j =>
                                      if i = j then ![1 / 2, 127 / 128, 17 / 16, 0, 0, 0] i else 0)))))))))) -
                if ⟨5, ⋯⟩ = (Fin.succ 2).succ then 1 / 2 else 0) *
              (1 / 122880)))) =
    0
/private/tmp/nla-lean-ra08-worktree/randomized-and-low-rank-approximation/RA-08/lean/NLA/RA08/Certificate.lean:43:81: error: unsolved goals
case «0»
⊢ -(1426878565 / 122110215192576) +
      (1752653 / 39685819937587200 +
        (((if 0 = 2 then 1 / 2 else 0) + 7 / 1347840) * (1164429317 / 29444014080) +
          (-(((if 0 = Fin.succ 2 then 1 / 2 else 0) + 1 / 4792320) * (38911 / 13086228480)) +
            -(((if 0 = (Fin.succ 2).succ then 1 / 2 else 0) + 1 / 599040) * (763891 / 104689827840))))) =
    -(119989013011 / 10452232411545600)

case «1»
⊢ -(6881 / 99214549843968) +
      (144238083941 / 9768817215406080 +
        (((if 1 = 2 then 127 / 128 else 0) + -(7 / 1347840)) * (1164429317 / 29444014080) +
          (-(((if 1 = Fin.succ 2 then 127 / 128 else 0) + 1 / 599040) * (38911 / 13086228480)) +
            -(((if 1 = (Fin.succ 2).succ then 127 / 128 else 0) + 1 / 4792320) * (763891 / 104689827840))))) =
    2434900073263 / 167235718584729600

case «2»
⊢ -(48167 / 396858199375872) +
      (-(12268571 / 158743279750348800) +
        (((if ⟨2, ⋯⟩ = 2 then 17 / 16 else 0) + 1 / 168480) * (1164429317 / 29444014080) +
          (-(((if ⟨2, ⋯⟩ = Fin.succ 2 then 17 / 16 else 0) + -(1 / 1198080)) * (38911 / 13086228480)) +
            -(((if ⟨2, ⋯⟩ = (Fin.succ 2).succ then 17 / 16 else 0) + 1 / 1198080) * (763891 / 104689827840))))) =
    1756776553030423 / 41808929646182400
/private/tmp/nla-lean-ra08-worktree/randomized-and-low-rank-approximation/RA-08/lean/NLA/RA08/Certificate.lean:72:53: error: unsolved goals
⊢ 2167 / 128 + 17 / 16 * ![4, 3, 1, 0, 0, 0] 2 ^ 2 = 2303 / 128
/private/tmp/nla-lean-ra08-worktree/randomized-and-low-rank-approximation/RA-08/lean/NLA/RA08/Certificate.lean:104:21: error: #assert_trust: 'NLA.RA08.first_product' depends on sorry or unrecognized axioms
  foundational: propext, Classical.choice, Quot.sound
  sorryAx: sorryAx
/private/tmp/nla-lean-ra08-worktree/randomized-and-low-rank-approximation/RA-08/lean/NLA/RA08/Certificate.lean:105:21: error: #assert_trust: 'NLA.RA08.second_product' depends on sorry or unrecognized axioms
  foundational: propext, Classical.choice, Quot.sound
  sorryAx: sorryAx
/private/tmp/nla-lean-ra08-worktree/randomized-and-low-rank-approximation/RA-08/lean/NLA/RA08/Certificate.lean:106:21: error: #assert_trust: 'NLA.RA08.third_product' depends on sorry or unrecognized axioms
  foundational: propext, Classical.choice, Quot.sound
  sorryAx: sorryAx
/private/tmp/nla-lean-ra08-worktree/randomized-and-low-rank-approximation/RA-08/lean/NLA/RA08/Certificate.lean:107:21: error: #assert_trust: 'NLA.RA08.witness_rational_certificate_proved' depends on sorry or unrecognized axioms
  foundational: propext, Classical.choice, Quot.sound
  sorryAx: sorryAx
'NLA.RA08.first_product' depends on axioms: [propext, sorryAx, Classical.choice, Quot.sound]
'NLA.RA08.second_product' depends on axioms: [propext, sorryAx, Classical.choice, Quot.sound]
'NLA.RA08.third_product' depends on axioms: [propext, sorryAx, Classical.choice, Quot.sound]
'NLA.RA08.witness_rational_certificate_proved' depends on axioms: [propext, sorryAx, Classical.choice, Quot.sound]
