$ systemd-run --user --quiet --wait --pipe --collect -p 'RestrictAddressFamilies=~AF_UNIX' --working-directory /home/runner/work/_temp/nla-lean-tools/.verification-tmp/nla-fresh-proof-okv91vog/project /usr/bin/env -i PATH=/home/runner/.elan/toolchains/leanprover--lean4---v4.33.1/bin:/home/runner/.elan/bin:/home/runner/go/bin:/opt/hostedtoolcache/go/1.27.1/x64/bin:/snap/bin:/home/runner/.local/bin:/opt/pipx_bin:/home/runner/.cargo/bin:/home/runner/.config/composer/vendor/bin:/usr/local/.ghcup/bin:/home/runner/.dotnet/tools:/usr/local/sbin:/usr/local/bin:/usr/sbin:/usr/bin:/sbin:/bin:/usr/games:/usr/local/games:/snap/bin HOME=/home/runner LANG=C.UTF-8 XDG_RUNTIME_DIR=/run/user/1001 DBUS_SESSION_BUS_ADDRESS=unix:path=/run/user/1001/bus GIT_TERMINAL_PROMPT=0 GIT_CONFIG_NOSYSTEM=1 GIT_CONFIG_GLOBAL=/dev/null COMPARATOR_BIN=/home/runner/work/_temp/nla-lean-tools/.tools/comparator/.lake/build/bin/comparator COMPARATOR_LEAN4EXPORT=/home/runner/work/_temp/nla-lean-tools/.tools/lean4export/.lake/build/bin/lean4export COMPARATOR_LANDRUN=/home/runner/work/_temp/nla-lean-tools/scripts/strict_landrun.py XDG_CACHE_HOME=/home/runner/work/_temp/nla-lean-tools/.tools/cache TMPDIR=/home/runner/work/_temp/nla-lean-tools/.verification-tmp lake env /home/runner/work/_temp/nla-lean-tools/.tools/comparator/.lake/build/bin/comparator comparator.json
Building Challenge
✔ [2382/2384] Built NLA.IE23.Definitions (2.2s)
⚠ [2383/2384] Built Challenge (1.0s)
warning: Challenge.lean:13:8: declaration uses `sorry`
warning: Challenge.lean:23:8: declaration uses `sorry`
warning: Challenge.lean:36:8: declaration uses `sorry`
warning: Challenge.lean:49:8: declaration uses `sorry`
warning: Challenge.lean:60:8: declaration uses `sorry`
warning: Challenge.lean:69:8: declaration uses `sorry`
warning: Challenge.lean:75:8: declaration uses `sorry`
warning: Challenge.lean:81:8: declaration uses `sorry`
Build completed successfully (2384 jobs).
Exporting #[Quot, Quot.mk, Quot.lift, Quot.ind, NLA.IE23.inducedNorm_semantics, NLA.IE23.witness_matrix_identities, NLA.IE23.fourth_power_norm_control, NLA.IE23.witness_action_identities, NLA.IE23.witness_attainment, NLA.IE23.witness_norms, NLA.IE23.witness_global_minimizers, NLA.IE23.not_rightInverseUniqueConjecture, propext, Classical.choice, Quot.sound, Nat.add, Nat.sub, Nat.mul, Nat.pow, Nat.gcd, Nat.div, Nat.mod, Nat.beq, Nat.ble, Nat.land, Nat.lor, Nat.xor, Nat.shiftLeft, Nat.shiftRight, String.ofList, Char.ofNat, List, eagerReduce, Nat, String, String.mk, Char, optParam, autoParam, semiOutParam, outParam] from Challenge
Building Solution
✔ [2386/2394] Built NLA.IE23.Norms (2.6s)
✔ [2387/2394] Built LeanCert.Tactic.Verification (2.6s)
✔ [2388/2394] Built NLA.IE23.FourthPower (2.6s)
✔ [2389/2394] Built NLA.IE23.Matrices (3.6s)
✔ [2390/2394] Built NLA.IE23.Actions (2.7s)
✔ [2391/2394] Built NLA.IE23.Minimizers (2.0s)
ℹ [2392/2394] Built NLA.IE23.Proof (2.3s)
info: NLA/IE23/Proof.lean:105:0: 'NLA.IE23.inducedNorm_semantics_proved' depends on axioms: [propext, Classical.choice, Quot.sound]
info: NLA/IE23/Proof.lean:107:0: 'NLA.IE23.witness_matrix_identities_proved' depends on axioms: [propext, Classical.choice, Quot.sound]
info: NLA/IE23/Proof.lean:109:0: 'NLA.IE23.fourth_power_norm_control_proved' depends on axioms: [propext, Classical.choice, Quot.sound]
info: NLA/IE23/Proof.lean:111:0: 'NLA.IE23.witness_action_identities_proved' depends on axioms: [propext, Classical.choice, Quot.sound]
info: NLA/IE23/Proof.lean:113:0: 'NLA.IE23.witness_attainment_proved' depends on axioms: [propext, Classical.choice, Quot.sound]
info: NLA/IE23/Proof.lean:115:0: 'NLA.IE23.witness_norms_proved' depends on axioms: [propext, Classical.choice, Quot.sound]
info: NLA/IE23/Proof.lean:117:0: 'NLA.IE23.witness_global_minimizers_proved' depends on axioms: [propext, Classical.choice, Quot.sound]
info: NLA/IE23/Proof.lean:119:0: 'NLA.IE23.not_rightInverseUniqueConjecture_proved' depends on axioms: [propext, Classical.choice, Quot.sound]
ℹ [2393/2394] Built Solution (2.4s)
info: Solution.lean:95:0: 'NLA.IE23.inducedNorm_semantics' depends on axioms: [propext, Classical.choice, Quot.sound]
info: Solution.lean:97:0: 'NLA.IE23.witness_matrix_identities' depends on axioms: [propext, Classical.choice, Quot.sound]
info: Solution.lean:99:0: 'NLA.IE23.fourth_power_norm_control' depends on axioms: [propext, Classical.choice, Quot.sound]
info: Solution.lean:101:0: 'NLA.IE23.witness_action_identities' depends on axioms: [propext, Classical.choice, Quot.sound]
info: Solution.lean:103:0: 'NLA.IE23.witness_attainment' depends on axioms: [propext, Classical.choice, Quot.sound]
info: Solution.lean:105:0: 'NLA.IE23.witness_norms' depends on axioms: [propext, Classical.choice, Quot.sound]
info: Solution.lean:107:0: 'NLA.IE23.witness_global_minimizers' depends on axioms: [propext, Classical.choice, Quot.sound]
info: Solution.lean:109:0: 'NLA.IE23.not_rightInverseUniqueConjecture' depends on axioms: [propext, Classical.choice, Quot.sound]
Build completed successfully (2394 jobs).
Exporting #[Quot, Quot.mk, Quot.lift, Quot.ind, NLA.IE23.inducedNorm_semantics, NLA.IE23.witness_matrix_identities, NLA.IE23.fourth_power_norm_control, NLA.IE23.witness_action_identities, NLA.IE23.witness_attainment, NLA.IE23.witness_norms, NLA.IE23.witness_global_minimizers, NLA.IE23.not_rightInverseUniqueConjecture, propext, Classical.choice, Quot.sound, Nat.add, Nat.sub, Nat.mul, Nat.pow, Nat.gcd, Nat.div, Nat.mod, Nat.beq, Nat.ble, Nat.land, Nat.lor, Nat.xor, Nat.shiftLeft, Nat.shiftRight, String.ofList, Char.ofNat, List, eagerReduce, Nat, String, String.mk, Char, optParam, autoParam, semiOutParam, outParam] from Solution
Running Lean default kernel on solution.
Lean default kernel accepts the solution
Your solution is okay!

EXIT_STATUS=0
