EXACT_FROZEN_TYPE NLA.RA09.admissible_scalar_consequences = NLA.RA09.admissible_scalar_consequences_proved
EXACT_FROZEN_TYPE NLA.RA09.scalar_branch_certificates = NLA.RA09.scalar_branch_certificates_proved
EXACT_FROZEN_TYPE NLA.RA09.ordered_scalar_certificate = NLA.RA09.ordered_scalar_certificate_proved
SCALAR_EDGE NLA.RA09.ordered_scalar_certificate_proved: [NLA.RA09.AdmissibleFunction,
 NLA.RA09.transferScale,
 NLA.RA09.scalarAuxiliary,
 NLA.RA09.AdmissibleFunction,
 NLA.RA09.transferScale,
 NLA.RA09.scalarAuxiliary,
 NLA.RA09.admissible_scalar_consequences_proved,
 _private.NLA.RA09.Scalar.0.NLA.RA09.scalar_cross,
 _private.NLA.RA09.Scalar.0.NLA.RA09.normalized_ordered_certificate]
SCALAR_EDGE NLA.RA09.AdmissibleFunction: []
SCALAR_EDGE NLA.RA09.transferScale: []
SCALAR_EDGE NLA.RA09.scalarAuxiliary: [NLA.RA09.transferScale]
SCALAR_EDGE NLA.RA09.admissible_scalar_consequences_proved: [NLA.RA09.AdmissibleFunction,
 NLA.RA09.transferScale,
 NLA.RA09.AdmissibleFunction,
 _private.NLA.RA09.Scalar.0.NLA.RA09.scalar_cross,
 NLA.RA09.transferScale]
SCALAR_EDGE _private.NLA.RA09.Scalar.0.NLA.RA09.scalar_cross: [NLA.RA09.AdmissibleFunction, NLA.RA09.AdmissibleFunction]
SCALAR_EDGE _private.NLA.RA09.Scalar.0.NLA.RA09.normalized_ordered_certificate: [NLA.RA09.branchQuadratic,
 NLA.RA09.scalar_branch_certificates_proved]
SCALAR_EDGE NLA.RA09.branchQuadratic: [NLA.RA09.branchQuadratic._proof_1]
SCALAR_EDGE NLA.RA09.branchQuadratic._proof_1: []
SCALAR_EDGE NLA.RA09.scalar_branch_certificates_proved: [NLA.RA09.branchQuadratic,
 NLA.RA09.branchQuadratic,
 NLA.RA09.branchQuadratic._proof_1]
RETAINED NLA.RA09.admissible_scalar_consequences_proved
RETAINED NLA.RA09.scalar_branch_certificates_proved
RETAINED NLA.RA09.AdmissibleFunction
RETAINED NLA.RA09.scalarAuxiliary
RETAINED NLA.RA09.transferScale
RETAINED NLA.RA09.branchQuadratic
RETAINED ConcaveOn
RETAINED_PRIVATE .NLA.RA09.scalar_cross
RETAINED_PRIVATE .NLA.RA09.normalized_ordered_certificate
SCALAR_PROJECT_COUNT 10
'NLA.RA09.admissible_scalar_consequences_proved' depends on axioms: [propext, Classical.choice, Quot.sound]
'NLA.RA09.scalar_branch_certificates_proved' depends on axioms: [propext, Classical.choice, Quot.sound]
'NLA.RA09.ordered_scalar_certificate_proved' depends on axioms: [propext, Classical.choice, Quot.sound]
