$ systemd-run --user --quiet --wait --pipe --collect -p 'RestrictAddressFamilies=~AF_UNIX' --working-directory /home/runner/work/_temp/nla-lean-tools/.verification-tmp/nla-fresh-proof-zrc38497/project /usr/bin/env -i PATH=/home/runner/.elan/toolchains/leanprover--lean4---v4.33.1/bin:/home/runner/.elan/bin:/home/runner/go/bin:/opt/hostedtoolcache/go/1.27.1/x64/bin:/snap/bin:/home/runner/.local/bin:/opt/pipx_bin:/home/runner/.cargo/bin:/home/runner/.config/composer/vendor/bin:/usr/local/.ghcup/bin:/home/runner/.dotnet/tools:/usr/local/sbin:/usr/local/bin:/usr/sbin:/usr/bin:/sbin:/bin:/usr/games:/usr/local/games:/snap/bin HOME=/home/runner LANG=C.UTF-8 XDG_RUNTIME_DIR=/run/user/1001 DBUS_SESSION_BUS_ADDRESS=unix:path=/run/user/1001/bus GIT_TERMINAL_PROMPT=0 GIT_CONFIG_NOSYSTEM=1 GIT_CONFIG_GLOBAL=/dev/null COMPARATOR_BIN=/home/runner/work/_temp/nla-lean-tools/.tools/comparator/.lake/build/bin/comparator COMPARATOR_LEAN4EXPORT=/home/runner/work/_temp/nla-lean-tools/.tools/lean4export/.lake/build/bin/lean4export COMPARATOR_LANDRUN=/home/runner/work/_temp/nla-lean-tools/scripts/strict_landrun.py XDG_CACHE_HOME=/home/runner/work/_temp/nla-lean-tools/.tools/cache TMPDIR=/home/runner/work/_temp/nla-lean-tools/.verification-tmp lake env /home/runner/work/_temp/nla-lean-tools/.tools/comparator/.lake/build/bin/comparator comparator.json
Building Challenge
✔ [1229/1231] Built NLA.TR15.Definitions (1.1s)
⚠ [1230/1231] Built Challenge (981ms)
warning: Challenge.lean:14:8: declaration uses `sorry`
warning: Challenge.lean:22:8: declaration uses `sorry`
warning: Challenge.lean:27:8: declaration uses `sorry`
warning: Challenge.lean:32:8: declaration uses `sorry`
warning: Challenge.lean:38:8: declaration uses `sorry`
warning: Challenge.lean:43:8: declaration uses `sorry`
warning: Challenge.lean:49:8: declaration uses `sorry`
Build completed successfully (1231 jobs).
Exporting #[Quot, Quot.mk, Quot.lift, Quot.ind, NLA.TR15.lower_contractions, NLA.TR15.upper_contraction, NLA.TR15.lower_eigenvalues_pos, NLA.TR15.lower_eigenpair_exists, NLA.TR15.upper_negative_eigenpair, NLA.TR15.counterexample, NLA.TR15.not_inheritanceConjecture, propext, Classical.choice, Quot.sound, Nat.add, Nat.sub, Nat.mul, Nat.pow, Nat.gcd, Nat.div, Nat.mod, Nat.beq, Nat.ble, Nat.land, Nat.lor, Nat.xor, Nat.shiftLeft, Nat.shiftRight, String.ofList, Char.ofNat, List, eagerReduce, Nat, String, String.mk, Char, optParam, autoParam, semiOutParam, outParam] from Challenge
Building Solution
✔ [2778/2811] Built LeanCert.Core.DerivativeIntervals (2.5s)
✔ [2779/2811] Built LeanCert.Core.Interval (3.5s)
✔ [2780/2818] Built LeanCert.Contrib.Sinc (5.1s)
✔ [2781/2818] Built LeanCert.Core.Expr (5.8s)
✔ [2782/2818] Built LeanCert.Core.Dyadic (4.1s)
✔ [2783/2822] Built LeanCert.Core.Taylor (7.1s)
✔ [2784/2822] Built LeanCert.Tactic.Verification (4.7s)
✔ [2785/2822] Built LeanCert.Core.IntervalRat.Basic (7.2s)
✔ [2786/2823] Built LeanCert.Core.Support (2.9s)
✔ [2787/2823] Built LeanCert.Tactic.LeanCert.Bridge.Environment (2.4s)
✔ [2788/2823] Built LeanCert.Core.IntervalRat.LogReduction (4.0s)
✔ [2789/2823] Built LeanCert.Meta.Numeral (3.1s)
✔ [2790/2823] Built LeanCert.Engine.Eval.Result (2.3s)
✔ [2791/2823] Built LeanCert.Tactic.NumericalRefinement (582ms)
✔ [2792/2823] Built LeanCert.Core.TrigReduction (2.9s)
✔ [2793/2823] Built LeanCert.Tactic.IntervalAuto.Types (3.2s)
✔ [2794/2823] Built LeanCert.Core.IntervalRat.Transcendental (3.6s)
✔ [2796/2918] Built LeanCert.Tactic.IntervalAuto.Extract (3.0s)
✔ [2850/2918] Built LeanCert.Tactic.IntervalAuto.Norm (3.7s)
✔ [2851/2918] Built LeanCert.Meta.ToExpr (3.9s)
✔ [2852/2918] Built LeanCert.Tactic.LeanCert.Normalize (3.2s)
✔ [2853/2918] Built LeanCert.Tactic.IntervalAuto.Parse (4.1s)
✔ [2854/2918] Built LeanCert.Core.IntervalRat.Taylor (11s)
✔ [2855/2918] Built LeanCert.Tactic.IntervalAuto.Diagnostic (1.9s)
✔ [2856/2918] Built LeanCert.Core.IntervalReal (1.5s)
✔ [2857/2918] Built LeanCert.Core.IntervalRat.TrigReduced (1.7s)
✔ [2858/2918] Built LeanCert.Core.IntervalRealEndpoints (4.1s)
✔ [2859/2918] Built LeanCert.Engine.Affine.Basic (4.6s)
✔ [2860/2918] Built LeanCert.Core.IntervalDyadic (5.5s)
✔ [2861/2918] Built LeanCert.Engine.Affine.Nonlinear (3.2s)
✔ [2862/2918] Built LeanCert.Engine.Eval.Core (4.2s)
✔ [2863/2918] Built LeanCert.Engine.Eval.Extended (2.0s)
✔ [2864/2918] Built LeanCert.Engine.Bounds.Lemmas (1.5s)
✔ [2865/2918] Built LeanCert.Engine.IntervalEval (1.4s)
✔ [2866/2918] Built LeanCert.Validity.Bounds.Checked (2.3s)
✔ [2867/2918] Built LeanCert.Validity.Bounds.Core (2.6s)
✔ [2868/2918] Built LeanCert.Engine.Affine.Transcendental (3.3s)
✔ [2869/2918] Built LeanCert.Engine.IntervalEvalDyadic (5.1s)
✔ [2870/2918] Built LeanCert.Engine.Optimization.Box (3.3s)
✔ [2871/2918] Built LeanCert.Engine.RootFinding.Basic (4.1s)
✔ [2872/2918] Built LeanCert.Engine.Integrate (5.4s)
✔ [2873/2918] Built LeanCert.Engine.AD.Basic (2.9s)
✔ [2874/2918] Built LeanCert.Engine.IntervalEvalAffine (5.6s)
✔ [2875/2918] Built LeanCert.Validity.DyadicBounds (3.7s)
✔ [2876/2918] Built LeanCert.Engine.TaylorModel.Core (7.3s)
✔ [2877/2918] Built LeanCert.Engine.RootFinding.Bisection (4.6s)
✔ [2878/2918] Built LeanCert.Engine.TaylorModel.Integral (2.9s)
✔ [2879/2918] Built LeanCert.Engine.Affine.Environment (3.1s)
✔ [2880/2918] Built LeanCert.Engine.AD.Transcendental (3.5s)
✔ [2881/2918] Built LeanCert.Engine.TaylorModel.Special (2.4s)
✔ [2882/2918] Built LeanCert.Engine.AD.Eval (2.5s)
✔ [2883/2918] Built LeanCert.Engine.TaylorModel.ExpLog (7.1s)
✔ [2884/2918] Built LeanCert.Engine.AD.Correctness (5.3s)
✔ [2885/2918] Built LeanCert.Engine.TaylorModel.Trig (8.7s)
✔ [2886/2918] Built LeanCert.Engine.TaylorModel.Hyperbolic (9.4s)
✔ [2887/2918] Built LeanCert.Engine.AD.Computable (3.0s)
✔ [2888/2918] Built LeanCert.Engine.TaylorModel.Functions (2.0s)
✔ [2889/2918] Built LeanCert.Engine.AD.PartialCorrectness (4.2s)
✔ [2890/2918] Built LeanCert.Engine.AD.DomainChecked (2.3s)
✔ [2891/2918] Built LeanCert.Engine.TaylorModel.Expr (2.9s)
✔ [2892/2918] Built LeanCert.Engine.AD.Dyadic (2.5s)
✔ [2893/2918] Built LeanCert.Engine.TaylorModel (1.6s)
✔ [2894/2918] Built LeanCert.Engine.AD (1.4s)
✔ [2895/2918] Built LeanCert.Validity.Bounds.Smart (2.7s)
✔ [2896/2918] Built LeanCert.Meta.ProveSupported (3.4s)
✔ [2897/2918] Built LeanCert.Engine.IntervalEvalRefined (3.4s)
✔ [2898/2918] Built LeanCert.Engine.Optimize (4.4s)
✔ [2899/2918] Built LeanCert.Validity.Bounds.Bridge (2.8s)
✔ [2900/2918] Built LeanCert.Meta.ProveContinuous (3.7s)
✔ [2901/2918] Built LeanCert.Tactic.IntervalAuto.ProveCommon (4.6s)
✔ [2902/2918] Built LeanCert.Engine.Optimization.Gradient (4.8s)
✔ [2903/2918] Built LeanCert.Validity.Bounds.Basic (2.3s)
✔ [2904/2918] Built LeanCert.Engine.RootFinding.Newton (4.1s)
✔ [2905/2918] Built LeanCert.Tactic.IntervalAuto.Basic (2.8s)
✔ [2906/2918] Built LeanCert.Validity.Integration (5.8s)
✔ [2907/2918] Built LeanCert.Engine.RootFinding.Krawczyk (5.6s)
✔ [2908/2918] Built LeanCert.Engine.RootFinding.MVTBounds (6.9s)
✔ [2909/2918] Built LeanCert.Engine.RootFinding.Contraction (2.8s)
✔ [2910/2918] Built LeanCert.Engine.Optimization.Global (12s)
✔ [2911/2918] Built LeanCert.Engine.RootFinding.Main (1.5s)
✔ [2912/2918] Built LeanCert.Engine.Optimization.BoundVerify (1.9s)
✔ [2913/2918] Built LeanCert.Validity.Bounds (3.2s)
✔ [2914/2918] Built LeanCert.Tactic.IntervalAuto.Bound (7.7s)
✔ [2915/2918] Built LeanCert.Tactic.IntervalAuto.PointIneq (4.6s)
ℹ [2916/2918] Built NLA.TR15.Proof (2.7s)
info: NLA/TR15/Proof.lean:171:0: 'NLA.TR15.lower_contractions_proved' depends on axioms: [propext, Classical.choice, Quot.sound]
info: NLA/TR15/Proof.lean:172:0: 'NLA.TR15.upper_contraction_proved' depends on axioms: [propext, Classical.choice, Quot.sound]
info: NLA/TR15/Proof.lean:173:0: 'NLA.TR15.lower_eigenvalues_pos_proved' depends on axioms: [propext, Classical.choice, Quot.sound]
info: NLA/TR15/Proof.lean:174:0: 'NLA.TR15.lower_eigenpair_exists_proved' depends on axioms: [propext, Classical.choice, Quot.sound]
info: NLA/TR15/Proof.lean:175:0: 'NLA.TR15.negative_eigenvalue_certificate' depends on axioms: [propext, Classical.choice, Quot.sound]
info: NLA/TR15/Proof.lean:176:0: 'NLA.TR15.upper_negative_eigenpair_proved' depends on axioms: [propext, Classical.choice, Quot.sound]
info: NLA/TR15/Proof.lean:177:0: 'NLA.TR15.counterexample_proved' depends on axioms: [propext, Classical.choice, Quot.sound]
info: NLA/TR15/Proof.lean:178:0: 'NLA.TR15.not_inheritanceConjecture_proved' depends on axioms: [propext, Classical.choice, Quot.sound]
ℹ [2917/2918] Built Solution (1.8s)
info: Solution.lean:61:0: 'NLA.TR15.lower_contractions' depends on axioms: [propext, Classical.choice, Quot.sound]
info: Solution.lean:62:0: 'NLA.TR15.upper_contraction' depends on axioms: [propext, Classical.choice, Quot.sound]
info: Solution.lean:63:0: 'NLA.TR15.lower_eigenvalues_pos' depends on axioms: [propext, Classical.choice, Quot.sound]
info: Solution.lean:64:0: 'NLA.TR15.lower_eigenpair_exists' depends on axioms: [propext, Classical.choice, Quot.sound]
info: Solution.lean:65:0: 'NLA.TR15.upper_negative_eigenpair' depends on axioms: [propext, Classical.choice, Quot.sound]
info: Solution.lean:66:0: 'NLA.TR15.counterexample' depends on axioms: [propext, Classical.choice, Quot.sound]
info: Solution.lean:67:0: 'NLA.TR15.not_inheritanceConjecture' depends on axioms: [propext, Classical.choice, Quot.sound]
Build completed successfully (2918 jobs).
Exporting #[Quot, Quot.mk, Quot.lift, Quot.ind, NLA.TR15.lower_contractions, NLA.TR15.upper_contraction, NLA.TR15.lower_eigenvalues_pos, NLA.TR15.lower_eigenpair_exists, NLA.TR15.upper_negative_eigenpair, NLA.TR15.counterexample, NLA.TR15.not_inheritanceConjecture, propext, Classical.choice, Quot.sound, Nat.add, Nat.sub, Nat.mul, Nat.pow, Nat.gcd, Nat.div, Nat.mod, Nat.beq, Nat.ble, Nat.land, Nat.lor, Nat.xor, Nat.shiftLeft, Nat.shiftRight, String.ofList, Char.ofNat, List, eagerReduce, Nat, String, String.mk, Char, optParam, autoParam, semiOutParam, outParam] from Solution
Running Lean default kernel on solution.
Lean default kernel accepts the solution
Your solution is okay!

EXIT_STATUS=0
