⚠ [3307/3461] Replayed NLA.SP05.SpectralMaximum
warning: NLA/SP05/SpectralMaximum.lean:37:14: This simp argument is unused:
  Matrix.diagonal_apply

Hint: Omit it from the simp argument list.
  [apply] simp [D, hij]

Note: This linter can be disabled with `set_option linter.unusedSimpArgs false`
⚠ [3526/3526] Built NLA.SP05.ComplexMinimum (6.9s)
warning: NLA/SP05/ComplexMinimum.lean:19:17: This simp argument is unused:
  smul_mul_assoc

Hint: Omit it from the simp argument list.
  [apply] simp only [mul_smul_comm, mul_one, smul_smul]

Note: This linter can be disabled with `set_option linter.unusedSimpArgs false`
warning: NLA/SP05/ComplexMinimum.lean:22:17: This simp argument is unused:
  smul_mul_assoc

Hint: Omit it from the simp argument list.
  [apply] simp only [mul_smul_comm, mul_one, smul_smul]

Note: This linter can be disabled with `set_option linter.unusedSimpArgs false`
warning: NLA/SP05/ComplexMinimum.lean:44:2: Try this: 
  letI̵

The goal is a proposition, so `let` is preferred over `letI`.
The difference between `let` and `letI` is that `letI` inlines the value.
But this is not relevant for proofs because of proof irrelevance.

Note: This linter can be disabled with `set_option linter.style.haveILetI false`
Build completed successfully (3526 jobs).
