✖ [3248/3248] Building NLA.SP05.Geometry (5.7s)
trace: .> LEAN_PATH=/Users/sholden/Projects/OpenProblemsInNLA/intervals-and-absolute-value-equations/IV-06/lean/.lake/packages/Cli/.lake/build/lib/lean:/Users/sholden/Projects/OpenProblemsInNLA/intervals-and-absolute-value-equations/IV-06/lean/.lake/packages/batteries/.lake/build/lib/lean:/Users/sholden/Projects/OpenProblemsInNLA/intervals-and-absolute-value-equations/IV-06/lean/.lake/packages/Qq/.lake/build/lib/lean:/Users/sholden/Projects/OpenProblemsInNLA/intervals-and-absolute-value-equations/IV-06/lean/.lake/packages/aesop/.lake/build/lib/lean:/Users/sholden/Projects/OpenProblemsInNLA/intervals-and-absolute-value-equations/IV-06/lean/.lake/packages/proofwidgets/.lake/build/lib/lean:/Users/sholden/Projects/OpenProblemsInNLA/intervals-and-absolute-value-equations/IV-06/lean/.lake/packages/importGraph/.lake/build/lib/lean:/Users/sholden/Projects/OpenProblemsInNLA/intervals-and-absolute-value-equations/IV-06/lean/.lake/packages/LeanSearchClient/.lake/build/lib/lean:/Users/sholden/Projects/OpenProblemsInNLA/intervals-and-absolute-value-equations/IV-06/lean/.lake/packages/plausible/.lake/build/lib/lean:/Users/sholden/Projects/OpenProblemsInNLA/intervals-and-absolute-value-equations/IV-06/lean/.lake/packages/mathlib/.lake/build/lib/lean:/Users/sholden/Projects/OpenProblemsInNLA/intervals-and-absolute-value-equations/IV-06/lean/.lake/packages/leancert/.lake/build/lib/lean:/private/tmp/nla-20260922-sp05/eigenvalues-and-inverse-problems/SP-05/lean/.lake/build/lib/lean /private/tmp/nla-20260922-runtime/lean-4.33.1-darwin_aarch64/bin/lean /private/tmp/nla-20260922-sp05/eigenvalues-and-inverse-problems/SP-05/lean/NLA/SP05/Geometry.lean -o /private/tmp/nla-20260922-sp05/eigenvalues-and-inverse-problems/SP-05/lean/.lake/build/lib/lean/NLA/SP05/Geometry.olean -i /private/tmp/nla-20260922-sp05/eigenvalues-and-inverse-problems/SP-05/lean/.lake/build/lib/lean/NLA/SP05/Geometry.ilean -c /private/tmp/nla-20260922-sp05/eigenvalues-and-inverse-problems/SP-05/lean/.lake/build/ir/NLA/SP05/Geometry.c --setup /private/tmp/nla-20260922-sp05/eigenvalues-and-inverse-problems/SP-05/lean/.lake/build/ir/NLA/SP05/Geometry.setup.json --json
info: NLA/SP05/Geometry.lean:37:2: Try this:
  [apply] ring_nf
  
  The `ring` tactic failed to close the goal. Use `ring_nf` to obtain a normal form.
    
  Note that `ring` works primarily in *commutative* rings. If you have a noncommutative ring, abelian group or module, consider using `noncomm_ring`, `abel` or `module` instead.
error: NLA/SP05/Geometry.lean:28:57: unsolved goals
n : ℕ
𝕜 : Type u_1
inst✝ : CommRing 𝕜
A B X : Matrix (Fin n) (Fin n) 𝕜
c r i : Fin n
a✝¹ : i ∈ Finset.univ
j : Fin n
a✝ : j ∈ Finset.univ
⊢ Matrix.of (fun i j => A i.1 j.1 * B i.2 j.2) (c, r) (i, j) * X j i = X j i * B r j * A c i
warning: NLA/SP05/Geometry.lean:31:40: This simp argument is unused:
  Matrix.kronecker

Hint: Omit it from the simp argument list.
  [apply] simp only [Matrix.mulVec, dotProduct, Matrix.kroneckerMap, vecM, Fintype.sum_prod_type, Matrix.mul_apply,
    Matrix.transpose_apply, Finset.sum_mul]

Note: This linter can be disabled with `set_option linter.unusedSimpArgs false`
error: NLA/SP05/Geometry.lean:79:21: #assert_trust: 'NLA.SP05.vectorization_proved' depends on sorry or unrecognized axioms
  foundational: propext, Classical.choice, Quot.sound
  sorryAx: sorryAx
error: Lean exited with code 1
Some required targets logged failures:
- NLA.SP05.Geometry
error: build failed
