✔ [2154/2157] Built NLA.FR12.Growth (4.8s)
ℹ [2155/2157] Built NLA.FR12.Proof (5.2s)
info: NLA/FR12/Proof.lean:20:0: 'NLA.FR12.counting_semantics_proved' depends on axioms: [propext, Classical.choice, Quot.sound]
info: NLA/FR12/Proof.lean:22:0: 'NLA.FR12.injective_doubling_proved' depends on axioms: [propext, Classical.choice, Quot.sound]
info: NLA/FR12/Proof.lean:24:0: 'NLA.FR12.factorial_doubling_proved' depends on axioms: [propext, Classical.choice, Quot.sound]
info: NLA/FR12/Proof.lean:26:0: 'NLA.FR12.power_two_nonempty_proved' depends on axioms: [propext, Classical.choice, Quot.sound]
info: NLA/FR12/Proof.lean:28:0: 'NLA.FR12.power_two_lower_bound_proved' depends on axioms: [propext, Classical.choice, Quot.sound]
info: NLA/FR12/Proof.lean:30:0: 'NLA.FR12.counterexample_proved' depends on axioms: [propext, Classical.choice, Quot.sound]
info: NLA/FR12/Proof.lean:32:0: 'NLA.FR12.not_countingConjecture_proved' depends on axioms: [propext, Classical.choice, Quot.sound]
⚠ [2156/2157] Built Solution (3.2s)
warning: Solution.lean:19:8: Variable name `hn` is not explicitly referenced.

Hint: The binding can be removed (if unused) or named `_` (if used implicitly). Alternatively, prefix the name with `_` to silence this warning:
  [apply] _hn

Note: This linter can be disabled with `set_option linter.unusedVariables false`
info: Solution.lean:60:0: 'NLA.FR12.counting_semantics' depends on axioms: [propext, Classical.choice, Quot.sound]
info: Solution.lean:62:0: 'NLA.FR12.injective_doubling' depends on axioms: [propext, Classical.choice, Quot.sound]
info: Solution.lean:64:0: 'NLA.FR12.factorial_doubling' depends on axioms: [propext, Classical.choice, Quot.sound]
info: Solution.lean:66:0: 'NLA.FR12.power_two_nonempty' depends on axioms: [propext, Classical.choice, Quot.sound]
info: Solution.lean:68:0: 'NLA.FR12.power_two_lower_bound' depends on axioms: [propext, Classical.choice, Quot.sound]
info: Solution.lean:70:0: 'NLA.FR12.counterexample' depends on axioms: [propext, Classical.choice, Quot.sound]
info: Solution.lean:72:0: 'NLA.FR12.not_countingConjecture' depends on axioms: [propext, Classical.choice, Quot.sound]
Build completed successfully (2157 jobs).
