$ systemd-run --user --quiet --wait --pipe --collect -p 'RestrictAddressFamilies=~AF_UNIX' --working-directory /home/runner/work/_temp/nla-lean-tools/.verification-tmp/nla-fresh-proof-lcftgpq5/project /usr/bin/env -i PATH=/home/runner/.elan/toolchains/leanprover--lean4---v4.33.1/bin:/home/runner/.elan/bin:/home/runner/go/bin:/opt/hostedtoolcache/go/1.27.1/x64/bin:/snap/bin:/home/runner/.local/bin:/opt/pipx_bin:/home/runner/.cargo/bin:/home/runner/.config/composer/vendor/bin:/usr/local/.ghcup/bin:/home/runner/.dotnet/tools:/usr/local/sbin:/usr/local/bin:/usr/sbin:/usr/bin:/sbin:/bin:/usr/games:/usr/local/games:/snap/bin HOME=/home/runner LANG=C.UTF-8 XDG_RUNTIME_DIR=/run/user/1001 DBUS_SESSION_BUS_ADDRESS=unix:path=/run/user/1001/bus GIT_TERMINAL_PROMPT=0 GIT_CONFIG_NOSYSTEM=1 GIT_CONFIG_GLOBAL=/dev/null COMPARATOR_BIN=/home/runner/work/_temp/nla-lean-tools/.tools/comparator/.lake/build/bin/comparator COMPARATOR_LEAN4EXPORT=/home/runner/work/_temp/nla-lean-tools/.tools/lean4export/.lake/build/bin/lean4export COMPARATOR_LANDRUN=/home/runner/work/_temp/nla-lean-tools/scripts/strict_landrun.py XDG_CACHE_HOME=/home/runner/work/_temp/nla-lean-tools/.tools/cache TMPDIR=/home/runner/work/_temp/nla-lean-tools/.verification-tmp lake env /home/runner/work/_temp/nla-lean-tools/.tools/comparator/.lake/build/bin/comparator comparator.json
Building Challenge
✔ [2721/2723] Built NLA.MI22.Definitions (1.8s)
⚠ [2722/2723] Built Challenge (1.5s)
warning: Challenge.lean:15:8: declaration uses `sorry`
warning: Challenge.lean:27:8: declaration uses `sorry`
warning: Challenge.lean:36:8: declaration uses `sorry`
warning: Challenge.lean:45:8: declaration uses `sorry`
warning: Challenge.lean:57:8: declaration uses `sorry`
warning: Challenge.lean:71:8: declaration uses `sorry`
warning: Challenge.lean:78:8: declaration uses `sorry`
warning: Challenge.lean:89:8: declaration uses `sorry`
Build completed successfully (2723 jobs).
Exporting #[Quot, Quot.mk, Quot.lift, Quot.ind, NLA.MI22.singular_values_semantics, NLA.MI22.spectral_power_semantics, NLA.MI22.euclidean_norm_bounds, NLA.MI22.witness_rational_data, NLA.MI22.witness_principal_powers, NLA.MI22.witness_operator_gap, NLA.MI22.counterexample, NLA.MI22.not_weightedLogMajorizationConjecture, propext, Classical.choice, Quot.sound, Nat.add, Nat.sub, Nat.mul, Nat.pow, Nat.gcd, Nat.div, Nat.mod, Nat.beq, Nat.ble, Nat.land, Nat.lor, Nat.xor, Nat.shiftLeft, Nat.shiftRight, String.ofList, Char.ofNat, List, eagerReduce, Nat, String, String.mk, Char, optParam, autoParam, semiOutParam, outParam] from Challenge
Building Solution
✔ [3018/3041] Built NLA.MI22.FunctionalCalculus (2.7s)
✔ [3020/3042] Built LeanCert.Core.Interval (2.9s)
✔ [3021/3045] Built LeanCert.Core.DerivativeIntervals (3.2s)
✔ [3022/3045] Built LeanCert.Core.Expr (5.1s)
✔ [3023/3047] Built NLA.MI22.Norms (3.6s)
✔ [3024/3047] Built NLA.MI22.Witness (5.8s)
✔ [3025/3049] Built LeanCert.Core.IntervalRat.Basic (7.7s)
✔ [3026/3049] Built LeanCert.Core.IntervalRat.LogReduction (5.9s)
✔ [3027/3049] Built LeanCert.Core.Support (3.9s)
✔ [3028/3049] Built LeanCert.Core.Taylor (7.5s)
✔ [3029/3049] Built LeanCert.Meta.Numeral (3.4s)
✔ [3030/3049] Built LeanCert.Engine.Eval.Result (2.4s)
✔ [3031/3049] Built NLA.MI22.SingularValues (4.7s)
✔ [3032/3050] Built LeanCert.Core.TrigReduction (3.6s)
✔ [3033/3051] Built NLA.MI22.ExactData (6.5s)
✔ [3034/3051] Built LeanCert.Core.IntervalRat.Transcendental (4.7s)
✔ [3035/3053] Built LeanCert.Tactic.IntervalAuto.Types (3.6s)
✔ [3036/3057] Built LeanCert.Tactic.IntervalAuto.Extract (2.8s)
✔ [3038/3065] Built LeanCert.Tactic.IntervalAuto.Norm (3.9s)
✔ [3039/3065] Built LeanCert.Meta.ToExpr (5.4s)
✔ [3040/3065] Built LeanCert.Contrib.Sinc (6.0s)
✔ [3041/3069] Built LeanCert.Core.Dyadic (4.4s)
✔ [3042/3070] Built LeanCert.Tactic.Verification (4.8s)
✔ [3043/3082] Built LeanCert.Tactic.NumericalRefinement (442ms)
✔ [3096/3163] Built LeanCert.Tactic.LeanCert.Bridge.Environment (2.0s)
✔ [3097/3163] Built LeanCert.Tactic.IntervalAuto.Parse (3.9s)
✔ [3098/3163] Built LeanCert.Core.IntervalRat.Taylor (14s)
✔ [3099/3163] Built LeanCert.Tactic.LeanCert.Normalize (2.5s)
✔ [3100/3163] Built LeanCert.Tactic.IntervalAuto.Diagnostic (2.1s)
✔ [3101/3163] Built LeanCert.Core.IntervalReal (1.7s)
✔ [3102/3163] Built LeanCert.Core.IntervalRat.TrigReduced (1.9s)
✔ [3103/3163] Built LeanCert.Core.IntervalRealEndpoints (3.8s)
✔ [3104/3163] Built LeanCert.Engine.Affine.Basic (5.3s)
✔ [3105/3163] Built LeanCert.Core.IntervalDyadic (5.0s)
✔ [3106/3163] Built LeanCert.Engine.Affine.Nonlinear (3.3s)
✔ [3107/3163] Built LeanCert.Engine.Eval.Core (5.0s)
✔ [3108/3163] Built LeanCert.Engine.Eval.Extended (1.0s)
✔ [3109/3163] Built LeanCert.Engine.Bounds.Lemmas (1.4s)
✔ [3110/3163] Built LeanCert.Engine.IntervalEval (1.3s)
✔ [3111/3163] Built LeanCert.Validity.Bounds.Core (2.2s)
✔ [3112/3163] Built LeanCert.Validity.Bounds.Checked (2.2s)
✔ [3113/3163] Built LeanCert.Engine.Affine.Transcendental (3.9s)
✔ [3114/3163] Built LeanCert.Engine.Optimization.Box (3.0s)
✔ [3115/3163] Built LeanCert.Engine.IntervalEvalDyadic (5.4s)
✔ [3116/3163] Built LeanCert.Engine.RootFinding.Basic (4.5s)
✔ [3117/3163] Built LeanCert.Engine.AD.Basic (2.7s)
✔ [3118/3163] Built LeanCert.Engine.Integrate (5.1s)
✔ [3119/3163] Built LeanCert.Validity.DyadicBounds (3.6s)
✔ [3120/3163] Built LeanCert.Engine.IntervalEvalAffine (5.9s)
✔ [3121/3163] Built LeanCert.Engine.TaylorModel.Core (7.9s)
✔ [3122/3163] Built LeanCert.Engine.RootFinding.Bisection (4.8s)
✔ [3123/3163] Built LeanCert.Engine.AD.Transcendental (3.6s)
✔ [3124/3163] Built LeanCert.Engine.TaylorModel.Integral (2.7s)
✔ [3125/3163] Built LeanCert.Engine.Affine.Environment (3.2s)
✔ [3126/3163] Built LeanCert.Engine.TaylorModel.Special (2.3s)
✔ [3127/3163] Built LeanCert.Engine.AD.Eval (2.4s)
✔ [3128/3163] Built LeanCert.Engine.TaylorModel.ExpLog (7.3s)
✔ [3129/3163] Built LeanCert.Engine.AD.Correctness (5.4s)
✔ [3130/3163] Built LeanCert.Engine.TaylorModel.Trig (9.4s)
✔ [3131/3163] Built LeanCert.Engine.TaylorModel.Hyperbolic (10s)
✔ [3132/3163] Built LeanCert.Engine.AD.Computable (3.0s)
✔ [3133/3163] Built LeanCert.Engine.TaylorModel.Functions (2.0s)
✔ [3134/3163] Built LeanCert.Engine.AD.PartialCorrectness (4.6s)
✔ [3135/3163] Built LeanCert.Engine.AD.DomainChecked (2.1s)
✔ [3136/3163] Built LeanCert.Engine.TaylorModel.Expr (2.8s)
✔ [3137/3163] Built LeanCert.Engine.AD.Dyadic (2.7s)
✔ [3138/3163] Built LeanCert.Engine.TaylorModel (1.6s)
✔ [3139/3163] Built LeanCert.Engine.AD (1.3s)
✔ [3140/3163] Built LeanCert.Validity.Bounds.Smart (2.8s)
✔ [3141/3163] Built LeanCert.Engine.IntervalEvalRefined (3.3s)
✔ [3142/3163] Built LeanCert.Meta.ProveSupported (3.5s)
✔ [3143/3163] Built LeanCert.Engine.Optimize (4.0s)
✔ [3144/3163] Built LeanCert.Validity.Bounds.Bridge (2.9s)
✔ [3145/3163] Built LeanCert.Meta.ProveContinuous (3.8s)
✔ [3146/3163] Built LeanCert.Tactic.IntervalAuto.ProveCommon (4.5s)
✔ [3147/3163] Built LeanCert.Engine.RootFinding.Newton (4.1s)
✔ [3148/3163] Built LeanCert.Engine.Optimization.Gradient (5.0s)
✔ [3149/3163] Built LeanCert.Validity.Bounds.Basic (2.7s)
✔ [3150/3163] Built LeanCert.Tactic.IntervalAuto.Basic (3.0s)
✔ [3151/3163] Built LeanCert.Validity.Integration (5.5s)
✔ [3152/3163] Built LeanCert.Engine.RootFinding.MVTBounds (7.0s)
✔ [3153/3163] Built LeanCert.Engine.RootFinding.Krawczyk (6.9s)
✔ [3154/3163] Built LeanCert.Engine.RootFinding.Contraction (4.5s)
✔ [3155/3163] Built LeanCert.Engine.RootFinding.Main (1.7s)
✔ [3156/3163] Built LeanCert.Engine.Optimization.Global (14s)
✔ [3157/3163] Built LeanCert.Engine.Optimization.BoundVerify (1.9s)
✔ [3158/3163] Built LeanCert.Validity.Bounds (3.5s)
✔ [3159/3163] Built LeanCert.Tactic.IntervalAuto.Bound (9.2s)
✔ [3160/3163] Built LeanCert.Tactic.IntervalAuto.PointIneq (4.8s)
ℹ [3161/3163] Built NLA.MI22.Proof (2.0s)
info: NLA/MI22/Proof.lean:128:0: 'NLA.MI22.singular_values_semantics_proved' depends on axioms: [propext, Classical.choice, Quot.sound]
info: NLA/MI22/Proof.lean:129:0: 'NLA.MI22.spectral_power_semantics_proved' depends on axioms: [propext, Classical.choice, Quot.sound]
info: NLA/MI22/Proof.lean:130:0: 'NLA.MI22.euclidean_norm_bounds_proved' depends on axioms: [propext, Classical.choice, Quot.sound]
info: NLA/MI22/Proof.lean:131:0: 'NLA.MI22.witness_rational_data_proved' depends on axioms: [propext, Classical.choice, Quot.sound]
info: NLA/MI22/Proof.lean:132:0: 'NLA.MI22.witness_principal_powers_proved' depends on axioms: [propext, Classical.choice, Quot.sound]
info: NLA/MI22/Proof.lean:133:0: 'NLA.MI22.witness_operator_gap_proved' depends on axioms: [propext, Classical.choice, Quot.sound]
info: NLA/MI22/Proof.lean:134:0: 'NLA.MI22.numerical_separation' depends on axioms: [propext, Classical.choice, Quot.sound]
info: NLA/MI22/Proof.lean:135:0: 'NLA.MI22.counterexample_proved' depends on axioms: [propext, Classical.choice, Quot.sound]
info: NLA/MI22/Proof.lean:136:0: 'NLA.MI22.not_weightedLogMajorizationConjecture_proved' depends on axioms: [propext, Classical.choice, Quot.sound]
ℹ [3162/3163] Built Solution (1.9s)
info: Solution.lean:93:0: 'NLA.MI22.singular_values_semantics' depends on axioms: [propext, Classical.choice, Quot.sound]
info: Solution.lean:95:0: 'NLA.MI22.spectral_power_semantics' depends on axioms: [propext, Classical.choice, Quot.sound]
info: Solution.lean:97:0: 'NLA.MI22.euclidean_norm_bounds' depends on axioms: [propext, Classical.choice, Quot.sound]
info: Solution.lean:99:0: 'NLA.MI22.witness_rational_data' depends on axioms: [propext, Classical.choice, Quot.sound]
info: Solution.lean:101:0: 'NLA.MI22.witness_principal_powers' depends on axioms: [propext, Classical.choice, Quot.sound]
info: Solution.lean:103:0: 'NLA.MI22.witness_operator_gap' depends on axioms: [propext, Classical.choice, Quot.sound]
info: Solution.lean:105:0: 'NLA.MI22.counterexample' depends on axioms: [propext, Classical.choice, Quot.sound]
info: Solution.lean:107:0: 'NLA.MI22.not_weightedLogMajorizationConjecture' depends on axioms: [propext, Classical.choice, Quot.sound]
Build completed successfully (3163 jobs).
Exporting #[Quot, Quot.mk, Quot.lift, Quot.ind, NLA.MI22.singular_values_semantics, NLA.MI22.spectral_power_semantics, NLA.MI22.euclidean_norm_bounds, NLA.MI22.witness_rational_data, NLA.MI22.witness_principal_powers, NLA.MI22.witness_operator_gap, NLA.MI22.counterexample, NLA.MI22.not_weightedLogMajorizationConjecture, propext, Classical.choice, Quot.sound, Nat.add, Nat.sub, Nat.mul, Nat.pow, Nat.gcd, Nat.div, Nat.mod, Nat.beq, Nat.ble, Nat.land, Nat.lor, Nat.xor, Nat.shiftLeft, Nat.shiftRight, String.ofList, Char.ofNat, List, eagerReduce, Nat, String, String.mk, Char, optParam, autoParam, semiOutParam, outParam] from Solution
Running Lean default kernel on solution.
Lean default kernel accepts the solution
Your solution is okay!

EXIT_STATUS=0
