$ lake exe cache get
✔ [1/5] Built Cache.Cli (225ms)
✔ [2/5] Built Cache.Lean (249ms)
✔ [6/26] Built Cache.Cli:c.o (146ms)
✔ [7/26] Built Cache.Lean:c.o (150ms)
✔ [8/26] Built Cache.Infra (328ms)
✔ [9/26] Built Cache.Infra:c.o (142ms)
✔ [10/26] Built Batteries.Tactic.OpenPrivate (660ms)
✔ [11/26] Built Batteries.Tactic.OpenPrivate:c.o (840ms)
✔ [12/26] Built Cache.IO (936ms)
✔ [13/26] Built Cache.Hashing (552ms)
✔ [14/26] Built Cache.Hashing:c.o (399ms)
✔ [15/26] Built Cache.IO:c.o (1.1s)
✔ [16/26] Built Cache.Requests (1.4s)
✔ [17/26] Built Cache.Marker (376ms)
✔ [18/26] Built Cache.Marker:c.o (97ms)
✔ [19/26] Built Cache.Query (491ms)
✔ [20/26] Built Cache.Query:c.o (263ms)
✔ [21/26] Built Cache.Warning (530ms)
✔ [22/26] Built Cache.Warning:c.o (227ms)
✔ [23/26] Built Cache.Requests:c.o (1.9s)
✔ [24/26] Built Cache.Main (811ms)
✔ [25/26] Built Cache.Main:c.o (646ms)
✔ [26/26] Built cache:exe (584ms)
Current branch: HEAD
Using cache from origin: (some leanprover-community/mathlib4)
Attempting to download 8690 file(s) from leanprover-community/mathlib4 cache at https://lakecache.blob.core.windows.net/mathlib4-master

Downloaded: 1 file(s) [attempted 1/8690 = 0%, 276 KB/s], Decompressed: 0
Downloaded: 195 file(s) [attempted 195/8690 = 2%, 991 KB/s], Decompressed: 15
Downloaded: 648 file(s) [attempted 648/8690 = 7%, 2464 KB/s], Decompressed: 15
Downloaded: 953 file(s) [attempted 953/8690 = 10%, 5621 KB/s], Decompressed: 15
Downloaded: 1373 file(s) [attempted 1373/8690 = 15%, 8532 KB/s], Decompressed: 15
Downloaded: 1714 file(s) [attempted 1714/8690 = 19%, 13019 KB/s], Decompressed: 15
Downloaded: 2086 file(s) [attempted 2086/8690 = 24%, 3173 KB/s], Decompressed: 195
Downloaded: 2349 file(s) [attempted 2349/8690 = 27%, 2537 KB/s], Decompressed: 195
Downloaded: 2683 file(s) [attempted 2683/8690 = 30%, 10451 KB/s], Decompressed: 195
Downloaded: 3063 file(s) [attempted 3063/8690 = 35%, 3600 KB/s], Decompressed: 195
Downloaded: 3437 file(s) [attempted 3437/8690 = 39%, 4306 KB/s], Decompressed: 195
Downloaded: 3785 file(s) [attempted 3785/8690 = 43%, 8629 KB/s], Decompressed: 195
Downloaded: 4189 file(s) [attempted 4189/8690 = 48%, 31488 KB/s], Decompressed: 195
Downloaded: 4546 file(s) [attempted 4546/8690 = 52%, 7609 KB/s], Decompressed: 195
Downloaded: 4928 file(s) [attempted 4928/8690 = 56%, 14437 KB/s], Decompressed: 195
Downloaded: 5211 file(s) [attempted 5211/8690 = 59%, 3358 KB/s], Decompressed: 195
Downloaded: 5625 file(s) [attempted 5625/8690 = 64%, 3660 KB/s], Decompressed: 195
Downloaded: 6050 file(s) [attempted 6050/8690 = 69%, 8385 KB/s], Decompressed: 195
Downloaded: 6478 file(s) [attempted 6478/8690 = 74%, 2872 KB/s], Decompressed: 195
Downloaded: 6907 file(s) [attempted 6907/8690 = 79%, 2066 KB/s], Decompressed: 195
Downloaded: 7122 file(s) [attempted 7122/8690 = 81%, 8288 KB/s], Decompressed: 195
Downloaded: 7486 file(s) [attempted 7486/8690 = 86%, 8016 KB/s], Decompressed: 195
Downloaded: 7854 file(s) [attempted 7854/8690 = 90%, 4075 KB/s], Decompressed: 195
Downloaded: 8112 file(s) [attempted 8112/8690 = 93%, 3343 KB/s], Decompressed: 195
Downloaded: 8482 file(s) [attempted 8482/8690 = 97%, 2152 KB/s], Decompressed: 195
Downloaded: 8690 file(s) [attempted 8690/8690 = 100%, 2152 KB/s], Decompressed: 195
Decompressed 8690 file(s)
Already decompressed 8690 file(s)

EXIT_STATUS=0
