/private/tmp/nla-lean-ra08-worktree/randomized-and-low-rank-approximation/RA-08/lean/NLA/RA08/Fourth.lean:127:2: error: Type mismatch: After simplification, term
  Finset.single_le_sum (fun j x_1 => mul_self_nonneg (x j)) (Finset.mem_univ i)
 has type
  @LE.le ℝ Real.instPreorder.toLE (x i * x i) (∑ x_1, x x_1 * x x_1)
but is expected to have type
  @LE.le ℝ Real.instLE (x i * x i) (x ⬝ᵥ x)
/private/tmp/nla-lean-ra08-worktree/randomized-and-low-rank-approximation/RA-08/lean/NLA/RA08/Fourth.lean:132:42: error: unsolved goals
x : Fin 6 → ℝ
⊢ 1 / 5265 *
          vecCons 4160
            (fun i =>
              vecCons 1024 (fun i => vecCons 1792 (fun i => vecCons 72 (fun i => vecCons 576 (fun i => 0) i) i) i) i)
            5 *
        x 0 +
      (1 / 5265 *
            vecCons 1024
              (fun i =>
                vecCons 4160 (fun i => vecCons (-1792) (fun i => vecCons 576 (fun i => vecCons 72 (fun i => 0) i) i) i)
                  i)
              5 *
          x 1 +
        (1 / 5265 *
              vecCons 1792
                (fun i =>
                  vecCons (-1792)
                    (fun i => vecCons 2048 (fun i => vecCons (-288) (fun i => vecCons 288 (fun i => 0) i) i) i) i)
                5 *
            x 2 +
          (1 / 5265 *
                vecCons 72
                  (fun i =>
                    vecCons 576 (fun i => vecCons (-288) (fun i => vecCons 81 (fun i => vecCons 0 (fun i => 0) i) i) i)
                      i)
                  5 *
              x (Fin.succ 2) +
            (1 / 5265 *
                  vecCons 576
                    (fun i =>
                      vecCons 72 (fun i => vecCons 288 (fun i => vecCons 0 (fun i => vecCons 81 (fun i => 0) i) i) i) i)
                    5 *
                x (Fin.succ 2).succ +
              1 / 5265 *
                  vecCons 0
                    (fun i =>
                      vecCons 0 (fun i => vecCons 0 (fun i => vecCons 0 (fun i => vecCons 0 (fun i => 5265) i) i) i) i)
                    5 *
                x (Fin.succ 2).succ.succ)))) =
    x 5
/private/tmp/nla-lean-ra08-worktree/randomized-and-low-rank-approximation/RA-08/lean/NLA/RA08/Fourth.lean:167:21: error: #assert_trust: 'NLA.RA08.witness_fourth' depends on sorry or unrecognized axioms
  foundational: propext, Classical.choice, Quot.sound
  sorryAx: sorryAx
'NLA.RA08.fourth_le_of_three_coordinate_kernel' depends on axioms: [propext, Classical.choice, Quot.sound]
'NLA.RA08.fourth_ge_of_two_coordinate_kernel' depends on axioms: [propext, Classical.choice, Quot.sound]
'NLA.RA08.witness_fourth' depends on axioms: [propext, sorryAx, Classical.choice, Quot.sound]
'NLA.RA08.approximation_fourth' depends on axioms: [propext, Classical.choice, Quot.sound]
