$ systemd-run --user --quiet --wait --pipe --collect -p 'RestrictAddressFamilies=~AF_UNIX' --working-directory /home/runner/work/_temp/nla-lean-tools/.verification-tmp/nla-fresh-proof-8vz3drnq/project /usr/bin/env -i PATH=/home/runner/.elan/toolchains/leanprover--lean4---v4.33.1/bin:/home/runner/.elan/bin:/home/runner/go/bin:/opt/hostedtoolcache/go/1.27.1/x64/bin:/snap/bin:/home/runner/.local/bin:/opt/pipx_bin:/home/runner/.cargo/bin:/home/runner/.config/composer/vendor/bin:/usr/local/.ghcup/bin:/home/runner/.dotnet/tools:/usr/local/sbin:/usr/local/bin:/usr/sbin:/usr/bin:/sbin:/bin:/usr/games:/usr/local/games:/snap/bin HOME=/home/runner LANG=C.UTF-8 XDG_RUNTIME_DIR=/run/user/1001 DBUS_SESSION_BUS_ADDRESS=unix:path=/run/user/1001/bus GIT_TERMINAL_PROMPT=0 GIT_CONFIG_NOSYSTEM=1 GIT_CONFIG_GLOBAL=/dev/null COMPARATOR_BIN=/home/runner/work/_temp/nla-lean-tools/.tools/comparator/.lake/build/bin/comparator COMPARATOR_LEAN4EXPORT=/home/runner/work/_temp/nla-lean-tools/.tools/lean4export/.lake/build/bin/lean4export COMPARATOR_LANDRUN=/home/runner/work/_temp/nla-lean-tools/scripts/strict_landrun.py XDG_CACHE_HOME=/home/runner/work/_temp/nla-lean-tools/.tools/cache TMPDIR=/home/runner/work/_temp/nla-lean-tools/.verification-tmp lake env /home/runner/work/_temp/nla-lean-tools/.tools/comparator/.lake/build/bin/comparator comparator.json
Building Challenge
✔ [1853/1855] Built NLA.MI08.Definitions (1.7s)
⚠ [1854/1855] Built Challenge (1.7s)
warning: Challenge.lean:7:8: declaration uses `sorry`
warning: Challenge.lean:11:8: declaration uses `sorry`
warning: Challenge.lean:15:8: declaration uses `sorry`
warning: Challenge.lean:17:8: declaration uses `sorry`
Build completed successfully (1855 jobs).
Exporting #[Quot, Quot.mk, Quot.lift, Quot.ind, NLA.MI08.fixed_sign_equivalence, NLA.MI08.design_obstructions, NLA.MI08.hadamard_twelve, NLA.MI08.finite_minimums, propext, Classical.choice, Quot.sound, Nat.add, Nat.sub, Nat.mul, Nat.pow, Nat.gcd, Nat.div, Nat.mod, Nat.beq, Nat.ble, Nat.land, Nat.lor, Nat.xor, Nat.shiftLeft, Nat.shiftRight, String.ofList, Char.ofNat, List, eagerReduce, Nat, String, String.mk, Char, optParam, autoParam, semiOutParam, outParam] from Challenge
Building Solution
✔ [3443/3463] Built LeanCert.Core.DerivativeIntervals (4.5s)
✔ [3445/3466] Built LeanCert.Core.Interval (4.7s)
✔ [3446/3478] Built NLA.MI08.Correspondence (5.9s)
✔ [3448/3479] Built LeanCert.Core.Expr (7.7s)
✔ [3449/3479] Built LeanCert.Contrib.Sinc (8.3s)
✔ [3450/3479] Built LeanCert.Core.Taylor (12s)
✔ [3451/3479] Built LeanCert.Core.IntervalRat.Basic (13s)
✔ [3452/3479] Built LeanCert.Core.IntervalRat.LogReduction (10s)
✔ [3453/3479] Built LeanCert.Core.Support (5.3s)
✔ [3454/3479] Built LeanCert.Meta.Numeral (4.8s)
✔ [3455/3485] Built LeanCert.Engine.Eval.Result (3.7s)
✔ [3456/3486] Built LeanCert.Core.TrigReduction (4.1s)
✔ [3457/3486] Built LeanCert.Core.IntervalRat.Transcendental (6.9s)
✔ [3458/3486] Built LeanCert.Tactic.IntervalAuto.Types (5.3s)
✔ [3459/3486] Built LeanCert.Tactic.IntervalAuto.Extract (5.7s)
✔ [3460/3486] Built LeanCert.Core.Dyadic (7.3s)
✔ [3461/3490] Built LeanCert.Tactic.Verification (7.6s)
✔ [3462/3491] Built LeanCert.Meta.ToExpr (9.0s)
✔ [3463/3491] Built LeanCert.Tactic.LeanCert.Bridge.Environment (4.9s)
✔ [3464/3491] Built LeanCert.Tactic.IntervalAuto.Norm (6.4s)
✔ [3465/3558] Built LeanCert.Tactic.NumericalRefinement (764ms)
✔ [3517/3584] Built LeanCert.Tactic.IntervalAuto.Parse (7.3s)
✔ [3518/3584] Built LeanCert.Tactic.LeanCert.Normalize (4.1s)
✔ [3519/3584] Built LeanCert.Tactic.IntervalAuto.Diagnostic (2.7s)
✔ [3520/3584] Built LeanCert.Core.IntervalRat.Taylor (24s)
✔ [3521/3584] Built LeanCert.Core.IntervalReal (1.0s)
✔ [3522/3584] Built LeanCert.Core.IntervalRat.TrigReduced (2.5s)
✔ [3523/3584] Built LeanCert.Core.IntervalRealEndpoints (6.2s)
✔ [3524/3584] Built LeanCert.Engine.Affine.Basic (8.1s)
✔ [3525/3584] Built LeanCert.Core.IntervalDyadic (10s)
✔ [3526/3584] Built LeanCert.Engine.Affine.Nonlinear (5.9s)
✔ [3527/3584] Built LeanCert.Engine.Eval.Core (8.1s)
✔ [3528/3584] Built LeanCert.Engine.Eval.Extended (3.1s)
✔ [3529/3584] Built LeanCert.Engine.Bounds.Lemmas (2.1s)
✔ [3530/3584] Built LeanCert.Engine.IntervalEval (1.9s)
✔ [3531/3584] Built LeanCert.Validity.Bounds.Checked (3.8s)
✔ [3532/3584] Built LeanCert.Validity.Bounds.Core (4.2s)
✔ [3533/3584] Built LeanCert.Engine.Affine.Transcendental (5.4s)
✔ [3534/3584] Built LeanCert.Engine.IntervalEvalDyadic (8.7s)
✔ [3535/3584] Built LeanCert.Engine.Optimization.Box (5.1s)
✔ [3536/3584] Built LeanCert.Engine.RootFinding.Basic (7.6s)
✔ [3537/3584] Built LeanCert.Engine.Integrate (8.0s)
✔ [3538/3584] Built LeanCert.Engine.AD.Basic (4.4s)
✔ [3539/3584] Built LeanCert.Validity.DyadicBounds (5.6s)
✔ [3540/3584] Built LeanCert.Engine.IntervalEvalAffine (9.3s)
✔ [3541/3584] Built LeanCert.Engine.TaylorModel.Core (12s)
✔ [3542/3584] Built LeanCert.Engine.RootFinding.Bisection (8.8s)
✔ [3543/3584] Built LeanCert.Engine.AD.Transcendental (6.2s)
✔ [3544/3584] Built LeanCert.Engine.TaylorModel.Special (3.6s)
✔ [3545/3584] Built LeanCert.Engine.Affine.Environment (5.2s)
✔ [3546/3584] Built LeanCert.Engine.TaylorModel.Integral (4.5s)
✔ [3547/3584] Built LeanCert.Engine.AD.Eval (3.7s)
✔ [3548/3584] Built LeanCert.Engine.TaylorModel.ExpLog (13s)
✔ [3549/3584] Built LeanCert.Engine.AD.Correctness (9.9s)
✔ [3550/3584] Built LeanCert.Engine.TaylorModel.Trig (16s)
✔ [3551/3584] Built LeanCert.Engine.TaylorModel.Hyperbolic (17s)
✔ [3552/3584] Built LeanCert.Engine.AD.Computable (4.9s)
✔ [3553/3584] Built LeanCert.Engine.TaylorModel.Functions (2.8s)
✔ [3554/3584] Built LeanCert.Engine.AD.PartialCorrectness (7.3s)
✔ [3555/3584] Built LeanCert.Engine.AD.DomainChecked (3.9s)
✔ [3556/3584] Built LeanCert.Engine.TaylorModel.Expr (4.7s)
✔ [3557/3584] Built LeanCert.Engine.AD.Dyadic (4.2s)
✔ [3558/3584] Built LeanCert.Engine.TaylorModel (2.4s)
✔ [3559/3584] Built LeanCert.Engine.AD (1.9s)
✔ [3560/3584] Built LeanCert.Validity.Bounds.Smart (4.2s)
✔ [3561/3584] Built LeanCert.Engine.IntervalEvalRefined (4.9s)
✔ [3562/3584] Built LeanCert.Meta.ProveSupported (5.3s)
✔ [3563/3584] Built LeanCert.Engine.Optimize (8.2s)
✔ [3564/3584] Built LeanCert.Validity.Bounds.Bridge (4.2s)
✔ [3565/3584] Built LeanCert.Meta.ProveContinuous (5.9s)
✔ [3566/3584] Built LeanCert.Tactic.IntervalAuto.ProveCommon (7.8s)
✔ [3567/3584] Built LeanCert.Engine.RootFinding.Newton (6.7s)
✔ [3568/3584] Built LeanCert.Validity.Bounds.Basic (4.1s)
✔ [3569/3584] Built LeanCert.Engine.Optimization.Gradient (8.1s)
✔ [3570/3584] Built LeanCert.Tactic.IntervalAuto.Basic (4.4s)
✔ [3571/3584] Built LeanCert.Validity.Integration (9.7s)
✔ [3572/3584] Built LeanCert.Engine.RootFinding.MVTBounds (11s)
✔ [3573/3584] Built LeanCert.Engine.RootFinding.Krawczyk (11s)
✔ [3574/3584] Built LeanCert.Engine.RootFinding.Contraction (8.8s)
✔ [3575/3584] Built LeanCert.Engine.RootFinding.Main (1.0s)
✔ [3576/3584] Built LeanCert.Engine.Optimization.Global (24s)
✔ [3577/3584] Built LeanCert.Engine.Optimization.BoundVerify (2.9s)
✔ [3578/3584] Built LeanCert.Validity.Bounds (5.3s)
✔ [3579/3584] Built LeanCert.Tactic.IntervalAuto.Bound (14s)
✔ [3580/3584] Built LeanCert.Tactic.IntervalAuto.PointIneq (7.6s)
✔ [3581/3584] Built NLA.MI08.Designs (3.7s)
✔ [3582/3584] Built NLA.MI08.Proof (2.7s)
✔ [3583/3584] Built Solution (2.6s)
Build completed successfully (3584 jobs).
Exporting #[Quot, Quot.mk, Quot.lift, Quot.ind, NLA.MI08.fixed_sign_equivalence, NLA.MI08.design_obstructions, NLA.MI08.hadamard_twelve, NLA.MI08.finite_minimums, propext, Classical.choice, Quot.sound, Nat.add, Nat.sub, Nat.mul, Nat.pow, Nat.gcd, Nat.div, Nat.mod, Nat.beq, Nat.ble, Nat.land, Nat.lor, Nat.xor, Nat.shiftLeft, Nat.shiftRight, String.ofList, Char.ofNat, List, eagerReduce, Nat, String, String.mk, Char, optParam, autoParam, semiOutParam, outParam] from Solution
Running Lean default kernel on solution.
Lean default kernel accepts the solution
Your solution is okay!

EXIT_STATUS=0
