ROOT_PROOF_EDGE NLA.MI23.positive_powers_and_means: [NLA.MI23.Mat, NLA.MI23.positive_powers_and_means_proved]
ROOT_PROOF_EDGE NLA.MI23.Mat: []
ROOT_PROOF_EDGE NLA.MI23.positive_powers_and_means_proved: [NLA.MI23.Mat,
 NLA.MI23.spectralPower,
 NLA.MI23.generalizedMean,
 NLA.MI23.spectralPower_posDef,
 NLA.MI23.sandwich_posDef,
 NLA.MI23.generalizedMean._proof_1]
ROOT_PROOF_EDGE NLA.MI23.spectralPower: [NLA.MI23.Mat,
 NLA.MI23.spectralPower._proof_1,
 NLA.MI23.spectralPower._proof_3,
 NLA.MI23.spectralPower._proof_4]
ROOT_PROOF_EDGE NLA.MI23.spectralPower._proof_1: []
ROOT_PROOF_EDGE NLA.MI23.spectralPower._proof_3: []
ROOT_PROOF_EDGE NLA.MI23.spectralPower._proof_4: []
ROOT_PROOF_EDGE NLA.MI23.generalizedMean: [NLA.MI23.Mat, NLA.MI23.spectralPower, NLA.MI23.generalizedMean._proof_1]
ROOT_PROOF_EDGE NLA.MI23.generalizedMean._proof_1: []
ROOT_PROOF_EDGE NLA.MI23.spectralPower_posDef: [NLA.MI23.Mat, NLA.MI23.spectralPower]
ROOT_PROOF_EDGE NLA.MI23.sandwich_posDef: [NLA.MI23.Mat]
ROOT_PROOF_EDGE NLA.MI23.product_eigenvalue_semantics: [NLA.MI23.Mat, NLA.MI23.product_eigenvalue_semantics_proved]
ROOT_PROOF_EDGE NLA.MI23.product_eigenvalue_semantics_proved: [NLA.MI23.Mat,
 NLA.MI23.spectralPower,
 NLA.MI23.HasOrderedPositiveEigenvalues,
 NLA.MI23.spectralPower_add,
 NLA.MI23.spectralPower_one,
 NLA.MI23.sandwich_posDef,
 NLA.MI23.spectralPower_posDef,
 NLA.MI23.positive_eigenvalues_of_charpoly_eq,
 NLA.MI23.ordered_eigenvalues_posDef]
ROOT_PROOF_EDGE NLA.MI23.HasOrderedPositiveEigenvalues: [NLA.MI23.Mat,
 NLA.MI23.orderedEigenvalues,
 NLA.MI23.orderedEigenvalues._proof_1]
ROOT_PROOF_EDGE NLA.MI23.orderedEigenvalues: [NLA.MI23.Mat, NLA.MI23.orderedEigenvalues._proof_1]
ROOT_PROOF_EDGE NLA.MI23.orderedEigenvalues._proof_1: []
ROOT_PROOF_EDGE NLA.MI23.spectralPower_add: [NLA.MI23.Mat,
 NLA.MI23.spectralPower._proof_1,
 NLA.MI23.spectralPower._proof_3,
 NLA.MI23.spectralPower._proof_4]
ROOT_PROOF_EDGE NLA.MI23.spectralPower_one: [NLA.MI23.Mat]
ROOT_PROOF_EDGE NLA.MI23.positive_eigenvalues_of_charpoly_eq: [NLA.MI23.Mat,
 NLA.MI23.HasOrderedPositiveEigenvalues,
 NLA.MI23.orderedEigenvalues,
 NLA.MI23.orderedEigenvalues._proof_1,
 NLA.MI23.orderedEigenvalues_congr]
ROOT_PROOF_EDGE NLA.MI23.orderedEigenvalues_congr: [NLA.MI23.Mat,
 NLA.MI23.orderedEigenvalues,
 NLA.MI23.orderedEigenvalues._proof_1]
ROOT_PROOF_EDGE NLA.MI23.ordered_eigenvalues_posDef: [NLA.MI23.Mat,
 NLA.MI23.orderedEigenvalues,
 NLA.MI23.orderedEigenvalues._proof_1]
ROOT_PROOF_EDGE NLA.MI23.squared_product_largest: [NLA.MI23.Mat, NLA.MI23.squared_product_largest_proved]
ROOT_PROOF_EDGE NLA.MI23.squared_product_largest_proved: [NLA.MI23.Mat,
 NLA.MI23.sandwich_posDef,
 NLA.MI23.naturalPower_posDef,
 NLA.MI23.largestEigenvalue,
 NLA.MI23.operatorNorm,
 NLA.MI23.orderedEigenvalues,
 NLA.MI23.largestEigenvalue.eq_1,
 NLA.MI23.orderedEigenvalues_congr,
 NLA.MI23.largestEigenvalue_posDef_eq_norm]
ROOT_PROOF_EDGE NLA.MI23.naturalPower_posDef: [NLA.MI23.Mat,
 NLA.MI23.spectralPower,
 NLA.MI23.spectralPower_nat,
 NLA.MI23.spectralPower_posDef]
ROOT_PROOF_EDGE NLA.MI23.spectralPower_nat: [NLA.MI23.Mat]
ROOT_PROOF_EDGE NLA.MI23.largestEigenvalue: [NLA.MI23.Mat, NLA.MI23.orderedEigenvalues]
ROOT_PROOF_EDGE NLA.MI23.operatorNorm: [NLA.MI23.Mat,
 NLA.MI23.operatorNorm._proof_1,
 NLA.MI23.operatorNorm._proof_2,
 NLA.MI23.operatorNorm._proof_3,
 NLA.MI23.operatorNorm._proof_4]
ROOT_PROOF_EDGE NLA.MI23.operatorNorm._proof_1: []
ROOT_PROOF_EDGE NLA.MI23.operatorNorm._proof_2: []
ROOT_PROOF_EDGE NLA.MI23.operatorNorm._proof_3: []
ROOT_PROOF_EDGE NLA.MI23.operatorNorm._proof_4: []
ROOT_PROOF_EDGE NLA.MI23.largestEigenvalue.eq_1: [NLA.MI23.Mat, NLA.MI23.largestEigenvalue]
ROOT_PROOF_EDGE NLA.MI23.largestEigenvalue_posDef_eq_norm: [NLA.MI23.Mat,
 NLA.MI23.HasOrderedPositiveEigenvalues,
 NLA.MI23.ordered_eigenvalues_posDef,
 NLA.MI23.orderedEigenvalues,
 NLA.MI23.largestEigenvalue,
 NLA.MI23.operatorNorm,
 NLA.MI23.largestEigenvalue_spec,
 NLA.MI23.orderedEigenvalues_multiset,
 NLA.MI23.orderedEigenvalues._proof_1,
 NLA.MI23.operatorNorm_eq_eigenvalueNorm]
ROOT_PROOF_EDGE NLA.MI23.largestEigenvalue_spec: [NLA.MI23.Mat,
 NLA.MI23.HasOrderedPositiveEigenvalues,
 NLA.MI23.orderedEigenvalues,
 NLA.MI23.orderedEigenvalues._proof_1,
 NLA.MI23.largestEigenvalue,
 NLA.MI23.largestEigenvalue_spec._proof_1_1]
ROOT_PROOF_EDGE NLA.MI23.largestEigenvalue_spec._proof_1_1: []
ROOT_PROOF_EDGE NLA.MI23.orderedEigenvalues_multiset: [NLA.MI23.Mat,
 NLA.MI23.orderedEigenvalues,
 NLA.MI23.orderedEigenvalues._proof_1]
ROOT_PROOF_EDGE NLA.MI23.operatorNorm_eq_eigenvalueNorm: [NLA.MI23.Mat, NLA.MI23.operatorNorm]
ROOT_PROOF_EDGE NLA.MI23.operator_norm_bounds: [NLA.MI23.Mat, NLA.MI23.operator_norm_bounds_proved]
ROOT_PROOF_EDGE NLA.MI23.operator_norm_bounds_proved: [NLA.MI23.Mat,
 NLA.MI23.operatorNorm,
 NLA.MI23.frobeniusSquared,
 NLA.MI23.entry_le_operatorNorm,
 NLA.MI23.operatorNorm_sq_le_frobeniusSquared]
ROOT_PROOF_EDGE NLA.MI23.frobeniusSquared: [NLA.MI23.Mat]
ROOT_PROOF_EDGE NLA.MI23.entry_le_operatorNorm: [NLA.MI23.Mat, NLA.MI23.operatorNorm]
ROOT_PROOF_EDGE NLA.MI23.operatorNorm_sq_le_frobeniusSquared: [NLA.MI23.Mat,
 NLA.MI23.operatorNorm,
 NLA.MI23.operatorNorm_posSemidef_le_trace,
 NLA.MI23.frobeniusSquared,
 NLA.MI23.trace_gram_eq_frobeniusSquared]
ROOT_PROOF_EDGE NLA.MI23.operatorNorm_posSemidef_le_trace: [NLA.MI23.Mat,
 NLA.MI23.operatorNorm,
 NLA.MI23.operatorNorm_eq_eigenvalueNorm]
ROOT_PROOF_EDGE NLA.MI23.trace_gram_eq_frobeniusSquared: [NLA.MI23.Mat, NLA.MI23.frobeniusSquared]
ROOT_PROOF_EDGE NLA.MI23.witness_data: [NLA.MI23.witness_data_proved]
ROOT_PROOF_EDGE NLA.MI23.witness_data_proved: [NLA.MI23.witnessD,
 NLA.MI23.witnessT,
 NLA.MI23.witnessA,
 NLA.MI23.witnessB,
 NLA.MI23.witnessG,
 NLA.MI23.witnessH,
 NLA.MI23.Mat,
 NLA.MI23.witnessL,
 NLA.MI23.witnessPivots,
 NLA.MI23.spectralPower,
 NLA.MI23.witnessDInv,
 NLA.MI23.generalizedMean,
 NLA.MI23.leftProduct,
 NLA.MI23.rightProduct,
 NLA.MI23.witnessD_posDef,
 NLA.MI23.witnessT_posDef,
 NLA.MI23.witnessA_posDef,
 NLA.MI23.witnessB_posDef,
 NLA.MI23.witnessG_posDef,
 NLA.MI23.witnessH_posDef,
 NLA.MI23.witnessT_ldl,
 NLA.MI23.witnessA_half,
 NLA.MI23.witnessA_negative_half,
 NLA.MI23.witness_normalized_inner,
 NLA.MI23.witness_mean_eighth,
 NLA.MI23.witness_mean_seven_eighths,
 NLA.MI23.witness_left_product,
 NLA.MI23.witness_right_product]
ROOT_PROOF_EDGE NLA.MI23.witnessD: [NLA.MI23.witnessD._proof_1, NLA.MI23.witnessD._proof_2]
ROOT_PROOF_EDGE NLA.MI23.witnessD._proof_1: []
ROOT_PROOF_EDGE NLA.MI23.witnessD._proof_2: []
ROOT_PROOF_EDGE NLA.MI23.witnessT: [NLA.MI23.generalizedMean._proof_1,
 NLA.MI23.witnessT._proof_1,
 NLA.MI23.witnessT._proof_2]
ROOT_PROOF_EDGE NLA.MI23.witnessT._proof_1: []
ROOT_PROOF_EDGE NLA.MI23.witnessT._proof_2: []
ROOT_PROOF_EDGE NLA.MI23.witnessA: [NLA.MI23.Mat, NLA.MI23.witnessD]
ROOT_PROOF_EDGE NLA.MI23.witnessB: [NLA.MI23.Mat, NLA.MI23.witnessD, NLA.MI23.witnessT]
ROOT_PROOF_EDGE NLA.MI23.witnessG: [NLA.MI23.Mat, NLA.MI23.witnessD, NLA.MI23.witnessT]
ROOT_PROOF_EDGE NLA.MI23.witnessH: [NLA.MI23.Mat, NLA.MI23.witnessD, NLA.MI23.witnessT]
ROOT_PROOF_EDGE NLA.MI23.witnessL: [NLA.MI23.generalizedMean._proof_1,
 NLA.MI23.witnessL._proof_1,
 NLA.MI23.witnessL._proof_2]
ROOT_PROOF_EDGE NLA.MI23.witnessL._proof_1: []
ROOT_PROOF_EDGE NLA.MI23.witnessL._proof_2: []
ROOT_PROOF_EDGE NLA.MI23.witnessPivots: [NLA.MI23.generalizedMean._proof_1,
 NLA.MI23.witnessL._proof_2,
 NLA.MI23.witnessPivots._proof_1]
ROOT_PROOF_EDGE NLA.MI23.witnessPivots._proof_1: []
ROOT_PROOF_EDGE NLA.MI23.witnessDInv: [NLA.MI23.witnessD._proof_1, NLA.MI23.witnessD._proof_2]
ROOT_PROOF_EDGE NLA.MI23.leftProduct: [NLA.MI23.Mat, NLA.MI23.spectralPower, NLA.MI23.generalizedMean]
ROOT_PROOF_EDGE NLA.MI23.rightProduct: [NLA.MI23.Mat, NLA.MI23.spectralPower]
ROOT_PROOF_EDGE NLA.MI23.witnessD_posDef: [NLA.MI23.witnessD._proof_1, NLA.MI23.witnessD._proof_2]
ROOT_PROOF_EDGE NLA.MI23.witnessT_posDef: [NLA.MI23.witnessT,
 NLA.MI23.Mat,
 NLA.MI23.witnessL,
 NLA.MI23.witnessPivots,
 NLA.MI23.witnessT_ldl,
 NLA.MI23.witnessPivots_posDef,
 NLA.MI23.witnessL_isUnit]
ROOT_PROOF_EDGE NLA.MI23.witnessT_ldl: [NLA.MI23.witnessT,
 NLA.MI23.Mat,
 NLA.MI23.witnessL,
 NLA.MI23.witnessPivots,
 NLA.MI23.generalizedMean._proof_1,
 NLA.MI23.witnessT._proof_1,
 NLA.MI23.witnessT._proof_2,
 NLA.MI23.witnessL._proof_1,
 NLA.MI23.witnessL._proof_2,
 NLA.MI23.witnessPivots._proof_1]
ROOT_PROOF_EDGE NLA.MI23.witnessPivots_posDef: [NLA.MI23.generalizedMean._proof_1,
 NLA.MI23.witnessL._proof_2,
 NLA.MI23.witnessPivots._proof_1]
ROOT_PROOF_EDGE NLA.MI23.witnessL_isUnit: [NLA.MI23.Mat, NLA.MI23.witnessL, NLA.MI23.witnessL_det]
ROOT_PROOF_EDGE NLA.MI23.witnessL_det: [NLA.MI23.witnessL,
 NLA.MI23.generalizedMean._proof_1,
 NLA.MI23.witnessL._proof_1,
 NLA.MI23.witnessL._proof_2]
ROOT_PROOF_EDGE NLA.MI23.witnessA_posDef: [NLA.MI23.naturalPower_posDef, NLA.MI23.witnessD, NLA.MI23.witnessD_posDef]
ROOT_PROOF_EDGE NLA.MI23.witnessB_posDef: [NLA.MI23.sandwich_posDef,
 NLA.MI23.Mat,
 NLA.MI23.witnessT,
 NLA.MI23.witnessD,
 NLA.MI23.naturalPower_posDef,
 NLA.MI23.witnessT_posDef,
 NLA.MI23.witnessD_posDef]
ROOT_PROOF_EDGE NLA.MI23.witnessG_posDef: [NLA.MI23.sandwich_posDef,
 NLA.MI23.witnessT,
 NLA.MI23.witnessD,
 NLA.MI23.witnessT_posDef,
 NLA.MI23.witnessD_posDef]
ROOT_PROOF_EDGE NLA.MI23.witnessH_posDef: [NLA.MI23.sandwich_posDef,
 NLA.MI23.Mat,
 NLA.MI23.witnessT,
 NLA.MI23.witnessD,
 NLA.MI23.naturalPower_posDef,
 NLA.MI23.witnessT_posDef,
 NLA.MI23.witnessD_posDef]
ROOT_PROOF_EDGE NLA.MI23.witnessA_half: [NLA.MI23.Mat,
 NLA.MI23.spectralPower,
 NLA.MI23.witnessA,
 NLA.MI23.witnessD,
 NLA.MI23.witnessA.eq_1,
 NLA.MI23.spectralPower_naturalPower,
 NLA.MI23.witnessD_posDef,
 NLA.MI23.spectralPower_one]
ROOT_PROOF_EDGE NLA.MI23.witnessA.eq_1: [NLA.MI23.Mat, NLA.MI23.witnessA]
ROOT_PROOF_EDGE NLA.MI23.spectralPower_naturalPower: [NLA.MI23.Mat, NLA.MI23.spectralPower, NLA.MI23.spectralPower_nat]
ROOT_PROOF_EDGE NLA.MI23.witnessA_negative_half: [NLA.MI23.Mat,
 NLA.MI23.spectralPower,
 NLA.MI23.witnessA,
 NLA.MI23.witnessD,
 NLA.MI23.witnessA_half,
 NLA.MI23.spectralPower_add,
 NLA.MI23.witnessA_posDef,
 NLA.MI23.witnessDInv,
 NLA.MI23.witnessD_mul_inv]
ROOT_PROOF_EDGE NLA.MI23.witnessD_mul_inv: [NLA.MI23.Mat,
 NLA.MI23.witnessD,
 NLA.MI23.witnessDInv,
 NLA.MI23.witnessD._proof_1,
 NLA.MI23.witnessD._proof_2,
 NLA.MI23.witnessD.eq_1,
 NLA.MI23.witnessDInv.eq_1]
ROOT_PROOF_EDGE NLA.MI23.witnessD.eq_1: [NLA.MI23.Mat, NLA.MI23.witnessD]
ROOT_PROOF_EDGE NLA.MI23.witnessDInv.eq_1: [NLA.MI23.Mat, NLA.MI23.witnessDInv]
ROOT_PROOF_EDGE NLA.MI23.witness_normalized_inner: [NLA.MI23.Mat,
 NLA.MI23.spectralPower,
 NLA.MI23.witnessA,
 NLA.MI23.witnessB,
 NLA.MI23.witnessT,
 NLA.MI23.witnessDInv,
 NLA.MI23.witnessA_negative_half,
 NLA.MI23.witnessD,
 NLA.MI23.witnessB.eq_1,
 NLA.MI23.witness_normalized_inner._simp_1_2,
 NLA.MI23.witnessD_inv_mul,
 NLA.MI23.witnessD_mul_inv]
ROOT_PROOF_EDGE NLA.MI23.witnessB.eq_1: [NLA.MI23.Mat, NLA.MI23.witnessB]
ROOT_PROOF_EDGE NLA.MI23.witness_normalized_inner._simp_1_2: []
ROOT_PROOF_EDGE NLA.MI23.witnessD_inv_mul: [NLA.MI23.Mat,
 NLA.MI23.witnessDInv,
 NLA.MI23.witnessD,
 NLA.MI23.witnessD._proof_1,
 NLA.MI23.witnessD._proof_2,
 NLA.MI23.witnessD.eq_1,
 NLA.MI23.witnessDInv.eq_1]
ROOT_PROOF_EDGE NLA.MI23.witness_mean_eighth: [NLA.MI23.Mat,
 NLA.MI23.generalizedMean,
 NLA.MI23.witnessA,
 NLA.MI23.witnessB,
 NLA.MI23.witnessG,
 NLA.MI23.spectralPower,
 NLA.MI23.generalizedMean._proof_1,
 NLA.MI23.generalizedMean.eq_1,
 NLA.MI23.witnessD,
 NLA.MI23.witnessA_half,
 NLA.MI23.witnessT,
 NLA.MI23.witness_normalized_inner,
 NLA.MI23.witnessT_eighth_root]
ROOT_PROOF_EDGE NLA.MI23.generalizedMean.eq_1: [NLA.MI23.Mat, NLA.MI23.generalizedMean]
ROOT_PROOF_EDGE NLA.MI23.witnessT_eighth_root: [NLA.MI23.Mat,
 NLA.MI23.spectralPower,
 NLA.MI23.witnessT,
 NLA.MI23.spectralPower_naturalPower,
 NLA.MI23.witnessT_posDef,
 NLA.MI23.spectralPower_one]
ROOT_PROOF_EDGE NLA.MI23.witness_mean_seven_eighths: [NLA.MI23.Mat,
 NLA.MI23.generalizedMean,
 NLA.MI23.witnessA,
 NLA.MI23.witnessB,
 NLA.MI23.witnessH,
 NLA.MI23.spectralPower,
 NLA.MI23.generalizedMean._proof_1,
 NLA.MI23.generalizedMean.eq_1,
 NLA.MI23.witnessD,
 NLA.MI23.witnessA_half,
 NLA.MI23.witnessT,
 NLA.MI23.witness_normalized_inner,
 NLA.MI23.witnessT_seven_eighths]
ROOT_PROOF_EDGE NLA.MI23.witnessT_seven_eighths: [NLA.MI23.Mat,
 NLA.MI23.spectralPower,
 NLA.MI23.witnessT,
 NLA.MI23.spectralPower_naturalPower,
 NLA.MI23.witnessT_posDef,
 NLA.MI23.spectralPower_nat]
ROOT_PROOF_EDGE NLA.MI23.witness_left_product: [NLA.MI23.Mat,
 NLA.MI23.leftProduct,
 NLA.MI23.witnessA,
 NLA.MI23.witnessB,
 NLA.MI23.witnessG,
 NLA.MI23.witnessH,
 NLA.MI23.spectralPower,
 NLA.MI23.generalizedMean,
 NLA.MI23.witness_mean_eighth,
 NLA.MI23.witness_mean_seven_eighths,
 NLA.MI23.spectralPower_nat,
 NLA.MI23.witnessG_posDef,
 NLA.MI23.witnessH_posDef]
ROOT_PROOF_EDGE NLA.MI23.witness_right_product: [NLA.MI23.Mat,
 NLA.MI23.rightProduct,
 NLA.MI23.witnessA,
 NLA.MI23.witnessB,
 NLA.MI23.spectralPower,
 NLA.MI23.spectralPower_nat,
 NLA.MI23.witnessA_posDef,
 NLA.MI23.witnessB_posDef]
ROOT_PROOF_EDGE NLA.MI23.witness_squared_gap: [NLA.MI23.witness_squared_gap_proved]
ROOT_PROOF_EDGE NLA.MI23.witness_squared_gap_proved: [NLA.MI23.Mat,
 NLA.MI23.witnessG,
 NLA.MI23.witnessH,
 NLA.MI23.frobeniusSquared,
 NLA.MI23.witnessA,
 NLA.MI23.witnessB,
 NLA.MI23.squaredGap,
 NLA.MI23.operatorNorm,
 NLA.MI23.witness_GH_entry,
 NLA.MI23.witness_frobenius_AB,
 NLA.MI23.witness_exact_gap,
 NLA.MI23.squaredGap_positive,
 NLA.MI23.witness_strict_norm_gap]
ROOT_PROOF_EDGE NLA.MI23.squaredGap: [NLA.MI23.squaredGap._proof_1, NLA.MI23.squaredGap._proof_2]
ROOT_PROOF_EDGE NLA.MI23.squaredGap._proof_1: []
ROOT_PROOF_EDGE NLA.MI23.squaredGap._proof_2: []
ROOT_PROOF_EDGE NLA.MI23.witness_GH_entry: [NLA.MI23.Mat,
 NLA.MI23.witnessG,
 NLA.MI23.witnessH,
 _private.NLA.MI23.Arithmetic.0.NLA.MI23.certificateG,
 _private.NLA.MI23.Arithmetic.0.NLA.MI23.witnessG_certificate,
 _private.NLA.MI23.Arithmetic.0.NLA.MI23.certificateH,
 _private.NLA.MI23.Arithmetic.0.NLA.MI23.witnessH_certificate,
 _private.NLA.MI23.Arithmetic.0.NLA.MI23.certificateG._proof_1,
 _private.NLA.MI23.Arithmetic.0.NLA.MI23.certificateG._proof_3,
 _private.NLA.MI23.Arithmetic.0.NLA.MI23.certificateG._proof_8,
 _private.NLA.MI23.Arithmetic.0.NLA.MI23.certificateH._proof_1,
 _private.NLA.MI23.Arithmetic.0.NLA.MI23.certificateH._proof_3,
 _private.NLA.MI23.Arithmetic.0.NLA.MI23.certificateT7._proof_6,
 _private.NLA.MI23.Arithmetic.0.NLA.MI23.certificateG._proof_2,
 _private.NLA.MI23.Arithmetic.0.NLA.MI23.certificateB._proof_7,
 _private.NLA.MI23.Arithmetic.0.NLA.MI23.certificateG._proof_4,
 _private.NLA.MI23.Arithmetic.0.NLA.MI23.certificateG._proof_5,
 _private.NLA.MI23.Arithmetic.0.NLA.MI23.certificateG._proof_6,
 _private.NLA.MI23.Arithmetic.0.NLA.MI23.certificateG._proof_7,
 _private.NLA.MI23.Arithmetic.0.NLA.MI23.certificateH._proof_2,
 _private.NLA.MI23.Arithmetic.0.NLA.MI23.certificateT7._proof_4,
 _private.NLA.MI23.Arithmetic.0.NLA.MI23.certificateH._proof_4]
ROOT_PROOF_EDGE _private.NLA.MI23.Arithmetic.0.NLA.MI23.certificateG: [_private.NLA.MI23.Arithmetic.0.NLA.MI23.certificateG._proof_1,
 _private.NLA.MI23.Arithmetic.0.NLA.MI23.certificateG._proof_2,
 _private.NLA.MI23.Arithmetic.0.NLA.MI23.certificateB._proof_7,
 _private.NLA.MI23.Arithmetic.0.NLA.MI23.certificateG._proof_3,
 _private.NLA.MI23.Arithmetic.0.NLA.MI23.certificateG._proof_4,
 _private.NLA.MI23.Arithmetic.0.NLA.MI23.certificateG._proof_5,
 _private.NLA.MI23.Arithmetic.0.NLA.MI23.certificateG._proof_6,
 _private.NLA.MI23.Arithmetic.0.NLA.MI23.certificateG._proof_7,
 _private.NLA.MI23.Arithmetic.0.NLA.MI23.certificateG._proof_8]
ROOT_PROOF_EDGE _private.NLA.MI23.Arithmetic.0.NLA.MI23.certificateG._proof_1: []
ROOT_PROOF_EDGE _private.NLA.MI23.Arithmetic.0.NLA.MI23.certificateG._proof_2: []
ROOT_PROOF_EDGE _private.NLA.MI23.Arithmetic.0.NLA.MI23.certificateB._proof_7: []
ROOT_PROOF_EDGE _private.NLA.MI23.Arithmetic.0.NLA.MI23.certificateG._proof_3: []
ROOT_PROOF_EDGE _private.NLA.MI23.Arithmetic.0.NLA.MI23.certificateG._proof_4: []
ROOT_PROOF_EDGE _private.NLA.MI23.Arithmetic.0.NLA.MI23.certificateG._proof_5: []
ROOT_PROOF_EDGE _private.NLA.MI23.Arithmetic.0.NLA.MI23.certificateG._proof_6: []
ROOT_PROOF_EDGE _private.NLA.MI23.Arithmetic.0.NLA.MI23.certificateG._proof_7: []
ROOT_PROOF_EDGE _private.NLA.MI23.Arithmetic.0.NLA.MI23.certificateG._proof_8: []
ROOT_PROOF_EDGE _private.NLA.MI23.Arithmetic.0.NLA.MI23.witnessG_certificate: [NLA.MI23.witnessG,
 _private.NLA.MI23.Arithmetic.0.NLA.MI23.certificateG,
 _private.NLA.MI23.Arithmetic.0.NLA.MI23.certificateG._proof_1,
 NLA.MI23.Mat,
 NLA.MI23.witnessD,
 NLA.MI23.witnessT,
 NLA.MI23.witnessD._proof_1,
 NLA.MI23.generalizedMean._proof_1,
 NLA.MI23.witnessT._proof_1,
 NLA.MI23.witnessT._proof_2,
 NLA.MI23.witnessD._proof_2,
 _private.NLA.MI23.Arithmetic.0.NLA.MI23.certificateG._proof_2,
 _private.NLA.MI23.Arithmetic.0.NLA.MI23.certificateB._proof_7,
 _private.NLA.MI23.Arithmetic.0.NLA.MI23.certificateG._proof_3,
 _private.NLA.MI23.Arithmetic.0.NLA.MI23.certificateG._proof_4,
 _private.NLA.MI23.Arithmetic.0.NLA.MI23.certificateG._proof_5,
 _private.NLA.MI23.Arithmetic.0.NLA.MI23.certificateG._proof_6,
 _private.NLA.MI23.Arithmetic.0.NLA.MI23.certificateG._proof_7,
 _private.NLA.MI23.Arithmetic.0.NLA.MI23.certificateG._proof_8]
ROOT_PROOF_EDGE _private.NLA.MI23.Arithmetic.0.NLA.MI23.certificateH: [_private.NLA.MI23.Arithmetic.0.NLA.MI23.certificateH._proof_1,
 _private.NLA.MI23.Arithmetic.0.NLA.MI23.certificateH._proof_2,
 _private.NLA.MI23.Arithmetic.0.NLA.MI23.certificateB._proof_7,
 _private.NLA.MI23.Arithmetic.0.NLA.MI23.certificateH._proof_3,
 _private.NLA.MI23.Arithmetic.0.NLA.MI23.certificateT7._proof_4,
 _private.NLA.MI23.Arithmetic.0.NLA.MI23.certificateG._proof_5,
 _private.NLA.MI23.Arithmetic.0.NLA.MI23.certificateH._proof_4,
 _private.NLA.MI23.Arithmetic.0.NLA.MI23.certificateG._proof_7,
 _private.NLA.MI23.Arithmetic.0.NLA.MI23.certificateT7._proof_6]
ROOT_PROOF_EDGE _private.NLA.MI23.Arithmetic.0.NLA.MI23.certificateH._proof_1: []
ROOT_PROOF_EDGE _private.NLA.MI23.Arithmetic.0.NLA.MI23.certificateH._proof_2: []
ROOT_PROOF_EDGE _private.NLA.MI23.Arithmetic.0.NLA.MI23.certificateH._proof_3: []
ROOT_PROOF_EDGE _private.NLA.MI23.Arithmetic.0.NLA.MI23.certificateT7._proof_4: []
ROOT_PROOF_EDGE _private.NLA.MI23.Arithmetic.0.NLA.MI23.certificateH._proof_4: []
ROOT_PROOF_EDGE _private.NLA.MI23.Arithmetic.0.NLA.MI23.certificateT7._proof_6: []
ROOT_PROOF_EDGE _private.NLA.MI23.Arithmetic.0.NLA.MI23.witnessH_certificate: [NLA.MI23.Mat,
 NLA.MI23.witnessH,
 _private.NLA.MI23.Arithmetic.0.NLA.MI23.certificateH,
 NLA.MI23.witnessD,
 NLA.MI23.witnessT,
 NLA.MI23.witnessH.eq_1,
 _private.NLA.MI23.Arithmetic.0.NLA.MI23.certificateT7,
 _private.NLA.MI23.Arithmetic.0.NLA.MI23.power_seven_certificate,
 _private.NLA.MI23.Arithmetic.0.NLA.MI23.certificateH._proof_1,
 NLA.MI23.witnessD._proof_1,
 _private.NLA.MI23.Arithmetic.0.NLA.MI23.certificateT7._proof_1,
 _private.NLA.MI23.Arithmetic.0.NLA.MI23.certificateT7._proof_2,
 _private.NLA.MI23.Arithmetic.0.NLA.MI23.certificateT7._proof_3,
 _private.NLA.MI23.Arithmetic.0.NLA.MI23.certificateT7._proof_4,
 _private.NLA.MI23.Arithmetic.0.NLA.MI23.certificateT7._proof_5,
 _private.NLA.MI23.Arithmetic.0.NLA.MI23.certificateT7._proof_6,
 NLA.MI23.witnessD._proof_2,
 _private.NLA.MI23.Arithmetic.0.NLA.MI23.certificateH._proof_2,
 _private.NLA.MI23.Arithmetic.0.NLA.MI23.certificateB._proof_7,
 _private.NLA.MI23.Arithmetic.0.NLA.MI23.certificateH._proof_3,
 _private.NLA.MI23.Arithmetic.0.NLA.MI23.certificateG._proof_5,
 _private.NLA.MI23.Arithmetic.0.NLA.MI23.certificateH._proof_4,
 _private.NLA.MI23.Arithmetic.0.NLA.MI23.certificateG._proof_7]
ROOT_PROOF_EDGE NLA.MI23.witnessH.eq_1: [NLA.MI23.Mat, NLA.MI23.witnessH]
ROOT_PROOF_EDGE _private.NLA.MI23.Arithmetic.0.NLA.MI23.certificateT7: [_private.NLA.MI23.Arithmetic.0.NLA.MI23.certificateT7._proof_1,
 _private.NLA.MI23.Arithmetic.0.NLA.MI23.certificateT7._proof_2,
 _private.NLA.MI23.Arithmetic.0.NLA.MI23.certificateT7._proof_3,
 _private.NLA.MI23.Arithmetic.0.NLA.MI23.certificateT7._proof_4,
 _private.NLA.MI23.Arithmetic.0.NLA.MI23.certificateT7._proof_5,
 _private.NLA.MI23.Arithmetic.0.NLA.MI23.certificateT7._proof_6]
ROOT_PROOF_EDGE _private.NLA.MI23.Arithmetic.0.NLA.MI23.certificateT7._proof_1: []
ROOT_PROOF_EDGE _private.NLA.MI23.Arithmetic.0.NLA.MI23.certificateT7._proof_2: []
ROOT_PROOF_EDGE _private.NLA.MI23.Arithmetic.0.NLA.MI23.certificateT7._proof_3: []
ROOT_PROOF_EDGE _private.NLA.MI23.Arithmetic.0.NLA.MI23.certificateT7._proof_5: []
ROOT_PROOF_EDGE _private.NLA.MI23.Arithmetic.0.NLA.MI23.power_seven_certificate: [NLA.MI23.Mat,
 NLA.MI23.witnessT,
 _private.NLA.MI23.Arithmetic.0.NLA.MI23.certificateT7,
 _private.NLA.MI23.Arithmetic.0.NLA.MI23.certificateT4,
 _private.NLA.MI23.Arithmetic.0.NLA.MI23.power_four_certificate,
 _private.NLA.MI23.Arithmetic.0.NLA.MI23.certificateT2,
 _private.NLA.MI23.Arithmetic.0.NLA.MI23.power_two_certificate,
 _private.NLA.MI23.Arithmetic.0.NLA.MI23.certificateT7._proof_1,
 NLA.MI23.generalizedMean._proof_1,
 NLA.MI23.witnessT._proof_1,
 NLA.MI23.witnessT._proof_2,
 _private.NLA.MI23.Arithmetic.0.NLA.MI23.certificateT4._proof_1,
 _private.NLA.MI23.Arithmetic.0.NLA.MI23.certificateT4._proof_2,
 _private.NLA.MI23.Arithmetic.0.NLA.MI23.certificateT4._proof_3,
 _private.NLA.MI23.Arithmetic.0.NLA.MI23.certificateT4._proof_4,
 _private.NLA.MI23.Arithmetic.0.NLA.MI23.certificateT4._proof_5,
 _private.NLA.MI23.Arithmetic.0.NLA.MI23.certificateT4._proof_6,
 _private.NLA.MI23.Arithmetic.0.NLA.MI23.certificateT2._proof_1,
 _private.NLA.MI23.Arithmetic.0.NLA.MI23.certificateT2._proof_2,
 _private.NLA.MI23.Arithmetic.0.NLA.MI23.certificateT2._proof_3,
 _private.NLA.MI23.Arithmetic.0.NLA.MI23.certificateT2._proof_4,
 _private.NLA.MI23.Arithmetic.0.NLA.MI23.certificateT2._proof_5,
 _private.NLA.MI23.Arithmetic.0.NLA.MI23.certificateT2._proof_6,
 _private.NLA.MI23.Arithmetic.0.NLA.MI23.certificateT7._proof_2,
 _private.NLA.MI23.Arithmetic.0.NLA.MI23.certificateT7._proof_3,
 _private.NLA.MI23.Arithmetic.0.NLA.MI23.certificateT7._proof_4,
 _private.NLA.MI23.Arithmetic.0.NLA.MI23.certificateT7._proof_5,
 _private.NLA.MI23.Arithmetic.0.NLA.MI23.certificateT7._proof_6]
ROOT_PROOF_EDGE _private.NLA.MI23.Arithmetic.0.NLA.MI23.certificateT4: [_private.NLA.MI23.Arithmetic.0.NLA.MI23.certificateT4._proof_1,
 _private.NLA.MI23.Arithmetic.0.NLA.MI23.certificateT4._proof_2,
 _private.NLA.MI23.Arithmetic.0.NLA.MI23.certificateT4._proof_3,
 _private.NLA.MI23.Arithmetic.0.NLA.MI23.certificateT4._proof_4,
 _private.NLA.MI23.Arithmetic.0.NLA.MI23.certificateT4._proof_5,
 _private.NLA.MI23.Arithmetic.0.NLA.MI23.certificateT4._proof_6]
ROOT_PROOF_EDGE _private.NLA.MI23.Arithmetic.0.NLA.MI23.certificateT4._proof_1: []
ROOT_PROOF_EDGE _private.NLA.MI23.Arithmetic.0.NLA.MI23.certificateT4._proof_2: []
ROOT_PROOF_EDGE _private.NLA.MI23.Arithmetic.0.NLA.MI23.certificateT4._proof_3: []
ROOT_PROOF_EDGE _private.NLA.MI23.Arithmetic.0.NLA.MI23.certificateT4._proof_4: []
ROOT_PROOF_EDGE _private.NLA.MI23.Arithmetic.0.NLA.MI23.certificateT4._proof_5: []
ROOT_PROOF_EDGE _private.NLA.MI23.Arithmetic.0.NLA.MI23.certificateT4._proof_6: []
ROOT_PROOF_EDGE _private.NLA.MI23.Arithmetic.0.NLA.MI23.power_four_certificate: [NLA.MI23.Mat,
 NLA.MI23.witnessT,
 _private.NLA.MI23.Arithmetic.0.NLA.MI23.certificateT4,
 _private.NLA.MI23.Arithmetic.0.NLA.MI23.certificateT2,
 _private.NLA.MI23.Arithmetic.0.NLA.MI23.power_two_certificate,
 _private.NLA.MI23.Arithmetic.0.NLA.MI23.certificateT4._proof_1,
 _private.NLA.MI23.Arithmetic.0.NLA.MI23.certificateT2._proof_1,
 _private.NLA.MI23.Arithmetic.0.NLA.MI23.certificateT2._proof_2,
 _private.NLA.MI23.Arithmetic.0.NLA.MI23.certificateT2._proof_3,
 _private.NLA.MI23.Arithmetic.0.NLA.MI23.certificateT2._proof_4,
 _private.NLA.MI23.Arithmetic.0.NLA.MI23.certificateT2._proof_5,
 _private.NLA.MI23.Arithmetic.0.NLA.MI23.certificateT2._proof_6,
 _private.NLA.MI23.Arithmetic.0.NLA.MI23.certificateT4._proof_2,
 _private.NLA.MI23.Arithmetic.0.NLA.MI23.certificateT4._proof_3,
 _private.NLA.MI23.Arithmetic.0.NLA.MI23.certificateT4._proof_4,
 _private.NLA.MI23.Arithmetic.0.NLA.MI23.certificateT4._proof_5,
 _private.NLA.MI23.Arithmetic.0.NLA.MI23.certificateT4._proof_6]
ROOT_PROOF_EDGE _private.NLA.MI23.Arithmetic.0.NLA.MI23.certificateT2: [_private.NLA.MI23.Arithmetic.0.NLA.MI23.certificateT2._proof_1,
 _private.NLA.MI23.Arithmetic.0.NLA.MI23.certificateT2._proof_2,
 _private.NLA.MI23.Arithmetic.0.NLA.MI23.certificateT2._proof_3,
 _private.NLA.MI23.Arithmetic.0.NLA.MI23.certificateT2._proof_4,
 _private.NLA.MI23.Arithmetic.0.NLA.MI23.certificateT2._proof_5,
 _private.NLA.MI23.Arithmetic.0.NLA.MI23.certificateT2._proof_6]
ROOT_PROOF_EDGE _private.NLA.MI23.Arithmetic.0.NLA.MI23.certificateT2._proof_1: []
ROOT_PROOF_EDGE _private.NLA.MI23.Arithmetic.0.NLA.MI23.certificateT2._proof_2: []
ROOT_PROOF_EDGE _private.NLA.MI23.Arithmetic.0.NLA.MI23.certificateT2._proof_3: []
ROOT_PROOF_EDGE _private.NLA.MI23.Arithmetic.0.NLA.MI23.certificateT2._proof_4: []
ROOT_PROOF_EDGE _private.NLA.MI23.Arithmetic.0.NLA.MI23.certificateT2._proof_5: []
ROOT_PROOF_EDGE _private.NLA.MI23.Arithmetic.0.NLA.MI23.certificateT2._proof_6: []
ROOT_PROOF_EDGE _private.NLA.MI23.Arithmetic.0.NLA.MI23.power_two_certificate: [NLA.MI23.Mat,
 NLA.MI23.witnessT,
 _private.NLA.MI23.Arithmetic.0.NLA.MI23.certificateT2,
 _private.NLA.MI23.Arithmetic.0.NLA.MI23.certificateT2._proof_1,
 NLA.MI23.generalizedMean._proof_1,
 NLA.MI23.witnessT._proof_1,
 NLA.MI23.witnessT._proof_2,
 _private.NLA.MI23.Arithmetic.0.NLA.MI23.certificateT2._proof_2,
 _private.NLA.MI23.Arithmetic.0.NLA.MI23.certificateT2._proof_3,
 _private.NLA.MI23.Arithmetic.0.NLA.MI23.certificateT2._proof_4,
 _private.NLA.MI23.Arithmetic.0.NLA.MI23.certificateT2._proof_5,
 _private.NLA.MI23.Arithmetic.0.NLA.MI23.certificateT2._proof_6]
ROOT_PROOF_EDGE NLA.MI23.witness_frobenius_AB: [NLA.MI23.frobeniusSquared,
 NLA.MI23.Mat,
 NLA.MI23.witnessA,
 NLA.MI23.witnessB,
 _private.NLA.MI23.Arithmetic.0.NLA.MI23.certificateB,
 _private.NLA.MI23.Arithmetic.0.NLA.MI23.witnessB_certificate,
 NLA.MI23.witnessD,
 NLA.MI23.witnessA.eq_1,
 NLA.MI23.witnessD._proof_1,
 NLA.MI23.witnessD._proof_2,
 NLA.MI23.witnessD.eq_1,
 _private.NLA.MI23.Arithmetic.0.NLA.MI23.certificateB._proof_1,
 _private.NLA.MI23.Arithmetic.0.NLA.MI23.certificateB._proof_2,
 _private.NLA.MI23.Arithmetic.0.NLA.MI23.certificateB._proof_3,
 _private.NLA.MI23.Arithmetic.0.NLA.MI23.certificateT8._proof_6,
 _private.NLA.MI23.Arithmetic.0.NLA.MI23.certificateB._proof_4,
 _private.NLA.MI23.Arithmetic.0.NLA.MI23.certificateB._proof_5,
 _private.NLA.MI23.Arithmetic.0.NLA.MI23.certificateB._proof_6,
 _private.NLA.MI23.Arithmetic.0.NLA.MI23.certificateB._proof_7]
ROOT_PROOF_EDGE _private.NLA.MI23.Arithmetic.0.NLA.MI23.certificateB: [_private.NLA.MI23.Arithmetic.0.NLA.MI23.certificateB._proof_1,
 _private.NLA.MI23.Arithmetic.0.NLA.MI23.certificateB._proof_2,
 _private.NLA.MI23.Arithmetic.0.NLA.MI23.certificateB._proof_3,
 _private.NLA.MI23.Arithmetic.0.NLA.MI23.certificateB._proof_4,
 _private.NLA.MI23.Arithmetic.0.NLA.MI23.certificateB._proof_5,
 _private.NLA.MI23.Arithmetic.0.NLA.MI23.certificateB._proof_6,
 _private.NLA.MI23.Arithmetic.0.NLA.MI23.certificateB._proof_7,
 _private.NLA.MI23.Arithmetic.0.NLA.MI23.certificateT8._proof_6]
ROOT_PROOF_EDGE _private.NLA.MI23.Arithmetic.0.NLA.MI23.certificateB._proof_1: []
ROOT_PROOF_EDGE _private.NLA.MI23.Arithmetic.0.NLA.MI23.certificateB._proof_2: []
ROOT_PROOF_EDGE _private.NLA.MI23.Arithmetic.0.NLA.MI23.certificateB._proof_3: []
ROOT_PROOF_EDGE _private.NLA.MI23.Arithmetic.0.NLA.MI23.certificateB._proof_4: []
ROOT_PROOF_EDGE _private.NLA.MI23.Arithmetic.0.NLA.MI23.certificateB._proof_5: []
ROOT_PROOF_EDGE _private.NLA.MI23.Arithmetic.0.NLA.MI23.certificateB._proof_6: []
ROOT_PROOF_EDGE _private.NLA.MI23.Arithmetic.0.NLA.MI23.certificateT8._proof_6: []
ROOT_PROOF_EDGE _private.NLA.MI23.Arithmetic.0.NLA.MI23.witnessB_certificate: [NLA.MI23.Mat,
 NLA.MI23.witnessB,
 _private.NLA.MI23.Arithmetic.0.NLA.MI23.certificateB,
 NLA.MI23.witnessD,
 NLA.MI23.witnessT,
 NLA.MI23.witnessB.eq_1,
 _private.NLA.MI23.Arithmetic.0.NLA.MI23.certificateT8,
 _private.NLA.MI23.Arithmetic.0.NLA.MI23.power_eight_certificate,
 _private.NLA.MI23.Arithmetic.0.NLA.MI23.certificateB._proof_1,
 NLA.MI23.witnessD._proof_1,
 _private.NLA.MI23.Arithmetic.0.NLA.MI23.certificateT8._proof_1,
 _private.NLA.MI23.Arithmetic.0.NLA.MI23.certificateT8._proof_2,
 _private.NLA.MI23.Arithmetic.0.NLA.MI23.certificateT8._proof_3,
 _private.NLA.MI23.Arithmetic.0.NLA.MI23.certificateT8._proof_4,
 _private.NLA.MI23.Arithmetic.0.NLA.MI23.certificateT8._proof_5,
 _private.NLA.MI23.Arithmetic.0.NLA.MI23.certificateT8._proof_6,
 NLA.MI23.witnessD._proof_2,
 _private.NLA.MI23.Arithmetic.0.NLA.MI23.certificateB._proof_2,
 _private.NLA.MI23.Arithmetic.0.NLA.MI23.certificateB._proof_3,
 _private.NLA.MI23.Arithmetic.0.NLA.MI23.certificateB._proof_4,
 _private.NLA.MI23.Arithmetic.0.NLA.MI23.certificateB._proof_5,
 _private.NLA.MI23.Arithmetic.0.NLA.MI23.certificateB._proof_6,
 _private.NLA.MI23.Arithmetic.0.NLA.MI23.certificateB._proof_7]
ROOT_PROOF_EDGE _private.NLA.MI23.Arithmetic.0.NLA.MI23.certificateT8: [_private.NLA.MI23.Arithmetic.0.NLA.MI23.certificateT8._proof_1,
 _private.NLA.MI23.Arithmetic.0.NLA.MI23.certificateT8._proof_2,
 _private.NLA.MI23.Arithmetic.0.NLA.MI23.certificateT8._proof_3,
 _private.NLA.MI23.Arithmetic.0.NLA.MI23.certificateT8._proof_4,
 _private.NLA.MI23.Arithmetic.0.NLA.MI23.certificateT8._proof_5,
 _private.NLA.MI23.Arithmetic.0.NLA.MI23.certificateT8._proof_6]
ROOT_PROOF_EDGE _private.NLA.MI23.Arithmetic.0.NLA.MI23.certificateT8._proof_1: []
ROOT_PROOF_EDGE _private.NLA.MI23.Arithmetic.0.NLA.MI23.certificateT8._proof_2: []
ROOT_PROOF_EDGE _private.NLA.MI23.Arithmetic.0.NLA.MI23.certificateT8._proof_3: []
ROOT_PROOF_EDGE _private.NLA.MI23.Arithmetic.0.NLA.MI23.certificateT8._proof_4: []
ROOT_PROOF_EDGE _private.NLA.MI23.Arithmetic.0.NLA.MI23.certificateT8._proof_5: []
ROOT_PROOF_EDGE _private.NLA.MI23.Arithmetic.0.NLA.MI23.power_eight_certificate: [NLA.MI23.Mat,
 NLA.MI23.witnessT,
 _private.NLA.MI23.Arithmetic.0.NLA.MI23.certificateT8,
 _private.NLA.MI23.Arithmetic.0.NLA.MI23.certificateT4,
 _private.NLA.MI23.Arithmetic.0.NLA.MI23.power_four_certificate,
 _private.NLA.MI23.Arithmetic.0.NLA.MI23.certificateT8._proof_1,
 _private.NLA.MI23.Arithmetic.0.NLA.MI23.certificateT4._proof_1,
 _private.NLA.MI23.Arithmetic.0.NLA.MI23.certificateT4._proof_2,
 _private.NLA.MI23.Arithmetic.0.NLA.MI23.certificateT4._proof_3,
 _private.NLA.MI23.Arithmetic.0.NLA.MI23.certificateT4._proof_4,
 _private.NLA.MI23.Arithmetic.0.NLA.MI23.certificateT4._proof_5,
 _private.NLA.MI23.Arithmetic.0.NLA.MI23.certificateT4._proof_6,
 _private.NLA.MI23.Arithmetic.0.NLA.MI23.certificateT8._proof_2,
 _private.NLA.MI23.Arithmetic.0.NLA.MI23.certificateT8._proof_3,
 _private.NLA.MI23.Arithmetic.0.NLA.MI23.certificateT8._proof_4,
 _private.NLA.MI23.Arithmetic.0.NLA.MI23.certificateT8._proof_5,
 _private.NLA.MI23.Arithmetic.0.NLA.MI23.certificateT8._proof_6]
ROOT_PROOF_EDGE NLA.MI23.witness_exact_gap: [NLA.MI23.Mat,
 NLA.MI23.witnessG,
 NLA.MI23.witnessH,
 NLA.MI23.frobeniusSquared,
 NLA.MI23.witnessA,
 NLA.MI23.witnessB,
 NLA.MI23.squaredGap,
 NLA.MI23.witness_GH_entry,
 NLA.MI23.witness_frobenius_AB,
 NLA.MI23.squaredGap._proof_1,
 NLA.MI23.squaredGap._proof_2]
ROOT_PROOF_EDGE NLA.MI23.squaredGap_positive: [NLA.MI23.scalar_gap_positive]
ROOT_PROOF_EDGE NLA.MI23.scalar_gap_positive: [NLA.MI23.scalar_gap_positive._proof_1_7]
ROOT_PROOF_EDGE NLA.MI23.scalar_gap_positive._proof_1_7: []
ROOT_PROOF_EDGE NLA.MI23.witness_strict_norm_gap: [NLA.MI23.operatorNorm,
 NLA.MI23.Mat,
 NLA.MI23.witnessA,
 NLA.MI23.witnessB,
 NLA.MI23.frobeniusSquared,
 NLA.MI23.operatorNorm_sq_le_frobeniusSquared,
 NLA.MI23.witnessG,
 NLA.MI23.witnessH,
 NLA.MI23.operator_norm_bounds_proved,
 NLA.MI23.squaredGap,
 NLA.MI23.squaredGap_positive,
 NLA.MI23.witness_exact_gap]
ROOT_PROOF_EDGE NLA.MI23.counterexample: [NLA.MI23.counterexample_proved]
ROOT_PROOF_EDGE NLA.MI23.counterexample_proved: [NLA.MI23.witnessA,
 NLA.MI23.witnessB,
 NLA.MI23.largestEigenvalue,
 NLA.MI23.rightProduct,
 NLA.MI23.leftProduct,
 NLA.MI23.LogMajorized,
 NLA.MI23.orderedEigenvalues,
 NLA.MI23.witnessA_posDef,
 NLA.MI23.witnessB_posDef,
 NLA.MI23.witness_largest_strict_gap,
 NLA.MI23.witness_not_logMajorized]
ROOT_PROOF_EDGE NLA.MI23.LogMajorized: []
ROOT_PROOF_EDGE NLA.MI23.witness_largest_strict_gap: [NLA.MI23.largestEigenvalue,
 NLA.MI23.rightProduct,
 NLA.MI23.witnessA,
 NLA.MI23.witnessB,
 NLA.MI23.leftProduct,
 NLA.MI23.Mat,
 NLA.MI23.witnessG,
 NLA.MI23.witnessH,
 NLA.MI23.witness_left_product,
 NLA.MI23.witness_right_product,
 NLA.MI23.operatorNorm,
 NLA.MI23.squared_product_largest_proved,
 NLA.MI23.witnessA_posDef,
 NLA.MI23.witnessB_posDef,
 NLA.MI23.witnessG_posDef,
 NLA.MI23.witnessH_posDef,
 NLA.MI23.witness_strict_norm_gap]
ROOT_PROOF_EDGE NLA.MI23.witness_not_logMajorized: [NLA.MI23.orderedEigenvalues,
 NLA.MI23.leftProduct,
 NLA.MI23.witnessA,
 NLA.MI23.witnessB,
 NLA.MI23.Mat,
 NLA.MI23.witnessG,
 NLA.MI23.witnessH,
 NLA.MI23.witness_left_product,
 NLA.MI23.orderedEigenvalues._proof_1,
 NLA.MI23.spectralPower,
 NLA.MI23.HasOrderedPositiveEigenvalues,
 NLA.MI23.product_eigenvalue_semantics_proved,
 NLA.MI23.naturalPower_posDef,
 NLA.MI23.witnessG_posDef,
 NLA.MI23.witnessH_posDef,
 NLA.MI23.rightProduct,
 NLA.MI23.witness_right_product,
 NLA.MI23.witnessA_posDef,
 NLA.MI23.witnessB_posDef,
 NLA.MI23.LogMajorized,
 NLA.MI23.largestEigenvalue,
 NLA.MI23.witness_largest_strict_gap,
 NLA.MI23.prefix_one_eq_largest]
ROOT_PROOF_EDGE NLA.MI23.prefix_one_eq_largest: [NLA.MI23.Mat,
 NLA.MI23.orderedEigenvalues,
 NLA.MI23.largestEigenvalue,
 NLA.MI23.prefix_one_eq_largest._proof_1_1]
ROOT_PROOF_EDGE NLA.MI23.prefix_one_eq_largest._proof_1_1: []
ROOT_PROOF_EDGE NLA.MI23.not_generalizedGeometricMeanConjecture: [NLA.MI23.not_generalizedGeometricMeanConjecture_proved]
ROOT_PROOF_EDGE NLA.MI23.not_generalizedGeometricMeanConjecture_proved: [NLA.MI23.GeneralizedGeometricMeanConjecture,
 NLA.MI23.witness_not_logMajorized,
 NLA.MI23.witnessA,
 NLA.MI23.witnessB,
 NLA.MI23.witnessA_posDef,
 NLA.MI23.witnessB_posDef]
ROOT_PROOF_EDGE NLA.MI23.GeneralizedGeometricMeanConjecture: [NLA.MI23.Mat,
 NLA.MI23.LogMajorized,
 NLA.MI23.orderedEigenvalues,
 NLA.MI23.leftProduct,
 NLA.MI23.rightProduct]
ROOT_RETAINED: LeanCert.Validity.verify_strict_upper_bound_dyadic_checked
ROOT_RETAINED: CFC.rpow_rpow
ROOT_RETAINED: Matrix.charpoly_mul_comm
ROOT_RETAINED: Matrix.IsHermitian.roots_charpoly_eq_eigenvalues
ROOT_RETAINED: Matrix.IsHermitian.spectral_theorem
ROOT_RETAINED: Matrix.l2_opNorm_conjTranspose_mul_self
ROOT_RETAINED: NLA.MI23.ordered_eigenvalues_posDef
ROOT_RETAINED: NLA.MI23.product_eigenvalue_semantics_proved
ROOT_RETAINED: NLA.MI23.largestEigenvalue_spec
ROOT_RETAINED: NLA.MI23.squared_product_largest_proved
ROOT_RETAINED: NLA.MI23.entry_le_operatorNorm
ROOT_RETAINED: NLA.MI23.trace_gram_eq_frobeniusSquared
ROOT_RETAINED: NLA.MI23.witnessT_ldl
ROOT_RETAINED: NLA.MI23.witnessA_negative_half
ROOT_RETAINED: NLA.MI23.witness_mean_eighth
ROOT_RETAINED: NLA.MI23.witness_mean_seven_eighths
ROOT_RETAINED: NLA.MI23.scalar_gap_positive
ROOT_RETAINED: NLA.MI23.squaredGap_positive
ROOT_RETAINED: NLA.MI23.witness_exact_gap
ROOT_RETAINED: NLA.MI23.witness_strict_norm_gap
ROOT_RETAINED: NLA.MI23.witness_largest_strict_gap
ROOT_RETAINED: NLA.MI23.prefix_one_eq_largest
ROOT_RETAINED: NLA.MI23.witness_not_logMajorized
ROOT_TRAVERSED: 172
def NLA.MI23.GeneralizedGeometricMeanConjecture : Prop :=
∀ (n : ℕ),
  1 ≤ n →
    ∀ (A B : NLA.MI23.Mat n),
      Matrix.PosDef A →
        Matrix.PosDef B →
          ∀ (r s p t : ℝ),
            1 ≤ p →
              0 ≤ t →
                t ≤ 1 →
                  1 ≤ r ∧ 1 ≤ s ∨ r ≤ 0 ∧ s ≤ 0 →
                    NLA.MI23.LogMajorized (NLA.MI23.orderedEigenvalues (NLA.MI23.leftProduct A B r s p t))
                      (NLA.MI23.orderedEigenvalues (NLA.MI23.rightProduct A B r s p))
def NLA.MI23.orderedEigenvalues : {n : ℕ} → NLA.MI23.Mat n → List ℝ :=
fun {n} A => (Multiset.map Complex.re (Matrix.charpoly A).roots).sort fun x1 x2 => x1 ≥ x2
def NLA.MI23.HasOrderedPositiveEigenvalues : {n : ℕ} → NLA.MI23.Mat n → Prop :=
fun {n} A =>
  (NLA.MI23.orderedEigenvalues A).length = n ∧
    List.Pairwise (fun x1 x2 => x1 ≥ x2) (NLA.MI23.orderedEigenvalues A) ∧
      (∀ a ∈ NLA.MI23.orderedEigenvalues A, 0 < a) ∧
        (Matrix.charpoly A).roots = ↑(List.map (fun a => ↑a) (NLA.MI23.orderedEigenvalues A)) ∧
          ↑(NLA.MI23.orderedEigenvalues A).prod = Matrix.det A
def NLA.MI23.LogMajorized : List ℝ → List ℝ → Prop :=
fun a b =>
  a.length = b.length ∧
    (∀ (k : ℕ), 1 ≤ k → k < a.length → (List.take k a).prod ≤ (List.take k b).prod) ∧ a.prod = b.prod
def NLA.MI23.operatorNorm : {n : ℕ} → NLA.MI23.Mat n → ℝ :=
fun {n} A => ‖Matrix.toEuclideanCLM A‖
def NLA.MI23.frobeniusSquared : {n : ℕ} → NLA.MI23.Mat n → ℝ :=
fun {n} A => ∑ i, ∑ j, Complex.normSq (A i j)
theorem NLA.MI23.scalar_gap_positive : 0 < 99434824489435745411095588895 / 107495424 :=
have h0 :=
  LeanCert.Validity.verify_strict_upper_bound_dyadic_checked (LeanCert.Core.Expr.const (Rat.divInt 0 1))
    (Rat.divInt 0 1) (Rat.divInt 0 1) (le_refl (Rat.divInt 0 1)) (Rat.divInt 99434824489435745411095588895 107495424)
    (-53) 10 (of_decide_eq_true (id (Eq.refl true))) NLA.MI23.scalar_gap_positive._proof_1_7 ↑(Rat.divInt 0 1)
    ⟨le_refl ↑(Rat.divInt 0 1), le_refl ↑(Rat.divInt 0 1)⟩;
Eq.mpr
  (eq_of_heq
    ((fun α self a a' e'_3 a_1 a'_1 e'_4 =>
        Eq.casesOn (motive := fun a_2 x => a' = a_2 → e'_3 ≍ x → (a < a_1) ≍ (a' < a'_1)) e'_3
          (fun h =>
            Eq.ndrec (motive := fun a' => ∀ (e_3 : a = a'), e_3 ≍ Eq.refl a → (a < a_1) ≍ (a' < a'_1))
              (fun e_3 h =>
                Eq.casesOn (motive := fun a_2 x => a'_1 = a_2 → e'_4 ≍ x → (a < a_1) ≍ (a < a'_1)) e'_4
                  (fun h =>
                    Eq.ndrec (motive := fun a' => ∀ (e_4 : a_1 = a'), e_4 ≍ Eq.refl a_1 → (a < a_1) ≍ (a < a'))
                      (fun e_4 h => HEq.refl (a < a_1)) (Eq.symm h) e'_4)
                  (Eq.refl a'_1) (HEq.refl e'_4))
              (Eq.symm h) e'_3)
          (Eq.refl a') (HEq.refl e'_3))
      ℝ Real.instLT 0 (↑(↑0 / ↑1))
      (Mathlib.Meta.NormNum.isNat_eq_true (Mathlib.Meta.NormNum.isNat_ofNat ℝ Nat.cast_zero)
        (Mathlib.Meta.NormNum.isNat_ratCast
          (Mathlib.Meta.NormNum.IsNNRat.to_isNat
            (Mathlib.Meta.NormNum.isNNRat_div
              (Mathlib.Meta.NormNum.IsNat.to_isNNRat
                (Mathlib.Meta.NormNum.isNat_mul (Eq.refl HMul.hMul)
                  (Mathlib.Meta.NormNum.isNat_intCast 0 0 (Mathlib.Meta.NormNum.isNat_ofNat ℤ (Eq.refl 0)))
                  (Mathlib.Meta.NormNum.IsNNRat.to_isNat
                    (Mathlib.Meta.NormNum.isNNRat_inv_pos
                      (Mathlib.Meta.NormNum.IsNat.to_isNNRat
                        (Mathlib.Meta.NormNum.isNat_intCast 1 1 (Mathlib.Meta.NormNum.isNat_ofNat ℤ (Eq.refl 1))))))
                  (Eq.refl 0)))))))
      (99434824489435745411095588895 / 107495424) (↑(↑99434824489435745411095588895 / ↑107495424))
      (Mathlib.Meta.NormNum.isNNRat_eq_true
        (Mathlib.Meta.NormNum.isNNRat_div
          (Mathlib.Meta.NormNum.isNNRat_mul (Eq.refl HMul.hMul)
            (Mathlib.Meta.NormNum.IsNat.to_isNNRat
              (Mathlib.Meta.NormNum.isNat_ofNat ℝ (Eq.refl 99434824489435745411095588895)))
            (Mathlib.Meta.NormNum.isNNRat_inv_pos
              (Mathlib.Meta.NormNum.IsNat.to_isNNRat (Mathlib.Meta.NormNum.isNat_ofNat ℝ (Eq.refl 107495424))))
            (Eq.refl (Nat.mul 99434824489435745411095588895 1)) (Eq.refl 107495424)))
        (Mathlib.Meta.NormNum.isNNRat_ratCast
          (Mathlib.Meta.NormNum.isNNRat_div
            (Mathlib.Meta.NormNum.isNNRat_mul (Eq.refl HMul.hMul)
              (Mathlib.Meta.NormNum.IsNat.to_isNNRat
                (Mathlib.Meta.NormNum.isNat_intCast 99434824489435745411095588895 99434824489435745411095588895
                  (Mathlib.Meta.NormNum.isNat_ofNat ℤ (Eq.refl 99434824489435745411095588895))))
              (Mathlib.Meta.NormNum.isNNRat_inv_pos
                (Mathlib.Meta.NormNum.IsNat.to_isNNRat
                  (Mathlib.Meta.NormNum.isNat_intCast 107495424 107495424
                    (Mathlib.Meta.NormNum.isNat_ofNat ℤ (Eq.refl 107495424)))))
              (Eq.refl (Nat.mul 99434824489435745411095588895 1)) (Eq.refl 107495424)))))))
  (Eq.mp
    (congr (congrArg LT.lt (congrArg Rat.cast (Rat.divInt_eq_div 0 1)))
      (congrArg Rat.cast (Rat.divInt_eq_div 99434824489435745411095588895 107495424)))
    h0)
NLA.MI23.product_eigenvalue_semantics {n : ℕ} (X Y : NLA.MI23.Mat n) (hX : Matrix.PosDef X) (hY : Matrix.PosDef Y) :
  have R := NLA.MI23.spectralPower Y (1 / 2);
  have Rinv := NLA.MI23.spectralPower Y (-1 / 2);
  have S := R * X * R;
  S.PosDef ∧
    R * Rinv = 1 ∧
      Rinv * R = 1 ∧
        R * (X * Y) * Rinv = S ∧ (X * Y).charpoly = S.charpoly ∧ NLA.MI23.HasOrderedPositiveEigenvalues (X * Y)
NLA.MI23.squared_product_largest {n : ℕ} (hn : 1 ≤ n) (X Y : NLA.MI23.Mat n) (hX : Matrix.PosDef X)
  (hY : Matrix.PosDef Y) : NLA.MI23.largestEigenvalue (X ^ 2 * Y ^ 2) = NLA.MI23.operatorNorm (X * Y) ^ 2
NLA.MI23.operator_norm_bounds {n : ℕ} (X : NLA.MI23.Mat n) (i j : Fin n) :
  Complex.normSq (X i j) ≤ NLA.MI23.operatorNorm X ^ 2 ∧ NLA.MI23.operatorNorm X ^ 2 ≤ NLA.MI23.frobeniusSquared X
NLA.MI23.counterexample :
  Matrix.PosDef NLA.MI23.witnessA ∧
    Matrix.PosDef NLA.MI23.witnessB ∧
      NLA.MI23.largestEigenvalue (NLA.MI23.rightProduct NLA.MI23.witnessA NLA.MI23.witnessB 1 1 2) <
          NLA.MI23.largestEigenvalue (NLA.MI23.leftProduct NLA.MI23.witnessA NLA.MI23.witnessB 1 1 2 (1 / 8)) ∧
        ¬NLA.MI23.LogMajorized
            (NLA.MI23.orderedEigenvalues (NLA.MI23.leftProduct NLA.MI23.witnessA NLA.MI23.witnessB 1 1 2 (1 / 8)))
            (NLA.MI23.orderedEigenvalues (NLA.MI23.rightProduct NLA.MI23.witnessA NLA.MI23.witnessB 1 1 2))
NLA.MI23.not_generalizedGeometricMeanConjecture : ¬NLA.MI23.GeneralizedGeometricMeanConjecture
'NLA.MI23.scalar_gap_positive' depends on axioms: [propext, Classical.choice, Quot.sound]
'NLA.MI23.counterexample' depends on axioms: [propext, Classical.choice, Quot.sound]
'NLA.MI23.not_generalizedGeometricMeanConjecture' depends on axioms: [propext, Classical.choice, Quot.sound]
