{
  "status": "INDEPENDENT_RA20_OPERATIONAL_SEAL_PASS",
  "verdict": "APPROVE actual RA20 Ubuntu operational verification",
  "candidate": "43603b173beb294c2588d83f936a8a96246fd5f0",
  "workflow_run": 34743832047,
  "file_count": 1589,
  "own_evidence_files_excluding_outer": 471,
  "candidate_Git_inputs": 1092,
  "all_nested_prior_inventories": 17,
  "proof_inputs": 521,
  "statement_inputs": 68,
  "original_sources": 16,
  "all_workflow_jobs": 17,
  "all_original_artifact_ZIPs": 16,
  "whole_workflow_log_members": 217,
  "exports": 12,
  "source_kernel_assertions": 61,
  "printed_axiom_occurrences": 57,
  "distinct_printed_names": 45,
  "all_command_receipts": 85,
  "successful_command_receipts": 82,
  "retained_failed_command_receipts": 3,
  "read_only_runtime_recheck": "PASS",
  "private_email_addresses_added": 0,
  "non_address_path_forms": 4,
  "new_mathematical_approval": false,
  "canonical_status": "Solved, unchanged",
  "root_operational_acceptance_and_publication": "pending"
}
