$ systemd-run --user --quiet --wait --pipe --collect -p 'RestrictAddressFamilies=~AF_UNIX' --working-directory /home/runner/work/_temp/nla-lean-tools/.verification-tmp/nla-fresh-proof-ww_d_ax0/project /usr/bin/env -i PATH=/home/runner/.elan/toolchains/leanprover--lean4---v4.33.1/bin:/home/runner/.elan/bin:/home/runner/go/bin:/opt/hostedtoolcache/go/1.27.1/x64/bin:/snap/bin:/home/runner/.local/bin:/opt/pipx_bin:/home/runner/.cargo/bin:/home/runner/.config/composer/vendor/bin:/usr/local/.ghcup/bin:/home/runner/.dotnet/tools:/usr/local/sbin:/usr/local/bin:/usr/sbin:/usr/bin:/sbin:/bin:/usr/games:/usr/local/games:/snap/bin HOME=/home/runner LANG=C.UTF-8 XDG_RUNTIME_DIR=/run/user/1001 DBUS_SESSION_BUS_ADDRESS=unix:path=/run/user/1001/bus GIT_TERMINAL_PROMPT=0 GIT_CONFIG_NOSYSTEM=1 GIT_CONFIG_GLOBAL=/dev/null COMPARATOR_BIN=/home/runner/work/_temp/nla-lean-tools/.tools/comparator/.lake/build/bin/comparator COMPARATOR_LEAN4EXPORT=/home/runner/work/_temp/nla-lean-tools/.tools/lean4export/.lake/build/bin/lean4export COMPARATOR_LANDRUN=/home/runner/work/_temp/nla-lean-tools/scripts/strict_landrun.py XDG_CACHE_HOME=/home/runner/work/_temp/nla-lean-tools/.tools/cache TMPDIR=/home/runner/work/_temp/nla-lean-tools/.verification-tmp lake env /home/runner/work/_temp/nla-lean-tools/.tools/comparator/.lake/build/bin/comparator comparator.json
Building Challenge
✔ [1716/1718] Built NLA.IS03.Definitions (1.8s)
⚠ [1717/1718] Built Challenge (1.4s)
warning: Challenge.lean:15:8: declaration uses `sorry`
warning: Challenge.lean:21:8: declaration uses `sorry`
warning: Challenge.lean:26:8: declaration uses `sorry`
warning: Challenge.lean:33:8: declaration uses `sorry`
warning: Challenge.lean:39:8: declaration uses `sorry`
warning: Challenge.lean:44:8: declaration uses `sorry`
warning: Challenge.lean:51:8: declaration uses `sorry`
Build completed successfully (1718 jobs).
Exporting #[Quot, Quot.mk, Quot.lift, Quot.ind, NLA.IS03.nonnegative_power_trace, NLA.IS03.witness_admissible, NLA.IS03.witness_polynomials, NLA.IS03.trace_moment_certificate, NLA.IS03.negative_moment, NLA.IS03.counterexample, NLA.IS03.not_derivativeRealizabilityConjecture, propext, Classical.choice, Quot.sound, Nat.add, Nat.sub, Nat.mul, Nat.pow, Nat.gcd, Nat.div, Nat.mod, Nat.beq, Nat.ble, Nat.land, Nat.lor, Nat.xor, Nat.shiftLeft, Nat.shiftRight, String.ofList, Char.ofNat, List, eagerReduce, Nat, String, String.mk, Char, optParam, autoParam, semiOutParam, outParam] from Challenge
Building Solution
✔ [2963/2978] Built LeanCert.Core.Interval (4.6s)
✔ [2964/2979] Built LeanCert.Tactic.Verification (4.9s)
✔ [2965/2979] Built NLA.IS03.Algebra (7.3s)
✔ [2966/2979] Built LeanCert.Core.Expr (7.1s)
✔ [2967/2980] Built NLA.IS03.Spectral (5.0s)
✔ [2968/2980] Built LeanCert.Core.IntervalRat.Basic (10s)
✔ [2969/2981] Built NLA.IS03.Witness (8.5s)
✔ [2970/2981] Built LeanCert.Core.Support (4.3s)
✔ [2971/2981] Built LeanCert.Meta.Numeral (4.8s)
ℹ [2972/2981] Built NLA.IS03.Newton (16s)
info: NLA/IS03/Newton.lean:136:0: 'NLA.IS03.product_coeff_eq_elementary' depends on axioms: [propext, Classical.choice, Quot.sound]
info: NLA/IS03/Newton.lean:137:0: 'NLA.IS03.powerMoments_newton' depends on axioms: [propext, Classical.choice, Quot.sound]
info: NLA/IS03/Newton.lean:138:0: 'NLA.IS03.power_sums_of_derivative_product' depends on axioms: [propext, Classical.choice, Quot.sound]
✔ [2973/2981] Built LeanCert.Core.IntervalRat.Transcendental (5.9s)
✔ [2974/2983] Built LeanCert.Tactic.IntervalAuto.Types (4.9s)
✔ [2975/2990] Built LeanCert.Tactic.IntervalAuto.Extract (3.8s)
✔ [2993/3009] Built LeanCert.Core.IntervalRat.LogReduction (6.1s)
✔ [2997/3013] Built LeanCert.Tactic.IntervalAuto.Norm (4.8s)
✔ [2998/3014] Built LeanCert.Meta.ToExpr (6.5s)
✔ [2999/3015] Built LeanCert.Core.DerivativeIntervals (3.9s)
✔ [3000/3021] Built LeanCert.Core.TrigReduction (4.2s)
✔ [3002/3028] Built LeanCert.Engine.Eval.Result (3.5s)
✔ [3003/3032] Built LeanCert.Core.Dyadic (6.7s)
✔ [3004/3033] Built LeanCert.Tactic.IntervalAuto.Parse (9.6s)
✔ [3005/3033] Built LeanCert.Contrib.Sinc (8.4s)
✔ [3006/3033] Built LeanCert.Tactic.NumericalRefinement (758ms)
✔ [3033/3101] Built LeanCert.Core.Taylor (10s)
✔ [3034/3101] Built LeanCert.Tactic.LeanCert.Bridge.Environment (3.0s)
✔ [3035/3101] Built LeanCert.Tactic.IntervalAuto.Diagnostic (3.2s)
✔ [3036/3101] Built LeanCert.Tactic.LeanCert.Normalize (3.5s)
✔ [3037/3101] Built LeanCert.Core.IntervalRat.Taylor (13s)
✔ [3038/3101] Built LeanCert.Core.IntervalReal (1.8s)
✔ [3039/3101] Built LeanCert.Core.IntervalRat.TrigReduced (2.4s)
✔ [3040/3101] Built LeanCert.Core.IntervalRealEndpoints (3.9s)
✔ [3041/3101] Built LeanCert.Engine.Affine.Basic (8.3s)
✔ [3042/3101] Built LeanCert.Core.IntervalDyadic (9.9s)
✔ [3043/3101] Built LeanCert.Engine.Eval.Core (9.6s)
✔ [3044/3101] Built LeanCert.Engine.Affine.Nonlinear (5.3s)
✔ [3045/3101] Built LeanCert.Engine.Eval.Extended (2.0s)
✔ [3046/3101] Built LeanCert.Engine.Bounds.Lemmas (2.0s)
✔ [3047/3101] Built LeanCert.Engine.IntervalEval (1.8s)
✔ [3048/3101] Built LeanCert.Validity.Bounds.Core (3.3s)
✔ [3049/3101] Built LeanCert.Validity.Bounds.Checked (3.4s)
✔ [3050/3101] Built LeanCert.Engine.Affine.Transcendental (5.0s)
✔ [3051/3101] Built LeanCert.Engine.IntervalEvalDyadic (8.4s)
✔ [3052/3101] Built LeanCert.Engine.Optimization.Box (5.2s)
✔ [3053/3101] Built LeanCert.Engine.RootFinding.Basic (7.0s)
✔ [3054/3101] Built LeanCert.Engine.AD.Basic (4.3s)
✔ [3055/3101] Built LeanCert.Engine.Integrate (7.8s)
✔ [3056/3101] Built LeanCert.Validity.DyadicBounds (5.1s)
✔ [3057/3101] Built LeanCert.Engine.IntervalEvalAffine (8.9s)
✔ [3058/3101] Built LeanCert.Engine.TaylorModel.Core (12s)
✔ [3059/3101] Built LeanCert.Engine.RootFinding.Bisection (7.9s)
✔ [3060/3101] Built LeanCert.Engine.AD.Transcendental (6.2s)
✔ [3061/3101] Built LeanCert.Engine.Affine.Environment (4.0s)
✔ [3062/3101] Built LeanCert.Engine.TaylorModel.Special (3.6s)
✔ [3063/3101] Built LeanCert.Engine.TaylorModel.Integral (4.5s)
✔ [3064/3101] Built LeanCert.Engine.AD.Eval (4.6s)
✔ [3065/3101] Built LeanCert.Engine.TaylorModel.ExpLog (11s)
✔ [3066/3101] Built LeanCert.Engine.AD.Correctness (8.1s)
✔ [3067/3101] Built LeanCert.Engine.TaylorModel.Trig (15s)
✔ [3068/3101] Built LeanCert.Engine.TaylorModel.Hyperbolic (17s)
✔ [3069/3101] Built LeanCert.Engine.AD.Computable (4.8s)
✔ [3070/3101] Built LeanCert.Engine.TaylorModel.Functions (2.7s)
✔ [3071/3101] Built LeanCert.Engine.AD.PartialCorrectness (6.9s)
✔ [3072/3101] Built LeanCert.Engine.AD.DomainChecked (3.5s)
✔ [3073/3101] Built LeanCert.Engine.TaylorModel.Expr (4.3s)
✔ [3074/3101] Built LeanCert.Engine.AD.Dyadic (4.1s)
✔ [3075/3101] Built LeanCert.Engine.TaylorModel (2.2s)
✔ [3076/3101] Built LeanCert.Engine.AD (1.8s)
✔ [3077/3101] Built LeanCert.Validity.Bounds.Smart (3.9s)
✔ [3078/3101] Built LeanCert.Meta.ProveSupported (4.8s)
✔ [3079/3101] Built LeanCert.Engine.IntervalEvalRefined (4.8s)
✔ [3080/3101] Built LeanCert.Engine.Optimize (8.1s)
✔ [3081/3101] Built LeanCert.Validity.Bounds.Bridge (4.2s)
✔ [3082/3101] Built LeanCert.Meta.ProveContinuous (6.1s)
✔ [3083/3101] Built LeanCert.Tactic.IntervalAuto.ProveCommon (6.8s)
✔ [3084/3101] Built LeanCert.Validity.Bounds.Basic (3.7s)
✔ [3085/3101] Built LeanCert.Engine.RootFinding.Newton (6.7s)
✔ [3086/3101] Built LeanCert.Engine.Optimization.Gradient (7.8s)
✔ [3087/3101] Built LeanCert.Tactic.IntervalAuto.Basic (3.0s)
✔ [3088/3101] Built LeanCert.Validity.Integration (8.4s)
✔ [3089/3101] Built LeanCert.Engine.RootFinding.MVTBounds (10s)
✔ [3090/3101] Built LeanCert.Engine.RootFinding.Krawczyk (10s)
✔ [3091/3101] Built LeanCert.Engine.RootFinding.Contraction (7.9s)
✔ [3092/3101] Built LeanCert.Engine.RootFinding.Main (1.0s)
✔ [3093/3101] Built LeanCert.Engine.Optimization.Global (23s)
✔ [3094/3101] Built LeanCert.Engine.Optimization.BoundVerify (2.7s)
✔ [3095/3101] Built LeanCert.Validity.Bounds (5.0s)
✔ [3096/3101] Built LeanCert.Tactic.IntervalAuto.Bound (13s)
✔ [3097/3101] Built LeanCert.Tactic.IntervalAuto.PointIneq (7.1s)
ℹ [3098/3101] Built NLA.IS03.Numerical (2.4s)
info: NLA/IS03/Numerical.lean:24:0: 'NLA.IS03.numerical_negative_moment' depends on axioms: [propext, Classical.choice, Quot.sound]
ℹ [3099/3101] Built NLA.IS03.Proof (2.3s)
info: NLA/IS03/Proof.lean:60:0: 'NLA.IS03.nonnegative_power_trace_proved' depends on axioms: [propext, Classical.choice, Quot.sound]
info: NLA/IS03/Proof.lean:61:0: 'NLA.IS03.witness_admissible_proved' depends on axioms: [propext, Classical.choice, Quot.sound]
info: NLA/IS03/Proof.lean:62:0: 'NLA.IS03.witness_polynomials_proved' depends on axioms: [propext, Classical.choice, Quot.sound]
info: NLA/IS03/Proof.lean:63:0: 'NLA.IS03.trace_moment_certificate_proved' depends on axioms: [propext, Classical.choice, Quot.sound]
info: NLA/IS03/Proof.lean:64:0: 'NLA.IS03.negative_moment_proved' depends on axioms: [propext, Classical.choice, Quot.sound]
info: NLA/IS03/Proof.lean:65:0: 'NLA.IS03.counterexample_proved' depends on axioms: [propext, Classical.choice, Quot.sound]
info: NLA/IS03/Proof.lean:66:0: 'NLA.IS03.not_derivativeRealizabilityConjecture_proved' depends on axioms: [propext, Classical.choice, Quot.sound]
ℹ [3100/3101] Built Solution (2.3s)
info: Solution.lean:64:0: 'NLA.IS03.nonnegative_power_trace' depends on axioms: [propext, Classical.choice, Quot.sound]
info: Solution.lean:65:0: 'NLA.IS03.witness_admissible' depends on axioms: [propext, Classical.choice, Quot.sound]
info: Solution.lean:66:0: 'NLA.IS03.witness_polynomials' depends on axioms: [propext, Classical.choice, Quot.sound]
info: Solution.lean:67:0: 'NLA.IS03.trace_moment_certificate' depends on axioms: [propext, Classical.choice, Quot.sound]
info: Solution.lean:68:0: 'NLA.IS03.negative_moment' depends on axioms: [propext, Classical.choice, Quot.sound]
info: Solution.lean:69:0: 'NLA.IS03.counterexample' depends on axioms: [propext, Classical.choice, Quot.sound]
info: Solution.lean:70:0: 'NLA.IS03.not_derivativeRealizabilityConjecture' depends on axioms: [propext, Classical.choice, Quot.sound]
Build completed successfully (3101 jobs).
Exporting #[Quot, Quot.mk, Quot.lift, Quot.ind, NLA.IS03.nonnegative_power_trace, NLA.IS03.witness_admissible, NLA.IS03.witness_polynomials, NLA.IS03.trace_moment_certificate, NLA.IS03.negative_moment, NLA.IS03.counterexample, NLA.IS03.not_derivativeRealizabilityConjecture, propext, Classical.choice, Quot.sound, Nat.add, Nat.sub, Nat.mul, Nat.pow, Nat.gcd, Nat.div, Nat.mod, Nat.beq, Nat.ble, Nat.land, Nat.lor, Nat.xor, Nat.shiftLeft, Nat.shiftRight, String.ofList, Char.ofNat, List, eagerReduce, Nat, String, String.mk, Char, optParam, autoParam, semiOutParam, outParam] from Solution
Running Lean default kernel on solution.
Lean default kernel accepts the solution
Your solution is okay!

EXIT_STATUS=0
