Try this:
  [apply] ring_nf
  
  The `ring` tactic failed to close the goal. Use `ring_nf` to obtain a normal form.
    
  Note that `ring` works primarily in *commutative* rings. If you have a noncommutative ring, abelian group or module, consider using `noncomm_ring`, `abel` or `module` instead.
/private/tmp/nla-lean-iv06-worktree/intervals-and-absolute-value-equations/IV-06/lean/NLA/IV06/Proof.lean:62:68: error: unsolved goals
a b lam : ℝ
⊢ (((((((25 - lam - lam * a + (lam * if 2 = 0 then lam else 0) * b -
                              (lam * if 2 = 0 then lam else 0) * if 0 = 2 then lam else 0) -
                            lam * b +
                          lam * if 0 = 2 then lam else 0) -
                        lam ^ 2 * 25 +
                      lam ^ 3 -
                    if 2 = 1 then if 1 = 2 then -(lam ^ 2 * 25) + lam ^ 3 else 0 else 0) +
                  a +
                (if 2 = 0 then lam else 0) * b -
              (if 2 = 0 then lam else 0) * if 0 = 2 then lam else 0) +
            if 1 = 2 then lam * a - lam * a * if 2 = 0 then lam else 0 else 0) -
          b +
        if 0 = 2 then lam else 0) +
      if 2 = 1 then lam * b - lam * if 0 = 2 then lam else 0 else 0) =
    25 - lam - lam * a - lam * b - lam ^ 2 * 25 + lam ^ 3 + a - b
/private/tmp/nla-lean-iv06-worktree/intervals-and-absolute-value-equations/IV-06/lean/NLA/IV06/Proof.lean:149:16: error: unsolved goals
hij : 1 < ⟨2, ⋯⟩
⊢ False
/private/tmp/nla-lean-iv06-worktree/intervals-and-absolute-value-equations/IV-06/lean/NLA/IV06/Proof.lean:149:16: error: unsolved goals
hij : 1 < ⟨3, ⋯⟩
⊢ False
/private/tmp/nla-lean-iv06-worktree/intervals-and-absolute-value-equations/IV-06/lean/NLA/IV06/Proof.lean:149:16: error: unsolved goals
hij : True
⊢ False
/private/tmp/nla-lean-iv06-worktree/intervals-and-absolute-value-equations/IV-06/lean/NLA/IV06/Proof.lean:188:21: error: #assert_trust: 'NLA.IV06.family_and_determinant_semantics_proved' depends on sorry or unrecognized axioms
  foundational: propext, Classical.choice, Quot.sound
  sorryAx: sorryAx
/private/tmp/nla-lean-iv06-worktree/intervals-and-absolute-value-equations/IV-06/lean/NLA/IV06/Proof.lean:191:21: error: #assert_trust: 'NLA.IV06.witness_separators_proved' depends on sorry or unrecognized axioms
  foundational: propext, Classical.choice, Quot.sound
  sorryAx: sorryAx
/private/tmp/nla-lean-iv06-worktree/intervals-and-absolute-value-equations/IV-06/lean/NLA/IV06/Proof.lean:193:21: error: #assert_trust: 'NLA.IV06.four_components_proved' depends on sorry or unrecognized axioms
  foundational: propext, Classical.choice, Quot.sound
  sorryAx: sorryAx
/private/tmp/nla-lean-iv06-worktree/intervals-and-absolute-value-equations/IV-06/lean/NLA/IV06/Proof.lean:194:21: error: #assert_trust: 'NLA.IV06.counterexample_proved' depends on sorry or unrecognized axioms
  foundational: propext, Classical.choice, Quot.sound
  sorryAx: sorryAx
/private/tmp/nla-lean-iv06-worktree/intervals-and-absolute-value-equations/IV-06/lean/NLA/IV06/Proof.lean:195:21: error: #assert_trust: 'NLA.IV06.not_componentBoundConjecture_proved' depends on sorry or unrecognized axioms
  foundational: propext, Classical.choice, Quot.sound
  sorryAx: sorryAx
'NLA.IV06.eigenvalue_determinant_semantics_proved' depends on axioms: [propext, Classical.choice, Quot.sound]
'NLA.IV06.family_and_determinant_semantics_proved' depends on axioms: [propext, sorryAx, Classical.choice, Quot.sound]
'NLA.IV06.witness_eigenpairs_proved' depends on axioms: [propext, Classical.choice, Quot.sound]
'NLA.IV06.numerical_separator_margin' depends on axioms: [propext, Classical.choice, Quot.sound]
'NLA.IV06.witness_separators_proved' depends on axioms: [propext, sorryAx, Classical.choice, Quot.sound]
'NLA.IV06.connected_component_intervals_proved' depends on axioms: [propext, Classical.choice, Quot.sound]
'NLA.IV06.four_components_proved' depends on axioms: [propext, sorryAx, Classical.choice, Quot.sound]
'NLA.IV06.counterexample_proved' depends on axioms: [propext, sorryAx, Classical.choice, Quot.sound]
'NLA.IV06.not_componentBoundConjecture_proved' depends on axioms: [propext, sorryAx, Classical.choice, Quot.sound]
