Material local dependency: NLA.SP04.low_product_margin
Material local dependency: NLA.SP04.high_product_margin
Material local dependency: NLA.SP04.diagonal_stationary_reduction_proved
Material local dependency: NLA.SP04.scalar_unique_least
Material local dependency: NLA.SP04.distanceSq_orthogonalTransform
Material local dependency: NLA.SP04.localOrbit_derivative
Material local dependency: NLA.SP04.orbitDerivative_injective
Material local dependency: NLA.SP04.nonzero_polynomial_avoids_open
Certificate NLA.SP04.low_product_margin directly references [Eq.mpr,
 LT.lt,
 Real,
 Real.instLT,
 HMul.hMul,
 instHMul,
 Real.instMul,
 HDiv.hDiv,
 instHDiv,
 DivInvMonoid.toDiv,
 Real.instDivInvMonoid,
 OfNat.ofNat,
 instOfNatAtLeastTwo,
 Real.instNatCast,
 Nat.instAtLeastTwoHAddOfNat,
 Nat,
 instOfNatNat,
 Nat.instNeZeroSucc,
 HPow.hPow,
 instHPow,
 NPow.toPow,
 Monoid.toNPow,
 Real.instMonoid,
 One.toOfNat1,
 Real.instOne,
 MulOne.toMul,
 MulOneClass.toMulOne,
 Monoid.toMulOneClass,
 id,
 Eq,
 congrFun',
 congrArg,
 pow_two,
 LeanCert.Core.Expr.eval,
 Rat.cast,
 Real.instRatCast,
 Rat.divInt,
 Int,
 instOfNat,
 LeanCert.Core.Expr.mul,
 LeanCert.Core.Expr.const,
 LeanCert.Validity.verify_strict_upper_bound_dyadic_checked,
 le_refl,
 Rat,
 Rat.instPreorder,
 Neg.neg,
 Int.instNegInt,
 of_decide_eq_true,
 LE.le,
 Int.instLEInt,
 Int.decLe,
 Bool,
 Decidable.decide,
 Bool.true,
 Eq.refl,
 NLA.SP04.low_product_margin._proof_1_4,
 And.intro,
 Preorder.toLE,
 Real.instPreorder,
 Rat.instDiv,
 Int.cast,
 Rat.instIntCast,
 eq_of_heq,
 LT,
 Eq.casesOn,
 HEq,
 Eq.ndrec,
 HEq.refl,
 Eq.symm,
 Mathlib.Meta.NormNum.isNNRat_eq_true,
 DivisionSemiring.toSemiring,
 Semifield.toDivisionSemiring,
 Field.toSemifield,
 Real.instField,
 Mathlib.Meta.NormNum.isNNRat_mul,
 Distrib.toMul,
 instDistribOfSemiring,
 Real.semiring,
 Mathlib.Meta.NormNum.isNNRat_div,
 Inv.inv,
 InvOneClass.toInv,
 DivInvOneMonoid.toInvOneClass,
 DivisionMonoid.toDivInvOneMonoid,
 GroupWithZero.toDivisionMonoid,
 DivisionSemiring.toGroupWithZero,
 Mathlib.Meta.NormNum.IsNat.to_isNNRat,
 Mathlib.Meta.NormNum.isNat_ofNat,
 AddGroupWithOne.toAddMonoidWithOne,
 Ring.toAddGroupWithOne,
 Real.instRing,
 AddMonoidWithOne.toNatCast,
 Mathlib.Meta.NormNum.instAtLeastTwo,
 Mathlib.Meta.NormNum.isNNRat_inv_pos,
 FloorSemiring.instCharZero,
 Real.partialOrder,
 FloorRing.toFloorSemiring,
 Real.linearOrder,
 Real.instFloorRing,
 Nat.mul,
 inferInstance,
 DivisionSemiring,
 DivisionRing.toDivisionSemiring,
 Real.instDivisionRing,
 Mathlib.Meta.NormNum.isNat_ratCast,
 Mathlib.Meta.NormNum.IsNNRat.to_isNat,
 Rat.instField,
 Mathlib.Meta.NormNum.isNat_mul,
 Rat.semiring,
 Mathlib.Meta.NormNum.isNat_intCast,
 DivisionRing.toRing,
 Rat.instDivisionRing,
 Int.instRing,
 Rat.instCharZero,
 Mathlib.Meta.NormNum.isNNRat_ratCast,
 Ring.toSemiring,
 Mathlib.Meta.NormNum.isNat_eq_true,
 Nat.cast_one,
 Eq.mp,
 congr,
 Rat.divInt_eq_div]
Certificate NLA.SP04.high_product_margin directly references [Eq.mpr,
 LT.lt,
 Real,
 Real.instLT,
 HMul.hMul,
 instHMul,
 Real.instMul,
 HDiv.hDiv,
 instHDiv,
 DivInvMonoid.toDiv,
 Real.instDivInvMonoid,
 OfNat.ofNat,
 instOfNatAtLeastTwo,
 Real.instNatCast,
 Nat.instAtLeastTwoHAddOfNat,
 Nat,
 instOfNatNat,
 Nat.instNeZeroSucc,
 HPow.hPow,
 instHPow,
 NPow.toPow,
 Monoid.toNPow,
 Real.instMonoid,
 One.toOfNat1,
 Real.instOne,
 MulOne.toMul,
 MulOneClass.toMulOne,
 Monoid.toMulOneClass,
 id,
 Eq,
 congrFun',
 congrArg,
 pow_two,
 LeanCert.Core.Expr.eval,
 Rat.cast,
 Real.instRatCast,
 Rat.divInt,
 Int,
 instOfNat,
 LeanCert.Core.Expr.mul,
 LeanCert.Core.Expr.const,
 LeanCert.Validity.verify_strict_upper_bound_dyadic_checked,
 le_refl,
 Rat,
 Rat.instPreorder,
 Neg.neg,
 Int.instNegInt,
 of_decide_eq_true,
 LE.le,
 Int.instLEInt,
 Int.decLe,
 Bool,
 Decidable.decide,
 Bool.true,
 Eq.refl,
 NLA.SP04.high_product_margin._proof_1_4,
 And.intro,
 Preorder.toLE,
 Real.instPreorder,
 Rat.instDiv,
 Int.cast,
 Rat.instIntCast,
 eq_of_heq,
 LT,
 Eq.casesOn,
 HEq,
 Eq.ndrec,
 HEq.refl,
 Eq.symm,
 Mathlib.Meta.NormNum.isNNRat_eq_true,
 DivisionSemiring.toSemiring,
 Semifield.toDivisionSemiring,
 Field.toSemifield,
 Real.instField,
 Mathlib.Meta.NormNum.isNNRat_mul,
 Distrib.toMul,
 instDistribOfSemiring,
 Real.semiring,
 Mathlib.Meta.NormNum.isNNRat_div,
 Inv.inv,
 InvOneClass.toInv,
 DivInvOneMonoid.toInvOneClass,
 DivisionMonoid.toDivInvOneMonoid,
 GroupWithZero.toDivisionMonoid,
 DivisionSemiring.toGroupWithZero,
 Mathlib.Meta.NormNum.IsNat.to_isNNRat,
 Mathlib.Meta.NormNum.isNat_ofNat,
 AddGroupWithOne.toAddMonoidWithOne,
 Ring.toAddGroupWithOne,
 Real.instRing,
 AddMonoidWithOne.toNatCast,
 Mathlib.Meta.NormNum.instAtLeastTwo,
 Mathlib.Meta.NormNum.isNNRat_inv_pos,
 FloorSemiring.instCharZero,
 Real.partialOrder,
 FloorRing.toFloorSemiring,
 Real.linearOrder,
 Real.instFloorRing,
 Nat.mul,
 inferInstance,
 DivisionSemiring,
 DivisionRing.toDivisionSemiring,
 Real.instDivisionRing,
 Mathlib.Meta.NormNum.isNat_ratCast,
 Mathlib.Meta.NormNum.IsNNRat.to_isNat,
 Rat.instField,
 Mathlib.Meta.NormNum.isNat_mul,
 Rat.semiring,
 Mathlib.Meta.NormNum.isNat_intCast,
 DivisionRing.toRing,
 Rat.instDivisionRing,
 Int.instRing,
 Rat.instCharZero,
 Mathlib.Meta.NormNum.isNNRat_ratCast,
 Ring.toSemiring,
 Mathlib.Meta.NormNum.isNat_eq_true,
 Nat.cast_one,
 Eq.mp,
 congr,
 Rat.divInt_eq_div]
