NLA/SP04/TopologyProof.lean:15:15: warning: This simp argument is unused:
  Pi.add_apply

Hint: Omit it from the simp argument list.
  [apply] simp only [Matrix.add_apply]

Note: This linter can be disabled with `set_option linter.unusedSimpArgs false`
NLA/SP04/TopologyProof.lean:19:15: warning: This simp argument is unused:
  Pi.smul_apply

Hint: Omit it from the simp argument list.
  [apply] simp only [Matrix.smul_apply, smul_eq_mul, RingHom.id_apply]

Note: This linter can be disabled with `set_option linter.unusedSimpArgs false`
NLA/SP04/TopologyProof.lean:16:27: warning: Used `tac1 <;> tac2` where `(tac1; tac2)` would suffice

Note: This linter can be disabled with `set_option linter.unnecessarySeqFocus false`
NLA/SP04/TopologyProof.lean:26:15: warning: This simp argument is unused:
  Pi.add_apply

Hint: Omit it from the simp argument list.
  [apply] simp only [Matrix.add_apply]

Note: This linter can be disabled with `set_option linter.unusedSimpArgs false`
NLA/SP04/TopologyProof.lean:30:15: warning: This simp argument is unused:
  Pi.smul_apply

Hint: Omit it from the simp argument list.
  [apply] simp only [Matrix.smul_apply, smul_eq_mul, RingHom.id_apply]

Note: This linter can be disabled with `set_option linter.unusedSimpArgs false`
NLA/SP04/TopologyProof.lean:27:27: warning: Used `tac1 <;> tac2` where `(tac1; tac2)` would suffice

Note: This linter can be disabled with `set_option linter.unnecessarySeqFocus false`
NLA/SP04/TopologyProof.lean:92:46: error: Application type mismatch: The argument
  hX
has type
  Mat 3
of sort `Type` but is expected to have type
  ?m.216 = ?m.217
of sort `Prop` in the application
  congrFun hX
