/private/tmp/nla-lean-ra08-worktree/randomized-and-low-rank-approximation/RA-08/lean/NLA/RA08/Polynomial.lean:60:91: error: unsolved goals
case «1».«1»
he :
  functionalCalculus witnessFunction witnessApproximation =
    functionalCalculus approximationPolynomialFunction witnessApproximation
⊢ 127 / 128 * ((if 1 = 2 then 127 / 128 else 0) - if 1 = 2 then 1 / 2 else 0) *
        ((if 2 = 1 then 17 / 16 else 0) - if 2 = 1 then 127 / 128 else 0) +
      ((-if Fin.succ 2 = 1 then
            127 / 128 * ((if 1 = Fin.succ 2 then 127 / 128 else 0) - if 1 = Fin.succ 2 then 1 / 2 else 0) * (127 / 128)
          else 0) +
        ((-if (Fin.succ 2).succ = 1 then
              127 / 128 *
                  ((if 1 = (Fin.succ 2).succ then 127 / 128 else 0) - if 1 = (Fin.succ 2).succ then 1 / 2 else 0) *
                (127 / 128)
            else 0) +
          -if (Fin.succ 2).succ.succ = 1 then
              127 / 128 *
                  ((if 1 = (Fin.succ 2).succ.succ then 127 / 128 else 0) -
                    if 1 = (Fin.succ 2).succ.succ then 1 / 2 else 0) *
                (127 / 128)
            else 0)) =
    0

case «1».«2»
he :
  functionalCalculus witnessFunction witnessApproximation =
    functionalCalculus approximationPolynomialFunction witnessApproximation
⊢ 127 / 128 * ((if 1 = 2 then 127 / 128 else 0) - if 1 = 2 then 1 / 2 else 0) *
        ((if 2 = ⟨2, ⋯⟩ then 17 / 16 else 0) - if 2 = ⟨2, ⋯⟩ then 127 / 128 else 0) +
      ((-if Fin.succ 2 = ⟨2, ⋯⟩ then
            127 / 128 * ((if 1 = Fin.succ 2 then 127 / 128 else 0) - if 1 = Fin.succ 2 then 1 / 2 else 0) * (127 / 128)
          else 0) +
        ((-if (Fin.succ 2).succ = ⟨2, ⋯⟩ then
              127 / 128 *
                  ((if 1 = (Fin.succ 2).succ then 127 / 128 else 0) - if 1 = (Fin.succ 2).succ then 1 / 2 else 0) *
                (127 / 128)
            else 0) +
          -if (Fin.succ 2).succ.succ = ⟨2, ⋯⟩ then
              127 / 128 *
                  ((if 1 = (Fin.succ 2).succ.succ then 127 / 128 else 0) -
                    if 1 = (Fin.succ 2).succ.succ then 1 / 2 else 0) *
                (127 / 128)
            else 0)) =
    0

case «1».«3»
he :
  functionalCalculus witnessFunction witnessApproximation =
    functionalCalculus approximationPolynomialFunction witnessApproximation
⊢ 127 / 128 * ((if 1 = 2 then 127 / 128 else 0) - if 1 = 2 then 1 / 2 else 0) *
        ((if 2 = ⟨3, ⋯⟩ then 17 / 16 else 0) - if 2 = ⟨3, ⋯⟩ then 127 / 128 else 0) +
      ((-if Fin.succ 2 = ⟨3, ⋯⟩ then
            127 / 128 * ((if 1 = Fin.succ 2 then 127 / 128 else 0) - if 1 = Fin.succ 2 then 1 / 2 else 0) * (127 / 128)
          else 0) +
        ((-if (Fin.succ 2).succ = ⟨3, ⋯⟩ then
              127 / 128 *
                  ((if 1 = (Fin.succ 2).succ then 127 / 128 else 0) - if 1 = (Fin.succ 2).succ then 1 / 2 else 0) *
                (127 / 128)
            else 0) +
          -if (Fin.succ 2).succ.succ = ⟨3, ⋯⟩ then
              127 / 128 *
                  ((if 1 = (Fin.succ 2).succ.succ then 127 / 128 else 0) -
                    if 1 = (Fin.succ 2).succ.succ then 1 / 2 else 0) *
                (127 / 128)
            else 0)) =
    0

case «1».«4»
he :
  functionalCalculus witnessFunction witnessApproximation =
    functionalCalculus approximationPolynomialFunction witnessApproximation
⊢ 127 / 128 * ((if 1 = 2 then 127 / 128 else 0) - if 1 = 2 then 1 / 2 else 0) *
        ((if 2 = ⟨4, ⋯⟩ then 17 / 16 else 0) - if 2 = ⟨4, ⋯⟩ then 127 / 128 else 0) +
      ((-if Fin.succ 2 = ⟨4, ⋯⟩ then
            127 / 128 * ((if 1 = Fin.succ 2 then 127 / 128 else 0) - if 1 = Fin.succ 2 then 1 / 2 else 0) * (127 / 128)
          else 0) +
        ((-if (Fin.succ 2).succ = ⟨4, ⋯⟩ then
              127 / 128 *
                  ((if 1 = (Fin.succ 2).succ then 127 / 128 else 0) - if 1 = (Fin.succ 2).succ then 1 / 2 else 0) *
                (127 / 128)
            else 0) +
          -if (Fin.succ 2).succ.succ = ⟨4, ⋯⟩ then
              127 / 128 *
                  ((if 1 = (Fin.succ 2).succ.succ then 127 / 128 else 0) -
                    if 1 = (Fin.succ 2).succ.succ then 1 / 2 else 0) *
                (127 / 128)
            else 0)) =
    0

case «1».«5»
he :
  functionalCalculus witnessFunction witnessApproximation =
    functionalCalculus approximationPolynomialFunction witnessApproximation
⊢ 127 / 128 * ((if 1 = 2 then 127 / 128 else 0) - if 1 = 2 then 1 / 2 else 0) *
        ((if 2 = ⟨5, ⋯⟩ then 17 / 16 else 0) - if 2 = ⟨5, ⋯⟩ then 127 / 128 else 0) +
      ((-if Fin.succ 2 = ⟨5, ⋯⟩ then
            127 / 128 * ((if 1 = Fin.succ 2 then 127 / 128 else 0) - if 1 = Fin.succ 2 then 1 / 2 else 0) * (127 / 128)
          else 0) +
        ((-if (Fin.succ 2).succ = ⟨5, ⋯⟩ then
              127 / 128 *
                  ((if 1 = (Fin.succ 2).succ then 127 / 128 else 0) - if 1 = (Fin.succ 2).succ then 1 / 2 else 0) *
                (127 / 128)
            else 0) +
          -if (Fin.succ 2).succ.succ = ⟨5, ⋯⟩ then
              127 / 128 *
                  ((if 1 = (Fin.succ 2).succ.succ then 127 / 128 else 0) -
                    if 1 = (Fin.succ 2).succ.succ then 1 / 2 else 0) *
                (127 / 128)
            else 0)) =
    0

case «2».«1»
he :
  functionalCalculus witnessFunction witnessApproximation =
    functionalCalculus approximationPolynomialFunction witnessApproximation
⊢ 17 / 16 * ((if ⟨2, ⋯⟩ = 2 then 17 / 16 else 0) - if ⟨2, ⋯⟩ = 2 then 1 / 2 else 0) *
        ((if 2 = 1 then 17 / 16 else 0) - if 2 = 1 then 127 / 128 else 0) +
      ((-if Fin.succ 2 = 1 then
            17 / 16 * ((if ⟨2, ⋯⟩ = Fin.succ 2 then 17 / 16 else 0) - if ⟨2, ⋯⟩ = Fin.succ 2 then 1 / 2 else 0) *
              (127 / 128)
          else 0) +
        ((-if (Fin.succ 2).succ = 1 then
              17 / 16 *
                  ((if ⟨2, ⋯⟩ = (Fin.succ 2).succ then 17 / 16 else 0) -
                    if ⟨2, ⋯⟩ = (Fin.succ 2).succ then 1 / 2 else 0) *
                (127 / 128)
            else 0) +
          -if (Fin.succ 2).succ.succ = 1 then
              17 / 16 *
                  ((if ⟨2, ⋯⟩ = (Fin.succ 2).succ.succ then 17 / 16 else 0) -
                    if ⟨2, ⋯⟩ = (Fin.succ 2).succ.succ then 1 / 2 else 0) *
                (127 / 128)
            else 0)) =
    0

case «2».«2»
he :
  functionalCalculus witnessFunction witnessApproximation =
    functionalCalculus approximationPolynomialFunction witnessApproximation
⊢ 17 / 16 -
      2048 / 1377 *
        (17 / 16 * ((if ⟨2, ⋯⟩ = 2 then 17 / 16 else 0) - if ⟨2, ⋯⟩ = 2 then 1 / 2 else 0) *
            ((if 2 = ⟨2, ⋯⟩ then 17 / 16 else 0) - if 2 = ⟨2, ⋯⟩ then 127 / 128 else 0) +
          ((-if Fin.succ 2 = ⟨2, ⋯⟩ then
                17 / 16 * ((if ⟨2, ⋯⟩ = Fin.succ 2 then 17 / 16 else 0) - if ⟨2, ⋯⟩ = Fin.succ 2 then 1 / 2 else 0) *
                  (127 / 128)
              else 0) +
            ((-if (Fin.succ 2).succ = ⟨2, ⋯⟩ then
                  17 / 16 *
                      ((if ⟨2, ⋯⟩ = (Fin.succ 2).succ then 17 / 16 else 0) -
                        if ⟨2, ⋯⟩ = (Fin.succ 2).succ then 1 / 2 else 0) *
                    (127 / 128)
                else 0) +
              -if (Fin.succ 2).succ.succ = ⟨2, ⋯⟩ then
                  17 / 16 *
                      ((if ⟨2, ⋯⟩ = (Fin.succ 2).succ.succ then 17 / 16 else 0) -
                        if ⟨2, ⋯⟩ = (Fin.succ 2).succ.succ then 1 / 2 else 0) *
                    (127 / 128)
                else 0))) =
    1

case «2».«3»
he :
  functionalCalculus witnessFunction witnessApproximation =
    functionalCalculus approximationPolynomialFunction witnessApproximation
⊢ 17 / 16 * ((if ⟨2, ⋯⟩ = 2 then 17 / 16 else 0) - if ⟨2, ⋯⟩ = 2 then 1 / 2 else 0) *
        ((if 2 = ⟨3, ⋯⟩ then 17 / 16 else 0) - if 2 = ⟨3, ⋯⟩ then 127 / 128 else 0) +
      ((-if Fin.succ 2 = ⟨3, ⋯⟩ then
            17 / 16 * ((if ⟨2, ⋯⟩ = Fin.succ 2 then 17 / 16 else 0) - if ⟨2, ⋯⟩ = Fin.succ 2 then 1 / 2 else 0) *
              (127 / 128)
          else 0) +
        ((-if (Fin.succ 2).succ = ⟨3, ⋯⟩ then
              17 / 16 *
                  ((if ⟨2, ⋯⟩ = (Fin.succ 2).succ then 17 / 16 else 0) -
                    if ⟨2, ⋯⟩ = (Fin.succ 2).succ then 1 / 2 else 0) *
                (127 / 128)
            else 0) +
          -if (Fin.succ 2).succ.succ = ⟨3, ⋯⟩ then
              17 / 16 *
                  ((if ⟨2, ⋯⟩ = (Fin.succ 2).succ.succ then 17 / 16 else 0) -
                    if ⟨2, ⋯⟩ = (Fin.succ 2).succ.succ then 1 / 2 else 0) *
                (127 / 128)
            else 0)) =
    0

case «2».«4»
he :
  functionalCalculus witnessFunction witnessApproximation =
    functionalCalculus approximationPolynomialFunction witnessApproximation
⊢ 17 / 16 * ((if ⟨2, ⋯⟩ = 2 then 17 / 16 else 0) - if ⟨2, ⋯⟩ = 2 then 1 / 2 else 0) *
        ((if 2 = ⟨4, ⋯⟩ then 17 / 16 else 0) - if 2 = ⟨4, ⋯⟩ then 127 / 128 else 0) +
      ((-if Fin.succ 2 = ⟨4, ⋯⟩ then
            17 / 16 * ((if ⟨2, ⋯⟩ = Fin.succ 2 then 17 / 16 else 0) - if ⟨2, ⋯⟩ = Fin.succ 2 then 1 / 2 else 0) *
              (127 / 128)
          else 0) +
        ((-if (Fin.succ 2).succ = ⟨4, ⋯⟩ then
              17 / 16 *
                  ((if ⟨2, ⋯⟩ = (Fin.succ 2).succ then 17 / 16 else 0) -
                    if ⟨2, ⋯⟩ = (Fin.succ 2).succ then 1 / 2 else 0) *
                (127 / 128)
            else 0) +
          -if (Fin.succ 2).succ.succ = ⟨4, ⋯⟩ then
              17 / 16 *
                  ((if ⟨2, ⋯⟩ = (Fin.succ 2).succ.succ then 17 / 16 else 0) -
                    if ⟨2, ⋯⟩ = (Fin.succ 2).succ.succ then 1 / 2 else 0) *
                (127 / 128)
            else 0)) =
    0

case «2».«5»
he :
  functionalCalculus witnessFunction witnessApproximation =
    functionalCalculus approximationPolynomialFunction witnessApproximation
⊢ 17 / 16 * ((if ⟨2, ⋯⟩ = 2 then 17 / 16 else 0) - if ⟨2, ⋯⟩ = 2 then 1 / 2 else 0) *
        ((if 2 = ⟨5, ⋯⟩ then 17 / 16 else 0) - if 2 = ⟨5, ⋯⟩ then 127 / 128 else 0) +
      ((-if Fin.succ 2 = ⟨5, ⋯⟩ then
            17 / 16 * ((if ⟨2, ⋯⟩ = Fin.succ 2 then 17 / 16 else 0) - if ⟨2, ⋯⟩ = Fin.succ 2 then 1 / 2 else 0) *
              (127 / 128)
          else 0) +
        ((-if (Fin.succ 2).succ = ⟨5, ⋯⟩ then
              17 / 16 *
                  ((if ⟨2, ⋯⟩ = (Fin.succ 2).succ then 17 / 16 else 0) -
                    if ⟨2, ⋯⟩ = (Fin.succ 2).succ then 1 / 2 else 0) *
                (127 / 128)
            else 0) +
          -if (Fin.succ 2).succ.succ = ⟨5, ⋯⟩ then
              17 / 16 *
                  ((if ⟨2, ⋯⟩ = (Fin.succ 2).succ.succ then 17 / 16 else 0) -
                    if ⟨2, ⋯⟩ = (Fin.succ 2).succ.succ then 1 / 2 else 0) *
                (127 / 128)
            else 0)) =
    0
/private/tmp/nla-lean-ra08-worktree/randomized-and-low-rank-approximation/RA-08/lean/NLA/RA08/Polynomial.lean:78:21: error: #assert_trust: 'NLA.RA08.approximation_cfc' depends on sorry or unrecognized axioms
  foundational: propext, Classical.choice, Quot.sound
  sorryAx: sorryAx
'NLA.RA08.matrixK_cfc' depends on axioms: [propext, Classical.choice, Quot.sound]
'NLA.RA08.minorant_cfc' depends on axioms: [propext, Classical.choice, Quot.sound]
'NLA.RA08.matrixK_symmetric' depends on axioms: [propext, Classical.choice, Quot.sound]
'NLA.RA08.approximation_cfc' depends on axioms: [propext, sorryAx, Classical.choice, Quot.sound]
