$ systemd-run --user --quiet --wait --pipe --collect -p 'RestrictAddressFamilies=~AF_UNIX' --working-directory /home/runner/work/_temp/nla-lean-tools/.verification-tmp/nla-fresh-proof-4lsbg318/project /usr/bin/env -i PATH=/home/runner/.elan/toolchains/leanprover--lean4---v4.33.1/bin:/home/runner/.elan/bin:/home/runner/go/bin:/opt/hostedtoolcache/go/1.27.1/x64/bin:/snap/bin:/home/runner/.local/bin:/opt/pipx_bin:/home/runner/.cargo/bin:/home/runner/.config/composer/vendor/bin:/usr/local/.ghcup/bin:/home/runner/.dotnet/tools:/usr/local/sbin:/usr/local/bin:/usr/sbin:/usr/bin:/sbin:/bin:/usr/games:/usr/local/games:/snap/bin HOME=/home/runner LANG=C.UTF-8 XDG_RUNTIME_DIR=/run/user/1001 DBUS_SESSION_BUS_ADDRESS=unix:path=/run/user/1001/bus GIT_TERMINAL_PROMPT=0 GIT_CONFIG_NOSYSTEM=1 GIT_CONFIG_GLOBAL=/dev/null COMPARATOR_BIN=/home/runner/work/_temp/nla-lean-tools/.tools/comparator/.lake/build/bin/comparator COMPARATOR_LEAN4EXPORT=/home/runner/work/_temp/nla-lean-tools/.tools/lean4export/.lake/build/bin/lean4export COMPARATOR_LANDRUN=/home/runner/work/_temp/nla-lean-tools/scripts/strict_landrun.py XDG_CACHE_HOME=/home/runner/work/_temp/nla-lean-tools/.tools/cache TMPDIR=/home/runner/work/_temp/nla-lean-tools/.verification-tmp lake env /home/runner/work/_temp/nla-lean-tools/.tools/comparator/.lake/build/bin/comparator comparator.json
Building Challenge
✔ [2721/2723] Built NLA.RA03.Definitions (1.8s)
⚠ [2722/2723] Built Challenge (1.4s)
warning: Challenge.lean:11:8: declaration uses `sorry`
warning: Challenge.lean:15:8: declaration uses `sorry`
warning: Challenge.lean:22:8: declaration uses `sorry`
warning: Challenge.lean:33:8: declaration uses `sorry`
Build completed successfully (2723 jobs).
Exporting #[Quot, Quot.mk, Quot.lift, Quot.ind, NLA.RA03.frobeniusSq_eq_norm_sq, NLA.RA03.process_isProbability, NLA.RA03.counterexample, NLA.RA03.not_squaredErrorConjecture, propext, Classical.choice, Quot.sound, Nat.add, Nat.sub, Nat.mul, Nat.pow, Nat.gcd, Nat.div, Nat.mod, Nat.beq, Nat.ble, Nat.land, Nat.lor, Nat.xor, Nat.shiftLeft, Nat.shiftRight, String.ofList, Char.ofNat, List, eagerReduce, Nat, String, String.mk, Char, optParam, autoParam, semiOutParam, outParam] from Challenge
Building Solution
✔ [3020/3053] Built LeanCert.Core.Interval (3.2s)
✔ [3021/3053] Built LeanCert.Core.DerivativeIntervals (3.3s)
✔ [3022/3060] Built LeanCert.Contrib.Sinc (4.8s)
✔ [3023/3060] Built LeanCert.Core.Expr (5.2s)
✔ [3024/3064] Built LeanCert.Core.Dyadic (4.0s)
✔ [3025/3064] Built LeanCert.Tactic.Verification (5.4s)
✔ [3026/3064] Built LeanCert.Core.IntervalRat.Basic (7.5s)
✔ [3027/3064] Built LeanCert.Core.Taylor (7.5s)
✔ [3028/3065] Built LeanCert.Core.IntervalRat.LogReduction (4.1s)
✔ [3029/3065] Built LeanCert.Tactic.LeanCert.Bridge.Environment (2.4s)
✔ [3030/3065] Built LeanCert.Core.Support (2.0s)
✔ [3031/3065] Built LeanCert.Meta.Numeral (3.3s)
✔ [3032/3065] Built LeanCert.Engine.Eval.Result (2.3s)
✔ [3033/3065] Built LeanCert.Core.TrigReduction (2.6s)
✔ [3034/3065] Built LeanCert.Tactic.NumericalRefinement (738ms)
✔ [3035/3065] Built LeanCert.Tactic.IntervalAuto.Types (2.9s)
✔ [3036/3065] Built LeanCert.Core.IntervalRat.Transcendental (3.8s)
✔ [3037/3132] Built LeanCert.Tactic.IntervalAuto.Extract (2.0s)
✔ [3089/3169] Built LeanCert.Meta.ToExpr (4.8s)
✔ [3091/3169] Built LeanCert.Tactic.IntervalAuto.Norm (4.7s)
✔ [3092/3170] Built LeanCert.Tactic.VecUtil (3.0s)
✔ [3093/3170] Built LeanCert.Tactic.FinSumExpand (2.4s)
✔ [3094/3174] Built LeanCert.Tactic.LeanCert.Normalize (3.3s)
✔ [3095/3231] Built LeanCert.Tactic.BridgeNative (1.4s)
✔ [3614/3694] Built LeanCert.Tactic.IntervalAuto.Parse (5.7s)
✔ [3615/3696] Built LeanCert.Tactic.FinsetParse (2.9s)
✔ [3616/3698] Built LeanCert.Tactic.LeanCert.Semantic.Domain (1.2s)
✔ [3617/3702] Built LeanCert.Validity.Eventual (2.4s)
✔ [3618/3703] Built LeanCert.Tactic.IntervalAuto.Diagnostic (2.5s)
✔ [3619/3703] Built LeanCert.Core.IntervalRat.Taylor (14s)
✔ [3620/3703] Built LeanCert.Tactic.LeanCert.Semantic.Goal (1.5s)
✔ [3621/3707] Built LeanCert.Tactic.VecSimp (1.3s)
✔ [3622/3707] Built LeanCert.Tactic.LeanCert.Semantic.Parse.Comparison (1.0s)
✔ [3623/3708] Built LeanCert.Core.IntervalReal (1.0s)
✔ [3624/3708] Built LeanCert.Core.IntervalRat.TrigReduced (2.5s)
✔ [3625/3708] Built LeanCert.Tactic.EventualBound (3.9s)
✔ [3626/3708] Built LeanCert.Tactic.Extension.Protocol (2.5s)
✔ [3627/3708] Built LeanCert.Tactic.LeanCert.Semantic.Parse.Bound (2.6s)
✔ [3628/3711] Built LeanCert.Core.IntervalRealEndpoints (4.7s)
✔ [3629/3711] Built LeanCert.Tactic.LeanCert.Diagnostic.Evidence (4.4s)
✔ [3630/3711] Built LeanCert.Engine.Affine.Basic (6.3s)
✔ [3631/3711] Built LeanCert.Core.IntervalDyadic (6.4s)
✔ [3632/3711] Built LeanCert.Tactic.Extension.Registry (2.9s)
✔ [3633/3715] Built LeanCert.Tactic.LeanCert.Config (3.2s)
✔ [3635/3724] Built LeanCert.Engine.Affine.Nonlinear (3.7s)
✔ [3636/3726] Built LeanCert.Engine.Eval.Core (6.2s)
✔ [3638/3731] Built LeanCert.Engine.FloatEval (2.6s)
✔ [3639/3731] Built LeanCert.Core.DyadicCell (4.6s)
✔ [3640/3731] Built LeanCert.Engine.Algebra.QPoly (4.1s)
✔ [3641/3731] Built LeanCert.Tactic.Extension.Command (2.3s)
✔ [3642/3731] Built LeanCert.Engine.Eval.Extended (3.7s)
✔ [3643/3731] Built LeanCert.Core.DyadicFrontier (2.4s)
✔ [3644/3731] Built LeanCert.Engine.Algebra.QPolyIntegral (2.8s)
✔ [3645/3731] Built LeanCert.Tactic.Extension (1.7s)
✔ [3646/3731] Built LeanCert.Engine.Bounds.Lemmas (1.6s)
✔ [3647/3731] Built LeanCert.Engine.IntervalEval (1.4s)
✔ [3648/3731] Built LeanCert.Validity.Bounds.Checked (2.3s)
✔ [3649/3731] Built LeanCert.Validity.Bounds.Core (2.4s)
✔ [3650/3731] Built LeanCert.Engine.Affine.Transcendental (3.3s)
✔ [3651/3731] Built LeanCert.Engine.IntervalEvalDyadic (5.3s)
✔ [3652/3731] Built LeanCert.Engine.Optimization.Box (2.0s)
✔ [3653/3731] Built LeanCert.Engine.RootFinding.Basic (4.4s)
✔ [3654/3731] Built LeanCert.Engine.AD.Basic (2.9s)
✔ [3655/3731] Built LeanCert.Engine.Integrate (5.2s)
✔ [3656/3731] Built LeanCert.Validity.DyadicBounds (2.9s)
✔ [3657/3731] Built LeanCert.Engine.IntervalEvalAffine (5.6s)
✔ [3658/3731] Built LeanCert.Engine.FinSumDyadic (4.4s)
✔ [3659/3731] Built LeanCert.Engine.TaylorModel.Core (8.0s)
✔ [3660/3731] Built LeanCert.Engine.Search.Heuristic (2.9s)
✔ [3661/3731] Built LeanCert.Engine.AD.Transcendental (3.5s)
✔ [3662/3731] Built LeanCert.Engine.RootFinding.Bisection (3.8s)
✔ [3663/3731] Built LeanCert.Engine.Affine.Environment (3.1s)
✔ [3664/3731] Built LeanCert.Engine.WitnessSum (2.8s)
✔ [3665/3731] Built LeanCert.Engine.TaylorModel.Special (2.2s)
✔ [3666/3731] Built LeanCert.Engine.TaylorModel.Integral (3.0s)
✔ [3667/3731] Built LeanCert.Engine.AD.Eval (3.7s)
✔ [3668/3731] Built LeanCert.Engine.TaylorModel.ExpLog (7.2s)
✔ [3669/3731] Built LeanCert.Engine.AD.Correctness (3.6s)
✔ [3670/3731] Built LeanCert.Engine.TaylorModel.Hyperbolic (10s)
✔ [3671/3731] Built LeanCert.Engine.TaylorModel.Trig (8.8s)
✔ [3672/3731] Built LeanCert.Engine.AD.Computable (2.4s)
✔ [3673/3731] Built LeanCert.Engine.TaylorModel.Functions (1.0s)
✔ [3674/3731] Built LeanCert.Engine.AD.PartialCorrectness (3.0s)
✔ [3675/3731] Built LeanCert.Engine.AD.DomainChecked (2.6s)
✔ [3676/3731] Built LeanCert.Engine.TaylorModel.Expr (3.2s)
✔ [3677/3731] Built LeanCert.Engine.TaylorModel (1.5s)
✔ [3678/3731] Built LeanCert.Engine.AD.Dyadic (2.5s)
✔ [3679/3731] Built LeanCert.Engine.AD (1.3s)
✔ [3680/3731] Built LeanCert.Validity.Bounds.Smart (3.1s)
✔ [3681/3731] Built LeanCert.Meta.ProveSupported (3.4s)
✔ [3682/3731] Built LeanCert.Engine.IntervalEvalRefined (3.4s)
✔ [3683/3731] Built LeanCert.Engine.Optimize (4.8s)
✔ [3684/3731] Built LeanCert.Validity.Bounds.Bridge (2.6s)
✔ [3685/3731] Built LeanCert.Meta.ProveContinuous (3.7s)
✔ [3686/3731] Built LeanCert.Tactic.IntervalAuto.ProveCommon (4.5s)
✔ [3687/3731] Built LeanCert.Validity.Bounds.Basic (2.4s)
✔ [3688/3731] Built LeanCert.Engine.Optimization.Gradient (4.8s)
✔ [3689/3731] Built LeanCert.Engine.RootFinding.Newton (3.0s)
✔ [3690/3731] Built LeanCert.Tactic.LeanCert.Bridge.ReifiedFunction (2.8s)
✔ [3691/3731] Built LeanCert.Tactic.IntervalAuto.Basic (2.8s)
✔ [3692/3731] Built LeanCert.Validity.Integration (5.1s)
✔ [3693/3731] Built LeanCert.Engine.RootFinding.Krawczyk (7.2s)
✔ [3694/3731] Built LeanCert.Tactic.LeanCert.Semantic.Prepare (7.5s)
✔ [3695/3731] Built LeanCert.Engine.RootFinding.MVTBounds (8.5s)
✔ [3696/3731] Built LeanCert.Validity.Krawczyk (2.3s)
✔ [3697/3731] Built LeanCert.Engine.RootFinding.KrawczykCandidate (3.2s)
✔ [3698/3731] Built LeanCert.Tactic.LeanCert.Integral (6.2s)
✔ [3699/3731] Built LeanCert.Engine.Optimization.Global (17s)
✔ [3700/3731] Built LeanCert.Tactic.LeanCert.Solver.Protocol (5.1s)
✔ [3701/3731] Built LeanCert.Tactic.Extension.Execute (6.0s)
✔ [3702/3731] Built LeanCert.Engine.RootFinding.Contraction (4.2s)
✔ [3703/3731] Built LeanCert.Validity.Types (2.4s)
✔ [3704/3731] Built LeanCert.Engine.Optimization.Guided (2.5s)
✔ [3705/3731] Built LeanCert.Engine.Search.CounterExample (2.4s)
✔ [3706/3731] Built LeanCert.Engine.Optimization.BoundVerify (2.8s)
✔ [3707/3731] Built LeanCert.Tactic.LeanCert.Diagnostic.Render (2.9s)
✔ [3708/3731] Built LeanCert.Engine.RootFinding.Main (1.9s)
✔ [3709/3731] Built LeanCert.Tactic.Enclosure (2.3s)
✔ [3710/3731] Built LeanCert.Validity.Bounds (3.2s)
✔ [3711/3731] Built LeanCert.Discovery.Find (2.8s)
✔ [3712/3731] Built LeanCert.Tactic.IntervalAuto.OptBound (2.0s)
✔ [3713/3731] Built LeanCert.Tactic.IntervalAuto.Multivariate (4.6s)
✔ [3714/3731] Built LeanCert.Tactic.IntervalAuto.RootBound (2.5s)
✔ [3715/3731] Built LeanCert.Tactic.IntervalAuto.Bound (10s)
✔ [3716/3731] Built LeanCert.Tactic.IntervalAuto.Subdiv (3.1s)
✔ [3717/3731] Built LeanCert.Tactic.IntervalAuto.Adaptive (4.7s)
✔ [3718/3731] Built LeanCert.Tactic.IntervalAuto.PointIneq (6.2s)
✔ [3719/3731] Built LeanCert.Tactic.IntervalAuto (1.7s)
✔ [3720/3731] Built LeanCert.Tactic.Refute (2.9s)
✔ [3721/3731] Built LeanCert.Tactic.FinSumWitness (3.3s)
✔ [3722/3731] Built LeanCert.Tactic.FinSumBound (3.0s)
✔ [3723/3731] Built LeanCert.Tactic.LeanCert.Semantic.Parse (2.3s)
✔ [3724/3731] Built LeanCert.Tactic.Discovery (9.6s)
✔ [3725/3731] Built LeanCert.Tactic.Krawczyk (2.3s)
✔ [3726/3731] Built LeanCert.Tactic.LeanCert.Router (5.4s)
✔ [3727/3731] Built LeanCert.Tactic.LeanCert (1.8s)
✔ [3728/3731] Built LeanCert.Tactic (1.8s)
ℹ [3729/3731] Built NLA.RA03.Proof (3.3s)
info: NLA/RA03/Proof.lean:235:0: 'NLA.RA03.frobeniusSq_eq_norm_sq_proved' depends on axioms: [propext, Classical.choice, Quot.sound]
info: NLA/RA03/Proof.lean:237:0: 'NLA.RA03.process_isProbability_proved' depends on axioms: [propext, Classical.choice, Quot.sound]
info: NLA/RA03/Proof.lean:239:0: 'NLA.RA03.witness_singularValue_zero' depends on axioms: [propext, Classical.choice, Quot.sound]
info: NLA/RA03/Proof.lean:241:0: 'NLA.RA03.witness_singularValue_one' depends on axioms: [propext, Classical.choice, Quot.sound]
info: NLA/RA03/Proof.lean:243:0: 'NLA.RA03.witness_expectedError' depends on axioms: [propext, Classical.choice, Quot.sound]
info: NLA/RA03/Proof.lean:245:0: 'NLA.RA03.strict_scalar_gap' depends on axioms: [propext, Classical.choice, Quot.sound]
info: NLA/RA03/Proof.lean:247:0: 'NLA.RA03.counterexample_proved' depends on axioms: [propext, Classical.choice, Quot.sound]
info: NLA/RA03/Proof.lean:249:0: 'NLA.RA03.not_squaredErrorConjecture_proved' depends on axioms: [propext, Classical.choice, Quot.sound]
ℹ [3730/3731] Built Solution (1.0s)
info: Solution.lean:43:0: 'NLA.RA03.frobeniusSq_eq_norm_sq' depends on axioms: [propext, Classical.choice, Quot.sound]
info: Solution.lean:45:0: 'NLA.RA03.process_isProbability' depends on axioms: [propext, Classical.choice, Quot.sound]
info: Solution.lean:47:0: 'NLA.RA03.counterexample' depends on axioms: [propext, Classical.choice, Quot.sound]
info: Solution.lean:49:0: 'NLA.RA03.not_squaredErrorConjecture' depends on axioms: [propext, Classical.choice, Quot.sound]
Build completed successfully (3731 jobs).
Exporting #[Quot, Quot.mk, Quot.lift, Quot.ind, NLA.RA03.frobeniusSq_eq_norm_sq, NLA.RA03.process_isProbability, NLA.RA03.counterexample, NLA.RA03.not_squaredErrorConjecture, propext, Classical.choice, Quot.sound, Nat.add, Nat.sub, Nat.mul, Nat.pow, Nat.gcd, Nat.div, Nat.mod, Nat.beq, Nat.ble, Nat.land, Nat.lor, Nat.xor, Nat.shiftLeft, Nat.shiftRight, String.ofList, Char.ofNat, List, eagerReduce, Nat, String, String.mk, Char, optParam, autoParam, semiOutParam, outParam] from Solution
Running Lean default kernel on solution.
Lean default kernel accepts the solution
Your solution is okay!

EXIT_STATUS=0
