ℹ [3161/3163] Replayed NLA.MI22.Proof
info: NLA/MI22/Proof.lean:128:0: 'NLA.MI22.singular_values_semantics_proved' depends on axioms: [propext, Classical.choice, Quot.sound]
info: NLA/MI22/Proof.lean:129:0: 'NLA.MI22.spectral_power_semantics_proved' depends on axioms: [propext, Classical.choice, Quot.sound]
info: NLA/MI22/Proof.lean:130:0: 'NLA.MI22.euclidean_norm_bounds_proved' depends on axioms: [propext, Classical.choice, Quot.sound]
info: NLA/MI22/Proof.lean:131:0: 'NLA.MI22.witness_rational_data_proved' depends on axioms: [propext, Classical.choice, Quot.sound]
info: NLA/MI22/Proof.lean:132:0: 'NLA.MI22.witness_principal_powers_proved' depends on axioms: [propext, Classical.choice, Quot.sound]
info: NLA/MI22/Proof.lean:133:0: 'NLA.MI22.witness_operator_gap_proved' depends on axioms: [propext, Classical.choice, Quot.sound]
info: NLA/MI22/Proof.lean:134:0: 'NLA.MI22.numerical_separation' depends on axioms: [propext, Classical.choice, Quot.sound]
info: NLA/MI22/Proof.lean:135:0: 'NLA.MI22.counterexample_proved' depends on axioms: [propext, Classical.choice, Quot.sound]
info: NLA/MI22/Proof.lean:136:0: 'NLA.MI22.not_weightedLogMajorizationConjecture_proved' depends on axioms: [propext, Classical.choice, Quot.sound]
ℹ [3162/3163] Replayed Solution
info: Solution.lean:93:0: 'NLA.MI22.singular_values_semantics' depends on axioms: [propext, Classical.choice, Quot.sound]
info: Solution.lean:95:0: 'NLA.MI22.spectral_power_semantics' depends on axioms: [propext, Classical.choice, Quot.sound]
info: Solution.lean:97:0: 'NLA.MI22.euclidean_norm_bounds' depends on axioms: [propext, Classical.choice, Quot.sound]
info: Solution.lean:99:0: 'NLA.MI22.witness_rational_data' depends on axioms: [propext, Classical.choice, Quot.sound]
info: Solution.lean:101:0: 'NLA.MI22.witness_principal_powers' depends on axioms: [propext, Classical.choice, Quot.sound]
info: Solution.lean:103:0: 'NLA.MI22.witness_operator_gap' depends on axioms: [propext, Classical.choice, Quot.sound]
info: Solution.lean:105:0: 'NLA.MI22.counterexample' depends on axioms: [propext, Classical.choice, Quot.sound]
info: Solution.lean:107:0: 'NLA.MI22.not_weightedLogMajorizationConjecture' depends on axioms: [propext, Classical.choice, Quot.sound]
Build completed successfully (3163 jobs).
