randomized-and-low-rank-approximation/RA-09/lean/verification/linux-2026-09-13/corrections/root-prior-format/prepare_source_audit.py.before.txt:11: trailing whitespace.
+manifest=s[s.index('def manifest('):s.index('\nnested={}')] 
randomized-and-low-rank-approximation/RA-09/lean/verification/linux-2026-09-13/job-103675064575.log:225: trailing whitespace.
+2026-09-13T04:51:50.3621166Z 
randomized-and-low-rank-approximation/RA-09/lean/verification/linux-2026-09-13/job-103675064575.log:228: trailing whitespace.
+2026-09-13T04:51:50.3622400Z 
randomized-and-low-rank-approximation/RA-09/lean/verification/linux-2026-09-13/job-103675064575.log:247: trailing whitespace.
+2026-09-13T04:51:50.5579076Z 
randomized-and-low-rank-approximation/RA-09/lean/verification/linux-2026-09-13/job-103675064575.log:250: trailing whitespace.
+2026-09-13T04:51:50.5580339Z 
randomized-and-low-rank-approximation/RA-09/lean/verification/linux-2026-09-13/job-103675084487.log:140: trailing whitespace.
+2026-09-13T04:52:09.1983371Z 
randomized-and-low-rank-approximation/RA-09/lean/verification/linux-2026-09-13/job-103675084487.log:189: trailing whitespace.
+2026-09-13T04:52:09.9698201Z 
randomized-and-low-rank-approximation/RA-09/lean/verification/linux-2026-09-13/job-103675084487.log:227: trailing whitespace.
+2026-09-13T04:52:22.5648215Z 
randomized-and-low-rank-approximation/RA-09/lean/verification/linux-2026-09-13/job-103675084487.log:324: trailing whitespace.
+2026-09-13T04:52:34.5225097Z (Reading database ... 
randomized-and-low-rank-approximation/RA-09/lean/verification/linux-2026-09-13/job-103675084487.log:351: trailing whitespace.
+2026-09-13T04:52:40.2150374Z 
randomized-and-low-rank-approximation/RA-09/lean/verification/linux-2026-09-13/job-103675084487.log:353: trailing whitespace.
+2026-09-13T04:52:40.2151454Z 
randomized-and-low-rank-approximation/RA-09/lean/verification/linux-2026-09-13/job-103675084487.log:355: trailing whitespace.
+2026-09-13T04:52:40.2152048Z 
randomized-and-low-rank-approximation/RA-09/lean/verification/linux-2026-09-13/job-103675084487.log:357: trailing whitespace.
+2026-09-13T04:52:40.2152674Z 
randomized-and-low-rank-approximation/RA-09/lean/verification/linux-2026-09-13/job-103675084487.log:359: trailing whitespace.
+2026-09-13T04:52:40.2153893Z 
randomized-and-low-rank-approximation/RA-09/lean/verification/linux-2026-09-13/job-103675084487.log:442: trailing whitespace.
+2026-09-13T04:53:01.1182346Z 
randomized-and-low-rank-approximation/RA-09/lean/verification/linux-2026-09-13/job-103675084487.log:473: trailing whitespace.
+2026-09-13T04:53:01.1197232Z 
randomized-and-low-rank-approximation/RA-09/lean/verification/linux-2026-09-13/job-103675084487.log:483: trailing whitespace.
+2026-09-13T04:53:01.1201957Z 
randomized-and-low-rank-approximation/RA-09/lean/verification/linux-2026-09-13/job-103675084487.log:493: trailing whitespace.
+2026-09-13T04:53:01.1206906Z 
randomized-and-low-rank-approximation/RA-09/lean/verification/linux-2026-09-13/job-103675084487.log:503: trailing whitespace.
+2026-09-13T04:53:01.1211464Z 
randomized-and-low-rank-approximation/RA-09/lean/verification/linux-2026-09-13/job-103675084487.log:513: trailing whitespace.
+2026-09-13T04:53:01.1216417Z 
randomized-and-low-rank-approximation/RA-09/lean/verification/linux-2026-09-13/job-103675084487.log:544: trailing whitespace.
+2026-09-13T04:53:02.6582584Z 
randomized-and-low-rank-approximation/RA-09/lean/verification/linux-2026-09-13/job-103675084487.log:561: trailing whitespace.
+2026-09-13T04:53:04.7071352Z 
randomized-and-low-rank-approximation/RA-09/lean/verification/linux-2026-09-13/job-103675084487.log:576: trailing whitespace.
+2026-09-13T04:53:06.5520479Z 
randomized-and-low-rank-approximation/RA-09/lean/verification/linux-2026-09-13/job-103675084487.log:591: trailing whitespace.
+2026-09-13T04:53:08.3960152Z 
randomized-and-low-rank-approximation/RA-09/lean/verification/linux-2026-09-13/job-103675084487.log:606: trailing whitespace.
+2026-09-13T04:53:10.2970273Z 
randomized-and-low-rank-approximation/RA-09/lean/verification/linux-2026-09-13/job-103675084579.log:171: trailing whitespace.
+2026-09-13T04:52:11.4200793Z 
randomized-and-low-rank-approximation/RA-09/lean/verification/linux-2026-09-13/job-103675084579.log:220: trailing whitespace.
+2026-09-13T04:52:11.5493512Z 
randomized-and-low-rank-approximation/RA-09/lean/verification/linux-2026-09-13/job-103675084579.log:258: trailing whitespace.
+2026-09-13T04:52:21.9790174Z 
randomized-and-low-rank-approximation/RA-09/lean/verification/linux-2026-09-13/job-103675084579.log:355: trailing whitespace.
+2026-09-13T04:52:29.1988441Z (Reading database ... 
randomized-and-low-rank-approximation/RA-09/lean/verification/linux-2026-09-13/job-103675084579.log:382: trailing whitespace.
+2026-09-13T04:52:31.1850297Z 
randomized-and-low-rank-approximation/RA-09/lean/verification/linux-2026-09-13/job-103675084579.log:384: trailing whitespace.
+2026-09-13T04:52:31.1851383Z 
randomized-and-low-rank-approximation/RA-09/lean/verification/linux-2026-09-13/job-103675084579.log:386: trailing whitespace.
+2026-09-13T04:52:31.1851913Z 
randomized-and-low-rank-approximation/RA-09/lean/verification/linux-2026-09-13/job-103675084579.log:388: trailing whitespace.
+2026-09-13T04:52:31.1852932Z 
randomized-and-low-rank-approximation/RA-09/lean/verification/linux-2026-09-13/job-103675084579.log:390: trailing whitespace.
+2026-09-13T04:52:31.1853586Z 
randomized-and-low-rank-approximation/RA-09/lean/verification/linux-2026-09-13/job-103675084579.log:474: trailing whitespace.
+2026-09-13T04:52:52.2366933Z 
randomized-and-low-rank-approximation/RA-09/lean/verification/linux-2026-09-13/job-103675084579.log:505: trailing whitespace.
+2026-09-13T04:52:52.2385032Z 
randomized-and-low-rank-approximation/RA-09/lean/verification/linux-2026-09-13/job-103675084579.log:515: trailing whitespace.
+2026-09-13T04:52:52.2390396Z 
randomized-and-low-rank-approximation/RA-09/lean/verification/linux-2026-09-13/job-103675084579.log:525: trailing whitespace.
+2026-09-13T04:52:52.2395739Z 
randomized-and-low-rank-approximation/RA-09/lean/verification/linux-2026-09-13/job-103675084579.log:535: trailing whitespace.
+2026-09-13T04:52:52.2401253Z 
randomized-and-low-rank-approximation/RA-09/lean/verification/linux-2026-09-13/job-103675084579.log:545: trailing whitespace.
+2026-09-13T04:52:52.2406755Z 
randomized-and-low-rank-approximation/RA-09/lean/verification/linux-2026-09-13/job-103675084579.log:576: trailing whitespace.
+2026-09-13T04:52:53.7892992Z 
randomized-and-low-rank-approximation/RA-09/lean/verification/linux-2026-09-13/job-103675084579.log:593: trailing whitespace.
+2026-09-13T04:52:55.8793630Z 
randomized-and-low-rank-approximation/RA-09/lean/verification/linux-2026-09-13/job-103675084579.log:608: trailing whitespace.
+2026-09-13T04:52:57.7369420Z 
randomized-and-low-rank-approximation/RA-09/lean/verification/linux-2026-09-13/job-103675084579.log:623: trailing whitespace.
+2026-09-13T04:52:59.6245155Z 
randomized-and-low-rank-approximation/RA-09/lean/verification/linux-2026-09-13/job-103675084579.log:638: trailing whitespace.
+2026-09-13T04:53:01.5156123Z 
randomized-and-low-rank-approximation/RA-09/lean/verification/linux-2026-09-13/job-103675084579.log:730: trailing whitespace.
+2026-09-13T04:54:08.6782383Z 
randomized-and-low-rank-approximation/RA-09/lean/verification/linux-2026-09-13/permanent-id-job-103675064607.log:196: trailing whitespace.
+2026-09-13T04:51:48.9852537Z 
randomized-and-low-rank-approximation/RA-09/lean/verification/linux-2026-09-13/permanent-id-job-103675064607.log:199: trailing whitespace.
+2026-09-13T04:51:48.9853299Z 
randomized-and-low-rank-approximation/RA-09/lean/verification/linux-2026-09-13/permanent-id-job-103675064607.log:208: trailing whitespace.
+2026-09-13T04:51:49.0843571Z 
randomized-and-low-rank-approximation/RA-09/lean/verification/linux-2026-09-13/permanent-id-job-103675064607.log:211: trailing whitespace.
+2026-09-13T04:51:49.0844235Z 
randomized-and-low-rank-approximation/RA-09/lean/verification/linux-2026-09-13/permanent-id-job-103675064607.log:266: trailing whitespace.
+2026-09-13T04:52:04.6505507Z (Reading database ... 
randomized-and-low-rank-approximation/RA-09/lean/verification/linux-2026-09-13/permanent-id-job-103675064607.log:297: trailing whitespace.
+2026-09-13T04:52:17.2889383Z 
randomized-and-low-rank-approximation/RA-09/lean/verification/linux-2026-09-13/permanent-id-job-103675064607.log:299: trailing whitespace.
+2026-09-13T04:52:17.2891346Z 
randomized-and-low-rank-approximation/RA-09/lean/verification/linux-2026-09-13/permanent-id-job-103675064607.log:301: trailing whitespace.
+2026-09-13T04:52:17.2891859Z 
randomized-and-low-rank-approximation/RA-09/lean/verification/linux-2026-09-13/permanent-id-job-103675064607.log:303: trailing whitespace.
+2026-09-13T04:52:17.2892359Z 
randomized-and-low-rank-approximation/RA-09/lean/verification/linux-2026-09-13/permanent-id-job-103675064607.log:305: trailing whitespace.
+2026-09-13T04:52:17.2892993Z 
randomized-and-low-rank-approximation/RA-09/lean/verification/linux-2026-09-13/permanent-id-job-103675064607.log:330: trailing whitespace.
+2026-09-13T04:52:18.2029843Z 
randomized-and-low-rank-approximation/RA-09/lean/verification/linux-2026-09-13/permanent-id-job-103675064607.log:333: trailing whitespace.
+2026-09-13T04:52:18.2030858Z 
randomized-and-low-rank-approximation/RA-09/lean/verification/linux-2026-09-13/permanent-id-job-103675064607.log:346: trailing whitespace.
+2026-09-13T04:52:19.1122453Z 
randomized-and-low-rank-approximation/RA-09/lean/verification/linux-2026-09-13/permanent-id-job-103675064607.log:349: trailing whitespace.
+2026-09-13T04:52:19.1166460Z 
randomized-and-low-rank-approximation/RA-09/lean/verification/linux-2026-09-13/prepare_source_audit.py:11: trailing whitespace.
+manifest=s[s.index('def manifest('):s.index('\nnested={}')] 
randomized-and-low-rank-approximation/RA-09/lean/verification/linux-2026-09-13/source/forsythe/.tools/lean4export/format_ndjson.md:7: trailing whitespace.
+{ 
randomized-and-low-rank-approximation/RA-09/lean/verification/linux-2026-09-13/source/forsythe/.tools/lean4export/format_ndjson.md:9: trailing whitespace.
+        "exporter": { 
randomized-and-low-rank-approximation/RA-09/lean/verification/linux-2026-09-13/source/forsythe/.tools/lean4export/format_ndjson.md:11: trailing whitespace.
+            "version": string 
randomized-and-low-rank-approximation/RA-09/lean/verification/linux-2026-09-13/source/forsythe/.tools/lean4export/format_ndjson.md:12: trailing whitespace.
+            }, 
randomized-and-low-rank-approximation/RA-09/lean/verification/linux-2026-09-13/source/forsythe/.tools/lean4export/format_ndjson.md:13: trailing whitespace.
+        "lean": { 
randomized-and-low-rank-approximation/RA-09/lean/verification/linux-2026-09-13/source/forsythe/.tools/lean4export/format_ndjson.md:15: trailing whitespace.
+            "version": string 
randomized-and-low-rank-approximation/RA-09/lean/verification/linux-2026-09-13/source/forsythe/.tools/lean4export/format_ndjson.md:19: trailing whitespace.
+        } 
randomized-and-low-rank-approximation/RA-09/lean/verification/linux-2026-09-13/source/forsythe/.tools/lean4export/format_ndjson.md:182: trailing whitespace.
+ 
randomized-and-low-rank-approximation/RA-09/lean/verification/linux-2026-09-13/source/forsythe/.tools/lean4export/format_ndjson.md:183: trailing whitespace.
+Expr.lit (Literal.natVal) 
randomized-and-low-rank-approximation/RA-09/lean/verification/linux-2026-09-13/source/forsythe/.tools/lean4export/format_ndjson.md:269: trailing whitespace.
+NB: The official Lean kernel uses the field-less constructor `Lean.Declaration.quotDecl : Lean.Declaration` as the input to declare the quotient declarations, and then adds the four declarations that make up the quotient package to the environment. The export format includes the data of these generated declarations for convenience. 
randomized-and-low-rank-approximation/RA-09/lean/verification/linux-2026-09-13/source/forsythe/.tools/lean4export/format_ndjson.md:284: trailing whitespace.
+NB: The official Lean kernel expects a `Lean.Declaration.inductDecl`, which contains a (mutual) group of inductive declarations with their constructors. From that the kernel derives the recursors, and informational fields like `isRec`, `isReflexive` or `cidx`. The export format includes the data of these generated declarations for convenience. 
randomized-and-low-rank-approximation/RA-09/lean/verification/linux-2026-09-13/source/forsythe/.tools/lean4export/format_ndjson.md:352: new blank line at EOF.
randomized-and-low-rank-approximation/RA-09/lean/verification/linux-2026-09-13/source/randomized-and-low-rank-approximation/RA-09/README.md:3: trailing whitespace.
+**Difficulty:** challenging  
randomized-and-low-rank-approximation/RA-09/lean/verification/linux-2026-09-13/source/randomized-and-low-rank-approximation/RA-09/README.md:4: trailing whitespace.
+**Importance:** interesting to the community  
randomized-and-low-rank-approximation/RA-09/lean/verification/linux-2026-09-13/source/randomized-and-low-rank-approximation/RA-09/README.md:5: trailing whitespace.
+**Rating rationale:** Challenging because squared Frobenius transfer needs control of eigenvectors as well as eigenvalues; community impact is reusable low-rank approximation of matrix functions.  
randomized-and-low-rank-approximation/RA-09/lean/verification/linux-2026-09-13/source/randomized-and-low-rank-approximation/RA-09/README.md:6: trailing whitespace.
+**Topic:** Low-rank approximation of matrix functions.  
randomized-and-low-rank-approximation/RA-09/lean/verification/linux-2026-09-13/source/randomized-and-low-rank-approximation/RA-09/README.md:7: trailing whitespace.
+**Last checked:** 2026-09-11  
randomized-and-low-rank-approximation/RA-09/lean/verification/linux-2026-09-13/source/randomized-and-low-rank-approximation/RA-09/README.md:8: trailing whitespace.
+**Status:** Solved  
randomized-and-low-rank-approximation/RA-09/lean/verification/linux-2026-09-13/source/randomized-and-low-rank-approximation/RA-09/lean/verification/harmonic-development/attempt-9lbejn1q/NLA-RA09-Harmonic.log:5: trailing whitespace.
+  
randomized-and-low-rank-approximation/RA-09/lean/verification/linux-2026-09-13/source/randomized-and-low-rank-approximation/RA-09/lean/verification/harmonic-development/attempt-9lbejn1q/NLA-RA09-Harmonic.log:11: trailing whitespace.
+  
randomized-and-low-rank-approximation/RA-09/lean/verification/linux-2026-09-13/source/randomized-and-low-rank-approximation/RA-09/lean/verification/harmonic-development/initial-author-attempt/NLA-RA09-Harmonic.log:4: trailing whitespace.
+  
randomized-and-low-rank-approximation/RA-09/lean/verification/linux-2026-09-13/source/randomized-and-low-rank-approximation/RA-09/lean/verification/harmonic-development/initial-author-attempt/NLA-RA09-Harmonic.log:6: trailing whitespace.
+    
randomized-and-low-rank-approximation/RA-09/lean/verification/linux-2026-09-13/source/randomized-and-low-rank-approximation/RA-09/lean/verification/main-development/attempt-k62dbuct/NLA-RA09-Harmonic.log:4: trailing whitespace.
+  
randomized-and-low-rank-approximation/RA-09/lean/verification/linux-2026-09-13/source/randomized-and-low-rank-approximation/RA-09/lean/verification/main-development/attempt-k62dbuct/NLA-RA09-Harmonic.log:6: trailing whitespace.
+    
randomized-and-low-rank-approximation/RA-09/lean/verification/linux-2026-09-13/source/randomized-and-low-rank-approximation/RA-09/lean/verification/main-development/attempt-mbeihlkd/NLA-RA09-Transfer.log:6: trailing whitespace.
+  
randomized-and-low-rank-approximation/RA-09/lean/verification/linux-2026-09-13/source/randomized-and-low-rank-approximation/RA-09/lean/verification/main-development/attempt-mbeihlkd/NLA-RA09-Transfer.log:8: trailing whitespace.
+    
randomized-and-low-rank-approximation/RA-09/lean/verification/linux-2026-09-13/source/randomized-and-low-rank-approximation/RA-09/lean/verification/root-candidate-2026-09-13/git-diff-check-initial.log:2: trailing whitespace.
++  
randomized-and-low-rank-approximation/RA-09/lean/verification/linux-2026-09-13/source/randomized-and-low-rank-approximation/RA-09/lean/verification/root-candidate-2026-09-13/git-diff-check-initial.log:4: trailing whitespace.
++  
randomized-and-low-rank-approximation/RA-09/lean/verification/linux-2026-09-13/source/randomized-and-low-rank-approximation/RA-09/lean/verification/root-candidate-2026-09-13/git-diff-check-initial.log:6: trailing whitespace.
++  
randomized-and-low-rank-approximation/RA-09/lean/verification/linux-2026-09-13/source/randomized-and-low-rank-approximation/RA-09/lean/verification/root-candidate-2026-09-13/git-diff-check-initial.log:8: trailing whitespace.
++    
randomized-and-low-rank-approximation/RA-09/lean/verification/linux-2026-09-13/source/randomized-and-low-rank-approximation/RA-09/lean/verification/root-candidate-2026-09-13/git-diff-check-initial.log:10: trailing whitespace.
++  
randomized-and-low-rank-approximation/RA-09/lean/verification/linux-2026-09-13/source/randomized-and-low-rank-approximation/RA-09/lean/verification/root-candidate-2026-09-13/git-diff-check-initial.log:12: trailing whitespace.
++    
randomized-and-low-rank-approximation/RA-09/lean/verification/linux-2026-09-13/source/randomized-and-low-rank-approximation/RA-09/lean/verification/root-candidate-2026-09-13/git-diff-check-initial.log:14: trailing whitespace.
++  
randomized-and-low-rank-approximation/RA-09/lean/verification/linux-2026-09-13/source/randomized-and-low-rank-approximation/RA-09/lean/verification/root-candidate-2026-09-13/git-diff-check-initial.log:16: trailing whitespace.
++    
randomized-and-low-rank-approximation/RA-09/lean/verification/linux-2026-09-13/source/references/colbrook-transfer-2026-09-11/README.md:3: trailing whitespace.
+**Author:** Matthew J. Colbrook. **Date:** 11 September 2026.  
randomized-and-low-rank-approximation/RA-09/lean/verification/linux-2026-09-13/source/references/colbrook-transfer-2026-09-11/README.md:20: trailing whitespace.
+**RA-07.** The sequence $(j+1)e_{j+1}/e_j$ is decreasing and discretely convex for every positive spectrum, including both endpoints. The exact second-difference certificate proves the full canonical conjecture. 
randomized-and-low-rank-approximation/RA-09/lean/verification/linux-2026-09-13/source/references/colbrook-transfer-2026-09-11/README.md:22: trailing whitespace.
+**RA-08.** A rational positive definite $6\times6$ matrix and its exact rank-three Nyström approximation attain the optimal input spectral error but violate transformed optimality for $f(x)=\min(x,1)$. At $t=1/65536$, the output ratio is at least $1+334583/15769728$. Since the input excess is zero, this also excludes every finite factor $1+C\varepsilon$ for that scalar-concave class. 
randomized-and-low-rank-approximation/RA-09/lean/verification/linux-2026-09-13/source/references/colbrook-transfer-2026-09-11/README.md:24: trailing whitespace.
+**RA-09.** The ordered theorem transfers ordinary relative Frobenius residual error with no loss for the larger monotone subhomogeneous function class. Put $B=\widehat A_k$. Since $0\preceq B\preceq A$, $\|A-B\|_F^2=\|A\|_F^2-\|B\|_F^2-2\operatorname{tr}(B(A-B))\le\|A\|_F^2-\|B\|_F^2$. Thus the original stronger trace-deficit premise implies the proved residual premise, establishing the exact canonical conclusion. All specified eigenbasis choices and zero-tail cases are covered. 
randomized-and-low-rank-approximation/RA-09/lean/verification/linux-2026-09-13/source/references/colbrook-transfer-2026-09-11/README.md:32: trailing whitespace.
+**RE-05.** The nonadaptive two-sided algorithm achieves pure relative Frobenius error with $O(\sqrt{q(\log q+1/\varepsilon)}+\log q)$ queries at constant success. Fifteen independent copies with internal squared parameter $\varepsilon/9$ and the proved median selector give failure at most $e^{-4.8}<0.01$ and norm factor at most $1+\varepsilon$. This meets the exact canonical uniform query bound and arithmetic model. 
randomized-and-low-rank-approximation/RA-09/lean/verification/linux-2026-09-13/source/references/colbrook-transfer-2026-09-11/manuscripts/02_frobenius_function_transfer.md:3: trailing whitespace.
+**Author:** Matthew J. Colbrook.  
randomized-and-low-rank-approximation/RA-09/lean/verification/linux-2026-09-13/source/references/colbrook-transfer-2026-09-11/manuscripts/02_frobenius_function_transfer.md:4: trailing whitespace.
+**Affiliation:** Department of Applied Mathematics and Theoretical Physics, University of Cambridge, Cambridge, United Kingdom.  
randomized-and-low-rank-approximation/RA-09/lean/verification/publication-2026-09-13/initial-layout/README.md:3: trailing whitespace.
+**Difficulty:** challenging  
randomized-and-low-rank-approximation/RA-09/lean/verification/publication-2026-09-13/initial-layout/README.md:4: trailing whitespace.
+**Importance:** interesting to the community  
randomized-and-low-rank-approximation/RA-09/lean/verification/publication-2026-09-13/initial-layout/README.md:5: trailing whitespace.
+**Rating rationale:** Challenging because squared Frobenius transfer needs control of eigenvectors as well as eigenvalues; community impact is reusable low-rank approximation of matrix functions.  
randomized-and-low-rank-approximation/RA-09/lean/verification/publication-2026-09-13/initial-layout/README.md:6: trailing whitespace.
+**Topic:** Low-rank approximation of matrix functions.  
randomized-and-low-rank-approximation/RA-09/lean/verification/publication-referee-2026-09-13/tracked.diff:6: trailing whitespace.
+ 
randomized-and-low-rank-approximation/RA-09/lean/verification/publication-referee-2026-09-13/tracked.diff:8: trailing whitespace.
+ 
randomized-and-low-rank-approximation/RA-09/lean/verification/publication-referee-2026-09-13/tracked.diff:11: trailing whitespace.
+ 
randomized-and-low-rank-approximation/RA-09/lean/verification/publication-referee-2026-09-13/tracked.diff:13: trailing whitespace.
+ 
randomized-and-low-rank-approximation/RA-09/lean/verification/publication-referee-2026-09-13/tracked.diff:30: trailing whitespace.
+ 
randomized-and-low-rank-approximation/RA-09/lean/verification/publication-referee-2026-09-13/tracked.diff:33: trailing whitespace.
+ 
randomized-and-low-rank-approximation/RA-09/lean/verification/publication-referee-2026-09-13/tracked.diff:35: trailing whitespace.
+ 
randomized-and-low-rank-approximation/RA-09/lean/verification/publication-referee-2026-09-13/tracked.diff:41: trailing whitespace.
+ 
randomized-and-low-rank-approximation/RA-09/lean/verification/publication-referee-2026-09-13/tracked.diff:43: trailing whitespace.
+ 
randomized-and-low-rank-approximation/RA-09/lean/verification/publication-referee-2026-09-13/tracked.diff:46: trailing whitespace.
+ 
randomized-and-low-rank-approximation/RA-09/lean/verification/publication-referee-2026-09-13/tracked.diff:48: trailing whitespace.
+ 
randomized-and-low-rank-approximation/RA-09/lean/verification/publication-referee-2026-09-13/tracked.diff:54: trailing whitespace.
+ **Importance:** interesting to the community  
randomized-and-low-rank-approximation/RA-09/lean/verification/publication-referee-2026-09-13/tracked.diff:55: trailing whitespace.
+ **Rating rationale:** Challenging because squared Frobenius transfer needs control of eigenvectors as well as eigenvalues; community impact is reusable low-rank approximation of matrix functions.  
randomized-and-low-rank-approximation/RA-09/lean/verification/publication-referee-2026-09-13/tracked.diff:56: trailing whitespace.
+ **Topic:** Low-rank approximation of matrix functions.  
randomized-and-low-rank-approximation/RA-09/lean/verification/publication-referee-2026-09-13/tracked.diff:57: trailing whitespace.
+-**Last checked:** 2026-09-11  
randomized-and-low-rank-approximation/RA-09/lean/verification/publication-referee-2026-09-13/tracked.diff:58: trailing whitespace.
+-**Status:** Solved  
randomized-and-low-rank-approximation/RA-09/lean/verification/publication-referee-2026-09-13/tracked.diff:62: trailing whitespace.
+ 
randomized-and-low-rank-approximation/RA-09/lean/verification/publication-referee-2026-09-13/tracked.diff:66: trailing whitespace.
+ 
randomized-and-low-rank-approximation/RA-09/lean/verification/publication-referee-2026-09-13/tracked.diff:68: trailing whitespace.
+ 
randomized-and-low-rank-approximation/RA-09/lean/verification/publication-referee-2026-09-13/tracked.diff:71: trailing whitespace.
+ 
randomized-and-low-rank-approximation/RA-09/lean/verification/publication-referee-2026-09-13/tracked.diff:73: trailing whitespace.
+ 
randomized-and-low-rank-approximation/RA-09/lean/verification/publication-referee-2026-09-13/tracked.diff:116: trailing whitespace.
+ 
randomized-and-low-rank-approximation/RA-09/lean/verification/publication-referee-2026-09-13/tracked.diff:124: trailing whitespace.
+ 
randomized-and-low-rank-approximation/RA-09/lean/verification/publication-referee-2026-09-13/tracked.diff:127: trailing whitespace.
+ 
randomized-and-low-rank-approximation/RA-09/lean/verification/publication-referee-2026-09-13/tracked.diff:129: trailing whitespace.
+ 
randomized-and-low-rank-approximation/RA-09/lean/verification/publication-referee-2026-09-13/tracked.diff:131: trailing whitespace.
+ 
randomized-and-low-rank-approximation/RA-09/lean/verification/publication-referee-2026-09-13/tracked.diff:133: trailing whitespace.
+ 
randomized-and-low-rank-approximation/RA-09/lean/verification/publication-referee-2026-09-13/tracked.diff:136: trailing whitespace.
+ 
randomized-and-low-rank-approximation/RA-09/lean/verification/publication-referee-2026-09-13/tracked.diff:138: trailing whitespace.
+ 
randomized-and-low-rank-approximation/RA-09/lean/verification/publication-referee-2026-09-13/tracked.diff:142: trailing whitespace.
+ 
randomized-and-low-rank-approximation/RA-09/lean/verification/publication-referee-2026-09-13/tracked.diff:145: trailing whitespace.
+ 
randomized-and-low-rank-approximation/RA-09/lean/verification/publication-referee-2026-09-13/tracked.diff:290: trailing whitespace.
+ 
randomized-and-low-rank-approximation/RA-09/lean/verification/publication-referee-2026-09-13/tracked.diff:406: trailing whitespace.
+ 
randomized-and-low-rank-approximation/RA-09/lean/verification/publication-referee-2026-09-13/tracked.diff:414: trailing whitespace.
+ 
randomized-and-low-rank-approximation/RA-09/lean/verification/publication-referee-2026-09-13/tracked.diff:417: trailing whitespace.
+ 
randomized-and-low-rank-approximation/RA-09/lean/verification/publication-referee-2026-09-13/tracked.diff:424: trailing whitespace.
+ 
randomized-and-low-rank-approximation/RA-09/lean/verification/publication-referee-2026-09-13/tracked.diff:432: trailing whitespace.
+ 
