{"path": "reviews/final-referee-2-evidence/command-001", "command": ["git", "rev-parse", "5830ed4fb06da0659414a3deb2a40ad327aca052:randomized-and-low-rank-approximation/RA-20/README.md"], "exit_code": 0}
{"path": "reviews/final-referee-2-evidence/command-002", "command": ["git", "rev-parse", "5830ed4fb06da0659414a3deb2a40ad327aca052:randomized-and-low-rank-approximation/RA-20/solution.md"], "exit_code": 0}
{"path": "reviews/final-referee-2-evidence/command-003", "command": ["git", "rev-parse", "5830ed4fb06da0659414a3deb2a40ad327aca052:randomized-and-low-rank-approximation/RA-20/solution.tex"], "exit_code": 0}
{"path": "reviews/final-referee-2-evidence/command-004", "command": ["git", "rev-parse", "5830ed4fb06da0659414a3deb2a40ad327aca052:references/research-expansion-2026-09-11/ra20-resolution/README.md"], "exit_code": 0}
{"path": "reviews/final-referee-2-evidence/command-005", "command": ["git", "rev-parse", "5830ed4fb06da0659414a3deb2a40ad327aca052:references/research-expansion-2026-09-11/ra20-resolution/independent-review.md"], "exit_code": 0}
{"path": "reviews/final-referee-2-evidence/command-006", "command": ["git", "rev-parse", "5830ed4fb06da0659414a3deb2a40ad327aca052:references/research-expansion-2026-09-11/ra20-resolution/verify_counterexample.py"], "exit_code": 0}
{"path": "reviews/final-referee-2-evidence/command-007", "command": ["git", "rev-parse", "5830ed4fb06da0659414a3deb2a40ad327aca052:references/research-expansion-2026-09-11/ra20-resolution/exact-results.json"], "exit_code": 0}
{"path": "reviews/final-referee-2-evidence/command-008", "command": ["git", "rev-parse", "5830ed4fb06da0659414a3deb2a40ad327aca052:AGENTS.md"], "exit_code": 0}
{"path": "reviews/final-referee-2-evidence/command-009", "command": ["git", "rev-parse", "5830ed4fb06da0659414a3deb2a40ad327aca052:CONTRIBUTING.md"], "exit_code": 0}
{"path": "reviews/final-referee-2-evidence/command-010", "command": ["git", "rev-parse", "5830ed4fb06da0659414a3deb2a40ad327aca052:problem_ids.json"], "exit_code": 0}
{"path": "reviews/final-referee-2-evidence/command-011", "command": ["git", "rev-parse", "5830ed4fb06da0659414a3deb2a40ad327aca052:docs/lean/README.md"], "exit_code": 0}
{"path": "reviews/final-referee-2-evidence/command-012", "command": ["git", "rev-parse", "5830ed4fb06da0659414a3deb2a40ad327aca052:docs/lean/REVIEW.md"], "exit_code": 0}
{"path": "reviews/final-referee-2-evidence/command-013", "command": ["git", "rev-parse", "5830ed4fb06da0659414a3deb2a40ad327aca052:docs/lean/schema/README.md"], "exit_code": 0}
{"path": "reviews/final-referee-2-evidence/command-014", "command": ["git", "rev-parse", "5830ed4fb06da0659414a3deb2a40ad327aca052:docs/lean/schema/v0.4.schema.json"], "exit_code": 0}
{"path": "reviews/final-referee-2-evidence/command-015", "command": ["git", "rev-parse", "5830ed4fb06da0659414a3deb2a40ad327aca052:tools/lean/HARNESS.md"], "exit_code": 0}
{"path": "reviews/final-referee-2-evidence/command-016", "command": ["git", "rev-parse", "5830ed4fb06da0659414a3deb2a40ad327aca052:tools/lean/source-lock.json"], "exit_code": 0}
{"path": "reviews/final-referee-2-evidence/command-017", "command": ["git", "rev-parse", "HEAD"], "exit_code": 0}
{"path": "reviews/final-referee-2-evidence/command-018", "command": ["git", "status", "--porcelain", "--untracked-files=no"], "exit_code": 0}
{"path": "reviews/final-referee-2-evidence/command-019", "command": ["git", "rev-parse", "HEAD"], "exit_code": 0}
{"path": "reviews/final-referee-2-evidence/command-020", "command": ["git", "status", "--porcelain", "--untracked-files=no"], "exit_code": 0}
{"path": "reviews/final-referee-2-evidence/command-021", "command": ["git", "rev-parse", "HEAD"], "exit_code": 0}
{"path": "reviews/final-referee-2-evidence/command-022", "command": ["git", "status", "--porcelain", "--untracked-files=no"], "exit_code": 0}
{"path": "reviews/final-referee-2-evidence/command-023", "command": ["git", "rev-parse", "HEAD"], "exit_code": 0}
{"path": "reviews/final-referee-2-evidence/command-024", "command": ["git", "status", "--porcelain", "--untracked-files=no"], "exit_code": 0}
{"path": "reviews/final-referee-2-evidence/command-025", "command": ["git", "rev-parse", "HEAD"], "exit_code": 0}
{"path": "reviews/final-referee-2-evidence/command-026", "command": ["git", "status", "--porcelain", "--untracked-files=no"], "exit_code": 0}
{"path": "reviews/final-referee-2-evidence/command-027", "command": ["git", "rev-parse", "HEAD"], "exit_code": 0}
{"path": "reviews/final-referee-2-evidence/command-028", "command": ["git", "status", "--porcelain", "--untracked-files=no"], "exit_code": 0}
{"path": "reviews/final-referee-2-evidence/command-029", "command": ["git", "rev-parse", "HEAD"], "exit_code": 0}
{"path": "reviews/final-referee-2-evidence/command-030", "command": ["git", "status", "--porcelain", "--untracked-files=no"], "exit_code": 0}
{"path": "reviews/final-referee-2-evidence/command-031", "command": ["git", "rev-parse", "HEAD"], "exit_code": 0}
{"path": "reviews/final-referee-2-evidence/command-032", "command": ["git", "status", "--porcelain", "--untracked-files=no"], "exit_code": 0}
{"path": "reviews/final-referee-2-evidence/command-033", "command": ["git", "rev-parse", "HEAD"], "exit_code": 0}
{"path": "reviews/final-referee-2-evidence/command-034", "command": ["git", "status", "--porcelain", "--untracked-files=no"], "exit_code": 0}
{"path": "reviews/final-referee-2-evidence/command-035", "command": ["git", "rev-parse", "HEAD"], "exit_code": 0}
{"path": "reviews/final-referee-2-evidence/command-036", "command": ["git", "status", "--porcelain", "--untracked-files=no"], "exit_code": 0}
{"path": "reviews/final-referee-2-evidence/command-037", "command": ["/Users/georgestepaniants/.elan/toolchains/leanprover--lean4---v4.33.1/bin/lean", "--version"], "exit_code": 0}
{"path": "reviews/final-referee-2-evidence/command-038", "command": ["/Users/georgestepaniants/.elan/toolchains/leanprover--lean4---v4.33.1/bin/lean", "-o", "/tmp/nla-lean-formalization/independent-prefixes/ra20-final-referee2/NLA/RA20/Definitions.olean", "-i", "/tmp/nla-lean-formalization/independent-prefixes/ra20-final-referee2/NLA/RA20/Definitions.ilean", "NLA/RA20/Definitions.lean"], "exit_code": 0}
{"path": "reviews/final-referee-2-evidence/command-039", "command": ["/Users/georgestepaniants/.elan/toolchains/leanprover--lean4---v4.33.1/bin/lean", "-o", "/tmp/nla-lean-formalization/independent-prefixes/ra20-final-referee2/NLA/RA20/Algebra.olean", "-i", "/tmp/nla-lean-formalization/independent-prefixes/ra20-final-referee2/NLA/RA20/Algebra.ilean", "NLA/RA20/Algebra.lean"], "exit_code": 0}
{"path": "reviews/final-referee-2-evidence/command-040", "command": ["/Users/georgestepaniants/.elan/toolchains/leanprover--lean4---v4.33.1/bin/lean", "-o", "/tmp/nla-lean-formalization/independent-prefixes/ra20-final-referee2/NLA/RA20/SmoothTransport.olean", "-i", "/tmp/nla-lean-formalization/independent-prefixes/ra20-final-referee2/NLA/RA20/SmoothTransport.ilean", "NLA/RA20/SmoothTransport.lean"], "exit_code": 0}
{"path": "reviews/final-referee-2-evidence/command-041", "command": ["/Users/georgestepaniants/.elan/toolchains/leanprover--lean4---v4.33.1/bin/lean", "-o", "/tmp/nla-lean-formalization/independent-prefixes/ra20-final-referee2/NLA/RA20/Smooth.olean", "-i", "/tmp/nla-lean-formalization/independent-prefixes/ra20-final-referee2/NLA/RA20/Smooth.ilean", "NLA/RA20/Smooth.lean"], "exit_code": 0}
{"path": "reviews/final-referee-2-evidence/command-042", "command": ["/Users/georgestepaniants/.elan/toolchains/leanprover--lean4---v4.33.1/bin/lean", "-o", "/tmp/nla-lean-formalization/independent-prefixes/ra20-final-referee2/NLA/RA20/Tangent.olean", "-i", "/tmp/nla-lean-formalization/independent-prefixes/ra20-final-referee2/NLA/RA20/Tangent.ilean", "NLA/RA20/Tangent.lean"], "exit_code": 0}
{"path": "reviews/final-referee-2-evidence/command-043", "command": ["/Users/georgestepaniants/.elan/toolchains/leanprover--lean4---v4.33.1/bin/lean", "-o", "/tmp/nla-lean-formalization/independent-prefixes/ra20-final-referee2/NLA/RA20/Differential.olean", "-i", "/tmp/nla-lean-formalization/independent-prefixes/ra20-final-referee2/NLA/RA20/Differential.ilean", "NLA/RA20/Differential.lean"], "exit_code": 0}
{"path": "reviews/final-referee-2-evidence/command-044", "command": ["/Users/georgestepaniants/.elan/toolchains/leanprover--lean4---v4.33.1/bin/lean", "-o", "/tmp/nla-lean-formalization/independent-prefixes/ra20-final-referee2/NLA/RA20/Generic.olean", "-i", "/tmp/nla-lean-formalization/independent-prefixes/ra20-final-referee2/NLA/RA20/Generic.ilean", "NLA/RA20/Generic.lean"], "exit_code": 0}
{"path": "reviews/final-referee-2-evidence/command-045", "command": ["/Users/georgestepaniants/.elan/toolchains/leanprover--lean4---v4.33.1/bin/lean", "-o", "/tmp/nla-lean-formalization/independent-prefixes/ra20-final-referee2/NLA/RA20/Critical.olean", "-i", "/tmp/nla-lean-formalization/independent-prefixes/ra20-final-referee2/NLA/RA20/Critical.ilean", "NLA/RA20/Critical.lean"], "exit_code": 0}
{"path": "reviews/final-referee-2-evidence/command-046", "command": ["/Users/georgestepaniants/.elan/toolchains/leanprover--lean4---v4.33.1/bin/lean", "-o", "/tmp/nla-lean-formalization/independent-prefixes/ra20-final-referee2/NLA/RA20/Count.olean", "-i", "/tmp/nla-lean-formalization/independent-prefixes/ra20-final-referee2/NLA/RA20/Count.ilean", "NLA/RA20/Count.lean"], "exit_code": 0}
{"path": "reviews/final-referee-2-evidence/command-047", "command": ["/Users/georgestepaniants/.elan/toolchains/leanprover--lean4---v4.33.1/bin/lean", "-o", "/tmp/nla-lean-formalization/independent-prefixes/ra20-final-referee2/NLA/RA20/Proof.olean", "-i", "/tmp/nla-lean-formalization/independent-prefixes/ra20-final-referee2/NLA/RA20/Proof.ilean", "NLA/RA20/Proof.lean"], "exit_code": 0}
{"path": "reviews/final-referee-2-evidence/command-048", "command": ["/Users/georgestepaniants/.elan/toolchains/leanprover--lean4---v4.33.1/bin/lean", "-o", "/tmp/nla-lean-formalization/independent-prefixes/ra20-final-referee2/Solution.olean", "-i", "/tmp/nla-lean-formalization/independent-prefixes/ra20-final-referee2/Solution.ilean", "Solution.lean"], "exit_code": 0}
{"path": "reviews/final-referee-2-evidence/command-049", "command": ["/Users/georgestepaniants/.elan/toolchains/leanprover--lean4---v4.33.1/bin/lean", "-o", "/tmp/nla-lean-formalization/independent-prefixes/ra20-final-referee2/reviews/final-referee-2-evidence/Reference.olean", "-i", "/tmp/nla-lean-formalization/independent-prefixes/ra20-final-referee2/reviews/final-referee-2-evidence/Reference.ilean", "reviews/final-referee-2-evidence/Reference.lean"], "exit_code": 0}
{"path": "reviews/final-referee-2-evidence/command-050", "command": ["/Users/georgestepaniants/.elan/toolchains/leanprover--lean4---v4.33.1/bin/lean", "-o", "/tmp/nla-lean-formalization/independent-prefixes/ra20-final-referee2/reviews/final-referee-2-evidence/Inspect.olean", "-i", "/tmp/nla-lean-formalization/independent-prefixes/ra20-final-referee2/reviews/final-referee-2-evidence/Inspect.ilean", "reviews/final-referee-2-evidence/Inspect.lean"], "exit_code": 0}
