{
  "id": "MI-22",
  "verdict": "PASS",
  "method": "Independent fresh exact Fraction/sparse-polynomial diagnostic, not a Lean proof",
  "checks": {
    "adapted_pivots": [
      "577/1024",
      "254196983/37814272",
      "1555181999141/2082381684736"
    ],
    "trace_B": "106431146208483696651097418543647519625/5192296858534827628530496329220096",
    "tested_coordinate": "1212681703121405139976135847967156919439341/26584559915698317458076141205606891520",
    "frobenius_AB_squared": "186179289734618151696453431507181746375871836387970882759509555403499175698778705/1766847064778384329583297500742918515827483896875618958121606201292619776",
    "margins": {
      "trace": "233851220712454766812277188888120691831/5192296858534827628530496329220096",
      "coordinate": "42961066830679171820785634920453692559341/26584559915698317458076141205606891520",
      "frobenius": "8615599157198720640105117949725019994108263242566107373397528289012154605221295/1766847064778384329583297500742918515827483896875618958121606201292619776"
    },
    "source_rounding_verified": true,
    "source_finite_residual_checks": true,
    "source_B_is_different": true,
    "analytic_limit": "No CFC/norm/root bound is inferred from this diagnostic; these remain explicit Challenge conclusions."
  }
}
