✖ [3080/3080] Building NLA.IE14.ColumnBounds (5.2s)
trace: .> LEAN_PATH=/Users/sholden/Projects/OpenProblemsInNLA/intervals-and-absolute-value-equations/IV-06/lean/.lake/packages/Cli/.lake/build/lib/lean:/Users/sholden/Projects/OpenProblemsInNLA/intervals-and-absolute-value-equations/IV-06/lean/.lake/packages/batteries/.lake/build/lib/lean:/Users/sholden/Projects/OpenProblemsInNLA/intervals-and-absolute-value-equations/IV-06/lean/.lake/packages/Qq/.lake/build/lib/lean:/Users/sholden/Projects/OpenProblemsInNLA/intervals-and-absolute-value-equations/IV-06/lean/.lake/packages/aesop/.lake/build/lib/lean:/Users/sholden/Projects/OpenProblemsInNLA/intervals-and-absolute-value-equations/IV-06/lean/.lake/packages/proofwidgets/.lake/build/lib/lean:/Users/sholden/Projects/OpenProblemsInNLA/intervals-and-absolute-value-equations/IV-06/lean/.lake/packages/importGraph/.lake/build/lib/lean:/Users/sholden/Projects/OpenProblemsInNLA/intervals-and-absolute-value-equations/IV-06/lean/.lake/packages/LeanSearchClient/.lake/build/lib/lean:/Users/sholden/Projects/OpenProblemsInNLA/intervals-and-absolute-value-equations/IV-06/lean/.lake/packages/plausible/.lake/build/lib/lean:/Users/sholden/Projects/OpenProblemsInNLA/intervals-and-absolute-value-equations/IV-06/lean/.lake/packages/mathlib/.lake/build/lib/lean:/Users/sholden/Projects/OpenProblemsInNLA/intervals-and-absolute-value-equations/IV-06/lean/.lake/packages/leancert/.lake/build/lib/lean:/private/tmp/nla-20260922-ie14/linear-systems-and-elimination/IE-14/lean/.lake/build/lib/lean /private/tmp/nla-20260922-runtime/lean-4.33.1-darwin_aarch64/bin/lean /private/tmp/nla-20260922-ie14/linear-systems-and-elimination/IE-14/lean/NLA/IE14/ColumnBounds.lean -o /private/tmp/nla-20260922-ie14/linear-systems-and-elimination/IE-14/lean/.lake/build/lib/lean/NLA/IE14/ColumnBounds.olean -i /private/tmp/nla-20260922-ie14/linear-systems-and-elimination/IE-14/lean/.lake/build/lib/lean/NLA/IE14/ColumnBounds.ilean -c /private/tmp/nla-20260922-ie14/linear-systems-and-elimination/IE-14/lean/.lake/build/ir/NLA/IE14/ColumnBounds.c --setup /private/tmp/nla-20260922-ie14/linear-systems-and-elimination/IE-14/lean/.lake/build/ir/NLA/IE14/ColumnBounds.setup.json --json
error: NLA/IE14/ColumnBounds.lean:12:62: mod_cast has type
  Nat.fib a ≤ Nat.fib b
but is expected to have type
  fibR a ≤ fibR b
error: NLA/IE14/ColumnBounds.lean:53:13: unexpected token '('; expected ')', ',' or ':'
error: NLA/IE14/ColumnBounds.lean:26:15: omega could not prove the goal:
a possible counterexample may satisfy the constraints
  b ≥ 0
  a ≥ 4
  a - b ≤ 0
where
 a := ↑n
 b := ↑k
error: NLA/IE14/ColumnBounds.lean:28:15: omega could not prove the goal:
a possible counterexample may satisfy the constraints
  b ≥ 0
  a ≥ 4
  a - b ≤ 0
where
 a := ↑n
 b := ↑k
error: NLA/IE14/ColumnBounds.lean:53:8: Application type mismatch: The argument
  fibR
has type
  ℕ → ℝ
but is expected to have type
  ℝ
in the application
  front_update A hA S r hp k ?m.480 ⟨n - 1, ?m.488⟩ ?m.489 fibR
error: NLA/IE14/ColumnBounds.lean:50:4: unsolved goals
case pos
n : ℕ
hn : 4 ≤ n
A : Mat n
hA : IsCyclic A
S : ℕ → Mat n
r : Fin n → Fin n
hp : isPath A S r
k : ℕ
ih :
  k + 2 ≤ n →
    ‖S k ⟨k, ⋯⟩ ⟨n - 1, ⋯⟩‖ ≤ fibR (k + 2) * entryMax A ∧
      ‖S k ⟨n - 1, ⋯⟩ ⟨n - 1, ⋯⟩‖ ≤ fibR (k + 2) * entryMax A ∧
        ‖S k ⟨k, ⋯⟩ ⟨n - 1, ⋯⟩‖ + ‖S k ⟨n - 1, ⋯⟩ ⟨n - 1, ⋯⟩‖ ≤ (fibR (k + 3) + if k + 2 = n then 1 else 0) * entryMax A
hk : k + 1 + 2 ≤ n
h0 : ‖S k ⟨k, ⋯⟩ ⟨n - 1, ⋯⟩‖ ≤ fibR (k + 2) * entryMax A
hl : ‖S k ⟨n - 1, ⋯⟩ ⟨n - 1, ⋯⟩‖ ≤ fibR (k + 2) * entryMax A
hb : 0 ≤ entryMax A
hbefore : k + 2 ≠ n
hs : ‖S k ⟨k, ⋯⟩ ⟨n - 1, ⋯⟩‖ + ‖S k ⟨n - 1, ⋯⟩ ⟨n - 1, ⋯⟩‖ ≤ fibR (k + 3) * entryMax A
hrec : fibR (k + 2 + 2) = fibR (k + 2) + fibR (k + 2 + 1)
hrec1 : fibR (k + 1 + 2) = fibR (k + 1) + fibR (k + 1 + 1)
hmono : fibR (k + 2) ≤ fibR (k + 3)
he : k + 3 = n
h1 : 1 ≤ fibR (k + 1)
hc : ‖A ⟨k + 1, ⋯⟩ ⟨n - 1, ⋯⟩‖ ≤ entryMax A
ht :
  ∀ (T c M' T' : ℝ),
    ‖S k ⟨k, ⋯⟩ ⟨n - 1, ⋯⟩‖ ≤ sorry →
      ‖S k ⟨n - 1, ⋯⟩ ⟨n - 1, ⋯⟩‖ ≤ sorry →
        ‖S k ⟨k, ⋯⟩ ⟨n - 1, ⋯⟩‖ + ‖S k ⟨n - 1, ⋯⟩ ⟨n - 1, ⋯⟩‖ ≤ T →
          ‖A ⟨k + 1, ⋯⟩ ⟨n - 1, ⋯⟩‖ ≤ c →
            T ≤ M' →
              sorry + c ≤ M' →
                T + sorry + c ≤ T' →
                  T + 2 * c ≤ T' →
                    ‖S (k + 1) ⟨k + 1, ⋯⟩ ⟨n - 1, ⋯⟩‖ ≤ M' ∧
                      ‖S (k + 1) ⟨n - 1, ⋯⟩ ⟨n - 1, ⋯⟩‖ ≤ M' ∧
                        ‖S (k + 1) ⟨k + 1, ⋯⟩ ⟨n - 1, ⋯⟩‖ + ‖S (k + 1) ⟨n - 1, ⋯⟩ ⟨n - 1, ⋯⟩‖ ≤ T'
⊢ ‖S (k + 1) ⟨k + 1, ⋯⟩ ⟨n - 1, ⋯⟩‖ ≤ fibR (k + 1 + 2) * entryMax A ∧
    ‖S (k + 1) ⟨n - 1, ⋯⟩ ⟨n - 1, ⋯⟩‖ ≤ fibR (k + 1 + 2) * entryMax A ∧
      ‖S (k + 1) ⟨k + 1, ⋯⟩ ⟨n - 1, ⋯⟩‖ + ‖S (k + 1) ⟨n - 1, ⋯⟩ ⟨n - 1, ⋯⟩‖ ≤
        (fibR (k + 1 + 3) + if k + 1 + 2 = n then 1 else 0) * entryMax A
error: NLA/IE14/ColumnBounds.lean:40:14: unsolved goals
case neg
n : ℕ
hn : 4 ≤ n
A : Mat n
hA : IsCyclic A
S : ℕ → Mat n
r : Fin n → Fin n
hp : isPath A S r
k : ℕ
ih :
  k + 2 ≤ n →
    ‖S k ⟨k, ⋯⟩ ⟨n - 1, ⋯⟩‖ ≤ fibR (k + 2) * entryMax A ∧
      ‖S k ⟨n - 1, ⋯⟩ ⟨n - 1, ⋯⟩‖ ≤ fibR (k + 2) * entryMax A ∧
        ‖S k ⟨k, ⋯⟩ ⟨n - 1, ⋯⟩‖ + ‖S k ⟨n - 1, ⋯⟩ ⟨n - 1, ⋯⟩‖ ≤ (fibR (k + 3) + if k + 2 = n then 1 else 0) * entryMax A
hk : k + 1 + 2 ≤ n
h0 : ‖S k ⟨k, ⋯⟩ ⟨n - 1, ⋯⟩‖ ≤ fibR (k + 2) * entryMax A
hl : ‖S k ⟨n - 1, ⋯⟩ ⟨n - 1, ⋯⟩‖ ≤ fibR (k + 2) * entryMax A
hb : 0 ≤ entryMax A
hbefore : k + 2 ≠ n
hs : ‖S k ⟨k, ⋯⟩ ⟨n - 1, ⋯⟩‖ + ‖S k ⟨n - 1, ⋯⟩ ⟨n - 1, ⋯⟩‖ ≤ fibR (k + 3) * entryMax A
hrec : fibR (k + 2 + 2) = fibR (k + 2) + fibR (k + 2 + 1)
hrec1 : fibR (k + 1 + 2) = fibR (k + 1) + fibR (k + 1 + 1)
hmono : fibR (k + 2) ≤ fibR (k + 3)
he : ¬k + 3 = n
⊢ ‖S (k + 1) ⟨k + 1, ⋯⟩ ⟨n - 1, ⋯⟩‖ ≤ fibR (k + 1 + 2) * entryMax A ∧
    ‖S (k + 1) ⟨n - 1, ⋯⟩ ⟨n - 1, ⋯⟩‖ ≤ fibR (k + 1 + 2) * entryMax A ∧
      ‖S (k + 1) ⟨k + 1, ⋯⟩ ⟨n - 1, ⋯⟩‖ + ‖S (k + 1) ⟨n - 1, ⋯⟩ ⟨n - 1, ⋯⟩‖ ≤
        (fibR (k + 1 + 3) + if k + 1 + 2 = n then 1 else 0) * entryMax A
error: NLA/IE14/ColumnBounds.lean:71:15: omega could not prove the goal:
a possible counterexample may satisfy the constraints
  c ≥ 0
  b ≥ 0
  a ≥ 4
  a - b ≥ 3
  a - c ≤ 0
where
 a := ↑n
 b := ↑↑j
 c := ↑k
error: NLA/IE14/ColumnBounds.lean:73:15: omega could not prove the goal:
a possible counterexample may satisfy the constraints
  c ≥ 0
  b ≥ 0
  a ≥ 4
  a - b ≥ 3
  a - c ≤ 0
where
 a := ↑n
 b := ↑↑j
 c := ↑k
error: NLA/IE14/ColumnBounds.lean:86:63: `dsimp` made no progress
error: NLA/IE14/ColumnBounds.lean:87:24: `dsimp` made no progress
error: NLA/IE14/ColumnBounds.lean:87:24: `dsimp` made no progress
error: NLA/IE14/ColumnBounds.lean:89:4: unsolved goals
case pos.left
n : ℕ
hn : 4 ≤ n
A : Mat n
hA : IsCyclic A
S : ℕ → Mat n
r : Fin n → Fin n
hp : isPath A S r
j : Fin n
hj : ↑j + 2 < n
h0 : ‖A ⟨0, ⋯⟩ j‖ ≤ entryMax A
hl : ‖A ⟨n - 1, ⋯⟩ j‖ ≤ entryMax A
hb : 0 ≤ entryMax A
hk : True
hfar : ↑j ≤ 1
h✝ : 1 < ↑j
⊢ A ⟨0, ⋯⟩ j = 0

case pos.left
n : ℕ
hn : 4 ≤ n
A : Mat n
hA : IsCyclic A
S : ℕ → Mat n
r : Fin n → Fin n
hp : isPath A S r
j : Fin n
hj : ↑j + 2 < n
h0 : ‖A ⟨0, ⋯⟩ j‖ ≤ entryMax A
hl : ‖A ⟨n - 1, ⋯⟩ j‖ ≤ entryMax A
hb : 0 ≤ entryMax A
h✝¹ : 0 < ↑j
hk : True
hfar h✝ : ↑j ≤ 1
⊢ ‖A ⟨0, ⋯⟩ j‖ ≤ entryMax A

case neg.left
n : ℕ
hn : 4 ≤ n
A : Mat n
hA : IsCyclic A
S : ℕ → Mat n
r : Fin n → Fin n
hp : isPath A S r
j : Fin n
hj : ↑j + 2 < n
h0 : ‖A ⟨0, ⋯⟩ j‖ ≤ entryMax A
hl : ‖A ⟨n - 1, ⋯⟩ j‖ ≤ entryMax A
hb : 0 ≤ entryMax A
hk : True
hfar h✝¹ : ↑j ≤ 1
h✝ : ↑j = 0
⊢ ‖A ⟨0, ⋯⟩ j‖ ≤ 2 * entryMax A
error: Lean exited with code 1
Some required targets logged failures:
- NLA.IE14.ColumnBounds
error: build failed
