✖ [3081/3081] Building NLA.IE14.Upper (5.3s)
trace: .> LEAN_PATH=/Users/sholden/Projects/OpenProblemsInNLA/intervals-and-absolute-value-equations/IV-06/lean/.lake/packages/Cli/.lake/build/lib/lean:/Users/sholden/Projects/OpenProblemsInNLA/intervals-and-absolute-value-equations/IV-06/lean/.lake/packages/batteries/.lake/build/lib/lean:/Users/sholden/Projects/OpenProblemsInNLA/intervals-and-absolute-value-equations/IV-06/lean/.lake/packages/Qq/.lake/build/lib/lean:/Users/sholden/Projects/OpenProblemsInNLA/intervals-and-absolute-value-equations/IV-06/lean/.lake/packages/aesop/.lake/build/lib/lean:/Users/sholden/Projects/OpenProblemsInNLA/intervals-and-absolute-value-equations/IV-06/lean/.lake/packages/proofwidgets/.lake/build/lib/lean:/Users/sholden/Projects/OpenProblemsInNLA/intervals-and-absolute-value-equations/IV-06/lean/.lake/packages/importGraph/.lake/build/lib/lean:/Users/sholden/Projects/OpenProblemsInNLA/intervals-and-absolute-value-equations/IV-06/lean/.lake/packages/LeanSearchClient/.lake/build/lib/lean:/Users/sholden/Projects/OpenProblemsInNLA/intervals-and-absolute-value-equations/IV-06/lean/.lake/packages/plausible/.lake/build/lib/lean:/Users/sholden/Projects/OpenProblemsInNLA/intervals-and-absolute-value-equations/IV-06/lean/.lake/packages/mathlib/.lake/build/lib/lean:/Users/sholden/Projects/OpenProblemsInNLA/intervals-and-absolute-value-equations/IV-06/lean/.lake/packages/leancert/.lake/build/lib/lean:/private/tmp/nla-20260922-ie14/linear-systems-and-elimination/IE-14/lean/.lake/build/lib/lean /private/tmp/nla-20260922-runtime/lean-4.33.1-darwin_aarch64/bin/lean /private/tmp/nla-20260922-ie14/linear-systems-and-elimination/IE-14/lean/NLA/IE14/Upper.lean -o /private/tmp/nla-20260922-ie14/linear-systems-and-elimination/IE-14/lean/.lake/build/lib/lean/NLA/IE14/Upper.olean -i /private/tmp/nla-20260922-ie14/linear-systems-and-elimination/IE-14/lean/.lake/build/lib/lean/NLA/IE14/Upper.ilean -c /private/tmp/nla-20260922-ie14/linear-systems-and-elimination/IE-14/lean/.lake/build/ir/NLA/IE14/Upper.c --setup /private/tmp/nla-20260922-ie14/linear-systems-and-elimination/IE-14/lean/.lake/build/ir/NLA/IE14/Upper.setup.json --json
error: NLA/IE14/Upper.lean:23:48: omega could not prove the goal:
a possible counterexample may satisfy the constraints
  c ≥ 0
  b ≥ 3
  b - c ≥ 1
  a ≥ 0
  a - b ≤ -1
where
 a := ↑k
 b := ↑↑j
 c := ↑↑⟨n - 1, ⋯⟩
error: NLA/IE14/Upper.lean:24:4: Tactic `subst` failed: did not find equation for eliminating 'j'

case pos
n : ℕ
hn : 4 ≤ n
A : Mat n
hA : IsCyclic A
S : ℕ → Mat n
r : Fin n → Fin n
hp : isPath A S r
k : ℕ
hk : k + 2 ≤ n
j : Fin n
hj : k ≤ ↑j
hb : 0 ≤ entryMax A
hc : 2 ≤ sharpGrowth n
hjlast : ↑j + 1 = n
ej : j = ⟨n - 1, ⋯⟩
⊢ ‖S k ⟨k, ⋯⟩ j‖ ≤ sharpGrowth n * entryMax A ∧ ‖S k ⟨n - 1, ⋯⟩ j‖ ≤ sharpGrowth n * entryMax A
error: NLA/IE14/Upper.lean:94:64: omega could not prove the goal:
a possible counterexample may satisfy the constraints
  b ≥ 0
  a ≥ 3
  a - b ≥ 1
where
 a := ↑(n - 1)
 b := ↑↑⟨n - 1, ⋯⟩
error: NLA/IE14/Upper.lean:96:14: Tactic `rewrite` failed: motive is not type correct:
  fun _a => ‖S (n - 1) ⟨n - 1, ⋯⟩ _a‖ ≤ sharpGrowth n * entryMax A
Error: Application type mismatch: The argument
  hzero
has type
  ¬(i < k ∨ j < k)
but is expected to have type
  ¬(i < k ∨ _a < k)
in the application
  path_all_entries_bound._proof_1_5 k i _a hzero

Explanation: The rewrite tactic rewrites an expression 'e' using an equality 'a = b' by the following process. First, it looks for all 'a' in 'e'. Second, it tries to abstract these occurrences of 'a' to create a function 'm := fun _a => ...', called the *motive*, with the property that 'm a' is definitionally equal to 'e'. Third, we observe that 'congrArg' implies that 'm a = m b', which can be used with lemmas such as 'Eq.mpr' to change the goal. However, if 'e' depends on specific properties of 'a', then the motive 'm' might not typecheck.

Possible solutions: use rewrite's 'occs' configuration option to limit which occurrences are rewritten, or use 'simp' or 'conv' mode, which have strategies for certain kinds of dependencies (these tactics can handle proofs and 'Decidable' instances whose types depend on the rewritten term, and 'simp' can apply user-defined '@[congr]' theorems as well).

case pos
n : ℕ
hn : 4 ≤ n
A : Mat n
hA : IsCyclic A
S : ℕ → Mat n
r : Fin n → Fin n
hp : isPath A S r
k i j : Fin n
hb : 0 ≤ entryMax A
hc : 2 ≤ sharpGrowth n
hzero : ¬(i < k ∨ j < k)
hi : ↑k ≤ ↑i
hj : ↑k ≤ ↑j
hfinal : ↑k + 1 = n
ek : ↑k = n - 1
ei : i = ⟨n - 1, ⋯⟩
ej : j = ⟨n - 1, ⋯⟩
⊢ ‖S (n - 1) ⟨n - 1, ⋯⟩ j‖ ≤ sharpGrowth n * entryMax A

Note: The target expression is not type-correct under the `implicit` transparency level, which may have triggered the failure. This is usually caused by unfolding of semireducible definitions in prior tactic steps. Use `set_option linter.tacticCheckInstances true` to investigate the source of the issue.
Full error:
  function expected
    S (n - 1) ⟨n - 1, ⋯⟩
error: NLA/IE14/Upper.lean:103:48: omega could not prove the goal:
a possible counterexample may satisfy the constraints
  d ≥ 0
  c ≥ 0
  b ≥ 0
  b - c ≤ 0
  a ≥ 3
  a - b ≥ 1
  a - c ≥ 0
  a - d ≥ 1
where
 a := ↑↑i
 b := ↑↑k
 c := ↑↑j
 d := ↑↑⟨n - 1, ⋯⟩
error: NLA/IE14/Upper.lean:120:33: Unknown constant `kernel`
error: Lean exited with code 1
Some required targets logged failures:
- NLA.IE14.Upper
error: build failed
