⚠ [3078/3078] Built NLA.IE14.WitnessInput (5.2s)
warning: NLA/IE14/WitnessInput.lean:58:14: This simp argument is unused:
  h0

Hint: Omit it from the simp argument list.
  [apply] simp [g, h1, factorRow, hn0, hnn, show 1 < n by omega]

Note: This linter can be disabled with `set_option linter.unusedSimpArgs false`
warning: NLA/IE14/WitnessInput.lean:90:30: Used `tac1 <;> tac2` where `(tac1; tac2)` would suffice

Note: This linter can be disabled with `set_option linter.unnecessarySeqFocus false`
warning: NLA/IE14/WitnessInput.lean:102:38: Variable name `hn` is not explicitly referenced.

Hint: The binding can be removed (if unused) or named `_` (if used implicitly). Alternatively, prefix the name with `_` to silence this warning:
  [apply] _hn

Note: This linter can be disabled with `set_option linter.unusedVariables false`
warning: NLA/IE14/WitnessInput.lean:130:28: This simp argument is unused:
  he0

Hint: Omit it from the simp argument list.
  [apply] simp [h0, h1, h2, h3, hi1, hi2, he1, he2, show i.val - 1 ≠ 0 by omega, show i.val - 1 ≠ 1 by omega,
    show i.val - 2 ≠ 0 by omega, show i.val - 2 ≠ 1 by omega]

Note: This linter can be disabled with `set_option linter.unusedSimpArgs false`
warning: NLA/IE14/WitnessInput.lean:130:32: This simp argument is unused:
  he1

Hint: Omit it from the simp argument list.
  [apply] simp [h0, h1, h2, h3, hi1, hi2, he0, he2, show i.val - 1 ≠ 0 by omega, show i.val - 1 ≠ 1 by omega,
    show i.val - 2 ≠ 0 by omega, show i.val - 2 ≠ 1 by omega]

Note: This linter can be disabled with `set_option linter.unusedSimpArgs false`
warning: NLA/IE14/WitnessInput.lean:130:36: This simp argument is unused:
  he2

Hint: Omit it from the simp argument list.
  [apply] simp [h0, h1, h2, h3, hi1, hi2, he0, he1, show i.val - 1 ≠ 0 by omega, show i.val - 1 ≠ 1 by omega,
    show i.val - 2 ≠ 0 by omega, show i.val - 2 ≠ 1 by omega]

Note: This linter can be disabled with `set_option linter.unusedSimpArgs false`
warning: NLA/IE14/WitnessInput.lean:147:38: This simp argument is unused:
  if_pos

Hint: Omit it from the simp argument list.
  [apply] simp only [hi1, hi2, hm1, hm2, if_false, Fin.val_mk, e1, e2, h0, h1, false_or]

Note: This linter can be disabled with `set_option linter.unusedSimpArgs false`
warning: NLA/IE14/WitnessInput.lean:147:45: This simp argument is unused:
  Fin.val_mk

Hint: Omit it from the simp argument list.
  [apply] simp only [hi1, hi2, hm1, hm2, if_false, if_pos, e1, e2, h0, h1, false_or]

Note: This linter can be disabled with `set_option linter.unusedSimpArgs false`
Build completed successfully (3078 jobs).
