theorem NLA.MI21.witness_eigenvalue_gt_one : @LT.lt Real Real.instLT
  (@OfNat.ofNat Real (nat_lit 1) (@One.toOfNat1 Real Real.instOne)) NLA.MI21.witnessEigenvalue :=
@id
  (@LT.lt Real Real.instLT (@OfNat.ofNat Real (nat_lit 1) (@One.toOfNat1 Real Real.instOne)) NLA.MI21.witnessEigenvalue)
  (have h0 :=
    LeanCert.Validity.verify_strict_upper_bound_dyadic_checked
      (LeanCert.Core.Expr.const
        (Rat.divInt (@OfNat.ofNat Int (nat_lit 1) (@instOfNat (nat_lit 1)))
          (@OfNat.ofNat Int (nat_lit 1) (@instOfNat (nat_lit 1)))))
      (Rat.divInt (@OfNat.ofNat Int (nat_lit 0) (@instOfNat (nat_lit 0)))
        (@OfNat.ofNat Int (nat_lit 1) (@instOfNat (nat_lit 1))))
      (Rat.divInt (@OfNat.ofNat Int (nat_lit 0) (@instOfNat (nat_lit 0)))
        (@OfNat.ofNat Int (nat_lit 1) (@instOfNat (nat_lit 1))))
      (@le_refl Rat Rat.instPreorder
        (Rat.divInt (@OfNat.ofNat Int (nat_lit 0) (@instOfNat (nat_lit 0)))
          (@OfNat.ofNat Int (nat_lit 1) (@instOfNat (nat_lit 1)))))
      (Rat.divInt (@OfNat.ofNat Int (nat_lit 1351000) (@instOfNat (nat_lit 1351000)))
        (@OfNat.ofNat Int (nat_lit 1350907) (@instOfNat (nat_lit 1350907))))
      (@Neg.neg Int Int.instNegInt (@OfNat.ofNat Int (nat_lit 53) (@instOfNat (nat_lit 53))))
      (@OfNat.ofNat Nat (nat_lit 10) (instOfNatNat (nat_lit 10)))
      (@of_decide_eq_true
        (@LE.le Int Int.instLEInt
          (@Neg.neg Int Int.instNegInt (@OfNat.ofNat Int (nat_lit 53) (@instOfNat (nat_lit 53))))
          (@OfNat.ofNat Int (nat_lit 0) (@instOfNat (nat_lit 0))))
        ((@Neg.neg Int Int.instNegInt (@OfNat.ofNat Int (nat_lit 53) (@instOfNat (nat_lit 53)))).decLe
          (@OfNat.ofNat Int (nat_lit 0) (@instOfNat (nat_lit 0))))
        (@id
          (@Eq Bool
            (@decide
              (@LE.le Int Int.instLEInt
                (@Neg.neg Int Int.instNegInt (@OfNat.ofNat Int (nat_lit 53) (@instOfNat (nat_lit 53))))
                (@OfNat.ofNat Int (nat_lit 0) (@instOfNat (nat_lit 0))))
              ((@Neg.neg Int Int.instNegInt (@OfNat.ofNat Int (nat_lit 53) (@instOfNat (nat_lit 53)))).decLe
                (@OfNat.ofNat Int (nat_lit 0) (@instOfNat (nat_lit 0)))))
            true)
          (@Eq.refl Bool true)))
      NLA.MI21.witness_eigenvalue_gt_one._proof_1_7
      (@Rat.cast Real Real.instRatCast
        (Rat.divInt (@OfNat.ofNat Int (nat_lit 0) (@instOfNat (nat_lit 0)))
          (@OfNat.ofNat Int (nat_lit 1) (@instOfNat (nat_lit 1)))))
      (@And.intro
        (@LE.le Real (@Preorder.toLE Real Real.instPreorder)
          (@Rat.cast Real Real.instRatCast
            (Rat.divInt (@OfNat.ofNat Int (nat_lit 0) (@instOfNat (nat_lit 0)))
              (@OfNat.ofNat Int (nat_lit 1) (@instOfNat (nat_lit 1)))))
          (@Rat.cast Real Real.instRatCast
            (Rat.divInt (@OfNat.ofNat Int (nat_lit 0) (@instOfNat (nat_lit 0)))
              (@OfNat.ofNat Int (nat_lit 1) (@instOfNat (nat_lit 1))))))
        (@LE.le Real (@Preorder.toLE Real Real.instPreorder)
          (@Rat.cast Real Real.instRatCast
            (Rat.divInt (@OfNat.ofNat Int (nat_lit 0) (@instOfNat (nat_lit 0)))
              (@OfNat.ofNat Int (nat_lit 1) (@instOfNat (nat_lit 1)))))
          (@Rat.cast Real Real.instRatCast
            (Rat.divInt (@OfNat.ofNat Int (nat_lit 0) (@instOfNat (nat_lit 0)))
              (@OfNat.ofNat Int (nat_lit 1) (@instOfNat (nat_lit 1))))))
        (@le_refl Real Real.instPreorder
          (@Rat.cast Real Real.instRatCast
            (Rat.divInt (@OfNat.ofNat Int (nat_lit 0) (@instOfNat (nat_lit 0)))
              (@OfNat.ofNat Int (nat_lit 1) (@instOfNat (nat_lit 1))))))
        (@le_refl Real Real.instPreorder
          (@Rat.cast Real Real.instRatCast
            (Rat.divInt (@OfNat.ofNat Int (nat_lit 0) (@instOfNat (nat_lit 0)))
              (@OfNat.ofNat Int (nat_lit 1) (@instOfNat (nat_lit 1)))))));
  @Eq.mpr
    (@LT.lt Real Real.instLT (@OfNat.ofNat Real (nat_lit 1) (@One.toOfNat1 Real Real.instOne))
      (@HDiv.hDiv Real Real Real (@instHDiv Real (@DivInvMonoid.toDiv Real Real.instDivInvMonoid))
        (@OfNat.ofNat Real (nat_lit 1351000)
          (@instOfNatAtLeastTwo Real (nat_lit 1351000) Real.instNatCast NLA.MI21.witnessEigenvalue._proof_1))
        (@OfNat.ofNat Real (nat_lit 1350907)
          (@instOfNatAtLeastTwo Real (nat_lit 1350907) Real.instNatCast NLA.MI21.witnessEigenvalue._proof_2))))
    (@LT.lt Real Real.instLT
      (@Rat.cast Real Real.instRatCast
        (@HDiv.hDiv Rat Rat Rat (@instHDiv Rat Rat.instDiv)
          (@Int.cast Rat Rat.instIntCast (@OfNat.ofNat Int (nat_lit 1) (@instOfNat (nat_lit 1))))
          (@Int.cast Rat Rat.instIntCast (@OfNat.ofNat Int (nat_lit 1) (@instOfNat (nat_lit 1))))))
      (@Rat.cast Real Real.instRatCast
        (@HDiv.hDiv Rat Rat Rat (@instHDiv Rat Rat.instDiv)
          (@Int.cast Rat Rat.instIntCast (@OfNat.ofNat Int (nat_lit 1351000) (@instOfNat (nat_lit 1351000))))
          (@Int.cast Rat Rat.instIntCast (@OfNat.ofNat Int (nat_lit 1350907) (@instOfNat (nat_lit 1350907)))))))
    (@eq_of_heq Prop
      (@LT.lt Real Real.instLT (@OfNat.ofNat Real (nat_lit 1) (@One.toOfNat1 Real Real.instOne))
        (@HDiv.hDiv Real Real Real (@instHDiv Real (@DivInvMonoid.toDiv Real Real.instDivInvMonoid))
          (@OfNat.ofNat Real (nat_lit 1351000)
            (@instOfNatAtLeastTwo Real (nat_lit 1351000) Real.instNatCast NLA.MI21.witnessEigenvalue._proof_1))
          (@OfNat.ofNat Real (nat_lit 1350907)
            (@instOfNatAtLeastTwo Real (nat_lit 1350907) Real.instNatCast NLA.MI21.witnessEigenvalue._proof_2))))
      (@LT.lt Real Real.instLT
        (@Rat.cast Real Real.instRatCast
          (@HDiv.hDiv Rat Rat Rat (@instHDiv Rat Rat.instDiv)
            (@Int.cast Rat Rat.instIntCast (@OfNat.ofNat Int (nat_lit 1) (@instOfNat (nat_lit 1))))
            (@Int.cast Rat Rat.instIntCast (@OfNat.ofNat Int (nat_lit 1) (@instOfNat (nat_lit 1))))))
        (@Rat.cast Real Real.instRatCast
          (@HDiv.hDiv Rat Rat Rat (@instHDiv Rat Rat.instDiv)
            (@Int.cast Rat Rat.instIntCast (@OfNat.ofNat Int (nat_lit 1351000) (@instOfNat (nat_lit 1351000))))
            (@Int.cast Rat Rat.instIntCast (@OfNat.ofNat Int (nat_lit 1350907) (@instOfNat (nat_lit 1350907)))))))
      ((fun α self a a' e'_3 a_1 a'_1 e'_4 =>
          @Eq.casesOn α a
            (fun a_2 x =>
              @Eq α a' a_2 →
                @HEq (@Eq α a a') e'_3 (@Eq α a a_2) x → @HEq Prop (@LT.lt α self a a_1) Prop (@LT.lt α self a' a'_1))
            a' e'_3
            (fun h =>
              @Eq.ndrec α a
                (fun a' =>
                  ∀ (e_3 : @Eq α a a'),
                    @HEq (@Eq α a a') e_3 (@Eq α a a) (@Eq.refl α a) →
                      @HEq Prop (@LT.lt α self a a_1) Prop (@LT.lt α self a' a'_1))
                (fun e_3 h =>
                  @Eq.casesOn α a_1
                    (fun a_2 x =>
                      @Eq α a'_1 a_2 →
                        @HEq (@Eq α a_1 a'_1) e'_4 (@Eq α a_1 a_2) x →
                          @HEq Prop (@LT.lt α self a a_1) Prop (@LT.lt α self a a'_1))
                    a'_1 e'_4
                    (fun h =>
                      @Eq.ndrec α a_1
                        (fun a' =>
                          ∀ (e_4 : @Eq α a_1 a'),
                            @HEq (@Eq α a_1 a') e_4 (@Eq α a_1 a_1) (@Eq.refl α a_1) →
                              @HEq Prop (@LT.lt α self a a_1) Prop (@LT.lt α self a a'))
                        (fun e_4 h => @HEq.refl Prop (@LT.lt α self a a_1)) a'_1 (@Eq.symm α a'_1 a_1 h) e'_4)
                    (@Eq.refl α a'_1) (@HEq.refl (@Eq α a_1 a'_1) e'_4))
                a' (@Eq.symm α a' a h) e'_3)
            (@Eq.refl α a') (@HEq.refl (@Eq α a a') e'_3))
        Real Real.instLT (@OfNat.ofNat Real (nat_lit 1) (@One.toOfNat1 Real Real.instOne))
        (@Rat.cast Real Real.instRatCast
          (@HDiv.hDiv Rat Rat Rat (@instHDiv Rat Rat.instDiv)
            (@Int.cast Rat Rat.instIntCast (@OfNat.ofNat Int (nat_lit 1) (@instOfNat (nat_lit 1))))
            (@Int.cast Rat Rat.instIntCast (@OfNat.ofNat Int (nat_lit 1) (@instOfNat (nat_lit 1))))))
        (@Mathlib.Meta.NormNum.isNat_eq_true Real
          (@AddGroupWithOne.toAddMonoidWithOne Real (@Ring.toAddGroupWithOne Real Real.instRing))
          (@OfNat.ofNat Real (nat_lit 1) (@One.toOfNat1 Real Real.instOne))
          (@Rat.cast Real Real.instRatCast
            (@HDiv.hDiv Rat Rat Rat (@instHDiv Rat Rat.instDiv)
              (@Int.cast Rat Rat.instIntCast (@OfNat.ofNat Int (nat_lit 1) (@instOfNat (nat_lit 1))))
              (@Int.cast Rat Rat.instIntCast (@OfNat.ofNat Int (nat_lit 1) (@instOfNat (nat_lit 1))))))
          (nat_lit 1)
          (@Mathlib.Meta.NormNum.isNat_ofNat Real
            (@AddGroupWithOne.toAddMonoidWithOne Real (@Ring.toAddGroupWithOne Real Real.instRing))
            (@OfNat.ofNat Real (nat_lit 1) (@One.toOfNat1 Real Real.instOne)) (nat_lit 1)
            (@Nat.cast_one Real
              (@AddGroupWithOne.toAddMonoidWithOne Real (@Ring.toAddGroupWithOne Real Real.instRing))))
          (@Mathlib.Meta.NormNum.isNat_ratCast Real Real.instDivisionRing
            (@HDiv.hDiv Rat Rat Rat (@instHDiv Rat Rat.instDiv)
              (@Int.cast Rat Rat.instIntCast (@OfNat.ofNat Int (nat_lit 1) (@instOfNat (nat_lit 1))))
              (@Int.cast Rat Rat.instIntCast (@OfNat.ofNat Int (nat_lit 1) (@instOfNat (nat_lit 1)))))
            (nat_lit 1)
            (@Mathlib.Meta.NormNum.IsNNRat.to_isNat Rat
              (@DivisionSemiring.toSemiring Rat
                (@Semifield.toDivisionSemiring Rat (@Field.toSemifield Rat Rat.instField)))
              (@HDiv.hDiv Rat Rat Rat (@instHDiv Rat Rat.instDiv)
                (@Int.cast Rat Rat.instIntCast (@OfNat.ofNat Int (nat_lit 1) (@instOfNat (nat_lit 1))))
                (@Int.cast Rat Rat.instIntCast (@OfNat.ofNat Int (nat_lit 1) (@instOfNat (nat_lit 1)))))
              (nat_lit 1)
              (@Mathlib.Meta.NormNum.isNNRat_div Rat
                (@Semifield.toDivisionSemiring Rat (@Field.toSemifield Rat Rat.instField))
                (@Int.cast Rat Rat.instIntCast (@OfNat.ofNat Int (nat_lit 1) (@instOfNat (nat_lit 1))))
                (@Int.cast Rat Rat.instIntCast (@OfNat.ofNat Int (nat_lit 1) (@instOfNat (nat_lit 1)))) (nat_lit 1)
                (nat_lit 1)
                (@Mathlib.Meta.NormNum.IsNat.to_isNNRat Rat
                  (@DivisionSemiring.toSemiring Rat
                    (@Semifield.toDivisionSemiring Rat (@Field.toSemifield Rat Rat.instField)))
                  (@HMul.hMul Rat Rat Rat
                    (@instHMul Rat
                      (@Distrib.toMul Rat
                        (@instDistribOfSemiring Rat
                          (@DivisionSemiring.toSemiring Rat
                            (@Semifield.toDivisionSemiring Rat (@Field.toSemifield Rat Rat.instField))))))
                    (@Int.cast Rat Rat.instIntCast (@OfNat.ofNat Int (nat_lit 1) (@instOfNat (nat_lit 1))))
                    (@Inv.inv Rat
                      (@InvOneClass.toInv Rat
                        (@DivInvOneMonoid.toInvOneClass Rat
                          (@DivisionMonoid.toDivInvOneMonoid Rat
                            (@GroupWithZero.toDivisionMonoid Rat
                              (@DivisionSemiring.toGroupWithZero Rat
                                (@Semifield.toDivisionSemiring Rat (@Field.toSemifield Rat Rat.instField)))))))
                      (@Int.cast Rat Rat.instIntCast (@OfNat.ofNat Int (nat_lit 1) (@instOfNat (nat_lit 1))))))
                  (nat_lit 1)
                  (@Mathlib.Meta.NormNum.isNat_mul Rat Rat.semiring
                    (@HMul.hMul Rat Rat Rat
                      (@instHMul Rat (@Distrib.toMul Rat (@instDistribOfSemiring Rat Rat.semiring))))
                    (@Int.cast Rat Rat.instIntCast (@OfNat.ofNat Int (nat_lit 1) (@instOfNat (nat_lit 1))))
                    (@Inv.inv Rat
                      (@InvOneClass.toInv Rat
                        (@DivInvOneMonoid.toInvOneClass Rat
                          (@DivisionMonoid.toDivInvOneMonoid Rat
                            (@GroupWithZero.toDivisionMonoid Rat
                              (@DivisionSemiring.toGroupWithZero Rat
                                (@Semifield.toDivisionSemiring Rat (@Field.toSemifield Rat Rat.instField)))))))
                      (@Int.cast Rat Rat.instIntCast (@OfNat.ofNat Int (nat_lit 1) (@instOfNat (nat_lit 1)))))
                    (nat_lit 1) (nat_lit 1) (nat_lit 1)
                    (@Eq.refl (Rat → Rat → Rat)
                      (@HMul.hMul Rat Rat Rat
                        (@instHMul Rat (@Distrib.toMul Rat (@instDistribOfSemiring Rat Rat.semiring)))))
                    (@Mathlib.Meta.NormNum.isNat_intCast Rat (@DivisionRing.toRing Rat Rat.instDivisionRing)
                      (@OfNat.ofNat Int (nat_lit 1) (@instOfNat (nat_lit 1))) (nat_lit 1)
                      (@Mathlib.Meta.NormNum.isNat_ofNat Int
                        (@AddGroupWithOne.toAddMonoidWithOne Int (@Ring.toAddGroupWithOne Int Int.instRing))
                        (@OfNat.ofNat Int (nat_lit 1) (@instOfNat (nat_lit 1))) (nat_lit 1)
                        (@Eq.refl Int (@OfNat.ofNat Int (nat_lit 1) (@instOfNat (nat_lit 1))))))
                    (@Mathlib.Meta.NormNum.IsNNRat.to_isNat Rat
                      (@DivisionSemiring.toSemiring Rat
                        (@Semifield.toDivisionSemiring Rat (@Field.toSemifield Rat Rat.instField)))
                      (@Inv.inv Rat
                        (@InvOneClass.toInv Rat
                          (@DivInvOneMonoid.toInvOneClass Rat
                            (@DivisionMonoid.toDivInvOneMonoid Rat
                              (@GroupWithZero.toDivisionMonoid Rat
                                (@DivisionSemiring.toGroupWithZero Rat
                                  (@Semifield.toDivisionSemiring Rat (@Field.toSemifield Rat Rat.instField)))))))
                        (@Int.cast Rat Rat.instIntCast (@OfNat.ofNat Int (nat_lit 1) (@instOfNat (nat_lit 1)))))
                      (nat_lit 1)
                      (@Mathlib.Meta.NormNum.isNNRat_inv_pos Rat
                        (@Semifield.toDivisionSemiring Rat (@Field.toSemifield Rat Rat.instField)) Rat.instCharZero
                        (@Int.cast Rat Rat.instIntCast (@OfNat.ofNat Int (nat_lit 1) (@instOfNat (nat_lit 1))))
                        (nat_lit 0) (nat_lit 1)
                        (@Mathlib.Meta.NormNum.IsNat.to_isNNRat Rat
                          (@DivisionSemiring.toSemiring Rat
                            (@Semifield.toDivisionSemiring Rat (@Field.toSemifield Rat Rat.instField)))
                          (@Int.cast Rat Rat.instIntCast (@OfNat.ofNat Int (nat_lit 1) (@instOfNat (nat_lit 1))))
                          (nat_lit 1)
                          (@Mathlib.Meta.NormNum.isNat_intCast Rat (@DivisionRing.toRing Rat Rat.instDivisionRing)
                            (@OfNat.ofNat Int (nat_lit 1) (@instOfNat (nat_lit 1))) (nat_lit 1)
                            (@Mathlib.Meta.NormNum.isNat_ofNat Int
                              (@AddGroupWithOne.toAddMonoidWithOne Int (@Ring.toAddGroupWithOne Int Int.instRing))
                              (@OfNat.ofNat Int (nat_lit 1) (@instOfNat (nat_lit 1))) (nat_lit 1)
                              (@Eq.refl Int (@OfNat.ofNat Int (nat_lit 1) (@instOfNat (nat_lit 1)))))))))
                    (@Eq.refl Nat (nat_lit 1))))))))
        (@HDiv.hDiv Real Real Real (@instHDiv Real (@DivInvMonoid.toDiv Real Real.instDivInvMonoid))
          (@OfNat.ofNat Real (nat_lit 1351000)
            (@instOfNatAtLeastTwo Real (nat_lit 1351000) Real.instNatCast NLA.MI21.witnessEigenvalue._proof_1))
          (@OfNat.ofNat Real (nat_lit 1350907)
            (@instOfNatAtLeastTwo Real (nat_lit 1350907) Real.instNatCast NLA.MI21.witnessEigenvalue._proof_2)))
        (@Rat.cast Real Real.instRatCast
          (@HDiv.hDiv Rat Rat Rat (@instHDiv Rat Rat.instDiv)
            (@Int.cast Rat Rat.instIntCast (@OfNat.ofNat Int (nat_lit 1351000) (@instOfNat (nat_lit 1351000))))
            (@Int.cast Rat Rat.instIntCast (@OfNat.ofNat Int (nat_lit 1350907) (@instOfNat (nat_lit 1350907))))))
        (@Mathlib.Meta.NormNum.isNNRat_eq_true Real
          (@DivisionSemiring.toSemiring Real
            (@Semifield.toDivisionSemiring Real (@Field.toSemifield Real Real.instField)))
          (@HDiv.hDiv Real Real Real (@instHDiv Real (@DivInvMonoid.toDiv Real Real.instDivInvMonoid))
            (@OfNat.ofNat Real (nat_lit 1351000)
              (@instOfNatAtLeastTwo Real (nat_lit 1351000) Real.instNatCast NLA.MI21.witnessEigenvalue._proof_1))
            (@OfNat.ofNat Real (nat_lit 1350907)
              (@instOfNatAtLeastTwo Real (nat_lit 1350907) Real.instNatCast NLA.MI21.witnessEigenvalue._proof_2)))
          (@Rat.cast Real Real.instRatCast
            (@HDiv.hDiv Rat Rat Rat (@instHDiv Rat Rat.instDiv)
              (@Int.cast Rat Rat.instIntCast (@OfNat.ofNat Int (nat_lit 1351000) (@instOfNat (nat_lit 1351000))))
              (@Int.cast Rat Rat.instIntCast (@OfNat.ofNat Int (nat_lit 1350907) (@instOfNat (nat_lit 1350907))))))
          (nat_lit 1351000) (nat_lit 1350907)
          (@Mathlib.Meta.NormNum.isNNRat_div Real
            (@Semifield.toDivisionSemiring Real (@Field.toSemifield Real Real.instField))
            (@OfNat.ofNat Real (nat_lit 1351000)
              (@instOfNatAtLeastTwo Real (nat_lit 1351000) Real.instNatCast NLA.MI21.witnessEigenvalue._proof_1))
            (@OfNat.ofNat Real (nat_lit 1350907)
              (@instOfNatAtLeastTwo Real (nat_lit 1350907) Real.instNatCast NLA.MI21.witnessEigenvalue._proof_2))
            (nat_lit 1351000) (nat_lit 1350907)
            (@Mathlib.Meta.NormNum.isNNRat_mul Real
              (@DivisionSemiring.toSemiring Real
                (@Semifield.toDivisionSemiring Real (@Field.toSemifield Real Real.instField)))
              (@HMul.hMul Real Real Real
                (@instHMul Real (@Distrib.toMul Real (@instDistribOfSemiring Real Real.semiring))))
              (@OfNat.ofNat Real (nat_lit 1351000)
                (@instOfNatAtLeastTwo Real (nat_lit 1351000) Real.instNatCast NLA.MI21.witnessEigenvalue._proof_1))
              (@Inv.inv Real
                (@InvOneClass.toInv Real
                  (@DivInvOneMonoid.toInvOneClass Real
                    (@DivisionMonoid.toDivInvOneMonoid Real
                      (@GroupWithZero.toDivisionMonoid Real
                        (@DivisionSemiring.toGroupWithZero Real
                          (@Semifield.toDivisionSemiring Real (@Field.toSemifield Real Real.instField)))))))
                (@OfNat.ofNat Real (nat_lit 1350907)
                  (@instOfNatAtLeastTwo Real (nat_lit 1350907) Real.instNatCast NLA.MI21.witnessEigenvalue._proof_2)))
              (nat_lit 1351000) (nat_lit 1) (nat_lit 1351000) (nat_lit 1) (nat_lit 1350907) (nat_lit 1350907)
              (nat_lit 1)
              (@Eq.refl (Real → Real → Real)
                (@HMul.hMul Real Real Real
                  (@instHMul Real (@Distrib.toMul Real (@instDistribOfSemiring Real Real.semiring)))))
              (@Mathlib.Meta.NormNum.IsNat.to_isNNRat Real
                (@DivisionSemiring.toSemiring Real
                  (@Semifield.toDivisionSemiring Real (@Field.toSemifield Real Real.instField)))
                (@OfNat.ofNat Real (nat_lit 1351000)
                  (@instOfNatAtLeastTwo Real (nat_lit 1351000) Real.instNatCast NLA.MI21.witnessEigenvalue._proof_1))
                (nat_lit 1351000)
                (@Mathlib.Meta.NormNum.isNat_ofNat Real
                  (@AddGroupWithOne.toAddMonoidWithOne Real (@Ring.toAddGroupWithOne Real Real.instRing))
                  (@OfNat.ofNat Real (nat_lit 1351000)
                    (@instOfNatAtLeastTwo Real (nat_lit 1351000) Real.instNatCast NLA.MI21.witnessEigenvalue._proof_1))
                  (nat_lit 1351000)
                  (@Eq.refl Real
                    (@OfNat.ofNat Real (nat_lit 1351000)
                      (@instOfNatAtLeastTwo Real (nat_lit 1351000)
                        (@AddMonoidWithOne.toNatCast Real
                          (@AddGroupWithOne.toAddMonoidWithOne Real (@Ring.toAddGroupWithOne Real Real.instRing)))
                        (Mathlib.Meta.NormNum.instAtLeastTwo (nat_lit 1350998)))))))
              (@Mathlib.Meta.NormNum.isNNRat_inv_pos Real
                (@Semifield.toDivisionSemiring Real (@Field.toSemifield Real Real.instField))
                (@FloorSemiring.instCharZero Real Real.semiring Real.partialOrder
                  (@FloorRing.toFloorSemiring Real Real.instRing Real.linearOrder Real.instFloorRing))
                (@OfNat.ofNat Real (nat_lit 1350907)
                  (@instOfNatAtLeastTwo Real (nat_lit 1350907) Real.instNatCast NLA.MI21.witnessEigenvalue._proof_2))
                (nat_lit 1350906) (nat_lit 1)
                (@Mathlib.Meta.NormNum.IsNat.to_isNNRat Real
                  (@DivisionSemiring.toSemiring Real
                    (@Semifield.toDivisionSemiring Real (@Field.toSemifield Real Real.instField)))
                  (@OfNat.ofNat Real (nat_lit 1350907)
                    (@instOfNatAtLeastTwo Real (nat_lit 1350907) Real.instNatCast NLA.MI21.witnessEigenvalue._proof_2))
                  (nat_lit 1350907)
                  (@Mathlib.Meta.NormNum.isNat_ofNat Real
                    (@AddGroupWithOne.toAddMonoidWithOne Real (@Ring.toAddGroupWithOne Real Real.instRing))
                    (@OfNat.ofNat Real (nat_lit 1350907)
                      (@instOfNatAtLeastTwo Real (nat_lit 1350907) Real.instNatCast
                        NLA.MI21.witnessEigenvalue._proof_2))
                    (nat_lit 1350907)
                    (@Eq.refl Real
                      (@OfNat.ofNat Real (nat_lit 1350907)
                        (@instOfNatAtLeastTwo Real (nat_lit 1350907)
                          (@AddMonoidWithOne.toNatCast Real
                            (@AddGroupWithOne.toAddMonoidWithOne Real (@Ring.toAddGroupWithOne Real Real.instRing)))
                          (Mathlib.Meta.NormNum.instAtLeastTwo (nat_lit 1350905))))))))
              (@Eq.refl Nat (Nat.mul (nat_lit 1351000) (nat_lit 1))) (@Eq.refl Nat (nat_lit 1350907))))
          (@Mathlib.Meta.NormNum.isNNRat_ratCast Real Real.instDivisionRing
            (@FloorSemiring.instCharZero Real (@Ring.toSemiring Real (@DivisionRing.toRing Real Real.instDivisionRing))
              Real.partialOrder (@FloorRing.toFloorSemiring Real Real.instRing Real.linearOrder Real.instFloorRing))
            (@HDiv.hDiv Rat Rat Rat (@instHDiv Rat Rat.instDiv)
              (@Int.cast Rat Rat.instIntCast (@OfNat.ofNat Int (nat_lit 1351000) (@instOfNat (nat_lit 1351000))))
              (@Int.cast Rat Rat.instIntCast (@OfNat.ofNat Int (nat_lit 1350907) (@instOfNat (nat_lit 1350907)))))
            (nat_lit 1351000) (nat_lit 1350907)
            (@Mathlib.Meta.NormNum.isNNRat_div Rat
              (@Semifield.toDivisionSemiring Rat (@Field.toSemifield Rat Rat.instField))
              (@Int.cast Rat Rat.instIntCast (@OfNat.ofNat Int (nat_lit 1351000) (@instOfNat (nat_lit 1351000))))
              (@Int.cast Rat Rat.instIntCast (@OfNat.ofNat Int (nat_lit 1350907) (@instOfNat (nat_lit 1350907))))
              (nat_lit 1351000) (nat_lit 1350907)
              (@Mathlib.Meta.NormNum.isNNRat_mul Rat
                (@DivisionSemiring.toSemiring Rat
                  (@Semifield.toDivisionSemiring Rat (@Field.toSemifield Rat Rat.instField)))
                (@HMul.hMul Rat Rat Rat (@instHMul Rat (@Distrib.toMul Rat (@instDistribOfSemiring Rat Rat.semiring))))
                (@Int.cast Rat Rat.instIntCast (@OfNat.ofNat Int (nat_lit 1351000) (@instOfNat (nat_lit 1351000))))
                (@Inv.inv Rat
                  (@InvOneClass.toInv Rat
                    (@DivInvOneMonoid.toInvOneClass Rat
                      (@DivisionMonoid.toDivInvOneMonoid Rat
                        (@GroupWithZero.toDivisionMonoid Rat
                          (@DivisionSemiring.toGroupWithZero Rat
                            (@Semifield.toDivisionSemiring Rat (@Field.toSemifield Rat Rat.instField)))))))
                  (@Int.cast Rat Rat.instIntCast (@OfNat.ofNat Int (nat_lit 1350907) (@instOfNat (nat_lit 1350907)))))
                (nat_lit 1351000) (nat_lit 1) (nat_lit 1351000) (nat_lit 1) (nat_lit 1350907) (nat_lit 1350907)
                (nat_lit 1)
                (@Eq.refl (Rat → Rat → Rat)
                  (@HMul.hMul Rat Rat Rat
                    (@instHMul Rat (@Distrib.toMul Rat (@instDistribOfSemiring Rat Rat.semiring)))))
                (@Mathlib.Meta.NormNum.IsNat.to_isNNRat Rat
                  (@DivisionSemiring.toSemiring Rat
                    (@Semifield.toDivisionSemiring Rat (@Field.toSemifield Rat Rat.instField)))
                  (@Int.cast Rat Rat.instIntCast (@OfNat.ofNat Int (nat_lit 1351000) (@instOfNat (nat_lit 1351000))))
                  (nat_lit 1351000)
                  (@Mathlib.Meta.NormNum.isNat_intCast Rat (@DivisionRing.toRing Rat Rat.instDivisionRing)
                    (@OfNat.ofNat Int (nat_lit 1351000) (@instOfNat (nat_lit 1351000))) (nat_lit 1351000)
                    (@Mathlib.Meta.NormNum.isNat_ofNat Int
                      (@AddGroupWithOne.toAddMonoidWithOne Int (@Ring.toAddGroupWithOne Int Int.instRing))
                      (@OfNat.ofNat Int (nat_lit 1351000) (@instOfNat (nat_lit 1351000))) (nat_lit 1351000)
                      (@Eq.refl Int (@OfNat.ofNat Int (nat_lit 1351000) (@instOfNat (nat_lit 1351000)))))))
                (@Mathlib.Meta.NormNum.isNNRat_inv_pos Rat
                  (@Semifield.toDivisionSemiring Rat (@Field.toSemifield Rat Rat.instField)) Rat.instCharZero
                  (@Int.cast Rat Rat.instIntCast (@OfNat.ofNat Int (nat_lit 1350907) (@instOfNat (nat_lit 1350907))))
                  (nat_lit 1350906) (nat_lit 1)
                  (@Mathlib.Meta.NormNum.IsNat.to_isNNRat Rat
                    (@DivisionSemiring.toSemiring Rat
                      (@Semifield.toDivisionSemiring Rat (@Field.toSemifield Rat Rat.instField)))
                    (@Int.cast Rat Rat.instIntCast (@OfNat.ofNat Int (nat_lit 1350907) (@instOfNat (nat_lit 1350907))))
                    (nat_lit 1350907)
                    (@Mathlib.Meta.NormNum.isNat_intCast Rat (@DivisionRing.toRing Rat Rat.instDivisionRing)
                      (@OfNat.ofNat Int (nat_lit 1350907) (@instOfNat (nat_lit 1350907))) (nat_lit 1350907)
                      (@Mathlib.Meta.NormNum.isNat_ofNat Int
                        (@AddGroupWithOne.toAddMonoidWithOne Int (@Ring.toAddGroupWithOne Int Int.instRing))
                        (@OfNat.ofNat Int (nat_lit 1350907) (@instOfNat (nat_lit 1350907))) (nat_lit 1350907)
                        (@Eq.refl Int (@OfNat.ofNat Int (nat_lit 1350907) (@instOfNat (nat_lit 1350907))))))))
                (@Eq.refl Nat (Nat.mul (nat_lit 1351000) (nat_lit 1))) (@Eq.refl Nat (nat_lit 1350907))))))))
    (@Eq.mp
      (@LT.lt Real Real.instLT
        (LeanCert.Core.Expr.eval
          (fun x =>
            @Rat.cast Real Real.instRatCast
              (Rat.divInt (@OfNat.ofNat Int (nat_lit 0) (@instOfNat (nat_lit 0)))
                (@OfNat.ofNat Int (nat_lit 1) (@instOfNat (nat_lit 1)))))
          (LeanCert.Core.Expr.const
            (Rat.divInt (@OfNat.ofNat Int (nat_lit 1) (@instOfNat (nat_lit 1)))
              (@OfNat.ofNat Int (nat_lit 1) (@instOfNat (nat_lit 1))))))
        (@Rat.cast Real Real.instRatCast
          (Rat.divInt (@OfNat.ofNat Int (nat_lit 1351000) (@instOfNat (nat_lit 1351000)))
            (@OfNat.ofNat Int (nat_lit 1350907) (@instOfNat (nat_lit 1350907))))))
      (@LT.lt Real Real.instLT
        (@Rat.cast Real Real.instRatCast
          (@HDiv.hDiv Rat Rat Rat (@instHDiv Rat Rat.instDiv)
            (@Int.cast Rat Rat.instIntCast (@OfNat.ofNat Int (nat_lit 1) (@instOfNat (nat_lit 1))))
            (@Int.cast Rat Rat.instIntCast (@OfNat.ofNat Int (nat_lit 1) (@instOfNat (nat_lit 1))))))
        (@Rat.cast Real Real.instRatCast
          (@HDiv.hDiv Rat Rat Rat (@instHDiv Rat Rat.instDiv)
            (@Int.cast Rat Rat.instIntCast (@OfNat.ofNat Int (nat_lit 1351000) (@instOfNat (nat_lit 1351000))))
            (@Int.cast Rat Rat.instIntCast (@OfNat.ofNat Int (nat_lit 1350907) (@instOfNat (nat_lit 1350907)))))))
      (@congr Real Prop
        (@LT.lt Real Real.instLT
          (LeanCert.Core.Expr.eval
            (fun x =>
              @Rat.cast Real Real.instRatCast
                (Rat.divInt (@OfNat.ofNat Int (nat_lit 0) (@instOfNat (nat_lit 0)))
                  (@OfNat.ofNat Int (nat_lit 1) (@instOfNat (nat_lit 1)))))
            (LeanCert.Core.Expr.const
              (Rat.divInt (@OfNat.ofNat Int (nat_lit 1) (@instOfNat (nat_lit 1)))
                (@OfNat.ofNat Int (nat_lit 1) (@instOfNat (nat_lit 1)))))))
        (@LT.lt Real Real.instLT
          (@Rat.cast Real Real.instRatCast
            (@HDiv.hDiv Rat Rat Rat (@instHDiv Rat Rat.instDiv)
              (@Int.cast Rat Rat.instIntCast (@OfNat.ofNat Int (nat_lit 1) (@instOfNat (nat_lit 1))))
              (@Int.cast Rat Rat.instIntCast (@OfNat.ofNat Int (nat_lit 1) (@instOfNat (nat_lit 1)))))))
        (@Rat.cast Real Real.instRatCast
          (Rat.divInt (@OfNat.ofNat Int (nat_lit 1351000) (@instOfNat (nat_lit 1351000)))
            (@OfNat.ofNat Int (nat_lit 1350907) (@instOfNat (nat_lit 1350907)))))
        (@Rat.cast Real Real.instRatCast
          (@HDiv.hDiv Rat Rat Rat (@instHDiv Rat Rat.instDiv)
            (@Int.cast Rat Rat.instIntCast (@OfNat.ofNat Int (nat_lit 1351000) (@instOfNat (nat_lit 1351000))))
            (@Int.cast Rat Rat.instIntCast (@OfNat.ofNat Int (nat_lit 1350907) (@instOfNat (nat_lit 1350907))))))
        (@congrArg Real (Real → Prop)
          (LeanCert.Core.Expr.eval
            (fun x =>
              @Rat.cast Real Real.instRatCast
                (Rat.divInt (@OfNat.ofNat Int (nat_lit 0) (@instOfNat (nat_lit 0)))
                  (@OfNat.ofNat Int (nat_lit 1) (@instOfNat (nat_lit 1)))))
            (LeanCert.Core.Expr.const
              (Rat.divInt (@OfNat.ofNat Int (nat_lit 1) (@instOfNat (nat_lit 1)))
                (@OfNat.ofNat Int (nat_lit 1) (@instOfNat (nat_lit 1))))))
          (@Rat.cast Real Real.instRatCast
            (@HDiv.hDiv Rat Rat Rat (@instHDiv Rat Rat.instDiv)
              (@Int.cast Rat Rat.instIntCast (@OfNat.ofNat Int (nat_lit 1) (@instOfNat (nat_lit 1))))
              (@Int.cast Rat Rat.instIntCast (@OfNat.ofNat Int (nat_lit 1) (@instOfNat (nat_lit 1))))))
          (@LT.lt Real Real.instLT)
          (@congrArg Rat Real
            (Rat.divInt (@OfNat.ofNat Int (nat_lit 1) (@instOfNat (nat_lit 1)))
              (@OfNat.ofNat Int (nat_lit 1) (@instOfNat (nat_lit 1))))
            (@HDiv.hDiv Rat Rat Rat (@instHDiv Rat Rat.instDiv)
              (@Int.cast Rat Rat.instIntCast (@OfNat.ofNat Int (nat_lit 1) (@instOfNat (nat_lit 1))))
              (@Int.cast Rat Rat.instIntCast (@OfNat.ofNat Int (nat_lit 1) (@instOfNat (nat_lit 1)))))
            (@Rat.cast Real Real.instRatCast)
            (Rat.divInt_eq_div (@OfNat.ofNat Int (nat_lit 1) (@instOfNat (nat_lit 1)))
              (@OfNat.ofNat Int (nat_lit 1) (@instOfNat (nat_lit 1))))))
        (@congrArg Rat Real
          (Rat.divInt (@OfNat.ofNat Int (nat_lit 1351000) (@instOfNat (nat_lit 1351000)))
            (@OfNat.ofNat Int (nat_lit 1350907) (@instOfNat (nat_lit 1350907))))
          (@HDiv.hDiv Rat Rat Rat (@instHDiv Rat Rat.instDiv)
            (@Int.cast Rat Rat.instIntCast (@OfNat.ofNat Int (nat_lit 1351000) (@instOfNat (nat_lit 1351000))))
            (@Int.cast Rat Rat.instIntCast (@OfNat.ofNat Int (nat_lit 1350907) (@instOfNat (nat_lit 1350907)))))
          (@Rat.cast Real Real.instRatCast)
          (Rat.divInt_eq_div (@OfNat.ofNat Int (nat_lit 1351000) (@instOfNat (nat_lit 1351000)))
            (@OfNat.ofNat Int (nat_lit 1350907) (@instOfNat (nat_lit 1350907))))))
      h0))
theorem NLA.MI21.witness_left_norm_lower_bound : NLA.MI21.witnessEigenvalue ≤
  NLA.MI21.operatorNorm (NLA.MI21.leftMatrix NLA.MI21.witnessA NLA.MI21.witnessB (1 / 2) (1 / 2) 2) :=
Eq.mpr (id (congrArg (fun _a => NLA.MI21.witnessEigenvalue ≤ NLA.MI21.operatorNorm _a) NLA.MI21.witness_left_matrix))
  (NLA.MI21.real_eigenvalue_le_operatorNorm NLA.MI21.witnessL NLA.MI21.witnessVector NLA.MI21.witnessEigenvalue
    (le_of_lt (lt_trans zero_lt_one NLA.MI21.witness_eigenvalue_gt_one)) NLA.MI21.witness_vector_ne_zero
    NLA.MI21.witness_eigenvector)
theorem NLA.MI21.counterexample_proved : ∀ (p : ℝ),
  0 < p →
    (∀ (i : Fin 2), Matrix.PosDef (NLA.MI21.witnessA i) ∧ Matrix.PosDef (NLA.MI21.witnessB i)) ∧
      ∑ i, NLA.MI21.witnessA i = 1 ∧
        ∑ i, NLA.MI21.witnessB i = 1 ∧
          NLA.MI21.leftMatrix NLA.MI21.witnessA NLA.MI21.witnessB (1 / 2) (1 / 2) 2 = NLA.MI21.witnessL ∧
            NLA.MI21.rightMatrix NLA.MI21.witnessA NLA.MI21.witnessB (1 / 2) (1 / 2) 2 p = 1 ∧
              NLA.MI21.witnessVector ≠ 0 ∧
                Matrix.mulVec NLA.MI21.witnessL NLA.MI21.witnessVector =
                    ↑NLA.MI21.witnessEigenvalue • NLA.MI21.witnessVector ∧
                  1 < NLA.MI21.witnessEigenvalue ∧
                    NLA.MI21.witnessEigenvalue ≤
                        NLA.MI21.operatorNorm
                          (NLA.MI21.leftMatrix NLA.MI21.witnessA NLA.MI21.witnessB (1 / 2) (1 / 2) 2) ∧
                      NLA.MI21.operatorNorm
                            (NLA.MI21.rightMatrix NLA.MI21.witnessA NLA.MI21.witnessB (1 / 2) (1 / 2) 2 p) =
                          1 ∧
                        NLA.MI21.operatorNorm
                            (NLA.MI21.rightMatrix NLA.MI21.witnessA NLA.MI21.witnessB (1 / 2) (1 / 2) 2 p) <
                          NLA.MI21.operatorNorm
                            (NLA.MI21.leftMatrix NLA.MI21.witnessA NLA.MI21.witnessB (1 / 2) (1 / 2) 2) :=
fun p _hp =>
  ⟨NLA.MI21.witness_inputs_posDef,
    ⟨NLA.MI21.witness_sum_A,
      ⟨NLA.MI21.witness_sum_B,
        ⟨NLA.MI21.witness_left_matrix,
          ⟨NLA.MI21.witness_right_matrix p,
            ⟨NLA.MI21.witness_vector_ne_zero,
              ⟨NLA.MI21.witness_eigenvector,
                ⟨NLA.MI21.witness_eigenvalue_gt_one,
                  ⟨NLA.MI21.witness_left_norm_lower_bound,
                    ⟨NLA.MI21.witness_right_norm p,
                      Eq.mpr
                        (id
                          (congrArg
                            (fun _a =>
                              _a <
                                NLA.MI21.operatorNorm
                                  (NLA.MI21.leftMatrix NLA.MI21.witnessA NLA.MI21.witnessB (1 / 2) (1 / 2) 2))
                            (NLA.MI21.witness_right_norm p)))
                        (lt_of_lt_of_le NLA.MI21.witness_eigenvalue_gt_one
                          NLA.MI21.witness_left_norm_lower_bound)⟩⟩⟩⟩⟩⟩⟩⟩⟩⟩
theorem NLA.MI21.not_geometricMeanNormConjecture_proved : ¬NLA.MI21.GeometricMeanNormConjecture :=
fun h =>
  have hi :=
    h 2 2
      (Mathlib.Meta.NormNum.isNat_le_true (Mathlib.Meta.NormNum.isNat_ofNat ℕ (Eq.refl 1))
        (Mathlib.Meta.NormNum.isNat_ofNat ℕ (Eq.refl 2)) (Eq.refl true))
      (Mathlib.Meta.NormNum.isNat_le_true (Mathlib.Meta.NormNum.isNat_ofNat ℕ (Eq.refl 1))
        (Mathlib.Meta.NormNum.isNat_ofNat ℕ (Eq.refl 2)) (Eq.refl true))
      NLA.MI21.witnessA NLA.MI21.witnessB (fun i => (NLA.MI21.witness_inputs_posDef i).left)
      (fun i => (NLA.MI21.witness_inputs_posDef i).right) (1 / 2) (1 / 2) 2 1
      (Mathlib.Meta.NormNum.isRat_le_true
        (Mathlib.Meta.NormNum.IsNNRat.to_isRat
          (Mathlib.Meta.NormNum.IsNat.to_isNNRat (Mathlib.Meta.NormNum.isNat_ofNat ℝ Nat.cast_zero)))
        (Mathlib.Meta.NormNum.IsNNRat.to_isRat
          (Mathlib.Meta.NormNum.isNNRat_div
            (Mathlib.Meta.NormNum.isNNRat_mul (Eq.refl HMul.hMul)
              (Mathlib.Meta.NormNum.IsNat.to_isNNRat (Mathlib.Meta.NormNum.isNat_ofNat ℝ Nat.cast_one))
              (Mathlib.Meta.NormNum.isNNRat_inv_pos
                (Mathlib.Meta.NormNum.IsNat.to_isNNRat (Mathlib.Meta.NormNum.isNat_ofNat ℝ (Eq.refl 2))))
              (Eq.refl (Nat.mul 1 1)) (Eq.refl 2))))
        (Eq.refl true))
      (Mathlib.Meta.NormNum.isRat_le_true
        (Mathlib.Meta.NormNum.IsNNRat.to_isRat
          (Mathlib.Meta.NormNum.isNNRat_div
            (Mathlib.Meta.NormNum.isNNRat_mul (Eq.refl HMul.hMul)
              (Mathlib.Meta.NormNum.IsNat.to_isNNRat (Mathlib.Meta.NormNum.isNat_ofNat ℝ Nat.cast_one))
              (Mathlib.Meta.NormNum.isNNRat_inv_pos
                (Mathlib.Meta.NormNum.IsNat.to_isNNRat (Mathlib.Meta.NormNum.isNat_ofNat ℝ (Eq.refl 2))))
              (Eq.refl (Nat.mul 1 1)) (Eq.refl 2))))
        (Mathlib.Meta.NormNum.IsNNRat.to_isRat
          (Mathlib.Meta.NormNum.IsNat.to_isNNRat (Mathlib.Meta.NormNum.isNat_ofNat ℝ Nat.cast_one)))
        (Eq.refl true))
      (Mathlib.Meta.NormNum.isNNRat_lt_true
        (Mathlib.Meta.NormNum.IsNat.to_isNNRat (Mathlib.Meta.NormNum.isNat_ofNat ℝ Nat.cast_zero))
        (Mathlib.Meta.NormNum.isNNRat_div
          (Mathlib.Meta.NormNum.isNNRat_mul (Eq.refl HMul.hMul)
            (Mathlib.Meta.NormNum.IsNat.to_isNNRat (Mathlib.Meta.NormNum.isNat_ofNat ℝ Nat.cast_one))
            (Mathlib.Meta.NormNum.isNNRat_inv_pos
              (Mathlib.Meta.NormNum.IsNat.to_isNNRat (Mathlib.Meta.NormNum.isNat_ofNat ℝ (Eq.refl 2))))
            (Eq.refl (Nat.mul 1 1)) (Eq.refl 2)))
        (Eq.refl true))
      (Mathlib.Meta.NormNum.isNat_lt_true (Mathlib.Meta.NormNum.isNat_ofNat ℝ Nat.cast_zero)
        (Mathlib.Meta.NormNum.isNat_ofNat ℝ (Eq.refl 2)) (Eq.refl false))
      (Mathlib.Meta.NormNum.isNat_lt_true (Mathlib.Meta.NormNum.isNat_ofNat ℝ Nat.cast_zero)
        (Mathlib.Meta.NormNum.isNat_ofNat ℝ Nat.cast_one) (Eq.refl false))
      (Mathlib.Meta.NormNum.isNat_le_true (Mathlib.Meta.NormNum.isNat_ofNat ℝ Nat.cast_one)
        (Mathlib.Meta.NormNum.IsNNRat.to_isNat
          (Mathlib.Meta.NormNum.isNNRat_mul (Eq.refl HMul.hMul)
            (Mathlib.Meta.NormNum.isNNRat_div
              (Mathlib.Meta.NormNum.isNNRat_mul (Eq.refl HMul.hMul)
                (Mathlib.Meta.NormNum.IsNat.to_isNNRat (Mathlib.Meta.NormNum.isNat_ofNat ℝ Nat.cast_one))
                (Mathlib.Meta.NormNum.isNNRat_inv_pos
                  (Mathlib.Meta.NormNum.IsNat.to_isNNRat (Mathlib.Meta.NormNum.isNat_ofNat ℝ (Eq.refl 2))))
                (Eq.refl (Nat.mul 1 1)) (Eq.refl 2)))
            (Mathlib.Meta.NormNum.IsNat.to_isNNRat (Mathlib.Meta.NormNum.isNat_ofNat ℝ (Eq.refl 2)))
            (Eq.refl (Nat.mul 1 2)) (Eq.refl 2)))
        (Eq.refl true))
      NLA.MI21.operatorNorm (NLA.MI21.operatorNorm_isUnitaryInvariant_proved 2);
  And.casesOn
    (NLA.MI21.counterexample_proved 1
      (Mathlib.Meta.NormNum.isNat_lt_true (Mathlib.Meta.NormNum.isNat_ofNat ℝ Nat.cast_zero)
        (Mathlib.Meta.NormNum.isNat_ofNat ℝ Nat.cast_one) (Eq.refl false)))
    fun left right =>
    And.casesOn right fun left right =>
      And.casesOn right fun left right =>
        And.casesOn right fun left right =>
          And.casesOn right fun left right =>
            And.casesOn right fun left right =>
              And.casesOn right fun left right =>
                And.casesOn right fun left right =>
                  And.casesOn right fun left right => And.casesOn right fun left hstrict => not_le_of_gt hstrict hi
NLA.MI21.operatorNorm_isUnitaryInvariant (n : ℕ) : NLA.MI21.IsUnitaryInvariantNorm NLA.MI21.operatorNorm
NLA.MI21.counterexample (p : ℝ) (hp : 0 < p) :
  (∀ (i : Fin 2), Matrix.PosDef (NLA.MI21.witnessA i) ∧ Matrix.PosDef (NLA.MI21.witnessB i)) ∧
    ∑ i, NLA.MI21.witnessA i = 1 ∧
      ∑ i, NLA.MI21.witnessB i = 1 ∧
        NLA.MI21.leftMatrix NLA.MI21.witnessA NLA.MI21.witnessB (1 / 2) (1 / 2) 2 = NLA.MI21.witnessL ∧
          NLA.MI21.rightMatrix NLA.MI21.witnessA NLA.MI21.witnessB (1 / 2) (1 / 2) 2 p = 1 ∧
            NLA.MI21.witnessVector ≠ 0 ∧
              Matrix.mulVec NLA.MI21.witnessL NLA.MI21.witnessVector =
                  ↑NLA.MI21.witnessEigenvalue • NLA.MI21.witnessVector ∧
                1 < NLA.MI21.witnessEigenvalue ∧
                  NLA.MI21.witnessEigenvalue ≤
                      NLA.MI21.operatorNorm
                        (NLA.MI21.leftMatrix NLA.MI21.witnessA NLA.MI21.witnessB (1 / 2) (1 / 2) 2) ∧
                    NLA.MI21.operatorNorm
                          (NLA.MI21.rightMatrix NLA.MI21.witnessA NLA.MI21.witnessB (1 / 2) (1 / 2) 2 p) =
                        1 ∧
                      NLA.MI21.operatorNorm
                          (NLA.MI21.rightMatrix NLA.MI21.witnessA NLA.MI21.witnessB (1 / 2) (1 / 2) 2 p) <
                        NLA.MI21.operatorNorm
                          (NLA.MI21.leftMatrix NLA.MI21.witnessA NLA.MI21.witnessB (1 / 2) (1 / 2) 2)
NLA.MI21.not_geometricMeanNormConjecture : ¬NLA.MI21.GeometricMeanNormConjecture
'NLA.MI21.operatorNorm_isUnitaryInvariant' depends on axioms: [propext, Classical.choice, Quot.sound]
'NLA.MI21.counterexample' depends on axioms: [propext, Classical.choice, Quot.sound]
'NLA.MI21.not_geometricMeanNormConjecture' depends on axioms: [propext, Classical.choice, Quot.sound]
