verification/ApiProbe.lean:4:7: error(lean.unknownIdentifier): Unknown identifier `mem_unitary_iff_star_mul_self`
verification/ApiProbe.lean:5:7: error(lean.unknownIdentifier): Unknown constant `unitary.mem_iff`
verification/ApiProbe.lean:6:7: error(lean.unknownIdentifier): Unknown identifier `Unitary.val_star_mul_self`
Unitary.star_mul_self.{u_1} {R : Type u_1} [Monoid R] [StarMul R] (U : ↥(unitary R)) : star U * U = 1
CStarRing.norm_coe_unitary_mul.{u_2} {E : Type u_2} [NormedRing E] [StarRing E] [CStarRing E] (U : ↥(unitary E))
  (A : E) : ‖↑U * A‖ = ‖A‖
CStarRing.norm_mul_coe_unitary.{u_2} {E : Type u_2} [NormedRing E] [StarRing E] [CStarRing E] (A : E)
  (U : ↥(unitary E)) : ‖A * ↑U‖ = ‖A‖
Matrix.fromBlocks_smul.{u_1, u_2, u_3, u_4, u_10, u_12} {l : Type u_1} {m : Type u_2} {n : Type u_3} {o : Type u_4}
  {R : Type u_10} {α : Type u_12} [SMul R α] (x : R) (A : Matrix n l α) (B : Matrix n m α) (C : Matrix o l α)
  (D : Matrix o m α) : x • Matrix.fromBlocks A B C D = Matrix.fromBlocks (x • A) (x • B) (x • C) (x • D)
verification/ApiProbe.lean:11:7: error(lean.unknownIdentifier): Unknown constant `Matrix.smul_fromBlocks`
Matrix.fromBlocks_one.{u_1, u_2, u_12} {l : Type u_1} {m : Type u_2} {α : Type u_12} [DecidableEq l] [DecidableEq m]
  [Zero α] [One α] : Matrix.fromBlocks 1 0 0 1 = 1
verification/ApiProbe.lean:13:7: error(lean.unknownIdentifier): Unknown constant `Matrix.fromBlocks_sub`
Matrix.fromBlocks_add.{u_1, u_2, u_3, u_4, u_12} {l : Type u_1} {m : Type u_2} {n : Type u_3} {o : Type u_4}
  {α : Type u_12} [Add α] (A : Matrix n l α) (B : Matrix n m α) (C : Matrix o l α) (D : Matrix o m α)
  (A' : Matrix n l α) (B' : Matrix n m α) (C' : Matrix o l α) (D' : Matrix o m α) :
  Matrix.fromBlocks A B C D + Matrix.fromBlocks A' B' C' D' = Matrix.fromBlocks (A + A') (B + B') (C + C') (D + D')
Matrix.fromBlocks_conjTranspose.{u_1, u_2, u_3, u_4, u_12} {l : Type u_1} {m : Type u_2} {n : Type u_3} {o : Type u_4}
  {α : Type u_12} [Star α] (A : Matrix n l α) (B : Matrix n m α) (C : Matrix o l α) (D : Matrix o m α) :
  (Matrix.fromBlocks A B C D).conjTranspose =
    Matrix.fromBlocks A.conjTranspose C.conjTranspose B.conjTranspose D.conjTranspose
Matrix.fromBlocks_multiply.{u_1, u_2, u_3, u_4, u_5, u_6, u_12} {l : Type u_1} {m : Type u_2} {n : Type u_3}
  {o : Type u_4} {p : Type u_5} {q : Type u_6} {α : Type u_12} [Fintype l] [Fintype m] [NonUnitalNonAssocSemiring α]
  (A : Matrix n l α) (B : Matrix n m α) (C : Matrix o l α) (D : Matrix o m α) (A' : Matrix l p α) (B' : Matrix l q α)
  (C' : Matrix m p α) (D' : Matrix m q α) :
  Matrix.fromBlocks A B C D * Matrix.fromBlocks A' B' C' D' =
    Matrix.fromBlocks (A * A' + B * C') (A * B' + B * D') (C * A' + D * C') (C * B' + D * D')
Matrix.unitaryGroup.{u, v} (n : Type u) [DecidableEq n] [Fintype n] (α : Type v) [CommRing α] [StarRing α] :
  Submonoid (Matrix n n α)
Matrix.IsHermitian.smul.{u_1, u_4, u_5} {α : Type u_1} {n : Type u_4} {R : Type u_5} [Star R] [Star α] [SMul R α]
  [StarModule R α] {A : Matrix n n α} (h : A.IsHermitian) {k : R} (hk : IsSelfAdjoint k) : (k • A).IsHermitian
Matrix.PosSemidef.smul.{u_2, u_3, u_5} {n : Type u_2} {R : Type u_3} [Ring R] [PartialOrder R] [StarRing R]
  {α : Type u_5} [CommSemiring α] [PartialOrder α] [StarRing α] [StarOrderedRing α] [Algebra α R] [StarModule α R]
  [PosSMulMono α R] {x : Matrix n n R} (hx : x.PosSemidef) {a : α} (ha : 0 ≤ a) : (a • x).PosSemidef
Matrix.PosSemidef.diag_nonneg.{u_2, u_3} {n : Type u_2} {R : Type u_3} [Ring R] [PartialOrder R] [StarRing R]
  {A : Matrix n n R} (hA : A.PosSemidef) {i : n} : 0 ≤ A i i
IsStrictlyPositive.spectrum_pos.{u_1, u_2} {A : Type u_1} {𝕜 : Type u_2} [Ring A] [PartialOrder A] [CommSemiring 𝕜]
  [PartialOrder 𝕜] [Algebra 𝕜 A] [NonnegSpectrumClass 𝕜 A] {a : A} (ha : IsStrictlyPositive a) {x : 𝕜}
  (hx : x ∈ spectrum 𝕜 a) : 0 < x
