NLA/MI04/SpectralGeometry.lean:20:2: warning: Try this: 
  letI̵

The goal is a proposition, so `let` is preferred over `letI`.
The difference between `let` and `letI` is that `letI` inlines the value.
But this is not relevant for proofs because of proof irrelevance.

Note: This linter can be disabled with `set_option linter.style.haveILetI false`
NLA/MI04/SpectralGeometry.lean:15:0: warning: automatically included section variable(s) unused in theorem `NLA.MI04.normal_sub_scalar`:
  [FiniteDimensional ℂ E]
consider restructuring your `variable` declarations so that the variables are not in scope or explicitly omit them:
  omit [FiniteDimensional ℂ E] in theorem ...

Note: This linter can be disabled with `set_option linter.unusedSectionVars false`
NLA/MI04/SpectralGeometry.lean:67:6: warning: This simp argument is unused:
  inner_smul_left

Hint: Omit it from the simp argument list.
  [apply] simp [map_add, map_smul, hTu, hTv, hTw, inner_add_left, inner_add_right, inner_smul_right,
    inner_self_eq_norm_sq_to_K, hu, hv, hw, huv, huw, hvw, hvu, hwu, hwv, mul_comm]

Note: This linter can be disabled with `set_option linter.unusedSimpArgs false`
NLA/MI04/SpectralGeometry.lean:71:18: warning: This simp argument is unused:
  map_smul

Hint: Omit it from the simp argument list.
  [apply] simp [map_add, hTu, hTv, hTw, inner_add_left, inner_add_right, inner_smul_left, inner_smul_right,
    inner_self_eq_norm_sq_to_K, hu, hv, hw, huv, huw, hvw, hvu, hwu, hwv, mul_comm]

Note: This linter can be disabled with `set_option linter.unusedSimpArgs false`
NLA/MI04/SpectralGeometry.lean:87:2: warning: Try this: 
  letI̵

The goal is a proposition, so `let` is preferred over `letI`.
The difference between `let` and `letI` is that `letI` inlines the value.
But this is not relevant for proofs because of proof irrelevance.

Note: This linter can be disabled with `set_option linter.style.haveILetI false`
