@NLA.MI23.positive_powers_and_means : ∀ {n : ℕ} (A B : NLA.MI23.Mat n),
  Matrix.PosDef.{0, 0} A →
    Matrix.PosDef.{0, 0} B →
      ∀ (r t : ℝ),
        Matrix.PosDef.{0, 0} (NLA.MI23.spectralPower A r) ∧ Matrix.PosDef.{0, 0} (NLA.MI23.generalizedMean A B r t)
'NLA.MI23.positive_powers_and_means' depends on axioms: [propext, Classical.choice.{u}, Quot.sound.{u}]
@NLA.MI23.product_eigenvalue_semantics : ∀ {n : ℕ} (X Y : NLA.MI23.Mat n),
  Matrix.PosDef.{0, 0} X →
    Matrix.PosDef.{0, 0} Y →
      have R := NLA.MI23.spectralPower Y (1 / 2);
      have Rinv := NLA.MI23.spectralPower Y (-1 / 2);
      have S := HMul.hMul.{0, 0, 0} (HMul.hMul.{0, 0, 0} R X) R;
      Matrix.PosDef.{0, 0} S ∧
        Eq.{1} (HMul.hMul.{0, 0, 0} R Rinv) 1 ∧
          Eq.{1} (HMul.hMul.{0, 0, 0} Rinv R) 1 ∧
            Eq.{1} (HMul.hMul.{0, 0, 0} (HMul.hMul.{0, 0, 0} R (HMul.hMul.{0, 0, 0} X Y)) Rinv) S ∧
              Eq.{1} (Matrix.charpoly.{0, 0} (HMul.hMul.{0, 0, 0} X Y)) (Matrix.charpoly.{0, 0} S) ∧
                NLA.MI23.HasOrderedPositiveEigenvalues (HMul.hMul.{0, 0, 0} X Y)
'NLA.MI23.product_eigenvalue_semantics' depends on axioms: [propext, Classical.choice.{u}, Quot.sound.{u}]
@NLA.MI23.squared_product_largest : ∀ {n : ℕ},
  LE.le.{0} 1 n →
    ∀ (X Y : NLA.MI23.Mat n),
      Matrix.PosDef.{0, 0} X →
        Matrix.PosDef.{0, 0} Y →
          Eq.{1} (NLA.MI23.largestEigenvalue (HMul.hMul.{0, 0, 0} (HPow.hPow.{0, 0, 0} X 2) (HPow.hPow.{0, 0, 0} Y 2)))
            (HPow.hPow.{0, 0, 0} (NLA.MI23.operatorNorm (HMul.hMul.{0, 0, 0} X Y)) 2)
'NLA.MI23.squared_product_largest' depends on axioms: [propext, Classical.choice.{u}, Quot.sound.{u}]
@NLA.MI23.operator_norm_bounds : ∀ {n : ℕ} (X : NLA.MI23.Mat n) (i j : Fin n),
  LE.le.{0} (Complex.normSq (X i j)) (HPow.hPow.{0, 0, 0} (NLA.MI23.operatorNorm X) 2) ∧
    LE.le.{0} (HPow.hPow.{0, 0, 0} (NLA.MI23.operatorNorm X) 2) (NLA.MI23.frobeniusSquared X)
'NLA.MI23.operator_norm_bounds' depends on axioms: [propext, Classical.choice.{u}, Quot.sound.{u}]
NLA.MI23.witness_data : Matrix.PosDef.{0, 0} NLA.MI23.witnessD ∧
  Matrix.PosDef.{0, 0} NLA.MI23.witnessT ∧
    Matrix.PosDef.{0, 0} NLA.MI23.witnessA ∧
      Matrix.PosDef.{0, 0} NLA.MI23.witnessB ∧
        Matrix.PosDef.{0, 0} NLA.MI23.witnessG ∧
          Matrix.PosDef.{0, 0} NLA.MI23.witnessH ∧
            Eq.{1} NLA.MI23.witnessT
                (HMul.hMul.{0, 0, 0} (HMul.hMul.{0, 0, 0} NLA.MI23.witnessL NLA.MI23.witnessPivots)
                  (Matrix.conjTranspose.{0, 0, 0} NLA.MI23.witnessL)) ∧
              Eq.{1} (NLA.MI23.spectralPower NLA.MI23.witnessA (1 / 2)) NLA.MI23.witnessD ∧
                Eq.{1} (NLA.MI23.spectralPower NLA.MI23.witnessA (-1 / 2)) NLA.MI23.witnessDInv ∧
                  Eq.{1}
                      (HMul.hMul.{0, 0, 0}
                        (HMul.hMul.{0, 0, 0} (NLA.MI23.spectralPower NLA.MI23.witnessA (-1 / 2)) NLA.MI23.witnessB)
                        (NLA.MI23.spectralPower NLA.MI23.witnessA (-1 / 2)))
                      (HPow.hPow.{0, 0, 0} NLA.MI23.witnessT 8) ∧
                    Eq.{1} (NLA.MI23.generalizedMean NLA.MI23.witnessA NLA.MI23.witnessB 1 (1 / 8)) NLA.MI23.witnessG ∧
                      Eq.{1} (NLA.MI23.generalizedMean NLA.MI23.witnessA NLA.MI23.witnessB 1 (7 / 8))
                          NLA.MI23.witnessH ∧
                        Eq.{1} (NLA.MI23.leftProduct NLA.MI23.witnessA NLA.MI23.witnessB 1 1 2 (1 / 8))
                            (HMul.hMul.{0, 0, 0} (HPow.hPow.{0, 0, 0} NLA.MI23.witnessG 2)
                              (HPow.hPow.{0, 0, 0} NLA.MI23.witnessH 2)) ∧
                          Eq.{1} (NLA.MI23.rightProduct NLA.MI23.witnessA NLA.MI23.witnessB 1 1 2)
                            (HMul.hMul.{0, 0, 0} (HPow.hPow.{0, 0, 0} NLA.MI23.witnessA 2)
                              (HPow.hPow.{0, 0, 0} NLA.MI23.witnessB 2))
'NLA.MI23.witness_data' depends on axioms: [propext, Classical.choice.{u}, Quot.sound.{u}]
NLA.MI23.witness_squared_gap : Eq.{1} (HMul.hMul.{0, 0, 0} NLA.MI23.witnessG NLA.MI23.witnessH 0 2)
    (1260589125202 / 9) ∧
  Eq.{1} (NLA.MI23.frobeniusSquared (HMul.hMul.{0, 0, 0} NLA.MI23.witnessA NLA.MI23.witnessB))
      (2009446159144992718181231562721 / 107495424) ∧
    Eq.{1}
        (HSub.hSub.{0, 0, 0} (Complex.normSq (HMul.hMul.{0, 0, 0} NLA.MI23.witnessG NLA.MI23.witnessH 0 2))
          (NLA.MI23.frobeniusSquared (HMul.hMul.{0, 0, 0} NLA.MI23.witnessA NLA.MI23.witnessB)))
        NLA.MI23.squaredGap ∧
      LT.lt.{0} 0 NLA.MI23.squaredGap ∧
        LT.lt.{0}
          (HPow.hPow.{0, 0, 0} (NLA.MI23.operatorNorm (HMul.hMul.{0, 0, 0} NLA.MI23.witnessA NLA.MI23.witnessB)) 2)
          (HPow.hPow.{0, 0, 0} (NLA.MI23.operatorNorm (HMul.hMul.{0, 0, 0} NLA.MI23.witnessG NLA.MI23.witnessH)) 2)
'NLA.MI23.witness_squared_gap' depends on axioms: [propext, Classical.choice.{u}, Quot.sound.{u}]
NLA.MI23.counterexample : Matrix.PosDef.{0, 0} NLA.MI23.witnessA ∧
  Matrix.PosDef.{0, 0} NLA.MI23.witnessB ∧
    LT.lt.{0} (NLA.MI23.largestEigenvalue (NLA.MI23.rightProduct NLA.MI23.witnessA NLA.MI23.witnessB 1 1 2))
        (NLA.MI23.largestEigenvalue (NLA.MI23.leftProduct NLA.MI23.witnessA NLA.MI23.witnessB 1 1 2 (1 / 8))) ∧
      ¬NLA.MI23.LogMajorized
          (NLA.MI23.orderedEigenvalues (NLA.MI23.leftProduct NLA.MI23.witnessA NLA.MI23.witnessB 1 1 2 (1 / 8)))
          (NLA.MI23.orderedEigenvalues (NLA.MI23.rightProduct NLA.MI23.witnessA NLA.MI23.witnessB 1 1 2))
'NLA.MI23.counterexample' depends on axioms: [propext, Classical.choice.{u}, Quot.sound.{u}]
NLA.MI23.not_generalizedGeometricMeanConjecture : ¬NLA.MI23.GeneralizedGeometricMeanConjecture
'NLA.MI23.not_generalizedGeometricMeanConjecture' depends on axioms: [propext, Classical.choice.{u}, Quot.sound.{u}]
theorem NLA.MI23.scalar_gap_positive : LT.lt.{0} 0 (99434824489435745411095588895 / 107495424) :=
have h0 :=
  LeanCert.Validity.verify_strict_upper_bound_dyadic_checked (LeanCert.Core.Expr.const (Rat.divInt 0 1))
    (Rat.divInt 0 1) (Rat.divInt 0 1) (le_refl.{0} (Rat.divInt 0 1))
    (Rat.divInt 99434824489435745411095588895 107495424) (-53) 10 (of_decide_eq_true (id.{0} (Eq.refl.{1} true)))
    NLA.MI23.scalar_gap_positive._proof_1_7 ↑(Rat.divInt 0 1)
    ⟨le_refl.{0} ↑(Rat.divInt 0 1), le_refl.{0} ↑(Rat.divInt 0 1)⟩;
Eq.mpr.{0}
  (eq_of_heq.{1}
    ((fun α self a a' e'_3 a_1 a'_1 e'_4 =>
        Eq.casesOn.{0, 1} (motive := fun a_2 x =>
          Eq.{1} a' a_2 → HEq.{0} e'_3 x → HEq.{1} (LT.lt.{0} a a_1) (LT.lt.{0} a' a'_1)) e'_3
          (fun h =>
            Eq.ndrec.{0, 1} (motive := fun a' =>
              ∀ (e_3 : Eq.{1} a a'), HEq.{0} e_3 (Eq.refl.{1} a) → HEq.{1} (LT.lt.{0} a a_1) (LT.lt.{0} a' a'_1))
              (fun e_3 h =>
                Eq.casesOn.{0, 1} (motive := fun a_2 x =>
                  Eq.{1} a'_1 a_2 → HEq.{0} e'_4 x → HEq.{1} (LT.lt.{0} a a_1) (LT.lt.{0} a a'_1)) e'_4
                  (fun h =>
                    Eq.ndrec.{0, 1} (motive := fun a' =>
                      ∀ (e_4 : Eq.{1} a_1 a'),
                        HEq.{0} e_4 (Eq.refl.{1} a_1) → HEq.{1} (LT.lt.{0} a a_1) (LT.lt.{0} a a'))
                      (fun e_4 h => HEq.refl.{1} (LT.lt.{0} a a_1)) (Eq.symm.{1} h) e'_4)
                  (Eq.refl.{1} a'_1) (HEq.refl.{0} e'_4))
              (Eq.symm.{1} h) e'_3)
          (Eq.refl.{1} a') (HEq.refl.{0} e'_3))
      ℝ Real.instLT 0 (↑(HDiv.hDiv.{0, 0, 0} ↑0 ↑1))
      (Mathlib.Meta.NormNum.isNat_eq_true.{0} (Mathlib.Meta.NormNum.isNat_ofNat.{0} ℝ Nat.cast_zero.{0})
        (Mathlib.Meta.NormNum.isNat_ratCast.{0}
          (Mathlib.Meta.NormNum.IsNNRat.to_isNat.{0}
            (Mathlib.Meta.NormNum.isNNRat_div.{0}
              (Mathlib.Meta.NormNum.IsNat.to_isNNRat.{0}
                (Mathlib.Meta.NormNum.isNat_mul.{0} (Eq.refl.{1} HMul.hMul.{0, 0, 0})
                  (Mathlib.Meta.NormNum.isNat_intCast.{0} 0 0 (Mathlib.Meta.NormNum.isNat_ofNat.{0} ℤ (Eq.refl.{1} 0)))
                  (Mathlib.Meta.NormNum.IsNNRat.to_isNat.{0}
                    (Mathlib.Meta.NormNum.isNNRat_inv_pos.{0}
                      (Mathlib.Meta.NormNum.IsNat.to_isNNRat.{0}
                        (Mathlib.Meta.NormNum.isNat_intCast.{0} 1 1
                          (Mathlib.Meta.NormNum.isNat_ofNat.{0} ℤ (Eq.refl.{1} 1))))))
                  (Eq.refl.{1} 0)))))))
      (99434824489435745411095588895 / 107495424) (↑(HDiv.hDiv.{0, 0, 0} ↑99434824489435745411095588895 ↑107495424))
      (Mathlib.Meta.NormNum.isNNRat_eq_true.{0}
        (Mathlib.Meta.NormNum.isNNRat_div.{0}
          (Mathlib.Meta.NormNum.isNNRat_mul.{0} (Eq.refl.{1} HMul.hMul.{0, 0, 0})
            (Mathlib.Meta.NormNum.IsNat.to_isNNRat.{0}
              (Mathlib.Meta.NormNum.isNat_ofNat.{0} ℝ (Eq.refl.{1} 99434824489435745411095588895)))
            (Mathlib.Meta.NormNum.isNNRat_inv_pos.{0}
              (Mathlib.Meta.NormNum.IsNat.to_isNNRat.{0}
                (Mathlib.Meta.NormNum.isNat_ofNat.{0} ℝ (Eq.refl.{1} 107495424))))
            (Eq.refl.{1} (Nat.mul 99434824489435745411095588895 1)) (Eq.refl.{1} 107495424)))
        (Mathlib.Meta.NormNum.isNNRat_ratCast.{0}
          (Mathlib.Meta.NormNum.isNNRat_div.{0}
            (Mathlib.Meta.NormNum.isNNRat_mul.{0} (Eq.refl.{1} HMul.hMul.{0, 0, 0})
              (Mathlib.Meta.NormNum.IsNat.to_isNNRat.{0}
                (Mathlib.Meta.NormNum.isNat_intCast.{0} 99434824489435745411095588895 99434824489435745411095588895
                  (Mathlib.Meta.NormNum.isNat_ofNat.{0} ℤ (Eq.refl.{1} 99434824489435745411095588895))))
              (Mathlib.Meta.NormNum.isNNRat_inv_pos.{0}
                (Mathlib.Meta.NormNum.IsNat.to_isNNRat.{0}
                  (Mathlib.Meta.NormNum.isNat_intCast.{0} 107495424 107495424
                    (Mathlib.Meta.NormNum.isNat_ofNat.{0} ℤ (Eq.refl.{1} 107495424)))))
              (Eq.refl.{1} (Nat.mul 99434824489435745411095588895 1)) (Eq.refl.{1} 107495424)))))))
  (Eq.mp.{0}
    (congr.{1, 1} (congrArg.{1, 1} LT.lt.{0} (congrArg.{1, 1} Rat.cast.{0} (Rat.divInt_eq_div 0 1)))
      (congrArg.{1, 1} Rat.cast.{0} (Rat.divInt_eq_div 99434824489435745411095588895 107495424)))
    h0)
'NLA.MI23.scalar_gap_positive' depends on axioms: [propext, Classical.choice.{u}, Quot.sound.{u}]
