RETAINED_CERTIFICATE_EDGE: NLA.MI06.not_dominationConjecture -> NLA.MI06.not_dominationConjecture_proved
RETAINED_CERTIFICATE_EDGE: NLA.MI06.not_dominationConjecture_proved -> NLA.MI06.counterexample_proved
RETAINED_CERTIFICATE_EDGE: NLA.MI06.counterexample_proved -> _private.NLA.MI06.Proof.0.NLA.MI06.scalar_coefficient_gap
RETAINED_CERTIFICATE_EDGE: _private.NLA.MI06.Proof.0.NLA.MI06.scalar_coefficient_gap -> _private.NLA.MI06.Proof.0.NLA.MI06.sqrt_two_lt_three_halves
RETAINED_CERTIFICATE_EDGE: _private.NLA.MI06.Proof.0.NLA.MI06.sqrt_two_lt_three_halves -> _private.NLA.MI06.Proof.0.NLA.MI06.scalar_squared_gap
KERNEL_CERTIFICATE_CONSTANTS: [LT.lt,
 Real,
 Real.instLT,
 LeanCert.Core.Expr.eval,
 Nat,
 Rat.cast,
 Real.instRatCast,
 Rat.divInt,
 OfNat.ofNat,
 Int,
 instOfNat,
 LeanCert.Core.Expr.const,
 LeanCert.Validity.verify_strict_upper_bound_dyadic_checked,
 le_refl,
 Rat,
 Rat.instPreorder,
 Neg.neg,
 Int.instNegInt,
 instOfNatNat,
 of_decide_eq_true,
 LE.le,
 Int.instLEInt,
 Int.decLe,
 id,
 Eq,
 Bool,
 Decidable.decide,
 Bool.true,
 Eq.refl,
 _private.NLA.MI06.Proof.0.NLA.MI06.scalar_squared_gap._proof_1_7,
 And.intro,
 Preorder.toLE,
 Real.instPreorder,
 Eq.mpr,
 instOfNatAtLeastTwo,
 Real.instNatCast,
 Nat.instAtLeastTwoHAddOfNat,
 Nat.instNeZeroSucc,
 HDiv.hDiv,
 instHDiv,
 DivInvMonoid.toDiv,
 Real.instDivInvMonoid,
 Rat.instDiv,
 Int.cast,
 Rat.instIntCast,
 eq_of_heq,
 LT,
 Eq.casesOn,
 HEq,
 Eq.ndrec,
 HEq.refl,
 Eq.symm,
 Mathlib.Meta.NormNum.isNat_eq_true,
 AddGroupWithOne.toAddMonoidWithOne,
 Ring.toAddGroupWithOne,
 Real.instRing,
 Mathlib.Meta.NormNum.isNat_ofNat,
 AddMonoidWithOne.toNatCast,
 Mathlib.Meta.NormNum.instAtLeastTwo,
 Mathlib.Meta.NormNum.isNat_ratCast,
 Real.instDivisionRing,
 Mathlib.Meta.NormNum.IsNNRat.to_isNat,
 DivisionSemiring.toSemiring,
 Semifield.toDivisionSemiring,
 Field.toSemifield,
 Rat.instField,
 Mathlib.Meta.NormNum.isNNRat_div,
 Mathlib.Meta.NormNum.IsNat.to_isNNRat,
 HMul.hMul,
 instHMul,
 Distrib.toMul,
 instDistribOfSemiring,
 Inv.inv,
 InvOneClass.toInv,
 DivInvOneMonoid.toInvOneClass,
 DivisionMonoid.toDivInvOneMonoid,
 GroupWithZero.toDivisionMonoid,
 DivisionSemiring.toGroupWithZero,
 Mathlib.Meta.NormNum.isNat_mul,
 Rat.semiring,
 Mathlib.Meta.NormNum.isNat_intCast,
 DivisionRing.toRing,
 Rat.instDivisionRing,
 Int.instRing,
 Mathlib.Meta.NormNum.isNNRat_inv_pos,
 Rat.instCharZero,
 Mathlib.Meta.NormNum.isNNRat_eq_true,
 Real.instField,
 Mathlib.Meta.NormNum.isNNRat_mul,
 Real.semiring,
 FloorSemiring.instCharZero,
 Real.partialOrder,
 FloorRing.toFloorSemiring,
 Real.linearOrder,
 Real.instFloorRing,
 Nat.mul,
 Mathlib.Meta.NormNum.isNNRat_ratCast,
 Ring.toSemiring,
 Eq.mp,
 congr,
 congrArg,
 Rat.divInt_eq_div]
KERNEL_CERTIFICATE_BODY: have h0 :=
  LeanCert.Validity.verify_strict_upper_bound_dyadic_checked (LeanCert.Core.Expr.const (Rat.divInt 2 1))
    (Rat.divInt 0 1) (Rat.divInt 0 1) (le_refl (Rat.divInt 0 1)) (Rat.divInt 9 4) (-53) 10
    (of_decide_eq_true (id (Eq.refl true))) NLA.MI06.scalar_squared_gap._proof_1_7✝ ↑(Rat.divInt 0 1)
    ⟨le_refl ↑(Rat.divInt 0 1), le_refl ↑(Rat.divInt 0 1)⟩;
Eq.mpr
  (eq_of_heq
    ((fun α self a a' e'_3 a_1 a'_1 e'_4 =>
        Eq.casesOn (motive := fun a_2 x => a' = a_2 → e'_3 ≍ x → (a < a_1) ≍ (a' < a'_1)) e'_3
          (fun h =>
            Eq.ndrec (motive := fun a' => ∀ (e_3 : a = a'), e_3 ≍ Eq.refl a → (a < a_1) ≍ (a' < a'_1))
              (fun e_3 h =>
                Eq.casesOn (motive := fun a_2 x => a'_1 = a_2 → e'_4 ≍ x → (a < a_1) ≍ (a < a'_1)) e'_4
                  (fun h =>
                    Eq.ndrec (motive := fun a' => ∀ (e_4 : a_1 = a'), e_4 ≍ Eq.refl a_1 → (a < a_1) ≍ (a < a'))
                      (fun e_4 h => HEq.refl (a < a_1)) (Eq.symm h) e'_4)
                  (Eq.refl a'_1) (HEq.refl e'_4))
              (Eq.symm h) e'_3)
          (Eq.refl a') (HEq.refl e'_3))
      ℝ Real.instLT 2 (↑(↑2 / ↑1))
      (Mathlib.Meta.NormNum.isNat_eq_true (Mathlib.Meta.NormNum.isNat_ofNat ℝ (Eq.refl 2))
        (Mathlib.Meta.NormNum.isNat_ratCast
          (Mathlib.Meta.NormNum.IsNNRat.to_isNat
            (Mathlib.Meta.NormNum.isNNRat_div
              (Mathlib.Meta.NormNum.IsNat.to_isNNRat
                (Mathlib.Meta.NormNum.isNat_mul (Eq.refl HMul.hMul)
                  (Mathlib.Meta.NormNum.isNat_intCast 2 2 (Mathlib.Meta.NormNum.isNat_ofNat ℤ (Eq.refl 2)))
                  (Mathlib.Meta.NormNum.IsNNRat.to_isNat
                    (Mathlib.Meta.NormNum.isNNRat_inv_pos
                      (Mathlib.Meta.NormNum.IsNat.to_isNNRat
                        (Mathlib.Meta.NormNum.isNat_intCast 1 1 (Mathlib.Meta.NormNum.isNat_ofNat ℤ (Eq.refl 1))))))
                  (Eq.refl 2)))))))
      (9 / 4) (↑(↑9 / ↑4))
      (Mathlib.Meta.NormNum.isNNRat_eq_true
        (Mathlib.Meta.NormNum.isNNRat_div
          (Mathlib.Meta.NormNum.isNNRat_mul (Eq.refl HMul.hMul)
            (Mathlib.Meta.NormNum.IsNat.to_isNNRat (Mathlib.Meta.NormNum.isNat_ofNat ℝ (Eq.refl 9)))
            (Mathlib.Meta.NormNum.isNNRat_inv_pos
              (Mathlib.Meta.NormNum.IsNat.to_isNNRat (Mathlib.Meta.NormNum.isNat_ofNat ℝ (Eq.refl 4))))
            (Eq.refl (Nat.mul 9 1)) (Eq.refl 4)))
        (Mathlib.Meta.NormNum.isNNRat_ratCast
          (Mathlib.Meta.NormNum.isNNRat_div
            (Mathlib.Meta.NormNum.isNNRat_mul (Eq.refl HMul.hMul)
              (Mathlib.Meta.NormNum.IsNat.to_isNNRat
                (Mathlib.Meta.NormNum.isNat_intCast 9 9 (Mathlib.Meta.NormNum.isNat_ofNat ℤ (Eq.refl 9))))
              (Mathlib.Meta.NormNum.isNNRat_inv_pos
                (Mathlib.Meta.NormNum.IsNat.to_isNNRat
                  (Mathlib.Meta.NormNum.isNat_intCast 4 4 (Mathlib.Meta.NormNum.isNat_ofNat ℤ (Eq.refl 4)))))
              (Eq.refl (Nat.mul 9 1)) (Eq.refl 4)))))))
  (Eq.mp
    (congr (congrArg LT.lt (congrArg Rat.cast (Rat.divInt_eq_div 2 1))) (congrArg Rat.cast (Rat.divInt_eq_div 9 4))) h0)
PROOF_DIRECT_CONSTANTS NLA.MI06.witness_moduli_proved: [And.intro,
 Eq,
 Matrix,
 Fin,
 OfNat.ofNat,
 Nat,
 instOfNatNat,
 Complex,
 NLA.MI06.matrixModulus,
 NLA.MI06.witnessA,
 NLA.MI06.rightModulusA,
 And,
 Matrix.conjTranspose,
 InvolutiveStar.toStar,
 StarAddMonoid.toInvolutiveStar,
 AddCommMonoid.toAddMonoid,
 NonUnitalNonAssocSemiring.toAddCommMonoid,
 NonUnitalNonAssocRing.toNonUnitalNonAssocSemiring,
 NonUnitalNonAssocCommRing.toNonUnitalNonAssocRing,
 NonUnitalCommRing.toNonUnitalNonAssocCommRing,
 Complex.instNonUnitalCommRing,
 StarRing.toStarAddMonoid,
 Complex.instStarRing,
 NLA.MI06.axialModulus,
 NLA.MI06.witnessB,
 NLA.MI06.leftModulusB,
 HAdd.hAdd,
 instHAdd,
 Matrix.add,
 Complex.instAdd,
 NLA.MI06.rightModulusSum,
 NLA.MI06.leftModulusSum,
 NLA.MI06.symmetricModulus,
 NLA.MI06.symmetricA,
 NLA.MI06.symmetricB,
 NLA.MI06.symmetricSum,
 HSub.hSub,
 instHSub,
 Matrix.sub,
 Complex.instSub,
 HSMul.hSMul,
 instHSMul,
 Matrix.smul,
 instSMulOfMul,
 Complex.instMul,
 HDiv.hDiv,
 instHDiv,
 DivInvMonoid.toDiv,
 Complex.instDivInvMonoid,
 One.toOfNat1,
 Complex.instOne,
 instOfNatAtLeastTwo,
 Complex.instNatCast,
 Nat.instAtLeastTwoHAddOfNat,
 Nat.instNeZeroSucc,
 Matrix.one,
 instDecidableEqFin,
 Complex.instZero,
 NLA.MI06.rankOne,
 NLA.MI06.directionA,
 NLA.MI06.missingA,
 NLA.MI06.directionB,
 NLA.MI06.missingB,
 _private.NLA.MI06.Proof.0.NLA.MI06.modulus_witnessA,
 _private.NLA.MI06.Proof.0.NLA.MI06.modulus_witnessA_adjoint,
 _private.NLA.MI06.Proof.0.NLA.MI06.modulus_witnessB,
 _private.NLA.MI06.Proof.0.NLA.MI06.modulus_witnessB_adjoint,
 _private.NLA.MI06.Proof.0.NLA.MI06.modulus_sum,
 _private.NLA.MI06.Proof.0.NLA.MI06.modulus_sum_adjoint,
 _private.NLA.MI06.Proof.0.NLA.MI06.symmetricModulus_A,
 _private.NLA.MI06.Proof.0.NLA.MI06.symmetricModulus_B,
 _private.NLA.MI06.Proof.0.NLA.MI06.symmetricModulus_sum,
 _private.NLA.MI06.Proof.0.NLA.MI06.symmetricA_decomposition,
 _private.NLA.MI06.Proof.0.NLA.MI06.symmetricB_decomposition]
PROOF_DIRECT_CONSTANTS NLA.MI06.two_vector_orthogonal_proved: [Fin,
 OfNat.ofNat,
 Nat,
 instOfNatNat,
 Complex,
 LinearMap,
 Complex.instSemiring,
 RingHom.id,
 Semiring.toNonAssocSemiring,
 Pi.addCommMonoid,
 Complex.instAddCommMonoid,
 Pi.Function.module,
 Semiring.toModule,
 LinearMap.mk,
 AddHom.mk,
 AddCommMagma.toAdd,
 AddCommSemigroup.toAddCommMagma,
 AddCommMonoid.toAddCommSemigroup,
 Matrix.vecCons,
 dotProduct,
 Fin.fintype,
 Complex.instMul,
 Star.star,
 Pi.instStarForall,
 InvolutiveStar.toStar,
 StarAddMonoid.toInvolutiveStar,
 AddCommMonoid.toAddMonoid,
 NonUnitalNonAssocSemiring.toAddCommMonoid,
 NonUnitalNonAssocRing.toNonUnitalNonAssocSemiring,
 NonUnitalNonAssocCommRing.toNonUnitalNonAssocRing,
 NonUnitalCommRing.toNonUnitalNonAssocCommRing,
 Complex.instNonUnitalCommRing,
 StarRing.toStarAddMonoid,
 Complex.instStarRing,
 Matrix.vecEmpty,
 funext,
 Nat.succ,
 HAdd.hAdd,
 instHAdd,
 List.Mem.casesOn,
 List,
 List.Mem,
 Eq,
 List.finRange,
 HEq,
 Membership.mem,
 Finset,
 SetLike.instMembership,
 Finset.instSetLike,
 Fintype.elems,
 Fintype.complete,
 List.cons,
 List.cons.noConfusion,
 List.Mem.head,
 Fin.mk,
 Nat.le_of_lt,
 Nat.le_refl,
 List.nil,
 Eq.ndrec,
 of_eq_true,
 AddSemigroup.toAdd,
 instAddNat,
 Fin.instOfNat,
 instNeZeroNatHAdd_1,
 Nat.instNeZeroSucc,
 AddMonoid.toAddSemigroup,
 Eq.trans,
 Distrib.toAdd,
 NonUnitalNonAssocSemiring.toDistrib,
 Distrib.toMul,
 True,
 congrFun',
 congrArg,
 congr,
 dotProduct_add,
 eq_self,
 eq_of_heq,
 List.Mem.tail,
 Matrix.cons_val_fin_one,
 False.elim,
 noConfusion_of_Nat,
 List.ctorIdx,
 Eq.refl,
 HEq.refl,
 HSMul.hSMul,
 instHSMul,
 SMulZeroClass.toSMul,
 AddZero.toZero,
 AddZeroClass.toAddZero,
 AddMonoid.toAddZeroClass,
 DistribSMul.toSMulZeroClass,
 DistribMulAction.toDistribSMul,
 Semiring.toMonoid,
 Module.toDistribMulAction,
 DFunLike.coe,
 RingHom,
 RingHom.instFunLike,
 HMul.hMul,
 instHMul,
 dotProduct_smul,
 NonUnitalNonAssocSemiring.toDistribSMul,
 Algebra.to_smulCommClass,
 Complex.instCommSemiring,
 CommSemiring.toSemiring,
 Algebra.id,
 SemigroupAction.toSMul,
 Monoid.toSemigroup,
 MulAction.toSemigroupAction,
 DistribMulAction.toMulAction,
 Not,
 Function.Injective,
 LinearMap.instFunLike,
 LE.le,
 instLENat,
 Module.finrank,
 LinearMap.finrank_le_finrank_of_injective,
 commRing_strongRankCondition,
 Complex.commRing,
 Complex.instNontrivial,
 FiniteDimensional.finiteDimensional_pi',
 Field.toDivisionRing,
 Complex.instField,
 Finite.of_fintype,
 Complex.addCommGroup,
 FiniteDimensional.finiteDimensional_self,
 False,
 Eq.mp,
 Semiring.toAddCommMonoid,
 Fintype.card,
 Module.finrank_fintype_fun_eq_card,
 Fintype.card_fin,
 eq_false,
 Mathlib.Meta.NormNum.isNat_le_false,
 Nat.instSemiring,
 Nat.instPartialOrder,
 StarOrderedRing.toIsOrderedRing,
 Nat.instCommSemiring,
 Nat.instStarRing,
 Nat.instStarOrderedRing,
 Nat.instCharZero,
 Mathlib.Meta.NormNum.isNat_ofNat,
 Nat.instAddMonoidWithOne,
 Bool,
 Bool.false,
 Exists.casesOn,
 Exists,
 And,
 LT.lt,
 Real,
 Real.instLT,
 Zero.toOfNat0,
 Real.instZero,
 NLA.MI06.squaredLength,
 Complex.instZero,
 Iff.mp,
 Classical.not_forall,
 And.casesOn,
 Classical.not_imp,
 HSub.hSub,
 instHSub,
 Pi.instSub,
 Complex.instSub,
 Pi.instZero,
 Eq.mpr,
 SubNegMonoid.toSub,
 SubtractionMonoid.toSubNegMonoid,
 Pi.subtractionMonoid,
 SubtractionCommMonoid.toSubtractionMonoid,
 AddCommGroup.toDivisionAddCommMonoid,
 id,
 AddGroup.toSubNegMonoid,
 Pi.addGroup,
 AddGroupWithOne.toAddGroup,
 Complex.addGroupWithOne,
 map_sub,
 DistribMulActionSemiHomClass.toAddMonoidHomClass,
 SemilinearMapClass.distribMulActionSemiHomClass,
 LinearMap.semilinearMapClass,
 SubNegMonoid.toAddMonoid,
 sub_self,
 congrFun,
 Exists.intro,
 And.intro,
 _private.NLA.MI06.Proof.0.NLA.MI06.squaredLength_pos,
 Iff.mpr,
 Ne,
 NegZeroClass.toZero,
 SubNegZeroMonoid.toNegZeroClass,
 SubtractionMonoid.toSubNegZeroMonoid,
 AddGroup.toSubtractionMonoid,
 sub_ne_zero]
PROOF_DIRECT_CONSTANTS NLA.MI06.witness_quadratic_bounds_proved: [Subtype,
 Matrix,
 Fin,
 OfNat.ofNat,
 Nat,
 instOfNatNat,
 Complex,
 Membership.mem,
 Submonoid,
 MulZeroOneClass.toMulOneClass,
 instMulZeroOneClassOfSemiring,
 Matrix.semiring,
 CommSemiring.toSemiring,
 CommRing.toCommSemiring,
 Complex.commRing,
 Fin.fintype,
 instDecidableEqFin,
 SetLike.instMembership,
 Submonoid.instSetLike,
 Matrix.unitaryGroup,
 Complex.instStarRing,
 Exists.casesOn,
 And,
 LT.lt,
 Real,
 Real.instLT,
 Zero.toOfNat0,
 Real.instZero,
 NLA.MI06.squaredLength,
 Eq,
 dotProduct,
 Complex.instMul,
 Complex.instAddCommMonoid,
 Star.star,
 Pi.instStarForall,
 InvolutiveStar.toStar,
 StarAddMonoid.toInvolutiveStar,
 AddCommMonoid.toAddMonoid,
 NonUnitalNonAssocSemiring.toAddCommMonoid,
 NonUnitalNonAssocRing.toNonUnitalNonAssocSemiring,
 NonUnitalNonAssocCommRing.toNonUnitalNonAssocRing,
 NonUnitalCommRing.toNonUnitalNonAssocCommRing,
 Complex.instNonUnitalCommRing,
 StarRing.toStarAddMonoid,
 Matrix.mulVec,
 Subtype.val,
 NLA.MI06.directionA,
 Complex.instZero,
 NLA.MI06.directionB,
 Exists,
 LE.le,
 Real.instLE,
 HMul.hMul,
 instHMul,
 Real.instMul,
 HDiv.hDiv,
 instHDiv,
 DivInvMonoid.toDiv,
 Real.instDivInvMonoid,
 instOfNatAtLeastTwo,
 Real.instNatCast,
 Nat.instAtLeastTwoHAddOfNat,
 Nat.instNeZeroSucc,
 NLA.MI06.quadraticForm,
 NLA.MI06.symmetricModulus,
 HAdd.hAdd,
 instHAdd,
 Matrix.add,
 Complex.instAdd,
 NLA.MI06.witnessA,
 NLA.MI06.witnessB,
 NLA.MI06.unitaryConjugate,
 One.toOfNat1,
 Real.instOne,
 NLA.MI06.two_vector_orthogonal_proved,
 And.casesOn,
 Exists.intro,
 And.intro,
 Eq.mpr,
 NLA.MI06.symmetricSum,
 id,
 congrArg,
 _private.NLA.MI06.Proof.0.NLA.MI06.symmetricModulus_sum,
 HSMul.hSMul,
 instHSMul,
 Matrix.smul,
 instSMulOfMul,
 Complex.instDivInvMonoid,
 Complex.instNatCast,
 Matrix.one,
 Complex.instOne,
 _private.NLA.MI06.Proof.0.NLA.MI06.quadraticForm_mono,
 _private.NLA.MI06.Proof.0.NLA.MI06.symmetricSum_lower_bound,
 Eq.mp,
 Complex.re,
 GroupWithZero.toDivInvMonoid,
 DivisionSemiring.toGroupWithZero,
 Semifield.toDivisionSemiring,
 Field.toSemifield,
 Real.instField,
 AddMonoidWithOne.toNatCast,
 AddCommMonoidWithOne.toAddMonoidWithOne,
 NonAssocSemiring.toAddCommMonoidWithOne,
 Semiring.toNonAssocSemiring,
 DivisionSemiring.toSemiring,
 Mathlib.Meta.NormNum.instAtLeastTwo,
 Eq.trans,
 congrFun',
 Complex.instField,
 Mathlib.Meta.NormNum.IsNNRat.to_eq,
 Mathlib.Meta.NormNum.isNNRat_div,
 Mathlib.Meta.NormNum.isNNRat_mul,
 Distrib.toMul,
 instDistribOfSemiring,
 Complex.instSemiring,
 Inv.inv,
 InvOneClass.toInv,
 DivInvOneMonoid.toInvOneClass,
 DivisionMonoid.toDivInvOneMonoid,
 GroupWithZero.toDivisionMonoid,
 Eq.refl,
 Mathlib.Meta.NormNum.IsNat.to_isNNRat,
 Mathlib.Meta.NormNum.isNat_ofNat,
 AddGroupWithOne.toAddMonoidWithOne,
 Complex.addGroupWithOne,
 Mathlib.Meta.NormNum.isNNRat_inv_pos,
 Complex.instCharZero,
 Nat.mul,
 Complex.div_ofNat_re,
 Real.semiring,
 Ring.toAddGroupWithOne,
 Real.instRing,
 FloorSemiring.instCharZero,
 Real.partialOrder,
 FloorRing.toFloorSemiring,
 Real.linearOrder,
 Real.instFloorRing,
 _private.NLA.MI06.Proof.0.NLA.MI06.quadraticForm_one,
 _private.NLA.MI06.Proof.0.NLA.MI06.quadraticForm_smul,
 of_eq_true,
 Complex.im,
 True,
 MulZeroClass.toZero,
 MulZeroOneClass.toMulZeroClass,
 MonoidWithZero.toMulZeroOneClass,
 GroupWithZero.toMonoidWithZero,
 Complex.div_ofNat_im,
 zero_div,
 eq_self,
 eq_true,
 True.intro,
 NLA.MI06.symmetricA,
 _private.NLA.MI06.Proof.0.NLA.MI06.symmetricModulus_A,
 _private.NLA.MI06.Proof.0.NLA.MI06.upper_bound_of_decomposition,
 NLA.MI06.missingA,
 _private.NLA.MI06.Proof.0.NLA.MI06.missingA_posSemidef,
 _private.NLA.MI06.Proof.0.NLA.MI06.symmetricA_decomposition,
 NLA.MI06.symmetricB,
 _private.NLA.MI06.Proof.0.NLA.MI06.symmetricModulus_B,
 NLA.MI06.missingB,
 _private.NLA.MI06.Proof.0.NLA.MI06.missingB_posSemidef,
 _private.NLA.MI06.Proof.0.NLA.MI06.symmetricB_decomposition]
PROOF_DIRECT_CONSTANTS NLA.MI06.counterexample_proved: [Subtype,
 Matrix,
 Fin,
 OfNat.ofNat,
 Nat,
 instOfNatNat,
 Complex,
 Membership.mem,
 Submonoid,
 MulZeroOneClass.toMulOneClass,
 instMulZeroOneClassOfSemiring,
 Matrix.semiring,
 CommSemiring.toSemiring,
 CommRing.toCommSemiring,
 Complex.commRing,
 Fin.fintype,
 instDecidableEqFin,
 SetLike.instMembership,
 Submonoid.instSetLike,
 Matrix.unitaryGroup,
 Complex.instStarRing,
 LE.le,
 Preorder.toLE,
 Matrix.instPreOrder,
 Complex.instRCLike,
 NLA.MI06.symmetricModulus,
 HAdd.hAdd,
 instHAdd,
 Matrix.add,
 Complex.instAdd,
 NLA.MI06.witnessA,
 NLA.MI06.witnessB,
 HSMul.hSMul,
 instHSMul,
 Matrix.smul,
 instSMulOfMul,
 Complex.instMul,
 Complex.ofReal,
 Real.sqrt,
 Real,
 instOfNatAtLeastTwo,
 Real.instNatCast,
 Nat.instAtLeastTwoHAddOfNat,
 Nat.instNeZeroSucc,
 NLA.MI06.unitaryConjugate,
 Exists.casesOn,
 And,
 LT.lt,
 Real.instLT,
 Zero.toOfNat0,
 Real.instZero,
 NLA.MI06.squaredLength,
 Eq,
 dotProduct,
 Complex.instAddCommMonoid,
 Star.star,
 Pi.instStarForall,
 InvolutiveStar.toStar,
 StarAddMonoid.toInvolutiveStar,
 AddCommMonoid.toAddMonoid,
 NonUnitalNonAssocSemiring.toAddCommMonoid,
 NonUnitalNonAssocRing.toNonUnitalNonAssocSemiring,
 NonUnitalNonAssocCommRing.toNonUnitalNonAssocRing,
 NonUnitalCommRing.toNonUnitalNonAssocCommRing,
 Complex.instNonUnitalCommRing,
 StarRing.toStarAddMonoid,
 Matrix.mulVec,
 Subtype.val,
 NLA.MI06.directionA,
 Complex.instZero,
 NLA.MI06.directionB,
 Real.instLE,
 HMul.hMul,
 instHMul,
 Real.instMul,
 HDiv.hDiv,
 instHDiv,
 DivInvMonoid.toDiv,
 Real.instDivInvMonoid,
 NLA.MI06.quadraticForm,
 One.toOfNat1,
 Real.instOne,
 Exists,
 False,
 NLA.MI06.witness_quadratic_bounds_proved,
 And.casesOn,
 _private.NLA.MI06.Proof.0.NLA.MI06.quadraticForm_mono,
 Real.instPreorder,
 Real.instAdd,
 mul_le_mul_of_nonneg_left,
 IsOrderedRing.toPosMulMono,
 Real.semiring,
 Real.partialOrder,
 Real.instIsOrderedRing,
 add_le_add,
 IsOrderedAddMonoid.toAddLeftMono,
 Real.instAddCommMonoid,
 Real.instIsOrderedAddMonoid,
 covariant_swap_add_of_covariant_add,
 Real.instAddCommSemigroup,
 Real.sqrt_nonneg,
 Trans.trans,
 instTransEq_1,
 le_trans,
 Eq.mp,
 Complex.re,
 congrArg,
 _private.NLA.MI06.Proof.0.NLA.MI06.quadraticForm_add,
 _private.NLA.MI06.Proof.0.NLA.MI06.quadraticForm_smul,
 of_eq_true,
 eq_self,
 Mathlib.Tactic.Ring.of_eq,
 Distrib.toAdd,
 instDistribOfSemiring,
 Real.instCommSemiring,
 Distrib.toMul,
 HPow.hPow,
 instHPow,
 NPow.toPow,
 Monoid.toNPow,
 Semiring.toMonoid,
 Nat.rawCast,
 AddCommMonoidWithOne.toAddMonoidWithOne,
 NonAssocSemiring.toAddCommMonoidWithOne,
 Semiring.toNonAssocSemiring,
 Nat.instCommSemiring,
 NNRat.rawCast,
 Semifield.toDivisionSemiring,
 Field.toSemifield,
 Real.instField,
 MulZeroClass.toZero,
 instMulZeroClassOfSemiring,
 Mathlib.Tactic.Ring.Common.mul_congr,
 Mathlib.Tactic.Ring.Common.atom_pf,
 rfl,
 Eq.mpr,
 id,
 Eq.symm,
 Eq.refl,
 Mathlib.Tactic.Ring.Common.add_congr,
 Mathlib.Tactic.Ring.Common.div_congr,
 Mathlib.Tactic.Ring.cast_pos,
 Mathlib.Meta.NormNum.isNat_ofNat,
 AddGroupWithOne.toAddMonoidWithOne,
 Ring.toAddGroupWithOne,
 Real.instRing,
 Nat.cast_one,
 AddMonoidWithOne.toNatCast,
 Mathlib.Meta.NormNum.instAtLeastTwo,
 Mathlib.Tactic.Ring.Common.div_pf,
 Mathlib.Tactic.Ring.Common.inv_single,
 Mathlib.Meta.NormNum.IsNNRat.to_raw_eq,
 Inv.inv,
 InvOneClass.toInv,
 DivInvOneMonoid.toInvOneClass,
 DivisionMonoid.toDivInvOneMonoid,
 GroupWithZero.toDivisionMonoid,
 DivisionSemiring.toGroupWithZero,
 Mathlib.Meta.NormNum.isNNRat_inv_pos,
 FloorSemiring.instCharZero,
 FloorRing.toFloorSemiring,
 Real.linearOrder,
 Real.instFloorRing,
 Mathlib.Meta.NormNum.IsNat.to_isNNRat,
 DivisionSemiring.toSemiring,
 Mathlib.Meta.NormNum.IsNat.of_raw,
 Mathlib.Tactic.Ring.Common.add_mul,
 Mathlib.Tactic.Ring.Common.mul_add,
 Mathlib.Meta.NormNum.isNNRat_mul,
 Mathlib.Meta.NormNum.IsNNRat.of_raw,
 Mathlib.Meta.NormNum.IsNNRat.den_nz,
 Nat.mul,
 Mathlib.Tactic.Ring.Common.mul_zero,
 Mathlib.Tactic.Ring.Common.add_pf_add_zero,
 Mathlib.Tactic.Ring.Common.zero_mul,
 Mathlib.Tactic.Ring.Common.mul_pf_right,
 Mathlib.Tactic.Ring.Common.add_pf_add_overlap,
 Mathlib.Tactic.Ring.Common.add_overlap_pf,
 Mathlib.Meta.NormNum.isNNRat_add,
 Mathlib.Tactic.Ring.Common.add_pf_zero_add,
 Mathlib.Tactic.Ring.Common.mul_pf_left,
 not_le_of_gt,
 mul_lt_mul_of_pos_right,
 IsStrictOrderedRing.toMulPosStrictMono,
 Real.instIsStrictOrderedRing,
 _private.NLA.MI06.Proof.0.NLA.MI06.scalar_coefficient_gap]
'NLA.MI06.modulus_eq_sqrt' depends on axioms: [propext, Classical.choice, Quot.sound]
'NLA.MI06.witness_moduli' depends on axioms: [propext, Classical.choice, Quot.sound]
'NLA.MI06.two_vector_orthogonal' depends on axioms: [propext, Classical.choice, Quot.sound]
'NLA.MI06.witness_quadratic_bounds' depends on axioms: [propext, Classical.choice, Quot.sound]
'NLA.MI06.counterexample' depends on axioms: [propext, Classical.choice, Quot.sound]
'NLA.MI06.not_dominationConjecture' depends on axioms: [propext, Classical.choice, Quot.sound]
