'NLA.MI06.modulus_eq_sqrt_proved' depends on axioms: [propext, Classical.choice, Quot.sound]
'_private.NLA.MI06.Proof.0.NLA.MI06.modulus_of_positive_square' depends on axioms: [propext,
 Classical.choice,
 Quot.sound]
'_private.NLA.MI06.Proof.0.NLA.MI06.rankOne_posSemidef' depends on axioms: [propext, Classical.choice, Quot.sound]
'_private.NLA.MI06.Proof.0.NLA.MI06.diagonal_table_posSemidef' depends on axioms: [propext,
 Classical.choice,
 Quot.sound]
'_private.NLA.MI06.Proof.0.NLA.MI06.rightModulusA_posSemidef' depends on axioms: [propext, Classical.choice, Quot.sound]
'_private.NLA.MI06.Proof.0.NLA.MI06.axialModulus_posSemidef' depends on axioms: [propext, Classical.choice, Quot.sound]
'_private.NLA.MI06.Proof.0.NLA.MI06.leftModulusB_posSemidef' depends on axioms: [propext, Classical.choice, Quot.sound]
'_private.NLA.MI06.Proof.0.NLA.MI06.rightModulusSum_posSemidef' depends on axioms: [propext,
 Classical.choice,
 Quot.sound]
'_private.NLA.MI06.Proof.0.NLA.MI06.leftModulusSum_posSemidef' depends on axioms: [propext,
 Classical.choice,
 Quot.sound]
'_private.NLA.MI06.Proof.0.NLA.MI06.missingA_posSemidef' depends on axioms: [propext, Classical.choice, Quot.sound]
'_private.NLA.MI06.Proof.0.NLA.MI06.missingB_posSemidef' depends on axioms: [propext, Classical.choice, Quot.sound]
'_private.NLA.MI06.Proof.0.NLA.MI06.modulus_witnessA' depends on axioms: [propext, Classical.choice, Quot.sound]
'_private.NLA.MI06.Proof.0.NLA.MI06.modulus_witnessA_adjoint' depends on axioms: [propext, Classical.choice, Quot.sound]
'_private.NLA.MI06.Proof.0.NLA.MI06.modulus_witnessB' depends on axioms: [propext, Classical.choice, Quot.sound]
'_private.NLA.MI06.Proof.0.NLA.MI06.modulus_witnessB_adjoint' depends on axioms: [propext, Classical.choice, Quot.sound]
'_private.NLA.MI06.Proof.0.NLA.MI06.modulus_sum' depends on axioms: [propext, Classical.choice, Quot.sound]
'_private.NLA.MI06.Proof.0.NLA.MI06.modulus_sum_adjoint' depends on axioms: [propext, Classical.choice, Quot.sound]
'_private.NLA.MI06.Proof.0.NLA.MI06.symmetricModulus_A' depends on axioms: [propext, Classical.choice, Quot.sound]
'_private.NLA.MI06.Proof.0.NLA.MI06.symmetricModulus_B' depends on axioms: [propext, Classical.choice, Quot.sound]
'_private.NLA.MI06.Proof.0.NLA.MI06.symmetricModulus_sum' depends on axioms: [propext, Classical.choice, Quot.sound]
'_private.NLA.MI06.Proof.0.NLA.MI06.symmetricA_decomposition' depends on axioms: [propext, Classical.choice, Quot.sound]
'_private.NLA.MI06.Proof.0.NLA.MI06.symmetricB_decomposition' depends on axioms: [propext, Classical.choice, Quot.sound]
'NLA.MI06.witness_moduli_proved' depends on axioms: [propext, Classical.choice, Quot.sound]
'_private.NLA.MI06.Proof.0.NLA.MI06.squaredLength_pos' depends on axioms: [propext, Classical.choice, Quot.sound]
'NLA.MI06.two_vector_orthogonal_proved' depends on axioms: [propext, Classical.choice, Quot.sound]
'_private.NLA.MI06.Proof.0.NLA.MI06.quadraticForm_add' depends on axioms: [propext, Classical.choice, Quot.sound]
'_private.NLA.MI06.Proof.0.NLA.MI06.quadraticForm_sub' depends on axioms: [propext, Classical.choice, Quot.sound]
'_private.NLA.MI06.Proof.0.NLA.MI06.quadraticForm_smul' depends on axioms: [propext, Classical.choice, Quot.sound]
'_private.NLA.MI06.Proof.0.NLA.MI06.quadraticForm_one' depends on axioms: [propext, Classical.choice, Quot.sound]
'_private.NLA.MI06.Proof.0.NLA.MI06.quadraticForm_rankOne_zero' depends on axioms: [propext,
 Classical.choice,
 Quot.sound]
'_private.NLA.MI06.Proof.0.NLA.MI06.quadraticForm_nonneg' depends on axioms: [propext, Classical.choice, Quot.sound]
'_private.NLA.MI06.Proof.0.NLA.MI06.quadraticForm_mono' depends on axioms: [propext, Classical.choice, Quot.sound]
'_private.NLA.MI06.Proof.0.NLA.MI06.unitaryConjugate_add' depends on axioms: [propext, Classical.choice, Quot.sound]
'_private.NLA.MI06.Proof.0.NLA.MI06.unitaryConjugate_sub' depends on axioms: [propext, Classical.choice, Quot.sound]
'_private.NLA.MI06.Proof.0.NLA.MI06.unitaryConjugate_smul' depends on axioms: [propext, Classical.choice, Quot.sound]
'_private.NLA.MI06.Proof.0.NLA.MI06.unitaryConjugate_one' depends on axioms: [propext, Classical.choice, Quot.sound]
'_private.NLA.MI06.Proof.0.NLA.MI06.unitaryConjugate_rankOne' depends on axioms: [propext, Classical.choice, Quot.sound]
'_private.NLA.MI06.Proof.0.NLA.MI06.unitaryConjugate_posSemidef' depends on axioms: [propext,
 Classical.choice,
 Quot.sound]
'_private.NLA.MI06.Proof.0.NLA.MI06.upper_bound_of_decomposition' depends on axioms: [propext,
 Classical.choice,
 Quot.sound]
'_private.NLA.MI06.Proof.0.NLA.MI06.symmetricSum_lower_bound' depends on axioms: [propext, Classical.choice, Quot.sound]
'NLA.MI06.witness_quadratic_bounds_proved' depends on axioms: [propext, Classical.choice, Quot.sound]
'_private.NLA.MI06.Proof.0.NLA.MI06.scalar_squared_gap' depends on axioms: [propext, Classical.choice, Quot.sound]
'_private.NLA.MI06.Proof.0.NLA.MI06.sqrt_two_lt_three_halves' depends on axioms: [propext, Classical.choice, Quot.sound]
'_private.NLA.MI06.Proof.0.NLA.MI06.scalar_coefficient_gap' depends on axioms: [propext, Classical.choice, Quot.sound]
'NLA.MI06.counterexample_proved' depends on axioms: [propext, Classical.choice, Quot.sound]
'NLA.MI06.not_dominationConjecture_proved' depends on axioms: [propext, Classical.choice, Quot.sound]
