{"command": ["rg", "-n", "sqrt_unique|abs_nonneg|def abs", ".lake/packages/mathlib/Mathlib/Analysis/SpecialFunctions/ContinuousFunctionalCalculus"], "exit_code": 0}
.lake/packages/mathlib/Mathlib/Analysis/SpecialFunctions/ContinuousFunctionalCalculus/Abs.lean:46:noncomputable def abs (a : A) := sqrt (star a * a)
.lake/packages/mathlib/Mathlib/Analysis/SpecialFunctions/ContinuousFunctionalCalculus/Abs.lean:53:lemma abs_nonneg (a : A) : 0 ≤ abs a := sqrt_nonneg _
.lake/packages/mathlib/Mathlib/Analysis/SpecialFunctions/ContinuousFunctionalCalculus/Abs.lean:100:    (hab.mul_nonneg (abs_nonneg a) (abs_nonneg b)), hab.eq, hab.mul_mul_mul_comm,
.lake/packages/mathlib/Mathlib/Analysis/SpecialFunctions/ContinuousFunctionalCalculus/Abs.lean:108:  simp only [abs_nonneg, nnrpow_two]
.lake/packages/mathlib/Mathlib/Analysis/SpecialFunctions/ContinuousFunctionalCalculus/Abs.lean:156:  rw [abs, sqrt_eq_iff _ _ (star_mul_self_nonneg _) (smul_nonneg (by positivity) (abs_nonneg _))]
.lake/packages/mathlib/Mathlib/Analysis/SpecialFunctions/ContinuousFunctionalCalculus/Abs.lean:318:    (abs_nonneg _).star_eq, CFC.abs_mul_abs, CStarRing.norm_star_mul_self]
.lake/packages/mathlib/Mathlib/Analysis/SpecialFunctions/ContinuousFunctionalCalculus/Rpow/Basic.lean:283:lemma sqrt_unique {a b : A} (h : b * b = a) (hb : 0 ≤ b := by cfc_tac) :
.lake/packages/mathlib/Mathlib/Analysis/SpecialFunctions/ContinuousFunctionalCalculus/Rpow/Basic.lean:289:  ⟨(mul_self_eq ·), (sqrt_unique ·)⟩
.lake/packages/mathlib/Mathlib/Analysis/SpecialFunctions/ContinuousFunctionalCalculus/Rpow/Basic.lean:296:  ⟨fun h => sqrt_mul_self a ▸ sqrt_unique h.symm, fun h => h ▸ rfl⟩

{"command": ["rg", "-n", "dotProduct_mulVec_nonneg|vecMulVec_self_star|mul_mul_conjTranspose_same", ".lake/packages/mathlib/Mathlib/LinearAlgebra/Matrix/PosDef.lean"], "exit_code": 0}
305:theorem dotProduct_mulVec_nonneg {M : Matrix n n R} (hM : M.PosSemidef) :
308:lemma of_dotProduct_mulVec_nonneg {M : Matrix n n R} (hM1 : M.IsHermitian)
316:  refine of_dotProduct_mulVec_nonneg (isHermitian_conjTranspose_mul_mul B hA.1) fun x ↦ ?_
318:      hA.dotProduct_mulVec_nonneg (B *ᵥ x)
321:lemma mul_mul_conjTranspose_same {A : Matrix n n R} (hA : PosSemidef A) (B : Matrix m n R) :
333:    simpa only [hM.isHermitian.eq] using (hM.pow k).mul_mul_conjTranspose_same M
359:  refine .of_dotProduct_mulVec_nonneg (isHermitian_conjTranspose_mul_self _) fun x => ?_
412:theorem posSemidef_vecMulVec_self_star [StarOrderedRing R] (a : n → R) :
452:lemma mul_mul_conjTranspose_same {A : Matrix n n R} {B : Matrix m n R} (hA : A.PosDef)
469:  simpa using mul_mul_conjTranspose_same .one hA
515:  have := hM.mul_mul_conjTranspose_same (B := M⁻¹) ?_
569:  · refine fun h => .of_dotProduct_mulVec_nonneg h.1 fun x => ?_

{"command": ["rg", "-n", "finrank_le_finrank_of_injective|finrank_fintype_fun_eq_card", ".lake/packages/mathlib/Mathlib/LinearAlgebra/Dimension"], "exit_code": 0}
.lake/packages/mathlib/Mathlib/LinearAlgebra/Dimension/Constructions.lean:325:theorem Module.finrank_fintype_fun_eq_card : finrank R (η → R) = Fintype.card η :=
.lake/packages/mathlib/Mathlib/LinearAlgebra/Dimension/StrongRankCondition.lean:553:theorem LinearMap.finrank_le_finrank_of_injective [Module.Finite R M'] {f : M →ₗ[R] M'}

{"command": ["rg", "-n", "two_vector_orthogonal|symmetricModulus|DominationConjecture", ".lake/packages/mathlib/Mathlib"], "exit_code": 1}
