{
  "status": "INDEPENDENT_RA20_PUBLICATION_PRESERVATION_PASS",
  "reviewer": "/root/ie05_statement_referee2",
  "candidate": "43603b173beb294c2588d83f936a8a96246fd5f0",
  "publication_author_outer_sha256": "3a2dbd0aa48277f7b5d87bd3b2f1e4e5a2abec571215de85783b10063bcb629a",
  "complete_author_files": 1791,
  "author_project_files": 1744,
  "author_other_repository_files": 47,
  "accepted_nested_inventories": [
    {
      "file": "reviews/final-referee-1-evidence/EVIDENCE-MANIFEST.json",
      "sha256": "360b0d841ebd8cb7219b39997e0b0a2617be32abfef461866d0f022ca134f70d",
      "entries": 699,
      "complete_frozen_own_membership": 176
    },
    {
      "file": "reviews/final-referee-2-evidence/EVIDENCE-MANIFEST.json",
      "sha256": "7fc642361790960be2d3a584d2842dc688d13511d93220907abc0d7ab951318c",
      "entries": 793,
      "complete_frozen_own_membership": 254
    },
    {
      "file": "reviews/statement-package-manifest.json",
      "sha256": "f703189ce7532af272df37e521ce9d703d01aaa9733cd7aa7d1f45813b0e5fa6",
      "entries": 70,
      "complete_frozen_own_membership": 70
    },
    {
      "file": "reviews/statement-referee-1-evidence/EVIDENCE-MANIFEST.json",
      "sha256": "5a0ca5bdd0db73e72739a581cd878eb554d01df0e77b252f13215214a7c97f0d",
      "entries": 12,
      "complete_frozen_own_membership": 11
    },
    {
      "file": "reviews/statement-referee-2-evidence/EVIDENCE-MANIFEST.json",
      "sha256": "838f724a397105f7ae0c53b5156bc53cbb8c6362e705ba4feaf085c315ba736b",
      "entries": 98,
      "complete_frozen_own_membership": 26
    },
    {
      "file": "verification/algebra-development/EVIDENCE-MANIFEST.json",
      "sha256": "c17f5f2bc0dc187ab4f024d0ccc2027023dd058f165dff827050b39cdc616f6f",
      "entries": 148,
      "complete_frozen_own_membership": 33
    },
    {
      "file": "verification/candidate-packaging-referee-2026-09-13/EVIDENCE-MANIFEST.json",
      "sha256": "7cbac7459fca07b95fc8b511b6c21daa03e631178ea07da8f7d872f35c3f9605",
      "entries": 1102,
      "complete_frozen_own_membership": 86
    },
    {
      "file": "verification/conclusion-development/EVIDENCE-MANIFEST.json",
      "sha256": "08a46ab6aac719684b7376b1e92717e25a3bc8fa5aa2a54429a0c6d4b86466ab",
      "entries": 513,
      "complete_frozen_own_membership": 71
    },
    {
      "file": "verification/critical-development/EVIDENCE-MANIFEST.json",
      "sha256": "447880d6364257b0b3a6446bf23f7af8431cc6b793089722dc8a964e042aba0e",
      "entries": 77,
      "complete_frozen_own_membership": 61
    },
    {
      "file": "verification/differential-development/EVIDENCE-MANIFEST.json",
      "sha256": "92bfee1c031660ffe542ace9f04c602009b35dbb95a95b513affca5913ca9a7f",
      "entries": 159,
      "complete_frozen_own_membership": 44
    },
    {
      "file": "verification/generic-development/EVIDENCE-MANIFEST.json",
      "sha256": "6478ce518b17eb81293c87262c3566b731d42e1e3a4e9986b39806628d466404",
      "entries": 165,
      "complete_frozen_own_membership": 50
    },
    {
      "file": "verification/linux-candidate-2026-09-13/EVIDENCE-MANIFEST.json",
      "sha256": "60f056cd293d2b093786a34e55b670975dd6b27e7e927acdbf8513438c28b381",
      "entries": 1010,
      "complete_frozen_own_membership": 32
    },
    {
      "file": "verification/linux-run-2026-09-13/EVIDENCE-MANIFEST.json",
      "sha256": "89b3cd2aa8c47835be4531cca85561a70aee7f20be6e9f3bcdaaa48d23812dcd",
      "entries": 1589,
      "complete_frozen_own_membership": 471
    },
    {
      "file": "verification/root-candidate-2026-09-13/EVIDENCE-MANIFEST.json",
      "sha256": "19a363307931a42bc7ae27e2d1ce039f6a1829e888415edbb18ae00498e0c6ba",
      "entries": 10,
      "complete_frozen_own_membership": 10
    },
    {
      "file": "verification/root-linux-acceptance-2026-09-13/EVIDENCE-MANIFEST.json",
      "sha256": "40d68224c966fc5114995418bf47ee2fc38f3ebbacc50536cae3b1c9d98ca0b8",
      "entries": 1604,
      "complete_frozen_own_membership": 14
    },
    {
      "file": "verification/root-proof-acceptance-2026-09-13/EVIDENCE-MANIFEST.json",
      "sha256": "821cdca57cc846c5a9d76d90f8396942d4efa73eef616f358b8cbca56bd529ff",
      "entries": 3,
      "complete_frozen_own_membership": 3
    },
    {
      "file": "verification/smooth-development/EVIDENCE-MANIFEST.json",
      "sha256": "50387281334c42d07d268d96ae43d26b029588c7fa75d77d0de8d4dbff7f9187",
      "entries": 89,
      "complete_frozen_own_membership": 81
    },
    {
      "file": "verification/smooth-transport-development/EVIDENCE-MANIFEST.json",
      "sha256": "33e3483ef20efc2bc3a6b4846922a2d5e08efd2177bba3f580ec52fb10c1c0a4",
      "entries": 13,
      "complete_frozen_own_membership": 12
    },
    {
      "file": "verification/tangent-development/EVIDENCE-MANIFEST.json",
      "sha256": "30de2c667e003d8576716d2e9df2a6ef0b7f93fa1d5cb37f951f186df6c0f3f5",
      "entries": 180,
      "complete_frozen_own_membership": 30
    }
  ],
  "rejected_diagnostic_retained_not_accepted": "verification/root-linux-acceptance-2026-09-13/initial-scope-diagnostic/EVIDENCE-MANIFEST.json",
  "original_Git_source_identities": [
    {
      "path": "randomized-and-low-rank-approximation/RA-20/README.md",
      "sha256": "c3f4e740305ff07c2bb58e9136dd6fee1c60e2c2d4a92d2f2647adac976912e7",
      "git_blob": "f7ca68e612d728f233a1a2b857824ea6c67c0d3c"
    },
    {
      "path": "randomized-and-low-rank-approximation/RA-20/solution.md",
      "sha256": "a91a56513b3181fc6b9a5bd5d1cb43565bcd58c0e4c16831c663030d645d877b",
      "git_blob": "f313b853f47c66ac00ff353316c96e0b16cb5006"
    },
    {
      "path": "randomized-and-low-rank-approximation/RA-20/solution.tex",
      "sha256": "428383fd4b33a1c4e64e4c847cf2ccbb438a9a2f03c5c74ff4a0b01a7e66d530",
      "git_blob": "93ebc33594d9122fd63e56b2a58f87bf0f32a10d"
    },
    {
      "path": "references/research-expansion-2026-09-11/ra20-resolution/README.md",
      "sha256": "2edc69fed55780b1c8c49cf68e46937b829d4c22dfc664002ed312bd6cce4c72",
      "git_blob": "119bd1600d1a8ba5e49167097c03f16b76771ed0"
    },
    {
      "path": "references/research-expansion-2026-09-11/ra20-resolution/independent-review.md",
      "sha256": "70154a64965e0552e0981235ff26eb9f6849dc65c5eadf9d5d57920205cc9047",
      "git_blob": "3b626f9affbd564fe535107c0d8edbff7591add3"
    },
    {
      "path": "references/research-expansion-2026-09-11/ra20-resolution/verify_counterexample.py",
      "sha256": "d652d34a3e52987e8604ce13c6a44c79b07e6a2f14d883287c0f7b4b3085f8b7",
      "git_blob": "4a7a55adcda97634f89bd96fe755799b7f456b64"
    },
    {
      "path": "references/research-expansion-2026-09-11/ra20-resolution/exact-results.json",
      "sha256": "36c949bfde9815384c04577ef49059080ef0b8576f2dd9d0011b5c6a8fae60f8",
      "git_blob": "58630510d20a053e41850ce6b2432668de6dcbbf"
    },
    {
      "path": "AGENTS.md",
      "sha256": "d7e27520acdcb0edacebf965b56f5b1e3fb0205d83da45a7fa021e0bedb80162",
      "git_blob": "7eb638704c183dc5a4ad1f2e3d9103416fedd92b"
    },
    {
      "path": "CONTRIBUTING.md",
      "sha256": "df81332de8240a0daa8576b5eccc8fcce7dde88204355342b3a8890b95d67db3",
      "git_blob": "ade2131e55f0372fd3a8de1634864e84c37def61"
    },
    {
      "path": "problem_ids.json",
      "sha256": "d7f9925a483d40030ef266917bc8e413dac6d45530ad5515da506ffe9583e763",
      "git_blob": "b1810237bc80efe04b4bb08f74d1e974b1bf80f7"
    },
    {
      "path": "docs/lean/README.md",
      "sha256": "27d1baf38609e50049f077e8004dabe598dc53cadab73acdb8a7a1e1e4a48be6",
      "git_blob": "24bfdfd61a643984c9607081a922e89313c47c83"
    },
    {
      "path": "docs/lean/REVIEW.md",
      "sha256": "d967ddce620d4e754e2f9c25548f30cb537f76f4ddcf8ecf2574945bcd332553",
      "git_blob": "5d1d8c908923a687f4779fd1a539237bd29a1a1a"
    },
    {
      "path": "docs/lean/schema/README.md",
      "sha256": "e61c5c99787b0c787dd197ff8713a56fa6b266070c92f7cdfb54b833755d53eb",
      "git_blob": "e61bade6af2c59233db4bd1ccc906eafe8d10e5a"
    },
    {
      "path": "docs/lean/schema/v0.4.schema.json",
      "sha256": "25ff6b25ca4511635aff4443cf20480c15e59dddf19591c730950b442ea54fce",
      "git_blob": "19f4a46a1bc0e4798dca7bcb7ed57281b1c8c996"
    },
    {
      "path": "tools/lean/HARNESS.md",
      "sha256": "6e7bca698cbdce70599d59d710e5b3ad1757f796b4b05e18bcb78820e9bc0fd4",
      "git_blob": "8f338f8f163e04d4fb7b6af5cdf969af92177c4b"
    },
    {
      "path": "tools/lean/source-lock.json",
      "sha256": "b3833b07916e5db77579b9cc53ca582282f6a841f36d6a60d693e5b02d342b6b",
      "git_blob": "27916ca1e378b13ba1a08f1eb3ecb285fde12408"
    }
  ],
  "proof_inputs": 521,
  "statement_inputs": 68,
  "actual_tested_candidate_Git_inputs_checked": 1092,
  "original_Linux_artifact_receipt_sha256": "9502f6911b8405d3dd93f9da48607f094015631156cbee25dcb5fdfd3bf13294",
  "original_Linux_input_map_equals_all_1092_Git_inputs": true,
  "archive_resolution_records": [
    {
      "original_path": "CATALOG.md",
      "expected_sha256": "4594afc6ff9c65c4f33b91fc92d6485df5560380b616574e9aef4d301cac607e",
      "archive_path": "randomized-and-low-rank-approximation/RA-20/lean/verification/publication-preparation-2026-09-13/archive/repository/CATALOG.md",
      "uses": 1
    },
    {
      "original_path": "README.md",
      "expected_sha256": "f4b160409ee1c02a9140db11c208b33faabb1c8b02ffae8f555515b847443d7c",
      "archive_path": "randomized-and-low-rank-approximation/RA-20/lean/verification/publication-preparation-2026-09-13/archive/repository/README.md",
      "uses": 1
    },
    {
      "original_path": "RESOLVED.md",
      "expected_sha256": "a857d38ef7c150e789d8166e1cc48eb645904246613717e3dae33de085458f5c",
      "archive_path": "randomized-and-low-rank-approximation/RA-20/lean/verification/publication-preparation-2026-09-13/archive/repository/RESOLVED.md",
      "uses": 1
    },
    {
      "original_path": "arithmetic-and-complexity/README.md",
      "expected_sha256": "fea138f3d18bba55e2a83762fa2263ec4a21089d535baf6c94bfbdc9b36fc9aa",
      "archive_path": "randomized-and-low-rank-approximation/RA-20/lean/verification/publication-preparation-2026-09-13/archive/repository/arithmetic-and-complexity/README.md",
      "uses": 1
    },
    {
      "original_path": "eigenvalues-and-inverse-problems/README.md",
      "expected_sha256": "4dc5a5a61d84dd7417d4fdd027d046f8f82191980848a44c6897f67e3eb317c1",
      "archive_path": "randomized-and-low-rank-approximation/RA-20/lean/verification/publication-preparation-2026-09-13/archive/repository/eigenvalues-and-inverse-problems/README.md",
      "uses": 1
    },
    {
      "original_path": "frames-and-matrix-designs/README.md",
      "expected_sha256": "da983d603a0732ed50ed84256146ac3374c59a17770b39bd49339d95314f8200",
      "archive_path": "randomized-and-low-rank-approximation/RA-20/lean/verification/publication-preparation-2026-09-13/archive/repository/frames-and-matrix-designs/README.md",
      "uses": 1
    },
    {
      "original_path": "intervals-and-absolute-value-equations/README.md",
      "expected_sha256": "b92cfae0719bebe5366a3837ab5ef42d14b16ea4f3d1f1248ea9cddb57ab871d",
      "archive_path": "randomized-and-low-rank-approximation/RA-20/lean/verification/publication-preparation-2026-09-13/archive/repository/intervals-and-absolute-value-equations/README.md",
      "uses": 1
    },
    {
      "original_path": "linear-systems-and-elimination/README.md",
      "expected_sha256": "31035c9d0e189e8f4d3618a76e6a016900aba9b5247ffbb3d79cb69ad5e67da9",
      "archive_path": "randomized-and-low-rank-approximation/RA-20/lean/verification/publication-preparation-2026-09-13/archive/repository/linear-systems-and-elimination/README.md",
      "uses": 1
    },
    {
      "original_path": "matrix-discrepancy-and-optimization/README.md",
      "expected_sha256": "58ce8d9014d5210cf120dea51ea5737b437b5b8d959b03f9cdcf1e11178ca0ed",
      "archive_path": "randomized-and-low-rank-approximation/RA-20/lean/verification/publication-preparation-2026-09-13/archive/repository/matrix-discrepancy-and-optimization/README.md",
      "uses": 1
    },
    {
      "original_path": "matrix-functions-and-stability/README.md",
      "expected_sha256": "7bc2da6a728fc9c7d7db27e004908ab7a827a6320619bd71fc4917126cf29470",
      "archive_path": "randomized-and-low-rank-approximation/RA-20/lean/verification/publication-preparation-2026-09-13/archive/repository/matrix-functions-and-stability/README.md",
      "uses": 1
    },
    {
      "original_path": "matrix-inequalities-and-norms/README.md",
      "expected_sha256": "a64153263f706211fc243b850daa3a08e4ee9a997e9dc2ac7dc11682ccba64ed",
      "archive_path": "randomized-and-low-rank-approximation/RA-20/lean/verification/publication-preparation-2026-09-13/archive/repository/matrix-inequalities-and-norms/README.md",
      "uses": 1
    },
    {
      "original_path": "nonnegative-and-positive-factorizations/README.md",
      "expected_sha256": "3ad4ff00cfe6b133d00300c7ae07743fc7034925d9b7983f7c51dc1d99c9883e",
      "archive_path": "randomized-and-low-rank-approximation/RA-20/lean/verification/publication-preparation-2026-09-13/archive/repository/nonnegative-and-positive-factorizations/README.md",
      "uses": 1
    },
    {
      "original_path": "randomized-and-low-rank-approximation/RA-20/README.md",
      "expected_sha256": "c3f4e740305ff07c2bb58e9136dd6fee1c60e2c2d4a92d2f2647adac976912e7",
      "archive_path": "randomized-and-low-rank-approximation/RA-20/lean/verification/publication-preparation-2026-09-13/archive/repository/randomized-and-low-rank-approximation/RA-20/README.md",
      "uses": 7
    },
    {
      "original_path": "randomized-and-low-rank-approximation/RA-20/lean/README.md",
      "expected_sha256": "7eb951780e58ce518f0a400c90297020e7c6909ad9fd0c9c15b8036761a8bb50",
      "archive_path": "randomized-and-low-rank-approximation/RA-20/lean/verification/pre-candidate-README.md",
      "uses": 11
    },
    {
      "original_path": "randomized-and-low-rank-approximation/RA-20/lean/README.md",
      "expected_sha256": "83e19faf1bf25a9748de40da3193cfd68690100923a50379553e288c45b5e8bc",
      "archive_path": "randomized-and-low-rank-approximation/RA-20/lean/verification/publication-preparation-2026-09-13/archive/candidate-README.md",
      "uses": 6
    },
    {
      "original_path": "randomized-and-low-rank-approximation/RA-20/lean/formalization.yaml",
      "expected_sha256": "bec9d851e204464fa2d3e29033d5958034665d51c3554d2043f1470bfafd4197",
      "archive_path": "randomized-and-low-rank-approximation/RA-20/lean/verification/publication-preparation-2026-09-13/archive/candidate-formalization.yaml",
      "uses": 6
    },
    {
      "original_path": "randomized-and-low-rank-approximation/RA-20/problem.pdf",
      "expected_sha256": "7fdfd0e9874863eabead0a38d2245afedf4b81c64d56c9eddd30e7a02a805c47",
      "archive_path": "randomized-and-low-rank-approximation/RA-20/lean/verification/publication-preparation-2026-09-13/archive/repository/randomized-and-low-rank-approximation/RA-20/problem.pdf",
      "uses": 1
    },
    {
      "original_path": "randomized-and-low-rank-approximation/RA-20/problem.tex",
      "expected_sha256": "4d9553597d2a38534fa091a1a1b8f8322282d1d3ad5b33fbec48820111eca9c3",
      "archive_path": "randomized-and-low-rank-approximation/RA-20/lean/verification/publication-preparation-2026-09-13/archive/repository/randomized-and-low-rank-approximation/RA-20/problem.tex",
      "uses": 1
    },
    {
      "original_path": "randomized-and-low-rank-approximation/README.md",
      "expected_sha256": "7f4fc791d87041fa4ea965df0a9d5d1af0999bcdfc8e7ce977d339b36227ad64",
      "archive_path": "randomized-and-low-rank-approximation/RA-20/lean/verification/publication-preparation-2026-09-13/archive/repository/randomized-and-low-rank-approximation/README.md",
      "uses": 1
    },
    {
      "original_path": "tensor-computations/README.md",
      "expected_sha256": "e27feef6019bd9898cb3cabf7973b4f7cb44006732897c176f66cf3ee50c2b75",
      "archive_path": "randomized-and-low-rank-approximation/RA-20/lean/verification/publication-preparation-2026-09-13/archive/repository/tensor-computations/README.md",
      "uses": 1
    }
  ],
  "changed_existing_paths": [
    "CATALOG.md",
    "README.md",
    "RESOLVED.md",
    "randomized-and-low-rank-approximation/RA-20/README.md",
    "randomized-and-low-rank-approximation/RA-20/lean/README.md",
    "randomized-and-low-rank-approximation/RA-20/lean/formalization.yaml",
    "randomized-and-low-rank-approximation/RA-20/problem.pdf",
    "randomized-and-low-rank-approximation/RA-20/problem.tex",
    "randomized-and-low-rank-approximation/README.md"
  ],
  "canonical_statement_tail_byte_identical": true,
  "permanent_IDs": 217,
  "isolated_branch_status_counts": {
    "Solved": 75,
    "Open": 53,
    "Partially resolved": 72,
    "Lean verified": 17
  },
  "status_input_snapshots": {
    "arithmetic-and-complexity/AA-01/README.md": {
      "sha256": "7c95575dd3b31fd6d9d0b6da31839c545a033e07eb58bba7e2eaf4e1d8a6f316",
      "bytes": 7603
    },
    "arithmetic-and-complexity/AC-01/README.md": {
      "sha256": "ce0f638fda00e3192002eb2381d4fc3b437c395903c489c08bfa6da96aa84e01",
      "bytes": 2377
    },
    "arithmetic-and-complexity/AC-02/README.md": {
      "sha256": "3c24ee891812c32a5f029477d8c353b6fa2840c87f375970ba2406e7916c1b60",
      "bytes": 2461
    },
    "arithmetic-and-complexity/AC-03/README.md": {
      "sha256": "b93f5e6da49efe1bd61d99d2d328ed3e3cb097e21fb85cbc6e6eb96f9bae4e38",
      "bytes": 2174
    },
    "arithmetic-and-complexity/AC-04/README.md": {
      "sha256": "6a0b794c3d4debedd4d94e87e3340b811e13b62cb753d4ae684feb674c3f343c",
      "bytes": 2318
    },
    "arithmetic-and-complexity/AC-05/README.md": {
      "sha256": "b12a726dd11c231232a7bf0edb85fbeb2c352608ed9b0c7bfe490b73b9f7d2ad",
      "bytes": 2626
    },
    "arithmetic-and-complexity/AC-06/README.md": {
      "sha256": "c6d021cbf51a28d5dc5592f4eebbae015737c5143f2648d67f709128679aeb37",
      "bytes": 3033
    },
    "arithmetic-and-complexity/AC-07/README.md": {
      "sha256": "844c0c09ef833074db9fb8efc28a3906673f30be0e1eda20c39aba92c588d7a6",
      "bytes": 2702
    },
    "arithmetic-and-complexity/AC-08/README.md": {
      "sha256": "01600f19a6949eaf59a04b299fe191b4def740cd9fd98d2cdeaa1ac15fa34faf",
      "bytes": 2646
    },
    "arithmetic-and-complexity/AC-09/README.md": {
      "sha256": "84d4bfd763767444e630cf2e5d6c8a57a42ff13717653a9315ff71d419ab04b3",
      "bytes": 3182
    },
    "arithmetic-and-complexity/AC-10/README.md": {
      "sha256": "6d20ad08a75864d7d55b45e1cb10861cb11d2425fdfdb5804c7611feb428281c",
      "bytes": 3595
    },
    "arithmetic-and-complexity/AC-11/README.md": {
      "sha256": "f5f93bf40fc1c1996d5dbdeb6069caae9703bfe14d2d63aa18e32fffbdbbdb3f",
      "bytes": 4562
    },
    "arithmetic-and-complexity/AC-12/README.md": {
      "sha256": "56e8bd9997e82f7e49a9b140b55f577412faf4774dfb82b0f82f3136b6018ecb",
      "bytes": 4013
    },
    "arithmetic-and-complexity/AC-13/README.md": {
      "sha256": "e7701d733c4f240d5f9fb0ae3c61f515ddf79d6a5ff4a1cf2d6b8a2070365df6",
      "bytes": 3683
    },
    "intervals-and-absolute-value-equations/AV-01/README.md": {
      "sha256": "68205f4476868847a9332d5ab294d062882302f203e6903f4da3c43f61f5f091",
      "bytes": 3963
    },
    "intervals-and-absolute-value-equations/AV-02/README.md": {
      "sha256": "c3e81826d271c719b61c0b2ba102206e24d2452a4684511d87cbacb1e7224828",
      "bytes": 4801
    },
    "intervals-and-absolute-value-equations/AV-03/README.md": {
      "sha256": "a67a7410eccf0a93ad902c95401d34fa9468b322ee1dc0f79112e7eb1dd5ba47",
      "bytes": 5332
    },
    "frames-and-matrix-designs/FR-01/README.md": {
      "sha256": "6bc646489c82255cd0dee3fcf27ed09a56f7e74d2995bd4e1e89d976aedc4aa4",
      "bytes": 4390
    },
    "frames-and-matrix-designs/FR-02/README.md": {
      "sha256": "5c86d08af791b4490181dc65e181165d7cd45322110d4682f448a2e27fc791a3",
      "bytes": 4579
    },
    "frames-and-matrix-designs/FR-03/README.md": {
      "sha256": "37666953a84f02a7192d871463b2bfba4228f5083867aa05ab16262c15ad859f",
      "bytes": 3502
    },
    "frames-and-matrix-designs/FR-04/README.md": {
      "sha256": "97ed242b41b6c4cfd1d114a673687f20d6e9e7ed6833d1dd31bdcda7a0161ba2",
      "bytes": 4153
    },
    "frames-and-matrix-designs/FR-05/README.md": {
      "sha256": "f813a1a17d1f37bf3565d1d578afc2b8611251ebaadd2698d2092e85e8ee78fb",
      "bytes": 2860
    },
    "frames-and-matrix-designs/FR-06/README.md": {
      "sha256": "e88f57dcf3ddfc98c7be4ad7f84407feb7fdf37cbfdcbfaac26e704d31abbdfc",
      "bytes": 2992
    },
    "frames-and-matrix-designs/FR-07/README.md": {
      "sha256": "b29882c7e1ccc7b3b1f1240d1b40e03ed0df44ebd45f38741b7138894b6bbae6",
      "bytes": 3128
    },
    "frames-and-matrix-designs/FR-08/README.md": {
      "sha256": "e4c0d20a8b0df513af0f790bdecb800722e6aad8fc28d4463f30508bc9167dad",
      "bytes": 2498
    },
    "frames-and-matrix-designs/FR-09/README.md": {
      "sha256": "46ecba44c6f64306f517a97449a605498339683ac69facee13482c6839c1c95d",
      "bytes": 3502
    },
    "frames-and-matrix-designs/FR-10/README.md": {
      "sha256": "0fbbb368b8e40eaff3d754522cc23d70948fa6112a20bff8f9823e222331d014",
      "bytes": 4159
    },
    "frames-and-matrix-designs/FR-11/README.md": {
      "sha256": "401ff1b7a8783a453a851aa0994fc9ea47588b12e14c0aa12273e2a851f2a8e2",
      "bytes": 4361
    },
    "linear-systems-and-elimination/IE-01/README.md": {
      "sha256": "ce2e811347b420a7d0e38f263cb9003dc3e874a1b3d8ac14fac9dcb33a343f09",
      "bytes": 5990
    },
    "linear-systems-and-elimination/IE-02/README.md": {
      "sha256": "96072d0ab9fda78de1c17ec51368b1e6f561ab0db3fa83de7231c6d6ab2c1ef0",
      "bytes": 4133
    },
    "linear-systems-and-elimination/IE-03/README.md": {
      "sha256": "a2a80b3ec743adeb6de3c4c51392ddf63539bff52231bbc81254c6ead358aee9",
      "bytes": 3472
    },
    "linear-systems-and-elimination/IE-04/README.md": {
      "sha256": "f689c04a0dddf05075a7c1afa4861bb03513cdecbe8970ac64deaf5b893fe27c",
      "bytes": 4956
    },
    "linear-systems-and-elimination/IE-05/README.md": {
      "sha256": "b5e980fa1f171ac540465212341dfc589d4f34d33c0b59d54a520dd3b0a4f1f5",
      "bytes": 4916
    },
    "linear-systems-and-elimination/IE-06/README.md": {
      "sha256": "60a6d3ba647c4443e07e906cca8950007c15c12e326c8496db8a670e6ec308bf",
      "bytes": 3209
    },
    "eigenvalues-and-inverse-problems/IE-07/README.md": {
      "sha256": "1aea7a9e7856a88d1fad7191e9ef0bf175580cbbb43366f924fea47ebdc8632d",
      "bytes": 2407
    },
    "eigenvalues-and-inverse-problems/IE-08/README.md": {
      "sha256": "22dd77f1baaa4004bb8c05ec34c63bffabf99103d48ecfb9fcec92d1bdcc4e7d",
      "bytes": 4097
    },
    "eigenvalues-and-inverse-problems/IE-10/README.md": {
      "sha256": "61c9f5e820b4201e6b34e55cd43e3b65bc0e746dcdef6551ccfe50602ebe644a",
      "bytes": 3822
    },
    "linear-systems-and-elimination/IE-11/README.md": {
      "sha256": "27ace596fc1d9630461706ce7113747942329dac55568e98418d109185a2ddf5",
      "bytes": 3050
    },
    "linear-systems-and-elimination/IE-12/README.md": {
      "sha256": "a46926ac2cec003913f0ae71d3f4b54dfb44e82bb90daeaa3ab79ed757421b77",
      "bytes": 4462
    },
    "linear-systems-and-elimination/IE-13/README.md": {
      "sha256": "2977da8c5a1144e8bec75b77eeb6df1ed9ac49ffc3ab741a3f278e6310088d6b",
      "bytes": 4764
    },
    "linear-systems-and-elimination/IE-14/README.md": {
      "sha256": "ebbd61a71ba0aa17f4bd076f1f2408e5db63aa3426247b4e4db0bcb0b582d869",
      "bytes": 4840
    },
    "linear-systems-and-elimination/IE-15/README.md": {
      "sha256": "15d158615000f0f121540d2d0bad95487e5d1b4dc26c17a2876ab56c8e0be4d1",
      "bytes": 5532
    },
    "linear-systems-and-elimination/IE-16/README.md": {
      "sha256": "bc4ac8591a0dd4fc3533ad278741c335b43bb1677e4148340cb0b25f2938558f",
      "bytes": 4657
    },
    "linear-systems-and-elimination/IE-17/README.md": {
      "sha256": "53cba6429e84e1c8e055e10e5b7093f03ee0d1a94c8bf57f30ed150ae4cc08dc",
      "bytes": 4831
    },
    "linear-systems-and-elimination/IE-18/README.md": {
      "sha256": "682354cc164216c838aac0124770f13d0921078f17ca797b76358c85054bf10b",
      "bytes": 7703
    },
    "linear-systems-and-elimination/IE-19/README.md": {
      "sha256": "e665e2d1f11510a9f62d4ffd8c6547cd43aeb09576286b7e7ff22f8cdc61697d",
      "bytes": 8138
    },
    "linear-systems-and-elimination/IE-20/README.md": {
      "sha256": "cddfd99ccbeb0b20918e920dc7a929918e6ec229205f174351340f1e8bb28ab0",
      "bytes": 5674
    },
    "linear-systems-and-elimination/IE-21/README.md": {
      "sha256": "1d5b73606664dd9af13078553f3311cabd947543b83a093f4060c5765cf42a6a",
      "bytes": 4957
    },
    "linear-systems-and-elimination/IE-22/README.md": {
      "sha256": "504984076c0ea84bd8f1017dd10ab70858ea40c292cd70dc5adca81ddfb93f80",
      "bytes": 5062
    },
    "linear-systems-and-elimination/IE-23/README.md": {
      "sha256": "922b5f8132432545fc92c29e441f672340ed964578fa65ed902d910dd251b415",
      "bytes": 4662
    },
    "linear-systems-and-elimination/IE-24/README.md": {
      "sha256": "b63fdd7a49578bb096ccef9582c4a4249076bd70f7fa23c39ae2bb8015f2d716",
      "bytes": 4242
    },
    "linear-systems-and-elimination/IE-25/README.md": {
      "sha256": "e84cce0956457f14d3131847bbb128db4cd81cfafccaa78d684354fa706e586f",
      "bytes": 4467
    },
    "eigenvalues-and-inverse-problems/IS-01/README.md": {
      "sha256": "c4be9a705acc67bcd0d93348ad6351e6695be86dc66e8220fc9a9b36af0455d3",
      "bytes": 2612
    },
    "eigenvalues-and-inverse-problems/IS-02/README.md": {
      "sha256": "92f7c04c5ac0be67a7f6a4efd0d2439caaf000295fa27d259e01a22368f7ae24",
      "bytes": 3843
    },
    "eigenvalues-and-inverse-problems/IS-03/README.md": {
      "sha256": "36bc7b30545352d54c7719a80bfcc99ecf6acaa8e1926f5cd8903f58172b3a75",
      "bytes": 3993
    },
    "eigenvalues-and-inverse-problems/IS-04/README.md": {
      "sha256": "373892ad82d552d4929699054290c8bb64ac9b0c5b3aa37add3eea972775e67f",
      "bytes": 3295
    },
    "eigenvalues-and-inverse-problems/IS-05/README.md": {
      "sha256": "cb63448ed751e9a6319b3c4983acee59f7e4611c4b2d151f0ce7453e072c0163",
      "bytes": 4147
    },
    "intervals-and-absolute-value-equations/IV-01/README.md": {
      "sha256": "420f9e3cfc8d558b3b9fbb30385e866ed1c3d15cecb3dcd6b19e1cb50e8eda45",
      "bytes": 5120
    },
    "intervals-and-absolute-value-equations/IV-02/README.md": {
      "sha256": "cc8959458fc509248d1df1c5d5ac38877f3a0bc041782d235971921c6565a040",
      "bytes": 5562
    },
    "intervals-and-absolute-value-equations/IV-03/README.md": {
      "sha256": "c5c92b828ae968b01e53dab0e71b9adca662efe0075f8928606dc5e671c439d2",
      "bytes": 4642
    },
    "intervals-and-absolute-value-equations/IV-04/README.md": {
      "sha256": "105f04f935c1a12e457cb9e5ab9a633b6bf0dff322ded46c6b89abe936538bed",
      "bytes": 5185
    },
    "intervals-and-absolute-value-equations/IV-05/README.md": {
      "sha256": "09f68840d5c42b3b101532620a8900a7253f6f881bfa59ad99e80ff21c16a87c",
      "bytes": 4904
    },
    "intervals-and-absolute-value-equations/IV-06/README.md": {
      "sha256": "05927abe987e01c08a3462b74223281106ddef0b8fb3f903c373510a06ba9ef9",
      "bytes": 5156
    },
    "linear-systems-and-elimination/KE-01/README.md": {
      "sha256": "9ea6d6fc947a578498c1cb246430421687799851d589450cbb7240588f10a6cb",
      "bytes": 4932
    },
    "eigenvalues-and-inverse-problems/KE-02/README.md": {
      "sha256": "fdc6254fc72f1ea9cbd863764377bdf71e8bd6b446c6801c1fb74bd821d11ecc",
      "bytes": 4447
    },
    "eigenvalues-and-inverse-problems/KE-03/README.md": {
      "sha256": "6e2f296520b00a62662c156f84cba6d69455f8caffbf57067ee888de3a5dfbc2",
      "bytes": 4523
    },
    "eigenvalues-and-inverse-problems/KE-04/README.md": {
      "sha256": "20ff79f2a4c9fbbd456a5167f6e634df7473a6415141fcfc01d85b49fea8a057",
      "bytes": 4072
    },
    "randomized-and-low-rank-approximation/KE-05/README.md": {
      "sha256": "64413097e4ea65cc3646082001257229cf22757a9e9d1ac6b76d223c80235c51",
      "bytes": 6830
    },
    "matrix-discrepancy-and-optimization/MD-01/README.md": {
      "sha256": "87291fde7b3fcf698402228dbab22a2d0bfd9efee8ee4ddcbe1a31d26a780829",
      "bytes": 2056
    },
    "matrix-discrepancy-and-optimization/MD-02/README.md": {
      "sha256": "f5d0d6899b3e27b81399de15bea8f68f47b11a256c5c081b0b3adf5e11f8f503",
      "bytes": 2434
    },
    "matrix-discrepancy-and-optimization/MD-03/README.md": {
      "sha256": "3486bfa69ba99b106dfb059866d0f4fa3e0b9eac99276a05f911756639bbfd1e",
      "bytes": 4677
    },
    "matrix-discrepancy-and-optimization/MD-04/README.md": {
      "sha256": "a8be36a5217cb0b3031c8f87cfc25e5421ca78dd8c42ecc151219fa62eb8156e",
      "bytes": 4884
    },
    "matrix-discrepancy-and-optimization/MD-05/README.md": {
      "sha256": "87f774d961b9c3a9f5749ab7509730a137461744d9bdf2120a766437c010f9e1",
      "bytes": 2906
    },
    "matrix-discrepancy-and-optimization/MD-06/README.md": {
      "sha256": "14a35a5a2526e89085becdd213f4aba3b6a42bf27afdd695913612c064bdbfe7",
      "bytes": 5087
    },
    "matrix-functions-and-stability/MF-01/README.md": {
      "sha256": "0bf9ebebac32a92c2eef3d51648be5224dda097b6bd4b8ef23cffb84b9550187",
      "bytes": 2105
    },
    "matrix-functions-and-stability/MF-02/README.md": {
      "sha256": "b779c356388860ddeab25dc9b6f35d968b6f42625c598038fa402e6841b477c9",
      "bytes": 5001
    },
    "matrix-functions-and-stability/MF-03/README.md": {
      "sha256": "57a39aef2af14ff19c83100fdb037de571ebb525ca836c045ddba6d91ae40f5a",
      "bytes": 3412
    },
    "matrix-functions-and-stability/MF-04/README.md": {
      "sha256": "d628e72b611380b9053635e9670a58579475425dbe948393329d1d4e0ead7a41",
      "bytes": 2781
    },
    "matrix-functions-and-stability/MF-05/README.md": {
      "sha256": "ba6abb75a0a1803bc9cfbfc519475d4aabb6a7454cbc8891ef04ff917b1935b4",
      "bytes": 4069
    },
    "matrix-functions-and-stability/MF-06/README.md": {
      "sha256": "9b30bdf83293e23f792d61bcaf02ce6b2a92e05ffe4d55f1e6126e13fc6f2b77",
      "bytes": 4522
    },
    "matrix-functions-and-stability/MF-07/README.md": {
      "sha256": "d2276476deb824783939220c720d2747dc5cfac2e9713b80fdd249c400dbc7ef",
      "bytes": 3889
    },
    "matrix-functions-and-stability/MF-08/README.md": {
      "sha256": "9e42dc14afb5910f8c017b31a97e94608cee67d494e6544b739f57b467cb00fa",
      "bytes": 2557
    },
    "matrix-functions-and-stability/MF-09/README.md": {
      "sha256": "a3ae0b907094190cdf9cc8111a048020b2d3697cc14e4c40542d6be72488afd1",
      "bytes": 3012
    },
    "matrix-functions-and-stability/MF-10/README.md": {
      "sha256": "f6c0986d842cf23b19ad7d124d5c74a8a31b1be7a9069569a8607128d18206b3",
      "bytes": 2552
    },
    "matrix-functions-and-stability/MF-11/README.md": {
      "sha256": "77b2b4c21de3f16f01744725ece7bb555505aa32a82e604bec17da9334a9a521",
      "bytes": 2446
    },
    "matrix-functions-and-stability/MF-12/README.md": {
      "sha256": "f17c1292861e5ba6829f8c44aa8bd7aaca0d21f892b302333358e166c2c3ed78",
      "bytes": 4032
    },
    "matrix-functions-and-stability/MF-13/README.md": {
      "sha256": "04a2ea0d6b11dc65cac3b21cd271129230c0b49b8c6c37861885c608f7d27620",
      "bytes": 2546
    },
    "matrix-functions-and-stability/MF-14/README.md": {
      "sha256": "97bab089cbe9dbfc3e05cbb00b04284b2e2947f398544916f67d47a3acd3b0d9",
      "bytes": 5104
    },
    "matrix-functions-and-stability/MF-15/README.md": {
      "sha256": "0bd624ab108aa83b8c07c081bc13c1b58406c73039018c7636f5dd9228385427",
      "bytes": 4709
    },
    "matrix-functions-and-stability/MF-16/README.md": {
      "sha256": "409878c6542f9f3f443fd489d3348cb636e7581a86532eef006999628980d72d",
      "bytes": 5087
    },
    "matrix-functions-and-stability/MF-17/README.md": {
      "sha256": "4bbb1694fe57650953d8a266241d8946f0f4bf5f57c8befb3baf737aeba3e911",
      "bytes": 4336
    },
    "matrix-functions-and-stability/MF-18/README.md": {
      "sha256": "98e1310c98e2d5b349a765a45d56a81107db4d71b42e09609c38b16b358fd431",
      "bytes": 6506
    },
    "matrix-functions-and-stability/MF-19/README.md": {
      "sha256": "b217f5e6586a0a5e970acf5377ebc10513cf1b775070b9cee5a1de718042b59d",
      "bytes": 3350
    },
    "matrix-functions-and-stability/MF-20/README.md": {
      "sha256": "770587f2a77902f4bd69d2dd2cd06e6f17780f10c39011c0dc5a2f4b827fc18e",
      "bytes": 3700
    },
    "matrix-functions-and-stability/MF-21/README.md": {
      "sha256": "d7072f0d69da1db6eeb761517bec3bc63f59ba64ebb821caf5a5b7a5609c90a0",
      "bytes": 6703
    },
    "matrix-functions-and-stability/MF-22/README.md": {
      "sha256": "1e47aed8795445d4b2fd7736d4ec0420dee5460f1fd12de37097f58d3d752eda",
      "bytes": 5971
    },
    "matrix-inequalities-and-norms/MI-01/README.md": {
      "sha256": "48146d57d913735093371d3933ea73aee873a5b9237a6327e3756595b612d46b",
      "bytes": 2943
    },
    "matrix-inequalities-and-norms/MI-02/README.md": {
      "sha256": "15c2b06660fb9f8edf0d37176f8aa696d976fc39e7408924bd007496f7b167a7",
      "bytes": 2907
    },
    "matrix-inequalities-and-norms/MI-03/README.md": {
      "sha256": "fc504918a1f2ca1d83bc0e3b68ff4864d349ad215ff50116e9bfab2776378ba3",
      "bytes": 3652
    },
    "matrix-inequalities-and-norms/MI-04/README.md": {
      "sha256": "22adf3cb0275c044c912eca496d13fbce98f83a35c6ee1184162cef379711bdc",
      "bytes": 3859
    },
    "matrix-inequalities-and-norms/MI-05/README.md": {
      "sha256": "6a8caa68c63ad56d95f59ed944877fcad3e13a3dd54b6f9d892db67df52e7a7a",
      "bytes": 2822
    },
    "matrix-inequalities-and-norms/MI-06/README.md": {
      "sha256": "475c228e3f6b57ed8e667dcf44fd44a47564b8b2cd06660e5ccc069b18f8ba53",
      "bytes": 7312
    },
    "matrix-inequalities-and-norms/MI-07/README.md": {
      "sha256": "72115f553928a5ec56ed87362f852b4c081e8a083f3061126423f9bbf2dd3aba",
      "bytes": 7290
    },
    "matrix-inequalities-and-norms/MI-08/README.md": {
      "sha256": "814804db20ca8a73366cced2a5de00f8f01261f13d05d5bae1eaa1a1124289e2",
      "bytes": 3828
    },
    "matrix-inequalities-and-norms/MI-09/README.md": {
      "sha256": "6899935862f442eb260d1ece6fc1531c518c02266d69338ab4427ae6a5190fd5",
      "bytes": 4028
    },
    "matrix-inequalities-and-norms/MI-10/README.md": {
      "sha256": "2b49cb4a4d6cba48b2f0de43f27bc01c10ebb64603757afba0075c18ac93472b",
      "bytes": 3303
    },
    "matrix-inequalities-and-norms/MI-11/README.md": {
      "sha256": "4c98c5e76b3cb179d2c1d6471893fdb3e8dfcc33def5a9cce5484141685fa682",
      "bytes": 3253
    },
    "matrix-inequalities-and-norms/MI-12/README.md": {
      "sha256": "c94b3f68f22de70f468bed99b7f2c6ca33c4a2acb1862f883e9d798192ea286e",
      "bytes": 3001
    },
    "matrix-inequalities-and-norms/MI-13/README.md": {
      "sha256": "20a8326f71cf7eba180b3cb956cc7c374298823ceb6aae8be72489d49c86f730",
      "bytes": 5519
    },
    "matrix-inequalities-and-norms/MI-14/README.md": {
      "sha256": "d304b5dbcb84f853f1e63f7c665d689a7aadc4dcef8c573285e562a5ae49ebb6",
      "bytes": 3315
    },
    "matrix-inequalities-and-norms/MI-15/README.md": {
      "sha256": "25926daf9e8a04f1f090dee3412bc1af874263219d9b0d624437126068bce387",
      "bytes": 3148
    },
    "matrix-inequalities-and-norms/MI-16/README.md": {
      "sha256": "c62f1fa541712a2b3287848dc377e0bc974e8803edeffd34a72aa0ccb8709c58",
      "bytes": 3217
    },
    "matrix-inequalities-and-norms/MI-17/README.md": {
      "sha256": "e20ccb1c351a96f198cc2d463267da938b90e449c96dccafdda458c412940686",
      "bytes": 3051
    },
    "matrix-inequalities-and-norms/MI-18/README.md": {
      "sha256": "28aa0da0772c329150405bfd3c52a3684c54b39abf11167726c7cd11fae336d1",
      "bytes": 3080
    },
    "matrix-inequalities-and-norms/MI-19/README.md": {
      "sha256": "2482f86898a8338ab742bc252b47add72a03cb56e0843bdd7547cb7694042336",
      "bytes": 7906
    },
    "matrix-inequalities-and-norms/MI-20/README.md": {
      "sha256": "d23fee7d8eb7eecbcf69a66ca8023885bd0517e6bceb8b60d4bbced2846577aa",
      "bytes": 2648
    },
    "matrix-inequalities-and-norms/MI-21/README.md": {
      "sha256": "357d4cddbb6507c539ede99ff4b1aca092eec2fe020a90a11f2bd278bf320d97",
      "bytes": 7812
    },
    "matrix-inequalities-and-norms/MI-22/README.md": {
      "sha256": "2217dcbc57fdd71c2be806b9d49f92abc40da45e22a4deb34ec4d0756cf0a976",
      "bytes": 7992
    },
    "matrix-inequalities-and-norms/MI-23/README.md": {
      "sha256": "308ec2f9185aaa06e7c5807531047163caa249b8274a9df34704db7d86350502",
      "bytes": 8138
    },
    "matrix-inequalities-and-norms/MI-24/README.md": {
      "sha256": "7e607ebc487a7262ea08e0d37664bda95abc2be6c37518a437f8190c35e66367",
      "bytes": 3638
    },
    "matrix-inequalities-and-norms/MI-25/README.md": {
      "sha256": "8f1968ccd55a73a29dbfc0c512ae03361e22cac9821736e5ac0b5b8b2b8b6dba",
      "bytes": 3689
    },
    "matrix-inequalities-and-norms/MI-26/README.md": {
      "sha256": "b0b24fc96ce9105d9e0428c886877ee412cf88f4ba10ea0c1e204f74540f9f8c",
      "bytes": 7549
    },
    "matrix-inequalities-and-norms/MI-27/README.md": {
      "sha256": "d64ce69379de8de81b8a01d85e43884ab24a631036b1e849b7ba31a6bacb41f5",
      "bytes": 3151
    },
    "matrix-inequalities-and-norms/MI-28/README.md": {
      "sha256": "c095e08e29173afbeb9894bc60efb096f1728bb3fc1dc40fde3064347dc53b6b",
      "bytes": 4213
    },
    "matrix-inequalities-and-norms/MI-29/README.md": {
      "sha256": "40a7e20b089d85d74eb6f94f0d75a7d35c86b89f65c0675353ebc3c0d68f4496",
      "bytes": 8314
    },
    "nonnegative-and-positive-factorizations/NM-01/README.md": {
      "sha256": "ad0e924875edcff1f7087037b63b36f0fc9c49ced944fc5d34ffe3395accc573",
      "bytes": 3879
    },
    "nonnegative-and-positive-factorizations/NM-03/README.md": {
      "sha256": "ede64b657c554d85902126936e807c0cb4a3863bdb0be57fc47a69e7adf93891",
      "bytes": 4613
    },
    "nonnegative-and-positive-factorizations/NM-04/README.md": {
      "sha256": "649950a196f2bf9e6a672c3aae919e2d7851f8f426ccc2fb9b7ca004183d780f",
      "bytes": 5366
    },
    "nonnegative-and-positive-factorizations/NR-01/README.md": {
      "sha256": "96b1c82dcd786d8825635768ebf33624455e6de729caf6feb5efa81d89b638a7",
      "bytes": 2560
    },
    "nonnegative-and-positive-factorizations/NR-02/README.md": {
      "sha256": "283f38023e63c1f6f83527f09c859a1063b5bdd96bb56f5de854ec63995e4394",
      "bytes": 2899
    },
    "nonnegative-and-positive-factorizations/NR-03/README.md": {
      "sha256": "5d9bef2d07dd42d0ea488715df64d15c88242592fc2b21c3a3e79f1cc121b2f0",
      "bytes": 3927
    },
    "nonnegative-and-positive-factorizations/NR-04/README.md": {
      "sha256": "84db16a9536cf346475b1c62a2836de04c0d405b6d088593558963e04f7d5f6b",
      "bytes": 3441
    },
    "nonnegative-and-positive-factorizations/PF-01/README.md": {
      "sha256": "250efc0af41af42e3109805064a33357738c5d593287c5c1217306ff0527bc56",
      "bytes": 4575
    },
    "nonnegative-and-positive-factorizations/PF-02/README.md": {
      "sha256": "4ef3bba41aca6e2a2c66a8a39e5974b54095b85fba0557c6353c253202aa26c7",
      "bytes": 4680
    },
    "nonnegative-and-positive-factorizations/PF-03/README.md": {
      "sha256": "badc902565b453fe38e47dc0d2c19a9692e632c7dbf7ee3a1801bba837df97e3",
      "bytes": 3196
    },
    "nonnegative-and-positive-factorizations/PF-04/README.md": {
      "sha256": "e2d0f47f33fd661e0ab362a5206ffed5adaebb976c9cbd728dc0e395eb25a52f",
      "bytes": 3239
    },
    "nonnegative-and-positive-factorizations/PF-05/README.md": {
      "sha256": "f7acc0629067696f7aa2828673740e286730fb9654348b742752eb146a840f71",
      "bytes": 5252
    },
    "randomized-and-low-rank-approximation/RA-01/README.md": {
      "sha256": "68de00cb0c3d7d78205cbcb9328c582ed459e6a130e764f86265b8beb971f593",
      "bytes": 3169
    },
    "randomized-and-low-rank-approximation/RA-02/README.md": {
      "sha256": "65d58ede3fac4a92420c18db2da850e0f1814454f78ad9f9cb75919e6fedaea9",
      "bytes": 4800
    },
    "randomized-and-low-rank-approximation/RA-03/README.md": {
      "sha256": "4fdea20b0da0e74863ea1d2f999a1002a2eb3f1662cd68cca955790c32b892f9",
      "bytes": 7127
    },
    "randomized-and-low-rank-approximation/RA-04/README.md": {
      "sha256": "7bbb72c07db9c8c3de95c9fa58eb910f5785df1429c8c61c6976f0e77f31d26c",
      "bytes": 4000
    },
    "randomized-and-low-rank-approximation/RA-05/README.md": {
      "sha256": "1dcd7ad58f7e6f3e50ee1d782bb4c1c8b989cb638481da187826746c501eb2af",
      "bytes": 3371
    },
    "randomized-and-low-rank-approximation/RA-06/README.md": {
      "sha256": "6ae2d5f97449362c9bc26919c10e2460d195e356ea3aecc5c984da65ad76a5e2",
      "bytes": 3834
    },
    "randomized-and-low-rank-approximation/RA-07/README.md": {
      "sha256": "e4755c9dbf782088b57304489560483e6d5dd296758c6cc28aa4cffe9e273c33",
      "bytes": 7751
    },
    "randomized-and-low-rank-approximation/RA-08/README.md": {
      "sha256": "0161e7f757530dba2439e79125e9eb9669596b5e2fa843c3a509396b7b86a423",
      "bytes": 4883
    },
    "randomized-and-low-rank-approximation/RA-09/README.md": {
      "sha256": "81809c9c45e14c6b48b66d6ab451c0b997d0c724e766235058cb21ac24898a9b",
      "bytes": 5122
    },
    "randomized-and-low-rank-approximation/RA-10/README.md": {
      "sha256": "cbf022a051a4fd445b49fa977e1f2541e332d588b4c039a14588ce234f4eb742",
      "bytes": 6878
    },
    "randomized-and-low-rank-approximation/RA-11/README.md": {
      "sha256": "7a81de6d17739063befc888e7a72f6763f49c412869e20cce713eaea1b0c3ebc",
      "bytes": 3968
    },
    "randomized-and-low-rank-approximation/RA-12/README.md": {
      "sha256": "4771d76230e0a37ccf706b9d7fc0824d257856835d099465963cd200c0adb573",
      "bytes": 7606
    },
    "randomized-and-low-rank-approximation/RA-13/README.md": {
      "sha256": "16a973ffc9040332e2a521a6a2d2938dcb95df736304185f88ea195a8c78a377",
      "bytes": 6170
    },
    "randomized-and-low-rank-approximation/RA-14/README.md": {
      "sha256": "bd0cb1342d5ee5471f06fd8d949023587baf318591f37e000475a881628b8517",
      "bytes": 3954
    },
    "randomized-and-low-rank-approximation/RA-15/README.md": {
      "sha256": "e7e7624151999d96e97f06401978a33f8164a3abddf2afa2f3c8583c4c223e3a",
      "bytes": 3748
    },
    "randomized-and-low-rank-approximation/RA-16/README.md": {
      "sha256": "031c15eb213d0d930dbd7ab069e7f7332028b3d95659bf78d2d123979ef3bc27",
      "bytes": 3366
    },
    "randomized-and-low-rank-approximation/RA-17/README.md": {
      "sha256": "a4c3e2d7de8db6f39fcdb17faa0031aef41c0074bb61c9ccd619459c49bf1f1c",
      "bytes": 3791
    },
    "randomized-and-low-rank-approximation/RA-18/README.md": {
      "sha256": "d27385eb8a41a8ea11f7cd5a12fafc02bdfc80cba80b6bb6aa967b62f0b17d50",
      "bytes": 5041
    },
    "randomized-and-low-rank-approximation/RE-01/README.md": {
      "sha256": "24605623f21bbe574c5cd95c392071adb624fa57caab16d319a9cb99d0280703",
      "bytes": 3977
    },
    "randomized-and-low-rank-approximation/RE-02/README.md": {
      "sha256": "3e964e341cd1a3d899f6b69758ec63829ebb9719a0fd495f768563e2ee508fb4",
      "bytes": 4337
    },
    "randomized-and-low-rank-approximation/RE-03/README.md": {
      "sha256": "a1b1f835178690078dc23a0af6899e66475ad319df9e77f8b2ab39d66610a64c",
      "bytes": 3500
    },
    "randomized-and-low-rank-approximation/RE-05/README.md": {
      "sha256": "e8958ad5574576a781613326cdc4ba125b4ee1c2a7f41c64e6adddda3a06772b",
      "bytes": 5313
    },
    "randomized-and-low-rank-approximation/RE-06/README.md": {
      "sha256": "b473738a7be9c5cd5989ce7365c7925fdac25e0e136e8624471e3bf469e20f06",
      "bytes": 3307
    },
    "matrix-functions-and-stability/SF-01/README.md": {
      "sha256": "e4fdf200d716585c07f9c0aaeec377ffd23cccd4bd9150565ded5bb38bcf79b3",
      "bytes": 4106
    },
    "eigenvalues-and-inverse-problems/SP-01/README.md": {
      "sha256": "2b53843d62daa93001fe06a3d97e38f52406362d26e9f3e64a8dc55f2e5ff62d",
      "bytes": 3406
    },
    "eigenvalues-and-inverse-problems/SP-02/README.md": {
      "sha256": "7c34461b3269d3f41753f6a13a6a8ba13c382226b0f5bbaaf875a62270f30b6c",
      "bytes": 3267
    },
    "eigenvalues-and-inverse-problems/SP-03/README.md": {
      "sha256": "7a4d77263b734b3c81c9402dc4c0877489e7e229d4bb3c0d1e0e71ca7be676b6",
      "bytes": 4230
    },
    "eigenvalues-and-inverse-problems/SP-04/README.md": {
      "sha256": "2dfa12b2eee5e312bbd45d023d8fa33e1c40e2d598f6538e651d6df519ae38ca",
      "bytes": 5081
    },
    "eigenvalues-and-inverse-problems/SP-05/README.md": {
      "sha256": "fa620c21fbfda744d3e4689168cc9519bfbd5df9a61b9e7662d53133e6fd5056",
      "bytes": 4726
    },
    "eigenvalues-and-inverse-problems/SP-06/README.md": {
      "sha256": "e2eb891930c96d6a3bdd25c75bfe6bd2798cc8c540ce00ec851f7bf1f0ceb25c",
      "bytes": 4668
    },
    "eigenvalues-and-inverse-problems/SP-07/README.md": {
      "sha256": "0d6ef4cb836a1861b73da77ff3a97b0b4703f26bc9bcc755fb6a3b67c06edd40",
      "bytes": 4366
    },
    "eigenvalues-and-inverse-problems/SP-08/README.md": {
      "sha256": "ad55159484f79f4bcbf4de6b279145cbc11540e05f82ec7d50f1864bfff0503b",
      "bytes": 4288
    },
    "eigenvalues-and-inverse-problems/SP-09/README.md": {
      "sha256": "0d68e431018308e92066116fa0ed43caec5bfaccad106e6534e7fedb68fa9d52",
      "bytes": 4860
    },
    "eigenvalues-and-inverse-problems/SP-10/README.md": {
      "sha256": "0ac369db030aabe6f3478cbc6b382c97e0a880ddc71013a38d0088da346c31bb",
      "bytes": 3678
    },
    "eigenvalues-and-inverse-problems/SP-11/README.md": {
      "sha256": "8e3edc4c7c6c8b388ab7bbf87bc197b76756210b19338d27398af356016aa865",
      "bytes": 4871
    },
    "eigenvalues-and-inverse-problems/SP-12/README.md": {
      "sha256": "cdc8003bc5160604408ce6b95c344a4ea1b9bfbf8af0f99ae1e8e016648d53e1",
      "bytes": 5760
    },
    "randomized-and-low-rank-approximation/TR-01/README.md": {
      "sha256": "febda4faa870e43c1cad434c7b78e0f322078323d19e75fdeafc556688f477eb",
      "bytes": 10153
    },
    "randomized-and-low-rank-approximation/TR-03/README.md": {
      "sha256": "c3ba587247a71d50936184a58464a7dda3ae09e6ddd09c26333b530b95479ff1",
      "bytes": 4276
    },
    "tensor-computations/TR-04/README.md": {
      "sha256": "3bcb8177b2817db17ebf55c06ce03c4780a56a795adff3a1f33553195876e876",
      "bytes": 4491
    },
    "tensor-computations/TR-05/README.md": {
      "sha256": "558b43f12a035b9697437d633451e61694ce36dc03f563b17feff55b3d5888e5",
      "bytes": 2924
    },
    "tensor-computations/TR-06/README.md": {
      "sha256": "f364f4b2ad51065c17d7dd08ea32e729a5d53a8333f0785a11a368165942de6b",
      "bytes": 4225
    },
    "randomized-and-low-rank-approximation/TR-07/README.md": {
      "sha256": "1f2b4c9bfd606f49d2c522483a7375cff104744e7a540db1613bb01f91a281d0",
      "bytes": 3488
    },
    "randomized-and-low-rank-approximation/TR-08/README.md": {
      "sha256": "c2534d02e639d14c15d4a6477f0783255f6fe670d0abfb4e67a32395286c7c69",
      "bytes": 3718
    },
    "tensor-computations/TR-09/README.md": {
      "sha256": "b5cd96945e3649a1d637343b6bbad3ea9c297f67d33bb5f9f383e62f6d19fd2a",
      "bytes": 3391
    },
    "tensor-computations/TR-10/README.md": {
      "sha256": "f0519bf4ab5f60d2ac3f5a6a74efa68562ca877d1f7cb9742d704b6f7e57cde8",
      "bytes": 2558
    },
    "tensor-computations/TR-11/README.md": {
      "sha256": "772d1f5dd670d94254669e8591d5548a37ceae47d9fd49e0e5cae6c832cd6727",
      "bytes": 3348
    },
    "tensor-computations/TR-12/README.md": {
      "sha256": "e3aa45a51c63e730efc7e21b5040c9ef0d8dd1f38d38617201d001d59c1f2f09",
      "bytes": 3018
    },
    "tensor-computations/TR-13/README.md": {
      "sha256": "da720e9599af7271686127b618b21038685e52a754031c2d43915c9d255f015f",
      "bytes": 4335
    },
    "tensor-computations/TR-14/README.md": {
      "sha256": "681138b3e3023de2555e787c4541cbbbb795b942c4950ee8519ca2efde63de85",
      "bytes": 2370
    },
    "tensor-computations/TR-15/README.md": {
      "sha256": "7979d193949dd8ef3545e55a1c9535bfdaaefac91f435b5066c23e83c4e4cf50",
      "bytes": 8082
    },
    "tensor-computations/TR-16/README.md": {
      "sha256": "e29b1562697a84b4710d9ae3050c73e1ee2c1083d3a391dea99b0bc6e9fe5739",
      "bytes": 2776
    },
    "tensor-computations/TR-17/README.md": {
      "sha256": "d5fd05e1116e654027debc79f16c432f3b02a3034d52a7b54247ea788f63c3ca",
      "bytes": 4357
    },
    "tensor-computations/TR-18/README.md": {
      "sha256": "71fb56b77aace7edfb6839c89c13fa9afca55e72906ee57a892433ffe700fc22",
      "bytes": 2751
    },
    "tensor-computations/TR-19/README.md": {
      "sha256": "97c1c773a4df41db7c0669a55365ce8cde7b9033a346dde45c40d4dee6d55469",
      "bytes": 3124
    },
    "tensor-computations/TR-20/README.md": {
      "sha256": "9e629fcde0eba55790921dd3cee53ea39a895e39ec2aa967f9f184b2aa9e0c4b",
      "bytes": 4395
    },
    "tensor-computations/TR-21/README.md": {
      "sha256": "185119ca1420a4c34c9c0f257a2d7a7c946032da0999bf906e1c71df7f5aadf2",
      "bytes": 3389
    },
    "tensor-computations/TR-22/README.md": {
      "sha256": "e6f312e6171fa03074c4693b08bb7b99e36e97c68681b54519686b54fea3c0d6",
      "bytes": 3202
    },
    "tensor-computations/TR-23/README.md": {
      "sha256": "80fd90ceb736b5195a1ae003c931b6ef453301e391dcdceb6e7a8c84fbc6c052",
      "bytes": 3127
    },
    "tensor-computations/TR-24/README.md": {
      "sha256": "2b8d01fe6384b64c67ab41fa68b734899433a78ab7e23ccaded683b3003bde45",
      "bytes": 3495
    },
    "tensor-computations/TR-25/README.md": {
      "sha256": "a8e9ff7f686b322bd25d0d18090e6839544d617fbfd791602e89ca2c5cb2a7aa",
      "bytes": 3142
    },
    "tensor-computations/TR-26/README.md": {
      "sha256": "56f792c83ff7328f014eee02f89314b32ac6558adfae53753b4bfb87a15d9659",
      "bytes": 4671
    },
    "tensor-computations/TR-27/README.md": {
      "sha256": "c5beff0f8efdb0c215b7cf7cd33ac53c1e72e35b7903c0cd4cfc0fe3167b0a70",
      "bytes": 4589
    },
    "tensor-computations/TR-28/README.md": {
      "sha256": "efe000cb787ea0a362f091ce672a31327bed10b385dc0f231e7f4a2979a4a67a",
      "bytes": 3448
    },
    "tensor-computations/TR-29/README.md": {
      "sha256": "318f4e638fd3d1a18be53b8e926ee5cf8a846125e09f7d29206cc0eae0586f5e",
      "bytes": 3073
    },
    "tensor-computations/TR-30/README.md": {
      "sha256": "f0a0f8a117b4b24201db2076d9182962038cb4d45904fde1fc17a85e77325979",
      "bytes": 4062
    },
    "tensor-computations/TR-31/README.md": {
      "sha256": "9deb24a964c94072e810adf21c26405e5ea002194d276464f483d88b91a9ea83",
      "bytes": 3286
    },
    "frames-and-matrix-designs/FR-12/README.md": {
      "sha256": "db0a3714e6ba316e9c24a43f56a61fb36b068fe40f279a15d0415bc85279d1fc",
      "bytes": 8605
    },
    "linear-systems-and-elimination/IE-26/README.md": {
      "sha256": "bf8d00fe55b44b5bbeeeebffd17de62ab9135684a2747d3a3a268574ef9529ea",
      "bytes": 6890
    },
    "linear-systems-and-elimination/IE-27/README.md": {
      "sha256": "23dae2b71eed14fc9640f88ce8ea9d352d7af89f301c6bfb3e1b9caf129dfc0c",
      "bytes": 4591
    },
    "linear-systems-and-elimination/IE-28/README.md": {
      "sha256": "33baeb9f4f1521bf414ddfa42d57c0bf8b264995ebf4086d472c2f5a15455d60",
      "bytes": 4836
    },
    "matrix-functions-and-stability/MF-23/README.md": {
      "sha256": "29c20157eb9c281031831c9678bc03806452260a7bb821d2206faaefedaf2bbe",
      "bytes": 3167
    },
    "matrix-functions-and-stability/MF-24/README.md": {
      "sha256": "945e1b01a3545da69c61eec09550fbb0cc9c69f7504750b62722b0886defccec",
      "bytes": 3366
    },
    "matrix-inequalities-and-norms/MI-30/README.md": {
      "sha256": "f60e1e3cb5d4bb636312979914026fc06208cce79c42208dd295971d67b442e2",
      "bytes": 4453
    },
    "matrix-inequalities-and-norms/MI-31/README.md": {
      "sha256": "9d015b4643a65d460721802b76acde3c6bb9b11e6a01ee62b2ceac358824b569",
      "bytes": 3714
    },
    "matrix-inequalities-and-norms/MI-32/README.md": {
      "sha256": "19a7219ca781c222d84307e7397b96fe3ce1eb16e09f360e74cac350bf52de1a",
      "bytes": 4823
    },
    "randomized-and-low-rank-approximation/RA-19/README.md": {
      "sha256": "e952b7183d746bae9c3750ac47e8e2a878808e5287a56bf3b106f44c975c8db3",
      "bytes": 5144
    },
    "randomized-and-low-rank-approximation/RA-20/README.md": {
      "sha256": "a5ee7fe9418b277cad5b8e89cb12e0b1e6eedd6d9c0af679983355b40cce4056",
      "bytes": 8959
    },
    "eigenvalues-and-inverse-problems/SP-13/README.md": {
      "sha256": "3db39d15a2d3879c0e72a983dd78197bcc8b99ac256a07fcaeee5b6f0962a57a",
      "bytes": 5532
    },
    "eigenvalues-and-inverse-problems/SP-14/README.md": {
      "sha256": "156bcb1ed7b9872adc61c68c508aa75e516d8d51351eb0cdd2c8dc23a4482f10",
      "bytes": 3953
    },
    "eigenvalues-and-inverse-problems/SP-15/README.md": {
      "sha256": "8c81a2e715e59e571e8498ca4fd7fe7412315ff1cb9463891b3b1391045421ad",
      "bytes": 5580
    }
  },
  "author_commands_with_verified_raw_streams": [
    {
      "directory": "verification/publication-preparation-2026-09-13/commands/canonical-render",
      "command": [
        "python3",
        "tools/render_problems.py",
        "RA-20"
      ],
      "exit_code": 0
    },
    {
      "directory": "verification/publication-preparation-2026-09-13/commands/catalog",
      "command": [
        "python3",
        "tools/update_catalog.py",
        "--base-ref",
        "origin/main"
      ],
      "exit_code": 0
    },
    {
      "directory": "verification/publication-preparation-2026-09-13/commands/diff-check",
      "command": [
        "git",
        "diff",
        "--check"
      ],
      "exit_code": 0
    },
    {
      "directory": "verification/publication-preparation-2026-09-13/commands/diff-check-2",
      "command": [
        "git",
        "diff",
        "--check"
      ],
      "exit_code": 0
    },
    {
      "directory": "verification/publication-preparation-2026-09-13/commands/ids-origin",
      "command": [
        "python3",
        "tools/validate_problem_ids.py",
        "--base-ref",
        "origin/main"
      ],
      "exit_code": 0
    },
    {
      "directory": "verification/publication-preparation-2026-09-13/commands/ids-upstream",
      "command": [
        "python3",
        "tools/validate_problem_ids.py",
        "--base-ref",
        "nla-upstream/main"
      ],
      "exit_code": 0
    },
    {
      "directory": "verification/publication-preparation-2026-09-13/commands/math-check",
      "command": [
        "python3",
        "tools/format_math.py",
        "--check"
      ],
      "exit_code": 0
    },
    {
      "directory": "verification/publication-preparation-2026-09-13/commands/math-normalize",
      "command": [
        "python3",
        "tools/format_math.py",
        "--write",
        "RA-20"
      ],
      "exit_code": 0
    },
    {
      "directory": "verification/publication-preparation-2026-09-13/commands/pdf-pages",
      "command": [
        "/opt/homebrew/bin/pdftoppm",
        "-r",
        "105",
        "-png",
        "/private/tmp/nla-lean-ra20-worktree/randomized-and-low-rank-approximation/RA-20/problem.pdf",
        "/private/tmp/nla-lean-ra20-worktree/randomized-and-low-rank-approximation/RA-20/lean/verification/publication-preparation-2026-09-13/pdf-pages/page"
      ],
      "exit_code": 0
    },
    {
      "directory": "verification/publication-preparation-2026-09-13/commands/pdf-text",
      "command": [
        "/opt/homebrew/bin/pdftotext",
        "-layout",
        "/private/tmp/nla-lean-ra20-worktree/randomized-and-low-rank-approximation/RA-20/problem.pdf",
        "/private/tmp/nla-lean-ra20-worktree/randomized-and-low-rank-approximation/RA-20/lean/verification/publication-preparation-2026-09-13/pdf-text.txt"
      ],
      "exit_code": 0
    },
    {
      "directory": "verification/publication-preparation-2026-09-13/commands/pdfinfo",
      "command": [
        "/opt/homebrew/bin/pdfinfo",
        "/private/tmp/nla-lean-ra20-worktree/randomized-and-low-rank-approximation/RA-20/problem.pdf"
      ],
      "exit_code": 0
    },
    {
      "directory": "verification/publication-preparation-2026-09-13/commands/registry-tests",
      "command": [
        "python3",
        "-m",
        "unittest",
        "discover",
        "-s",
        "tests",
        "-p",
        "test_problem_ids.py",
        "-v"
      ],
      "exit_code": 0
    },
    {
      "directory": "verification/publication-preparation-2026-09-13/commands/schema",
      "command": [
        "/tmp/nla-lean-formalization/venv/bin/python",
        "tools/lean/validate_manifest.py",
        "randomized-and-low-rank-approximation/RA-20/lean"
      ],
      "exit_code": 0
    },
    {
      "directory": "verification/publication-preparation-2026-09-13/commands/schema-final",
      "command": [
        "/tmp/nla-lean-formalization/venv/bin/python",
        "tools/lean/validate_manifest.py",
        "randomized-and-low-rank-approximation/RA-20/lean"
      ],
      "exit_code": 0
    },
    {
      "directory": "verification/publication-preparation-2026-09-13/commands/schema-final-2",
      "command": [
        "/tmp/nla-lean-formalization/venv/bin/python",
        "tools/lean/validate_manifest.py",
        "randomized-and-low-rank-approximation/RA-20/lean"
      ],
      "exit_code": 0
    },
    {
      "directory": "verification/publication-preparation-2026-09-13/commands/tracked-change-scope",
      "command": [
        "git",
        "diff",
        "--name-only"
      ],
      "exit_code": 0
    },
    {
      "directory": "verification/publication-preparation-2026-09-13/commands/tracked-change-scope-2",
      "command": [
        "git",
        "diff",
        "--name-only"
      ],
      "exit_code": 0
    }
  ],
  "accepted_runtime_claims_preserved": {
    "run": 34743832047,
    "attempt": 1,
    "jobs": 17,
    "exports": 12,
    "source_kernel_assertions": 61,
    "source_axiom_occurrences": 57,
    "distinct_printed_names": 45,
    "official_matching_dependency_cache_files": 8690
  },
  "publication_email_like_matches": 0,
  "own_seal_verified": false,
  "own_files_including_report": null,
  "new_Lean_build": false,
  "new_Linux_execution": false,
  "new_mathematical_approval": false,
  "publication_commit_push_PR_performed": false
}
