⚠ [3403/3404] Replayed NLA.MF22.Scalar
warning: NLA/MF22/Scalar.lean:63:49: Used `tac1 <;> tac2` where `(tac1; tac2)` would suffice

Note: This linter can be disabled with `set_option linter.unnecessarySeqFocus false`
warning: NLA/MF22/Scalar.lean:70:6: this tactic is never executed

Note: This linter can be disabled with `set_option linter.unreachableTactic false`
warning: NLA/MF22/Scalar.lean:70:6: Unused tactic linter: `ring` does nothing

Note: This linter can be disabled with `set_option linter.unusedTactic false`
✖ [3404/3404] Building NLA.MF22.CubicRoots (5.6s)
trace: .> LEAN_PATH=/Users/sholden/Projects/OpenProblemsInNLA/intervals-and-absolute-value-equations/IV-06/lean/.lake/packages/Cli/.lake/build/lib/lean:/Users/sholden/Projects/OpenProblemsInNLA/intervals-and-absolute-value-equations/IV-06/lean/.lake/packages/batteries/.lake/build/lib/lean:/Users/sholden/Projects/OpenProblemsInNLA/intervals-and-absolute-value-equations/IV-06/lean/.lake/packages/Qq/.lake/build/lib/lean:/Users/sholden/Projects/OpenProblemsInNLA/intervals-and-absolute-value-equations/IV-06/lean/.lake/packages/aesop/.lake/build/lib/lean:/Users/sholden/Projects/OpenProblemsInNLA/intervals-and-absolute-value-equations/IV-06/lean/.lake/packages/proofwidgets/.lake/build/lib/lean:/Users/sholden/Projects/OpenProblemsInNLA/intervals-and-absolute-value-equations/IV-06/lean/.lake/packages/importGraph/.lake/build/lib/lean:/Users/sholden/Projects/OpenProblemsInNLA/intervals-and-absolute-value-equations/IV-06/lean/.lake/packages/LeanSearchClient/.lake/build/lib/lean:/Users/sholden/Projects/OpenProblemsInNLA/intervals-and-absolute-value-equations/IV-06/lean/.lake/packages/plausible/.lake/build/lib/lean:/Users/sholden/Projects/OpenProblemsInNLA/intervals-and-absolute-value-equations/IV-06/lean/.lake/packages/mathlib/.lake/build/lib/lean:/Users/sholden/Projects/OpenProblemsInNLA/intervals-and-absolute-value-equations/IV-06/lean/.lake/packages/leancert/.lake/build/lib/lean:/private/tmp/nla-20260922-mf22/matrix-functions-and-stability/MF-22/lean/.lake/build/lib/lean /private/tmp/nla-20260922-runtime/lean-4.33.1-darwin_aarch64/bin/lean /private/tmp/nla-20260922-mf22/matrix-functions-and-stability/MF-22/lean/NLA/MF22/CubicRoots.lean -o /private/tmp/nla-20260922-mf22/matrix-functions-and-stability/MF-22/lean/.lake/build/lib/lean/NLA/MF22/CubicRoots.olean -i /private/tmp/nla-20260922-mf22/matrix-functions-and-stability/MF-22/lean/.lake/build/lib/lean/NLA/MF22/CubicRoots.ilean -c /private/tmp/nla-20260922-mf22/matrix-functions-and-stability/MF-22/lean/.lake/build/ir/NLA/MF22/CubicRoots.c --setup /private/tmp/nla-20260922-mf22/matrix-functions-and-stability/MF-22/lean/.lake/build/ir/NLA/MF22/CubicRoots.setup.json --json
warning: NLA/MF22/CubicRoots.lean:14:14: Try `simp at h` instead of `simpa using h`

Note: This linter can be disabled with `set_option linter.unnecessarySimpa false`
error: NLA/MF22/CubicRoots.lean:64:10: Tactic `rewrite` failed: Did not find an occurrence of the pattern
  star u ::ₘ w ::ₘ ?s
in the target expression
  u ::ₘ star u ::ₘ {w} = w ::ₘ u ::ₘ {star u}

P : Cubic ℝ
ha : P.a ≠ 0
hd : P.discr < 0
x y z : ℂ
h3 : (Cubic.map ofRealHom P).roots = {x, y, z}
hn : x ≠ y ∧ x ≠ z ∧ y ≠ z
hnot : ¬(x.im = 0 ∧ y.im = 0 ∧ z.im = 0)
u v w✝ : ℂ
he : (Cubic.map ofRealHom P).roots = {u, v, w✝}
hu : u.im ≠ 0
huconj : star u ≠ u
hc : star u = u ∨ star u = v ∨ star u = w✝
hne : u ≠ v ∧ u ≠ w✝ ∧ v ≠ w✝
w : ℂ
hv : (Cubic.map ofRealHom P).roots = {u, star u, w}
hneq : u ≠ star u ∧ u ≠ w ∧ star u ≠ w
hb : ofRealHom P.b = ofRealHom P.a * -(u + star u + w)
hi : P.a = 0 ∨ w.im = 0
hw : w.im = 0
⊢ u ::ₘ star u ::ₘ {w} = w ::ₘ u ::ₘ {star u}
error: NLA/MF22/CubicRoots.lean:71:12: Tactic `rewrite` failed: Did not find an occurrence of the pattern
  v ::ₘ w ::ₘ ?s
in the target expression
  u ::ₘ v ::ₘ {w} = u ::ₘ w ::ₘ {v}

case inr.inr.a
P : Cubic ℝ
ha : P.a ≠ 0
hd : P.discr < 0
x y z : ℂ
h3 : (Cubic.map ofRealHom P).roots = {x, y, z}
hn : x ≠ y ∧ x ≠ z ∧ y ≠ z
hnot : ¬(x.im = 0 ∧ y.im = 0 ∧ z.im = 0)
u v w : ℂ
he : (Cubic.map ofRealHom P).roots = {u, v, w}
hu : u.im ≠ 0
huconj : star u ≠ u
hne : u ≠ v ∧ u ≠ w ∧ v ≠ w
get :
  ∀ (v w : ℂ),
    (Cubic.map ofRealHom P).roots = {u, v, w} →
      v = star u →
        u ≠ v ∧ u ≠ w ∧ v ≠ w →
          ∃ x z, x.im = 0 ∧ z.im ≠ 0 ∧ (Cubic.map ofRealHom P).roots = {x, z, star z} ∧ x ≠ z ∧ x ≠ star z ∧ z ≠ star z
hc : star u = w
⊢ u ::ₘ v ::ₘ {w} = u ::ₘ w ::ₘ {v}
error: NLA/MF22/CubicRoots.lean:79:12: Tactic `rewrite` failed: Did not find an occurrence of the pattern
  y ::ₘ z ::ₘ ?s
in the target expression
  x ::ₘ y ::ₘ {z} = z ::ₘ x ::ₘ {y}

case pos.a
P : Cubic ℝ
ha : P.a ≠ 0
hd : P.discr < 0
x y z : ℂ
h3 : (Cubic.map ofRealHom P).roots = {x, y, z}
hn : x ≠ y ∧ x ≠ z ∧ y ≠ z
hnot : ¬(x.im = 0 ∧ y.im = 0 ∧ z.im = 0)
step :
  ∀ (u v w : ℂ),
    (Cubic.map ofRealHom P).roots = {u, v, w} →
      u.im ≠ 0 →
        ∃ x z, x.im = 0 ∧ z.im ≠ 0 ∧ (Cubic.map ofRealHom P).roots = {x, z, star z} ∧ x ≠ z ∧ x ≠ star z ∧ z ≠ star z
hx : x.im = 0
hy : y.im = 0
⊢ x ::ₘ y ::ₘ {z} = z ::ₘ x ::ₘ {y}
error: Lean exited with code 1
Some required targets logged failures:
- NLA.MF22.CubicRoots
error: build failed
