⚠ [3104/3106] Built NLA.MF22.SpectralBasis (4.9s)
warning: NLA/MF22/SpectralBasis.lean:46:51: This simp argument is unused:
  mul_one

Hint: Omit it from the simp argument list.
  [apply] simp only [Matrix.mulVec_sum, Matrix.mulVec_smul, hp, Finset.sum_apply, Pi.smul_apply, smul_eq_mul,
    Matrix.mulVec_single] at ha

Note: This linter can be disabled with `set_option linter.unusedSimpArgs false`
✖ [3105/3106] Building NLA.MF22.SpectralAdjugate (4.9s)
trace: .> LEAN_PATH=/Users/sholden/Projects/OpenProblemsInNLA/intervals-and-absolute-value-equations/IV-06/lean/.lake/packages/Cli/.lake/build/lib/lean:/Users/sholden/Projects/OpenProblemsInNLA/intervals-and-absolute-value-equations/IV-06/lean/.lake/packages/batteries/.lake/build/lib/lean:/Users/sholden/Projects/OpenProblemsInNLA/intervals-and-absolute-value-equations/IV-06/lean/.lake/packages/Qq/.lake/build/lib/lean:/Users/sholden/Projects/OpenProblemsInNLA/intervals-and-absolute-value-equations/IV-06/lean/.lake/packages/aesop/.lake/build/lib/lean:/Users/sholden/Projects/OpenProblemsInNLA/intervals-and-absolute-value-equations/IV-06/lean/.lake/packages/proofwidgets/.lake/build/lib/lean:/Users/sholden/Projects/OpenProblemsInNLA/intervals-and-absolute-value-equations/IV-06/lean/.lake/packages/importGraph/.lake/build/lib/lean:/Users/sholden/Projects/OpenProblemsInNLA/intervals-and-absolute-value-equations/IV-06/lean/.lake/packages/LeanSearchClient/.lake/build/lib/lean:/Users/sholden/Projects/OpenProblemsInNLA/intervals-and-absolute-value-equations/IV-06/lean/.lake/packages/plausible/.lake/build/lib/lean:/Users/sholden/Projects/OpenProblemsInNLA/intervals-and-absolute-value-equations/IV-06/lean/.lake/packages/mathlib/.lake/build/lib/lean:/Users/sholden/Projects/OpenProblemsInNLA/intervals-and-absolute-value-equations/IV-06/lean/.lake/packages/leancert/.lake/build/lib/lean:/private/tmp/nla-20260922-mf22/matrix-functions-and-stability/MF-22/lean/.lake/build/lib/lean /private/tmp/nla-20260922-runtime/lean-4.33.1-darwin_aarch64/bin/lean /private/tmp/nla-20260922-mf22/matrix-functions-and-stability/MF-22/lean/NLA/MF22/SpectralAdjugate.lean -o /private/tmp/nla-20260922-mf22/matrix-functions-and-stability/MF-22/lean/.lake/build/lib/lean/NLA/MF22/SpectralAdjugate.olean -i /private/tmp/nla-20260922-mf22/matrix-functions-and-stability/MF-22/lean/.lake/build/lib/lean/NLA/MF22/SpectralAdjugate.ilean -c /private/tmp/nla-20260922-mf22/matrix-functions-and-stability/MF-22/lean/.lake/build/ir/NLA/MF22/SpectralAdjugate.c --setup /private/tmp/nla-20260922-mf22/matrix-functions-and-stability/MF-22/lean/.lake/build/ir/NLA/MF22/SpectralAdjugate.setup.json --json
error: NLA/MF22/SpectralAdjugate.lean:24:39: unsolved goals
M D A : FourMat
hMD : M * D = 1
hDM : D * M = 1
hdet : Matrix.det D * Matrix.det M = 1
hM : Matrix.adjugate M = Matrix.det M • D
hD : Matrix.adjugate D = Matrix.det D • M
⊢ (Matrix.det M * Matrix.det D) • (M * (Matrix.adjugate A * D)) = M * (Matrix.adjugate A * D)
warning: NLA/MF22/SpectralAdjugate.lean:35:55: This simp argument is unused:
  hdet

Hint: Omit it from the simp argument list.
  [apply] simp only [Matrix.smul_mul, Matrix.mul_smul, smul_smul, one_smul, Matrix.mul_assoc]

Note: This linter can be disabled with `set_option linter.unusedSimpArgs false`
warning: NLA/MF22/SpectralAdjugate.lean:35:60: This simp argument is unused:
  one_smul

Hint: Omit it from the simp argument list.
  [apply] simp only [Matrix.smul_mul, Matrix.mul_smul, smul_smul, hdet, Matrix.mul_assoc]

Note: This linter can be disabled with `set_option linter.unusedSimpArgs false`
error: NLA/MF22/SpectralAdjugate.lean:45:4: Type mismatch: After simplification, term
  hh
 has type
  (fun j => T i j) ⬝ᵥ b j = ev j * b j i
but is expected to have type
  ∑ x, T i x * b j x = ∑ x, Matrix.diagonal ev x j * b x i
warning: NLA/MF22/SpectralAdjugate.lean:43:51: This simp argument is unused:
  Matrix.mul_diagonal

Hint: Omit it from the simp argument list.
  [apply] simp only [Matrix.mul_apply, basisColumns_apply]

Note: This linter can be disabled with `set_option linter.unusedSimpArgs false`
warning: NLA/MF22/SpectralAdjugate.lean:56:33: This simp argument is unused:
  Matrix.diagonal_apply

Hint: Omit it from the simp argument list.
  [apply] simp [Matrix.one_apply, hij]

Note: This linter can be disabled with `set_option linter.unusedSimpArgs false`
warning: NLA/MF22/SpectralAdjugate.lean:56:55: This simp argument is unused:
  Matrix.one_apply

Hint: Omit it from the simp argument list.
  [apply] simp [Matrix.diagonal_apply, hij]

Note: This linter can be disabled with `set_option linter.unusedSimpArgs false`
info: NLA/MF22/SpectralAdjugate.lean:70:2: Try this:
  [apply] ring_nf
  
  The `ring` tactic failed to close the goal. Use `ring_nf` to obtain a normal form.
    
  Note that `ring` works primarily in *commutative* rings. If you have a noncommutative ring, abelian group or module, consider using `noncomm_ring`, `abel` or `module` instead.
error: NLA/MF22/SpectralAdjugate.lean:64:77: unsolved goals
T : FourMat
ev : Fin 4 → ℂ
b : Module.Basis (Fin 4) ℂ (Fin 4 → ℂ)
he : ∀ (i : Fin 4), T *ᵥ b i = ev i • b i
z : ℂ
i j a : Fin 4
a✝ : a ∈ Finset.univ
⊢ (∑ x, b x i * Matrix.diagonal (fun i => ∏ x ∈ Finset.univ.erase i, (1 - z * ev x)) x a) * (b.repr (Pi.single j 1)) a =
    ((b.repr (Pi.single j 1)) a * ∏ x ∈ Finset.univ.erase a, (1 - z * ev x)) * b a i
warning: NLA/MF22/SpectralAdjugate.lean:67:30: This simp argument is unused:
  Matrix.mul_diagonal

Hint: Omit it from the simp argument list.
  [apply] simp only [Matrix.mul_apply, basisColumns_apply, basisRows_apply, basisProjector]

Note: This linter can be disabled with `set_option linter.unusedSimpArgs false`
error: Lean exited with code 1
Some required targets logged failures:
- NLA.MF22.SpectralAdjugate
error: build failed
