⚠ [3104/3108] Replayed NLA.MF22.SpectralBasis
warning: NLA/MF22/SpectralBasis.lean:46:51: This simp argument is unused:
  mul_one

Hint: Omit it from the simp argument list.
  [apply] simp only [Matrix.mulVec_sum, Matrix.mulVec_smul, hp, Finset.sum_apply, Pi.smul_apply, smul_eq_mul,
    Matrix.mulVec_single] at ha

Note: This linter can be disabled with `set_option linter.unusedSimpArgs false`
⚠ [3105/3108] Replayed NLA.MF22.SpectralAdjugate
warning: NLA/MF22/SpectralAdjugate.lean:57:33: This simp argument is unused:
  Matrix.diagonal_apply

Hint: Omit it from the simp argument list.
  [apply] simp [Matrix.one_apply, hij]

Note: This linter can be disabled with `set_option linter.unusedSimpArgs false`
warning: NLA/MF22/SpectralAdjugate.lean:57:55: This simp argument is unused:
  Matrix.one_apply

Hint: Omit it from the simp argument list.
  [apply] simp [Matrix.diagonal_apply, hij]

Note: This linter can be disabled with `set_option linter.unusedSimpArgs false`
⚠ [3106/3108] Replayed NLA.MF22.Decomposition
warning: NLA/MF22/Decomposition.lean:24:15: This simp argument is unused:
  Matrix.add_apply

Hint: Omit it from the simp argument list.
  [apply] simp only [Matrix.smul_apply, smul_eq_mul, R]

Note: This linter can be disabled with `set_option linter.unusedSimpArgs false`
warning: NLA/MF22/Decomposition.lean:24:32: This simp argument is unused:
  Matrix.smul_apply

Hint: Omit it from the simp argument list.
  [apply] simp only [Matrix.add_apply, smul_eq_mul, R]

Note: This linter can be disabled with `set_option linter.unusedSimpArgs false`
warning: NLA/MF22/Decomposition.lean:24:50: This simp argument is unused:
  smul_eq_mul

Hint: Omit it from the simp argument list.
  [apply] simp only [Matrix.add_apply, Matrix.smul_apply, R]

Note: This linter can be disabled with `set_option linter.unusedSimpArgs false`
⚠ [3107/3108] Replayed NLA.MF22.GrowthDenominator
warning: NLA/MF22/GrowthDenominator.lean:10:13: Variable name `hB` is not explicitly referenced.

Hint: The binding can be removed (if unused) or named `_` (if used implicitly). Alternatively, prefix the name with `_` to silence this warning:
  [apply] _hB

Note: This linter can be disabled with `set_option linter.unusedVariables false`
✖ [3108/3108] Building NLA.MF22.GreenBounds (5.1s)
trace: .> LEAN_PATH=/Users/sholden/Projects/OpenProblemsInNLA/intervals-and-absolute-value-equations/IV-06/lean/.lake/packages/Cli/.lake/build/lib/lean:/Users/sholden/Projects/OpenProblemsInNLA/intervals-and-absolute-value-equations/IV-06/lean/.lake/packages/batteries/.lake/build/lib/lean:/Users/sholden/Projects/OpenProblemsInNLA/intervals-and-absolute-value-equations/IV-06/lean/.lake/packages/Qq/.lake/build/lib/lean:/Users/sholden/Projects/OpenProblemsInNLA/intervals-and-absolute-value-equations/IV-06/lean/.lake/packages/aesop/.lake/build/lib/lean:/Users/sholden/Projects/OpenProblemsInNLA/intervals-and-absolute-value-equations/IV-06/lean/.lake/packages/proofwidgets/.lake/build/lib/lean:/Users/sholden/Projects/OpenProblemsInNLA/intervals-and-absolute-value-equations/IV-06/lean/.lake/packages/importGraph/.lake/build/lib/lean:/Users/sholden/Projects/OpenProblemsInNLA/intervals-and-absolute-value-equations/IV-06/lean/.lake/packages/LeanSearchClient/.lake/build/lib/lean:/Users/sholden/Projects/OpenProblemsInNLA/intervals-and-absolute-value-equations/IV-06/lean/.lake/packages/plausible/.lake/build/lib/lean:/Users/sholden/Projects/OpenProblemsInNLA/intervals-and-absolute-value-equations/IV-06/lean/.lake/packages/mathlib/.lake/build/lib/lean:/Users/sholden/Projects/OpenProblemsInNLA/intervals-and-absolute-value-equations/IV-06/lean/.lake/packages/leancert/.lake/build/lib/lean:/private/tmp/nla-20260922-mf22/matrix-functions-and-stability/MF-22/lean/.lake/build/lib/lean /private/tmp/nla-20260922-runtime/lean-4.33.1-darwin_aarch64/bin/lean /private/tmp/nla-20260922-mf22/matrix-functions-and-stability/MF-22/lean/NLA/MF22/GreenBounds.lean -o /private/tmp/nla-20260922-mf22/matrix-functions-and-stability/MF-22/lean/.lake/build/lib/lean/NLA/MF22/GreenBounds.olean -i /private/tmp/nla-20260922-mf22/matrix-functions-and-stability/MF-22/lean/.lake/build/lib/lean/NLA/MF22/GreenBounds.ilean -c /private/tmp/nla-20260922-mf22/matrix-functions-and-stability/MF-22/lean/.lake/build/ir/NLA/MF22/GreenBounds.c --setup /private/tmp/nla-20260922-mf22/matrix-functions-and-stability/MF-22/lean/.lake/build/ir/NLA/MF22/GreenBounds.setup.json --json
error: NLA/MF22/GreenBounds.lean:57:27: Type mismatch
  add_le_add_right (norm_sub_le ?m.92 ?m.93) ?m.94
has type
  ?m.94 + ‖?m.92 - ?m.93‖ ≤ ?m.94 + (‖?m.92‖ + ‖?m.93‖)
but is expected to have type
  ‖a - b - c‖ + ‖d‖ ≤ ‖a - b‖ + ‖c‖ + ‖d‖
error: NLA/MF22/GreenBounds.lean:125:21: #assert_trust: 'NLA.MF22.green_bounded_of_decomposition' depends on sorry or unrecognized axioms
  foundational: propext, Classical.choice, Quot.sound
  sorryAx: sorryAx
error: Lean exited with code 1
Some required targets logged failures:
- NLA.MF22.GreenBounds
error: build failed
