verification/Referee1StatementProbe.lean:12:51: warning: Try `simp at h` instead of `simpa using h`

Note: This linter can be disabled with `set_option linter.unnecessarySimpa false`
verification/Referee1StatementProbe.lean:22:2: warning: Used `tac1 <;> tac2` where `(tac1; tac2)` would suffice

Note: This linter can be disabled with `set_option linter.unnecessarySeqFocus false`
verification/Referee1StatementProbe.lean:25:6: warning: this tactic is never executed

Note: This linter can be disabled with `set_option linter.unreachableTactic false`
verification/Referee1StatementProbe.lean:25:6: warning: Unused tactic linter: `ring` does nothing

Note: This linter can be disabled with `set_option linter.unusedTactic false`
verification/Referee1StatementProbe.lean:28:2: warning: Used `tac1 <;> tac2` where `(tac1; tac2)` would suffice

Note: This linter can be disabled with `set_option linter.unnecessarySeqFocus false`
verification/Referee1StatementProbe.lean:31:6: warning: this tactic is never executed

Note: This linter can be disabled with `set_option linter.unreachableTactic false`
verification/Referee1StatementProbe.lean:31:6: warning: Unused tactic linter: `ring` does nothing

Note: This linter can be disabled with `set_option linter.unusedTactic false`
verification/Referee1StatementProbe.lean:34:2: warning: Used `tac1 <;> tac2` where `(tac1; tac2)` would suffice

Note: This linter can be disabled with `set_option linter.unnecessarySeqFocus false`
verification/Referee1StatementProbe.lean:37:2: warning: Used `tac1 <;> tac2` where `(tac1; tac2)` would suffice

Note: This linter can be disabled with `set_option linter.unnecessarySeqFocus false`
verification/Referee1StatementProbe.lean:40:2: warning: Used `tac1 <;> tac2` where `(tac1; tac2)` would suffice

Note: This linter can be disabled with `set_option linter.unnecessarySeqFocus false`
verification/Referee1StatementProbe.lean:43:2: warning: Used `tac1 <;> tac2` where `(tac1; tac2)` would suffice

Note: This linter can be disabled with `set_option linter.unnecessarySeqFocus false`
verification/Referee1StatementProbe.lean:46:2: warning: Used `tac1 <;> tac2` where `(tac1; tac2)` would suffice

Note: This linter can be disabled with `set_option linter.unnecessarySeqFocus false`
verification/Referee1StatementProbe.lean:49:2: warning: Used `tac1 <;> tac2` where `(tac1; tac2)` would suffice

Note: This linter can be disabled with `set_option linter.unnecessarySeqFocus false`
verification/Referee1StatementProbe.lean:52:2: warning: Used `tac1 <;> tac2` where `(tac1; tac2)` would suffice

Note: This linter can be disabled with `set_option linter.unnecessarySeqFocus false`
verification/Referee1StatementProbe.lean:55:2: warning: Used `tac1 <;> tac2` where `(tac1; tac2)` would suffice

Note: This linter can be disabled with `set_option linter.unnecessarySeqFocus false`
verification/Referee1StatementProbe.lean:58:6: warning: this tactic is never executed

Note: This linter can be disabled with `set_option linter.unreachableTactic false`
verification/Referee1StatementProbe.lean:58:6: warning: Unused tactic linter: `ring` does nothing

Note: This linter can be disabled with `set_option linter.unusedTactic false`
verification/Referee1StatementProbe.lean:61:2: warning: Used `tac1 <;> tac2` where `(tac1; tac2)` would suffice

Note: This linter can be disabled with `set_option linter.unnecessarySeqFocus false`
verification/Referee1StatementProbe.lean:64:6: warning: this tactic is never executed

Note: This linter can be disabled with `set_option linter.unreachableTactic false`
verification/Referee1StatementProbe.lean:64:6: warning: Unused tactic linter: `ring` does nothing

Note: This linter can be disabled with `set_option linter.unusedTactic false`
verification/Referee1StatementProbe.lean:67:2: warning: Used `tac1 <;> tac2` where `(tac1; tac2)` would suffice

Note: This linter can be disabled with `set_option linter.unnecessarySeqFocus false`
verification/Referee1StatementProbe.lean:70:6: warning: this tactic is never executed

Note: This linter can be disabled with `set_option linter.unreachableTactic false`
verification/Referee1StatementProbe.lean:70:6: warning: Unused tactic linter: `ring` does nothing

Note: This linter can be disabled with `set_option linter.unusedTactic false`
verification/Referee1StatementProbe.lean:73:6: warning: this tactic is never executed

Note: This linter can be disabled with `set_option linter.unreachableTactic false`
verification/Referee1StatementProbe.lean:73:6: warning: Unused tactic linter: `ring` does nothing

Note: This linter can be disabled with `set_option linter.unusedTactic false`
