⚠ [3403/3407] Replayed NLA.MF22.Scalar
warning: NLA/MF22/Scalar.lean:63:49: Used `tac1 <;> tac2` where `(tac1; tac2)` would suffice

Note: This linter can be disabled with `set_option linter.unnecessarySeqFocus false`
warning: NLA/MF22/Scalar.lean:70:6: this tactic is never executed

Note: This linter can be disabled with `set_option linter.unreachableTactic false`
warning: NLA/MF22/Scalar.lean:70:6: Unused tactic linter: `ring` does nothing

Note: This linter can be disabled with `set_option linter.unusedTactic false`
⚠ [3404/3407] Replayed NLA.MF22.Transfer
warning: NLA/MF22/Transfer.lean:35:30: Variable name `hr` is not explicitly referenced.

Hint: The binding can be removed (if unused) or named `_` (if used implicitly). Alternatively, prefix the name with `_` to silence this warning:
  [apply] _hr

Note: This linter can be disabled with `set_option linter.unusedVariables false`
warning: NLA/MF22/Transfer.lean:78:17: This simp argument is unused:
  sD

Hint: Omit it from the simp argument list.
  [apply] simp [sA, sB, sC, sE, sF, numerator, coefA]

Note: This linter can be disabled with `set_option linter.unusedSimpArgs false`
warning: NLA/MF22/Transfer.lean:78:23: This simp argument is unused:
  sF

Hint: Omit it from the simp argument list.
  [apply] simp [sA, sB, sC, sD, sE, numerator, coefA]

Note: This linter can be disabled with `set_option linter.unusedSimpArgs false`
⚠ [3406/3407] Replayed NLA.MF22.TransferEquations
warning: NLA/MF22/TransferEquations.lean:13:8: This simp argument is unused:
  Matrix.mulVec

Hint: Omit it from the simp argument list.
  [apply] simp [dotProduct, Fin.sum_univ_four, Fin.sum_univ_two, transfer, forcing]

Note: This linter can be disabled with `set_option linter.unusedSimpArgs false`
warning: NLA/MF22/TransferEquations.lean:25:8: This simp argument is unused:
  Matrix.mulVec

Hint: Omit it from the simp argument list.
  [apply] simp [dotProduct, Fin.sum_univ_four, Fin.sum_univ_two, transfer, forcing]

Note: This linter can be disabled with `set_option linter.unusedSimpArgs false`
warning: NLA/MF22/TransferEquations.lean:34:8: This simp argument is unused:
  Matrix.mulVec

Hint: Omit it from the simp argument list.
  [apply] simp [dotProduct, Fin.sum_univ_four, Fin.sum_univ_two, transfer, forcing]

Note: This linter can be disabled with `set_option linter.unusedSimpArgs false`
warning: NLA/MF22/TransferEquations.lean:37:8: This simp argument is unused:
  Matrix.mulVec

Hint: Omit it from the simp argument list.
  [apply] simp [dotProduct, Fin.sum_univ_four, Fin.sum_univ_two, transfer, forcing]

Note: This linter can be disabled with `set_option linter.unusedSimpArgs false`
✖ [3407/3407] Building NLA.MF22.StateReconstruction (6.2s)
trace: .> LEAN_PATH=/Users/sholden/Projects/OpenProblemsInNLA/intervals-and-absolute-value-equations/IV-06/lean/.lake/packages/Cli/.lake/build/lib/lean:/Users/sholden/Projects/OpenProblemsInNLA/intervals-and-absolute-value-equations/IV-06/lean/.lake/packages/batteries/.lake/build/lib/lean:/Users/sholden/Projects/OpenProblemsInNLA/intervals-and-absolute-value-equations/IV-06/lean/.lake/packages/Qq/.lake/build/lib/lean:/Users/sholden/Projects/OpenProblemsInNLA/intervals-and-absolute-value-equations/IV-06/lean/.lake/packages/aesop/.lake/build/lib/lean:/Users/sholden/Projects/OpenProblemsInNLA/intervals-and-absolute-value-equations/IV-06/lean/.lake/packages/proofwidgets/.lake/build/lib/lean:/Users/sholden/Projects/OpenProblemsInNLA/intervals-and-absolute-value-equations/IV-06/lean/.lake/packages/importGraph/.lake/build/lib/lean:/Users/sholden/Projects/OpenProblemsInNLA/intervals-and-absolute-value-equations/IV-06/lean/.lake/packages/LeanSearchClient/.lake/build/lib/lean:/Users/sholden/Projects/OpenProblemsInNLA/intervals-and-absolute-value-equations/IV-06/lean/.lake/packages/plausible/.lake/build/lib/lean:/Users/sholden/Projects/OpenProblemsInNLA/intervals-and-absolute-value-equations/IV-06/lean/.lake/packages/mathlib/.lake/build/lib/lean:/Users/sholden/Projects/OpenProblemsInNLA/intervals-and-absolute-value-equations/IV-06/lean/.lake/packages/leancert/.lake/build/lib/lean:/private/tmp/nla-20260922-mf22/matrix-functions-and-stability/MF-22/lean/.lake/build/lib/lean /private/tmp/nla-20260922-runtime/lean-4.33.1-darwin_aarch64/bin/lean /private/tmp/nla-20260922-mf22/matrix-functions-and-stability/MF-22/lean/NLA/MF22/StateReconstruction.lean -o /private/tmp/nla-20260922-mf22/matrix-functions-and-stability/MF-22/lean/.lake/build/lib/lean/NLA/MF22/StateReconstruction.olean -i /private/tmp/nla-20260922-mf22/matrix-functions-and-stability/MF-22/lean/.lake/build/lib/lean/NLA/MF22/StateReconstruction.ilean -c /private/tmp/nla-20260922-mf22/matrix-functions-and-stability/MF-22/lean/.lake/build/ir/NLA/MF22/StateReconstruction.c --setup /private/tmp/nla-20260922-mf22/matrix-functions-and-stability/MF-22/lean/.lake/build/ir/NLA/MF22/StateReconstruction.setup.json --json
error: NLA/MF22/StateReconstruction.lean:70:8: Tactic `rewrite` failed: Did not find an occurrence of the pattern
  80 * (H ?r ?n *ᵥ ?x) (?j, 0)
in the target expression
  80 * (H r n *ᵥ reconstruct n w) (j, (fun i => i) ⟨0, ⋯⟩) = f ↑(j, (fun i => i) ⟨0, ⋯⟩).1 (j, (fun i => i) ⟨0, ⋯⟩).2

case «0»
r : ℝ
hr : 0 < r
n : ℕ
w : ℕ → Fin 4 → ℂ
f : ℕ → Fin 2 → ℂ
hi : ∀ (i : Fin 4), i ≠ 0 → w 0 i = 0
ht : w n 0 = 0
hs : ∀ j < n, w (j + 1) = transfer r *ᵥ w j + forcing r *ᵥ f j
h2 : ∀ j < n, w (j + 1) 2 = w j 0
h3 : ∀ j < n, w (j + 1) 3 = w j 1
j : Fin n
⊢ 80 * (H r n *ᵥ reconstruct n w) (j, (fun i => i) ⟨0, ⋯⟩) = f ↑(j, (fun i => i) ⟨0, ⋯⟩).1 (j, (fun i => i) ⟨0, ⋯⟩).2
error: NLA/MF22/StateReconstruction.lean:77:8: Tactic `rewrite` failed: Did not find an occurrence of the pattern
  80 * (H ?r ?n *ᵥ ?x) (?j, 1)
in the target expression
  80 * (H r n *ᵥ reconstruct n w) (j, (fun i => i) ⟨1, ⋯⟩) = f ↑(j, (fun i => i) ⟨1, ⋯⟩).1 (j, (fun i => i) ⟨1, ⋯⟩).2

case «1»
r : ℝ
hr : 0 < r
n : ℕ
w : ℕ → Fin 4 → ℂ
f : ℕ → Fin 2 → ℂ
hi : ∀ (i : Fin 4), i ≠ 0 → w 0 i = 0
ht : w n 0 = 0
hs : ∀ j < n, w (j + 1) = transfer r *ᵥ w j + forcing r *ᵥ f j
h2 : ∀ j < n, w (j + 1) 2 = w j 0
h3 : ∀ j < n, w (j + 1) 3 = w j 1
j : Fin n
⊢ 80 * (H r n *ᵥ reconstruct n w) (j, (fun i => i) ⟨1, ⋯⟩) = f ↑(j, (fun i => i) ⟨1, ⋯⟩).1 (j, (fun i => i) ⟨1, ⋯⟩).2
error: Lean exited with code 1
Some required targets logged failures:
- NLA.MF22.StateReconstruction
error: build failed
