/private/tmp/nla-lean-iv06-worktree/intervals-and-absolute-value-equations/IV-06/lean/NLA/IV06/Proof.lean:54:55: error: linarith failed to find a contradiction
case mp.refine_3.«0».«2».h1
A : RealMatrix 3
hL : EntrywiseLE lower A
hU : EntrywiseLE A upper
hl : 9 ≤ A 0 ⟨2, ⋯⟩
hu : A 0 ⟨2, ⋯⟩ ≤ 159
a✝ : A 0 ⟨2, ⋯⟩ < A 0 2
⊢ False
failed
Try this:
  [apply] ring_nf
  
  The `ring` tactic failed to close the goal. Use `ring_nf` to obtain a normal form.
    
  Note that `ring` works primarily in *commutative* rings. If you have a noncommutative ring, abelian group or module, consider using `noncomm_ring`, `abel` or `module` instead.
/private/tmp/nla-lean-iv06-worktree/intervals-and-absolute-value-equations/IV-06/lean/NLA/IV06/Proof.lean:62:68: error: unsolved goals
a b lam : ℝ
⊢ -(lam * 25) +
                                                                  lam *
                                                                      Matrix.vecCons (![25, a, b] 2)
                                                                        (fun i =>
                                                                          Matrix.vecCons (![1, -1, 0] 2)
                                                                            (fun i => ![1, 0, 1] 2) i)
                                                                        2 *
                                                                    24 -
                                                                lam * 1 1 2 *
                                                                    Matrix.vecCons a
                                                                      (fun i => Matrix.vecCons (-1) (fun i => 0) i) 2 *
                                                                  25 +
                                                              lam * 1 1 2 * a *
                                                                Matrix.vecCons 25
                                                                  (fun i => Matrix.vecCons 1 (fun i => 1) i) 2 -
                                                            lam * ![1, -1, 0] 2 * 1 2 1 * 25 -
                                                          lam * ![1, -1, 0] 2 *
                                                            Matrix.vecCons a
                                                              (fun i => Matrix.vecCons (-1) (fun i => 0) i) 2 +
                                                        lam * ![1, -1, 0] 2 * a * 1 2 0 +
                                                      lam * 1 2 1 * ![25, a, b] 2 +
                                                    lam *
                                                        Matrix.vecCons a (fun i => Matrix.vecCons (-1) (fun i => 0) i)
                                                          2 *
                                                      1 0 2 -
                                                  lam * a +
                                                lam * 1 2 0 * ![25, a, b] 2 -
                                              lam * Matrix.vecCons 25 (fun i => Matrix.vecCons 1 (fun i => 1) i) 2 *
                                                ![25, a, b] 2 +
                                            lam * Matrix.vecCons 25 (fun i => Matrix.vecCons 1 (fun i => 1) i) 2 *
                                              1 0 2 -
                                          lam ^ 2 * 24 -
                                        lam ^ 2 *
                                          Matrix.vecCons (![25, a, b] 2)
                                            (fun i => Matrix.vecCons (![1, -1, 0] 2) (fun i => ![1, 0, 1] 2) i) 2 +
                                      lam ^ 2 * 1 1 2 * 1 2 1 * 25 +
                                    lam ^ 2 * 1 1 2 * Matrix.vecCons a (fun i => Matrix.vecCons (-1) (fun i => 0) i) 2 -
                                  lam ^ 2 * 1 1 2 * a * 1 2 0 +
                                lam ^ 2 * ![1, -1, 0] 2 * 1 2 1 -
                              lam ^ 2 * 1 2 1 * 1 0 2 +
                            lam ^ 2 * 1 2 0 * ![25, a, b] 2 -
                          lam ^ 2 * 1 2 0 * 1 0 2 +
                        lam ^ 2 * Matrix.vecCons 25 (fun i => Matrix.vecCons 1 (fun i => 1) i) 2 * 1 0 2 +
                      lam ^ 3 -
                    lam ^ 3 * 1 1 2 * 1 2 1 -
                  lam ^ 3 * 1 2 0 * 1 0 2 +
                Matrix.vecCons (![25, a, b] 2) (fun i => Matrix.vecCons (![1, -1, 0] 2) (fun i => ![1, 0, 1] 2) i) 2 *
                  25 +
              Matrix.vecCons (![25, a, b] 2) (fun i => Matrix.vecCons (![1, -1, 0] 2) (fun i => ![1, 0, 1] 2) i) 2 * a +
            ![1, -1, 0] 2 * Matrix.vecCons a (fun i => Matrix.vecCons (-1) (fun i => 0) i) 2 * 25 -
          ![1, -1, 0] 2 * a * Matrix.vecCons 25 (fun i => Matrix.vecCons 1 (fun i => 1) i) 2 -
        Matrix.vecCons a (fun i => Matrix.vecCons (-1) (fun i => 0) i) 2 * ![25, a, b] 2 -
      Matrix.vecCons 25 (fun i => Matrix.vecCons 1 (fun i => 1) i) 2 * ![25, a, b] 2 =
    25 - lam - lam * a - lam * b - lam ^ 2 * 25 + lam ^ 3 + a - b
/private/tmp/nla-lean-iv06-worktree/intervals-and-absolute-value-equations/IV-06/lean/NLA/IV06/Proof.lean:146:34: error: No goals to be solved
/private/tmp/nla-lean-iv06-worktree/intervals-and-absolute-value-equations/IV-06/lean/NLA/IV06/Proof.lean:146:34: error: No goals to be solved
/private/tmp/nla-lean-iv06-worktree/intervals-and-absolute-value-equations/IV-06/lean/NLA/IV06/Proof.lean:146:34: error: No goals to be solved
/private/tmp/nla-lean-iv06-worktree/intervals-and-absolute-value-equations/IV-06/lean/NLA/IV06/Proof.lean:146:34: error: No goals to be solved
/private/tmp/nla-lean-iv06-worktree/intervals-and-absolute-value-equations/IV-06/lean/NLA/IV06/Proof.lean:146:34: error: No goals to be solved
/private/tmp/nla-lean-iv06-worktree/intervals-and-absolute-value-equations/IV-06/lean/NLA/IV06/Proof.lean:146:34: error: No goals to be solved
/private/tmp/nla-lean-iv06-worktree/intervals-and-absolute-value-equations/IV-06/lean/NLA/IV06/Proof.lean:146:34: error: No goals to be solved
/private/tmp/nla-lean-iv06-worktree/intervals-and-absolute-value-equations/IV-06/lean/NLA/IV06/Proof.lean:146:34: error: No goals to be solved
/private/tmp/nla-lean-iv06-worktree/intervals-and-absolute-value-equations/IV-06/lean/NLA/IV06/Proof.lean:146:34: error: No goals to be solved
/private/tmp/nla-lean-iv06-worktree/intervals-and-absolute-value-equations/IV-06/lean/NLA/IV06/Proof.lean:146:34: error: No goals to be solved
/private/tmp/nla-lean-iv06-worktree/intervals-and-absolute-value-equations/IV-06/lean/NLA/IV06/Proof.lean:144:8: error: (kernel) declaration has metavariables 'NLA.IV06.ordered_pair_separator'
/private/tmp/nla-lean-iv06-worktree/intervals-and-absolute-value-equations/IV-06/lean/NLA/IV06/Proof.lean:173:2: error: Type mismatch: After simplification, term
  Cardinal.mk_le_of_injective hinj
 has type
  @LE.le Cardinal.{0} Cardinal.instLE (↑4) (Cardinal.mk (ConnectedComponents ↑(realEigenvalueSet lower upper)))
but is expected to have type
  @LE.le Cardinal.{0} Cardinal.instLE 4 (Cardinal.mk (ConnectedComponents ↑(realEigenvalueSet lower upper)))
/private/tmp/nla-lean-iv06-worktree/intervals-and-absolute-value-equations/IV-06/lean/NLA/IV06/Proof.lean:187:21: error: #assert_trust: 'NLA.IV06.family_and_determinant_semantics_proved' depends on sorry or unrecognized axioms
  foundational: propext, Classical.choice, Quot.sound
  sorryAx: sorryAx
/private/tmp/nla-lean-iv06-worktree/intervals-and-absolute-value-equations/IV-06/lean/NLA/IV06/Proof.lean:188:21: error: #assert_trust: 'NLA.IV06.witness_eigenpairs_proved' depends on sorry or unrecognized axioms
  foundational: propext, Classical.choice, Quot.sound
  sorryAx: sorryAx
/private/tmp/nla-lean-iv06-worktree/intervals-and-absolute-value-equations/IV-06/lean/NLA/IV06/Proof.lean:190:21: error: #assert_trust: 'NLA.IV06.witness_separators_proved' depends on sorry or unrecognized axioms
  foundational: propext, Classical.choice, Quot.sound
  sorryAx: sorryAx
/private/tmp/nla-lean-iv06-worktree/intervals-and-absolute-value-equations/IV-06/lean/NLA/IV06/Proof.lean:192:21: error: #assert_trust: 'NLA.IV06.four_components_proved' depends on sorry or unrecognized axioms
  foundational: propext, Classical.choice, Quot.sound
  sorryAx: sorryAx
/private/tmp/nla-lean-iv06-worktree/intervals-and-absolute-value-equations/IV-06/lean/NLA/IV06/Proof.lean:193:21: error: #assert_trust: 'NLA.IV06.counterexample_proved' depends on sorry or unrecognized axioms
  foundational: propext, Classical.choice, Quot.sound
  sorryAx: sorryAx
/private/tmp/nla-lean-iv06-worktree/intervals-and-absolute-value-equations/IV-06/lean/NLA/IV06/Proof.lean:194:21: error: #assert_trust: 'NLA.IV06.not_componentBoundConjecture_proved' depends on sorry or unrecognized axioms
  foundational: propext, Classical.choice, Quot.sound
  sorryAx: sorryAx
'NLA.IV06.eigenvalue_determinant_semantics_proved' depends on axioms: [propext, Classical.choice, Quot.sound]
'NLA.IV06.family_and_determinant_semantics_proved' depends on axioms: [propext, sorryAx, Classical.choice, Quot.sound]
'NLA.IV06.witness_eigenpairs_proved' depends on axioms: [propext, sorryAx, Classical.choice, Quot.sound]
'NLA.IV06.numerical_separator_margin' depends on axioms: [propext, Classical.choice, Quot.sound]
'NLA.IV06.witness_separators_proved' depends on axioms: [propext, sorryAx, Classical.choice, Quot.sound]
'NLA.IV06.connected_component_intervals_proved' depends on axioms: [propext, Classical.choice, Quot.sound]
'NLA.IV06.four_components_proved' depends on axioms: [propext, sorryAx, Classical.choice, Quot.sound]
'NLA.IV06.counterexample_proved' depends on axioms: [propext, sorryAx, Classical.choice, Quot.sound]
'NLA.IV06.not_componentBoundConjecture_proved' depends on axioms: [propext, sorryAx, Classical.choice, Quot.sound]
