'NLA.KE04.real_matrix_semantics' depends on axioms: [propext, Classical.choice, Quot.sound]
'NLA.KE04.krylov_range_semantics' depends on axioms: [propext, Classical.choice, Quot.sound]
'NLA.KE04.krylov_nesting_and_shift' depends on axioms: [propext, Classical.choice, Quot.sound]
'NLA.KE04.fullBlockDimension_iff_independent' depends on axioms: [propext, Classical.choice, Quot.sound]
'NLA.KE04.fullBlockDimension_prefix' depends on axioms: [propext, Classical.choice, Quot.sound]
'NLA.KE04.lastFullBlockIteration_exists' depends on axioms: [propext, Classical.choice, Quot.sound]
'NLA.KE04.krylovBasis_exists' depends on axioms: [propext, Classical.choice, Quot.sound]
'NLA.KE04.frameProjection_semantics' depends on axioms: [propext, Classical.choice, Quot.sound]
'NLA.KE04.compression_semantics' depends on axioms: [propext, Classical.choice, Quot.sound]
'NLA.KE04.orderedSpectrum_semantics' depends on axioms: [propext, Classical.choice, Quot.sound]
'NLA.KE04.compression_basis_independent' depends on axioms: [propext, Classical.choice, Quot.sound]
'NLA.KE04.interval_index_validity' depends on axioms: [propext, Classical.choice, Quot.sound]
'NLA.KE04.quadratic_semantics' depends on axioms: [propext, Classical.choice, Quot.sound]
'NLA.KE04.spectral_gap_quadratic_psd' depends on axioms: [propext, Classical.choice, Quot.sound]
'NLA.KE04.spectral_window_subspace' depends on axioms: [propext, Classical.choice, Quot.sound]
'NLA.KE04.krylov_intersection_nonzero' depends on axioms: [propext, Classical.choice, Quot.sound]
'NLA.KE04.psd_zero_form_iff_kernel' depends on axioms: [propext, Classical.choice, Quot.sound]
'NLA.KE04.compressedQuadratic_semantics' depends on axioms: [propext, Classical.choice, Quot.sound]
'NLA.KE04.quadratic_forms_agree' depends on axioms: [propext, Classical.choice, Quot.sound]
'NLA.KE04.later_quadratic_identity' depends on axioms: [propext, Classical.choice, Quot.sound]
'NLA.KE04.fullRank_quadratic_nonannihilation' depends on axioms: [propext, Classical.choice, Quot.sound]
'NLA.KE04.strictIntervalOccupancy' depends on axioms: [propext, Classical.choice, Quot.sound]
'NLA.KE04.fullPrefix_implies_canonical' depends on axioms: [propext, Classical.choice, Quot.sound]
'NLA.KE04.blockLanczosConjecture' depends on axioms: [propext, Classical.choice, Quot.sound]
