def NLA.IE23.euclideanNorm : {n : Nat} → (y : NLA.IE23.Vec n) → Real :=
fun {n : Nat} (y : NLA.IE23.Vec n) =>
  @Norm.norm.{0}
    (WithLp.{0}
      (@OfNat.ofNat.{0} ENNReal (nat_lit 2)
        (@instOfNatAtLeastTwo.{0} ENNReal (nat_lit 2)
          (@AddMonoidWithOne.toNatCast.{0} ENNReal
            (@AddCommMonoidWithOne.toAddMonoidWithOne.{0} ENNReal ENNReal.instAddCommMonoidWithOne))
          NLA.IE23.euclideanNorm._proof_1))
      ((i : Fin n) → (fun (x : Fin n) => Complex) i))
    (@PiLp.instNorm.{0, 0}
      (@OfNat.ofNat.{0} ENNReal (nat_lit 2)
        (@instOfNatAtLeastTwo.{0} ENNReal (nat_lit 2)
          (@AddMonoidWithOne.toNatCast.{0} ENNReal
            (@AddCommMonoidWithOne.toAddMonoidWithOne.{0} ENNReal ENNReal.instAddCommMonoidWithOne))
          NLA.IE23.euclideanNorm._proof_1))
      (Fin n) (fun (x : Fin n) => Complex) (Fin.fintype n) fun (i : Fin n) => Complex.instNorm)
    (@WithLp.toLp.{0}
      (@OfNat.ofNat.{0} ENNReal (nat_lit 2)
        (@instOfNatAtLeastTwo.{0} ENNReal (nat_lit 2)
          (@AddMonoidWithOne.toNatCast.{0} ENNReal
            (@AddCommMonoidWithOne.toAddMonoidWithOne.{0} ENNReal ENNReal.instAddCommMonoidWithOne))
          NLA.IE23.euclideanNorm._proof_1))
      ((i : Fin n) → (fun (x : Fin n) => Complex) i) y)
def NLA.IE23.lpNorm : {n : Nat} → (p : Real) → (y : NLA.IE23.Vec n) → Real :=
fun {n : Nat} (p : Real) (y : NLA.IE23.Vec n) =>
  @HPow.hPow.{0, 0, 0} Real Real Real (@instHPow.{0, 0} Real Real Real.instPow)
    (@Finset.sum.{0, 0} (Fin n) Real Real.instAddCommMonoid (@Finset.univ.{0} (Fin n) (Fin.fintype n))
      fun (i : Fin n) =>
      @HPow.hPow.{0, 0, 0} Real Real Real (@instHPow.{0, 0} Real Real Real.instPow)
        (@Norm.norm.{0} Complex Complex.instNorm (y i)) p)
    (@HDiv.hDiv.{0, 0, 0} Real Real Real (@instHDiv.{0} Real (@DivInvMonoid.toDiv.{0} Real Real.instDivInvMonoid))
      (@OfNat.ofNat.{0} Real (nat_lit 1) (@One.toOfNat1.{0} Real Real.instOne)) p)
def NLA.IE23.ratioSet : {m n : Nat} → (p : Real) → (X : NLA.IE23.Mat n m) → Set.{0} Real :=
fun {m n : Nat} (p : Real) (X : NLA.IE23.Mat n m) =>
  @Set.ofPred.{0} Real fun (r : Real) =>
    @Exists.{1} (NLA.IE23.Vec m) fun (y : NLA.IE23.Vec m) =>
      And
        (@Ne.{1} (NLA.IE23.Vec m) y
          (@OfNat.ofNat.{0} (NLA.IE23.Vec m) (nat_lit 0)
            (@Zero.toOfNat0.{0} (NLA.IE23.Vec m)
              (@Pi.instZero.{0, 0} (Fin m) (fun (a : Fin m) => Complex) fun (i : Fin m) => Complex.instZero))))
        (@Eq.{1} Real r
          (@HDiv.hDiv.{0, 0, 0} Real Real Real (@instHDiv.{0} Real (@DivInvMonoid.toDiv.{0} Real Real.instDivInvMonoid))
            (@NLA.IE23.euclideanNorm n
              (@Matrix.mulVec.{0, 0, 0} (Fin n) (Fin m) Complex
                (@NonUnitalNonAssocRing.toNonUnitalNonAssocSemiring.{0} Complex
                  (@NonUnitalNonAssocCommRing.toNonUnitalNonAssocRing.{0} Complex
                    (@NonUnitalCommRing.toNonUnitalNonAssocCommRing.{0} Complex Complex.instNonUnitalCommRing)))
                (Fin.fintype m) X y))
            (@NLA.IE23.lpNorm m p y)))
def NLA.IE23.inducedNorm : {m n : Nat} → (p : Real) → (X : NLA.IE23.Mat n m) → Real :=
fun {m n : Nat} (p : Real) (X : NLA.IE23.Mat n m) => @SupSet.sSup.{0} Real Real.instSupSet (@NLA.IE23.ratioSet m n p X)
def NLA.IE23.FullRowRank : {m n : Nat} → (A : NLA.IE23.Mat m n) → Prop :=
fun {m n : Nat} (A : NLA.IE23.Mat m n) =>
  @Eq.{1} Nat (@Matrix.rank.{0, 0, 0} (Fin m) (Fin n) Complex (Fin.fintype n) Complex.instCommSemiring A) m
def NLA.IE23.moorePenrose : {m n : Nat} → (A : NLA.IE23.Mat m n) → NLA.IE23.Mat n m :=
fun {m n : Nat} (A : NLA.IE23.Mat m n) =>
  @HMul.hMul.{0, 0, 0} (Matrix.{0, 0, 0} (Fin n) (Fin m) Complex) (Matrix.{0, 0, 0} (Fin m) (Fin m) Complex)
    (Matrix.{0, 0, 0} (Fin n) (Fin m) Complex)
    (@Matrix.instHMulOfFintypeOfMulOfAddCommMonoid.{0, 0, 0, 0} (Fin n) (Fin m) (Fin m) Complex (Fin.fintype m)
      Complex.instMul Complex.instAddCommMonoid)
    (@Matrix.conjTranspose.{0, 0, 0} (Fin m) (Fin n) Complex
      (@InvolutiveStar.toStar.{0} Complex
        (@StarAddMonoid.toInvolutiveStar.{0} Complex
          (@AddCommMonoid.toAddMonoid.{0} Complex
            (@NonUnitalNonAssocSemiring.toAddCommMonoid.{0} Complex
              (@NonUnitalNonAssocRing.toNonUnitalNonAssocSemiring.{0} Complex
                (@NonUnitalNonAssocCommRing.toNonUnitalNonAssocRing.{0} Complex
                  (@NonUnitalCommRing.toNonUnitalNonAssocCommRing.{0} Complex Complex.instNonUnitalCommRing)))))
          (@StarRing.toStarAddMonoid.{0} Complex
            (@NonUnitalNonAssocRing.toNonUnitalNonAssocSemiring.{0} Complex
              (@NonUnitalNonAssocCommRing.toNonUnitalNonAssocRing.{0} Complex
                (@NonUnitalCommRing.toNonUnitalNonAssocCommRing.{0} Complex Complex.instNonUnitalCommRing)))
            Complex.instStarRing)))
      A)
    (@Inv.inv.{0} (Matrix.{0, 0, 0} (Fin m) (Fin m) Complex)
      (@Matrix.inv.{0, 0} (Fin m) Complex (Fin.fintype m) (instDecidableEqFin m) Complex.commRing)
      (@HMul.hMul.{0, 0, 0} (NLA.IE23.Mat m n) (Matrix.{0, 0, 0} (Fin n) (Fin m) Complex)
        (Matrix.{0, 0, 0} (Fin m) (Fin m) Complex)
        (@Matrix.instHMulOfFintypeOfMulOfAddCommMonoid.{0, 0, 0, 0} (Fin m) (Fin n) (Fin m) Complex (Fin.fintype n)
          Complex.instMul Complex.instAddCommMonoid)
        A
        (@Matrix.conjTranspose.{0, 0, 0} (Fin m) (Fin n) Complex
          (@InvolutiveStar.toStar.{0} Complex
            (@StarAddMonoid.toInvolutiveStar.{0} Complex
              (@AddCommMonoid.toAddMonoid.{0} Complex
                (@NonUnitalNonAssocSemiring.toAddCommMonoid.{0} Complex
                  (@NonUnitalNonAssocRing.toNonUnitalNonAssocSemiring.{0} Complex
                    (@NonUnitalNonAssocCommRing.toNonUnitalNonAssocRing.{0} Complex
                      (@NonUnitalCommRing.toNonUnitalNonAssocCommRing.{0} Complex Complex.instNonUnitalCommRing)))))
              (@StarRing.toStarAddMonoid.{0} Complex
                (@NonUnitalNonAssocRing.toNonUnitalNonAssocSemiring.{0} Complex
                  (@NonUnitalNonAssocCommRing.toNonUnitalNonAssocRing.{0} Complex
                    (@NonUnitalCommRing.toNonUnitalNonAssocCommRing.{0} Complex Complex.instNonUnitalCommRing)))
                Complex.instStarRing)))
          A)))
def NLA.IE23.IsNormMinimizer : {m n : Nat} → (A : NLA.IE23.Mat m n) → (p : Real) → (X : NLA.IE23.Mat n m) → Prop :=
fun {m n : Nat} (A : NLA.IE23.Mat m n) (p : Real) (X : NLA.IE23.Mat n m) =>
  And (@NLA.IE23.IsRightInverse m n A X)
    (∀ (Y : NLA.IE23.Mat n m),
      @NLA.IE23.IsRightInverse m n A Y →
        @LE.le.{0} Real Real.instLE (@NLA.IE23.inducedNorm m n p X) (@NLA.IE23.inducedNorm m n p Y))
def NLA.IE23.RightInverseUniqueConjecture : Prop :=
∀ (m n : Nat),
  @LE.le.{0} Nat instLENat (@OfNat.ofNat.{0} Nat (nat_lit 1) (instOfNatNat (nat_lit 1))) m →
    @LT.lt.{0} Nat instLTNat m n →
      ∀ (A : NLA.IE23.Mat m n),
        @NLA.IE23.FullRowRank m n A →
          ∀ (p : Real),
            @LT.lt.{0} Real Real.instLT
                (@OfNat.ofNat.{0} Real (nat_lit 2)
                  (@instOfNatAtLeastTwo.{0} Real (nat_lit 2) Real.instNatCast NLA.IE23.euclideanNorm._proof_1))
                p →
              ∀ (X : NLA.IE23.Mat n m),
                @NLA.IE23.IsRightInverse m n A X →
                  @Ne.{1} (NLA.IE23.Mat n m) X (@NLA.IE23.moorePenrose m n A) →
                    @LT.lt.{0} Real Real.instLT (@NLA.IE23.inducedNorm m n p (@NLA.IE23.moorePenrose m n A))
                      (@NLA.IE23.inducedNorm m n p X)
@[reducible] def EuclideanSpace.{u_7, u_8} : Type u_7 → Type u_8 → Type (max u_7 u_8) :=
fun 𝕜 n => PiLp 2 fun x => 𝕜
def Matrix.rank.{um, un, uR} : {m : Type um} →
  {n : Type un} → {R : Type uR} → [Fintype n] → [CommSemiring R] → Matrix m n R → ℕ :=
fun {m} {n} {R} [Fintype n] [CommSemiring R] A => Module.finrank R ↥A.mulVecLin.range
@[instance_reducible] def Matrix.inv.{u', v} : {n : Type u'} →
  {α : Type v} → [Fintype n] → [DecidableEq n] → [CommRing α] → Inv (Matrix n n α) :=
fun {n} {α} [Fintype n] [DecidableEq n] [CommRing α] => { inv := fun A => Ring.inverse A.det • A.adjugate }
def Real.rpow : ℝ → ℝ → ℝ :=
fun x y => (↑x ^ ↑y).re
EuclideanSpace.norm_sq_eq.{u_7, u_8} {𝕜 : Type u_7} [RCLike 𝕜] {n : Type u_8} [Fintype n] (x : EuclideanSpace 𝕜 n) :
  ‖x‖ ^ 2 = ∑ i, ‖x.ofLp i‖ ^ 2
Real.rpow_pos_of_pos {x : ℝ} (hx : 0 < x) (y : ℝ) : 0 < x ^ y
csSup_le.{u_1} {α : Type u_1} [ConditionallyCompleteLattice α] {s : Set α} {a : α} (h₁ : s.Nonempty)
  (h₂ : ∀ b ∈ s, b ≤ a) : sSup s ≤ a
le_csSup.{u_1} {α : Type u_1} [ConditionallyCompleteLattice α] {s : Set α} {a : α} (h₁ : BddAbove s) (h₂ : a ∈ s) :
  a ≤ sSup s
NLA.IE23.inducedNorm_semantics {m n : ℕ} (hm : 1 ≤ m) (p : ℝ) (hp : 2 < p) (X : NLA.IE23.Mat n m) :
  (∀ (y : NLA.IE23.Vec m), y ≠ 0 → 0 < NLA.IE23.lpNorm p y) ∧
    (NLA.IE23.ratioSet p X).Nonempty ∧
      BddAbove (NLA.IE23.ratioSet p X) ∧
        IsLUB (NLA.IE23.ratioSet p X) (NLA.IE23.inducedNorm p X) ∧
          0 ≤ NLA.IE23.inducedNorm p X ∧
            ∀ (y : NLA.IE23.Vec m),
              NLA.IE23.euclideanNorm (Matrix.mulVec X y) ≤ NLA.IE23.inducedNorm p X * NLA.IE23.lpNorm p y
NLA.IE23.witness_matrix_identities :
  NLA.IE23.FullRowRank NLA.IE23.witnessA ∧
    NLA.IE23.witnessA * Matrix.conjTranspose NLA.IE23.witnessA = NLA.IE23.witnessGram ∧
      IsUnit NLA.IE23.witnessGram ∧
        NLA.IE23.witnessGram⁻¹ = NLA.IE23.witnessGramInv ∧
          NLA.IE23.moorePenrose NLA.IE23.witnessA = NLA.IE23.witnessB ∧
            NLA.IE23.IsRightInverse NLA.IE23.witnessA NLA.IE23.witnessB ∧
              NLA.IE23.IsRightInverse NLA.IE23.witnessA NLA.IE23.witnessX ∧
                NLA.IE23.witnessB ≠ NLA.IE23.witnessX ∧
                  Matrix.conjTranspose NLA.IE23.witnessB * NLA.IE23.witnessB = NLA.IE23.witnessGramInv ∧
                    Matrix.conjTranspose NLA.IE23.witnessX * NLA.IE23.witnessX = 1
NLA.IE23.fourth_power_norm_control :
  2 < 4 ∧
    0 < NLA.IE23.witnessNorm ∧
      NLA.IE23.witnessNorm ^ 2 = √2 ∧
        NLA.IE23.witnessNorm ^ 4 = 2 ∧
          NLA.IE23.witnessNorm = 2 ^ (1 / 2 - 1 / 4) ∧
            (∀ (y : NLA.IE23.Vec 2), NLA.IE23.euclideanNorm y ^ 2 = ∑ i, Complex.normSq (y i)) ∧
              (∀ (y : NLA.IE23.Vec 2), NLA.IE23.lpNorm 4 y ^ 4 = ∑ i, ‖y i‖ ^ 4) ∧
                ∀ (y : NLA.IE23.Vec 2), NLA.IE23.euclideanNorm y ≤ NLA.IE23.witnessNorm * NLA.IE23.lpNorm 4 y
NLA.IE23.witness_action_identities :
  (∀ (y : NLA.IE23.Vec 2),
      NLA.IE23.euclideanNorm (Matrix.mulVec NLA.IE23.witnessB y) ^ 2 + Complex.normSq (y 0 + y 1) / 3 =
        NLA.IE23.euclideanNorm y ^ 2) ∧
    (∀ (y : NLA.IE23.Vec 2), NLA.IE23.euclideanNorm (Matrix.mulVec NLA.IE23.witnessX y) = NLA.IE23.euclideanNorm y) ∧
      ∀ (Y : NLA.IE23.Mat 3 2),
        NLA.IE23.IsRightInverse NLA.IE23.witnessA Y →
          NLA.IE23.euclideanNorm (Matrix.mulVec Y NLA.IE23.normingVector) ^ 2 =
            2 + 3 * Complex.normSq (Matrix.mulVec Y NLA.IE23.normingVector 0)
NLA.IE23.witness_attainment :
  NLA.IE23.normingVector ≠ 0 ∧
    NLA.IE23.lpNorm 4 NLA.IE23.normingVector = NLA.IE23.witnessNorm ∧
      NLA.IE23.euclideanNorm (Matrix.mulVec NLA.IE23.witnessB NLA.IE23.normingVector) = √2 ∧
        NLA.IE23.euclideanNorm (Matrix.mulVec NLA.IE23.witnessX NLA.IE23.normingVector) = √2 ∧
          NLA.IE23.euclideanNorm (Matrix.mulVec NLA.IE23.witnessB NLA.IE23.normingVector) /
                NLA.IE23.lpNorm 4 NLA.IE23.normingVector =
              NLA.IE23.witnessNorm ∧
            NLA.IE23.euclideanNorm (Matrix.mulVec NLA.IE23.witnessX NLA.IE23.normingVector) /
                NLA.IE23.lpNorm 4 NLA.IE23.normingVector =
              NLA.IE23.witnessNorm
NLA.IE23.witness_norms :
  NLA.IE23.inducedNorm 4 NLA.IE23.witnessB = NLA.IE23.witnessNorm ∧
    NLA.IE23.inducedNorm 4 NLA.IE23.witnessX = NLA.IE23.witnessNorm
NLA.IE23.witness_global_minimizers :
  NLA.IE23.IsNormMinimizer NLA.IE23.witnessA 4 NLA.IE23.witnessB ∧
    NLA.IE23.IsNormMinimizer NLA.IE23.witnessA 4 NLA.IE23.witnessX ∧
      IsLeast (NLA.IE23.rightInverseNorms NLA.IE23.witnessA 4) NLA.IE23.witnessNorm
NLA.IE23.not_rightInverseUniqueConjecture : ¬NLA.IE23.RightInverseUniqueConjecture
'NLA.IE23.euclideanNorm' depends on axioms: [propext, Classical.choice, Quot.sound]
'NLA.IE23.lpNorm' depends on axioms: [propext, Classical.choice, Quot.sound]
'NLA.IE23.ratioSet' depends on axioms: [propext, Classical.choice, Quot.sound]
'NLA.IE23.inducedNorm' depends on axioms: [propext, Classical.choice, Quot.sound]
'NLA.IE23.FullRowRank' depends on axioms: [propext, Classical.choice, Quot.sound]
'NLA.IE23.moorePenrose' depends on axioms: [propext, Classical.choice, Quot.sound]
'NLA.IE23.IsRightInverse' depends on axioms: [propext, Classical.choice, Quot.sound]
'NLA.IE23.IsNormMinimizer' depends on axioms: [propext, Classical.choice, Quot.sound]
'NLA.IE23.rightInverseNorms' depends on axioms: [propext, Classical.choice, Quot.sound]
'NLA.IE23.RightInverseUniqueConjecture' depends on axioms: [propext, Classical.choice, Quot.sound]
'NLA.IE23.witnessA' depends on axioms: [propext, Classical.choice, Quot.sound]
'NLA.IE23.witnessGram' depends on axioms: [propext, Classical.choice, Quot.sound]
'NLA.IE23.witnessGramInv' depends on axioms: [propext, Classical.choice, Quot.sound]
'NLA.IE23.witnessB' depends on axioms: [propext, Classical.choice, Quot.sound]
'NLA.IE23.witnessX' depends on axioms: [propext, Classical.choice, Quot.sound]
'NLA.IE23.normingVector' depends on axioms: [propext, Classical.choice, Quot.sound]
'NLA.IE23.witnessNorm' depends on axioms: [propext, Classical.choice, Quot.sound]
