{"command": ["rg", "-n", "lemma cfc_eq|protected noncomputable def cfc|finite|eigenvalues", "/private/tmp/nla-lean-mi26-worktree/matrix-inequalities-and-norms/MI-26/lean/.lake/packages/mathlib/Mathlib/Analysis/Matrix/HermitianFunctionalCalculus.lean"], "exit_code": 0}
21:  as the triple product `U * diagonal (RCLike.ofReal ∘ f ∘ hA.eigenvalues) * star U` with
52:    diagonal (RCLike.ofReal ∘ g ∘ fun i ↦ ⟨hA.eigenvalues i, hA.eigenvalues_mem_spectrum_real i⟩)
77:      diagonal (RCLike.ofReal ∘ f ∘ fun i ↦ ⟨hA.eigenvalues i, hA.eigenvalues_mem_spectrum_real i⟩)
86:  obtain ⟨i, rfl⟩ := hA.spectrum_real_eq_range_eigenvalues ▸ hx
113:        obtain ⟨i, rfl⟩ := ha.spectrum_real_eq_range_eigenvalues ▸ hx
124:    · exact spectrum_real_eq_range_eigenvalues ha ▸ Set.range_nonempty _
129:continuous on the spectrum of a matrix, since the spectrum is finite. This is shown to be equal to
132:protected noncomputable def cfc (f : ℝ → ℝ) : Matrix n n 𝕜 :=
133:  conjStarAlgAut 𝕜 _ hA.eigenvectorUnitary (diagonal (RCLike.ofReal ∘ f ∘ hA.eigenvalues))
143:lemma cfc_eq (f : ℝ → ℝ) : cfc f A = hA.cfc f := by
153:    (cfc f A).charpoly = ∏ i, (X - C (f (hA.eigenvalues i) : 𝕜)) := by

{"command": ["rg", "-n", "lemma cfc_sub|lemma cfc_pow|lemma cfc_id", "/private/tmp/nla-lean-mi26-worktree/matrix-inequalities-and-norms/MI-26/lean/.lake/packages/mathlib/Mathlib/Analysis/CStarAlgebra/ContinuousFunctionalCalculus/Unital.lean"], "exit_code": 0}
383:lemma cfc_id (ha : p a := by cfc_tac) : cfc (id : R → R) a = a :=
387:lemma cfc_id' (ha : p a := by cfc_tac) : cfc (fun x : R ↦ x) a = a := cfc_id R a
471:lemma cfc_pow (f : R → R) (n : ℕ) (a : A)
546:lemma cfc_pow_id (a : A) (n : ℕ) (ha : p a := by cfc_tac) : cfc (· ^ n : R → R) a = a ^ n := by
871:lemma cfc_sub : cfc (fun x ↦ f x - g x) a = cfc f a - cfc g a := by

{"command": ["rg", "-n", "vecMulVec_self_star|dotProduct_mulVec_nonneg", "/private/tmp/nla-lean-mi26-worktree/matrix-inequalities-and-norms/MI-26/lean/.lake/packages/mathlib/Mathlib/LinearAlgebra/Matrix/PosDef.lean"], "exit_code": 0}
305:theorem dotProduct_mulVec_nonneg {M : Matrix n n R} (hM : M.PosSemidef) :
308:lemma of_dotProduct_mulVec_nonneg {M : Matrix n n R} (hM1 : M.IsHermitian)
316:  refine of_dotProduct_mulVec_nonneg (isHermitian_conjTranspose_mul_mul B hA.1) fun x ↦ ?_
318:      hA.dotProduct_mulVec_nonneg (B *ᵥ x)
359:  refine .of_dotProduct_mulVec_nonneg (isHermitian_conjTranspose_mul_self _) fun x => ?_
412:theorem posSemidef_vecMulVec_self_star [StarOrderedRing R] (a : n → R) :
569:  · refine fun h => .of_dotProduct_mulVec_nonneg h.1 fun x => ?_

{"command": ["rg", "-n", "SubadditivityConjecture|witnessImage|admissibleFunction_iff", "/private/tmp/nla-lean-mi26-worktree/matrix-inequalities-and-norms/MI-26/lean/.lake/packages/mathlib/Mathlib"], "exit_code": 1}

