Try this:
  [apply] ring_nf
  
  The `ring` tactic failed to close the goal. Use `ring_nf` to obtain a normal form.
    
  Note that `ring` works primarily in *commutative* rings. If you have a noncommutative ring, abelian group or module, consider using `noncomm_ring`, `abel` or `module` instead.
/private/tmp/nla-lean-ra08-worktree/randomized-and-low-rank-approximation/RA-08/lean/NLA/RA08/Location.lean:32:43: error: unsolved goals
x : Fin 6 → ℝ
hx : x 2 = 0
hF : x ⬝ᵥ witnessF *ᵥ x ≤ x ⬝ᵥ x
h0 : 0 ≤ x 0 ^ 2
h3 : 0 ≤ x 3 ^ 2
h4 : 0 ≤ x 4 ^ 2
h5 : 0 ≤ x 5 ^ 2
⊢ x 0 ^ 2 + x 1 ^ 2 + x 2 ^ 2 + x (Fin.succ 2) ^ 2 + x (Fin.succ 2).succ ^ 2 + x (Fin.succ 2).succ.succ ^ 2 =
    x 0 ^ 2 + x 1 ^ 2 + x 2 ^ 2 + x 3 ^ 2 + x 4 ^ 2 + x 5 ^ 2
/private/tmp/nla-lean-ra08-worktree/randomized-and-low-rank-approximation/RA-08/lean/NLA/RA08/Location.lean:127:21: error: #assert_trust: 'NLA.RA08.witness_no_gap_eigenvector' depends on sorry or unrecognized axioms
  foundational: propext, Classical.choice, Quot.sound
  sorryAx: sorryAx
/private/tmp/nla-lean-ra08-worktree/randomized-and-low-rank-approximation/RA-08/lean/NLA/RA08/Location.lean:128:21: error: #assert_trust: 'NLA.RA08.witness_spectral_location_proved' depends on sorry or unrecognized axioms
  foundational: propext, Classical.choice, Quot.sound
  sorryAx: sorryAx
'NLA.RA08.witness_no_gap_eigenvector' depends on axioms: [propext, sorryAx, Classical.choice, Quot.sound]
'NLA.RA08.witness_spectral_location_proved' depends on axioms: [propext, sorryAx, Classical.choice, Quot.sound]
