$ systemd-run --user --quiet --wait --pipe --collect -p 'RestrictAddressFamilies=~AF_UNIX' --working-directory /home/runner/work/_temp/nla-lean-tools/.verification-tmp/nla-fresh-proof-0h_q7akt/project /usr/bin/env -i PATH=/home/runner/.elan/toolchains/leanprover--lean4---v4.33.1/bin:/home/runner/.elan/bin:/home/runner/go/bin:/opt/hostedtoolcache/go/1.27.1/x64/bin:/snap/bin:/home/runner/.local/bin:/opt/pipx_bin:/home/runner/.cargo/bin:/home/runner/.config/composer/vendor/bin:/usr/local/.ghcup/bin:/home/runner/.dotnet/tools:/usr/local/sbin:/usr/local/bin:/usr/sbin:/usr/bin:/sbin:/bin:/usr/games:/usr/local/games:/snap/bin HOME=/home/runner LANG=C.UTF-8 XDG_RUNTIME_DIR=/run/user/1001 DBUS_SESSION_BUS_ADDRESS=unix:path=/run/user/1001/bus GIT_TERMINAL_PROMPT=0 GIT_CONFIG_NOSYSTEM=1 GIT_CONFIG_GLOBAL=/dev/null COMPARATOR_BIN=/home/runner/work/_temp/nla-lean-tools/.tools/comparator/.lake/build/bin/comparator COMPARATOR_LEAN4EXPORT=/home/runner/work/_temp/nla-lean-tools/.tools/lean4export/.lake/build/bin/lean4export COMPARATOR_LANDRUN=/home/runner/work/_temp/nla-lean-tools/scripts/strict_landrun.py XDG_CACHE_HOME=/home/runner/work/_temp/nla-lean-tools/.tools/cache TMPDIR=/home/runner/work/_temp/nla-lean-tools/.verification-tmp lake env /home/runner/work/_temp/nla-lean-tools/.tools/comparator/.lake/build/bin/comparator comparator.json
Building Challenge
✔ [2643/2645] Built NLA.IE18.Definitions (1.9s)
⚠ [2644/2645] Built Challenge (1.8s)
warning: Challenge.lean:8:8: declaration uses `sorry`
warning: Challenge.lean:21:8: declaration uses `sorry`
warning: Challenge.lean:33:8: declaration uses `sorry`
Build completed successfully (2645 jobs).
Exporting #[Quot, Quot.mk, Quot.lift, Quot.ind, NLA.IE18.residual_certificate, NLA.IE18.counterexample, NLA.IE18.not_fourStepConjecture, propext, Classical.choice, Quot.sound, Nat.add, Nat.sub, Nat.mul, Nat.pow, Nat.gcd, Nat.div, Nat.mod, Nat.beq, Nat.ble, Nat.land, Nat.lor, Nat.xor, Nat.shiftLeft, Nat.shiftRight, String.ofList, Char.ofNat, List, eagerReduce, Nat, String, String.mk, Char, optParam, autoParam, semiOutParam, outParam] from Challenge
Building Solution
✔ [2956/2989] Built LeanCert.Core.Interval (4.5s)
✔ [2957/2989] Built LeanCert.Core.DerivativeIntervals (4.9s)
✔ [2958/2996] Built LeanCert.Contrib.Sinc (6.4s)
✔ [2959/2996] Built LeanCert.Core.Expr (7.3s)
✔ [2960/2996] Built LeanCert.Core.Dyadic (5.8s)
✔ [2961/3000] Built LeanCert.Tactic.Verification (6.6s)
✔ [2962/3000] Built LeanCert.Core.Taylor (9.7s)
✔ [2963/3001] Built LeanCert.Core.IntervalRat.Basic (10s)
✔ [2964/3001] Built LeanCert.Core.Support (3.0s)
✔ [2965/3001] Built LeanCert.Core.IntervalRat.LogReduction (5.7s)
✔ [2966/3001] Built LeanCert.Tactic.LeanCert.Bridge.Environment (3.2s)
✔ [2967/3001] Built LeanCert.Meta.Numeral (4.5s)
✔ [2968/3001] Built LeanCert.Engine.Eval.Result (2.9s)
✔ [2969/3001] Built LeanCert.Core.TrigReduction (3.6s)
✔ [2970/3001] Built LeanCert.Tactic.NumericalRefinement (847ms)
✔ [2971/3001] Built LeanCert.Core.IntervalRat.Transcendental (5.0s)
✔ [2972/3001] Built LeanCert.Tactic.IntervalAuto.Types (4.1s)
✔ [2973/3023] Built LeanCert.Tactic.IntervalAuto.Extract (3.4s)
✔ [3026/3107] Built LeanCert.Tactic.IntervalAuto.Norm (4.9s)
✔ [3028/3111] Built LeanCert.Meta.ToExpr (7.0s)
✔ [3029/3111] Built LeanCert.Tactic.VecUtil (4.9s)
✔ [3030/3111] Built LeanCert.Tactic.FinsetParse (5.5s)
✔ [3031/3111] Built LeanCert.Tactic.LeanCert.Normalize (5.0s)
✔ [3032/3195] Built LeanCert.Tactic.BridgeNative (2.3s)
✔ [3566/3646] Built LeanCert.Tactic.IntervalAuto.Parse (7.1s)
✔ [3567/3648] Built LeanCert.Tactic.FinSumExpand (2.8s)
✔ [3568/3652] Built LeanCert.Tactic.LeanCert.Semantic.Domain (1.7s)
✔ [3569/3654] Built LeanCert.Validity.Eventual (3.2s)
✔ [3570/3655] Built LeanCert.Tactic.IntervalAuto.Diagnostic (3.3s)
✔ [3571/3655] Built LeanCert.Core.IntervalRat.Taylor (19s)
✔ [3572/3655] Built LeanCert.Tactic.LeanCert.Semantic.Goal (2.1s)
✔ [3573/3657] Built LeanCert.Tactic.VecSimp (1.6s)
✔ [3574/3660] Built LeanCert.Core.IntervalReal (2.6s)
✔ [3575/3660] Built LeanCert.Tactic.LeanCert.Semantic.Parse.Comparison (1.5s)
✔ [3576/3660] Built LeanCert.Core.IntervalRat.TrigReduced (3.0s)
✔ [3577/3660] Built LeanCert.Tactic.EventualBound (5.1s)
✔ [3578/3660] Built LeanCert.Tactic.Extension.Protocol (2.9s)
✔ [3579/3660] Built LeanCert.Tactic.LeanCert.Semantic.Parse.Bound (3.3s)
✔ [3580/3663] Built LeanCert.Engine.Affine.Basic (7.9s)
✔ [3581/3663] Built LeanCert.Core.IntervalRealEndpoints (6.2s)
✔ [3582/3663] Built LeanCert.Tactic.LeanCert.Diagnostic.Evidence (5.9s)
✔ [3583/3663] Built LeanCert.Core.IntervalDyadic (8.7s)
✔ [3584/3663] Built LeanCert.Tactic.LeanCert.Config (1.8s)
✔ [3585/3667] Built LeanCert.Tactic.Extension.Registry (3.4s)
✔ [3587/3676] Built LeanCert.Engine.Affine.Nonlinear (5.6s)
✔ [3588/3678] Built LeanCert.Core.DyadicCell (5.6s)
✔ [3590/3683] Built LeanCert.Engine.Eval.Core (8.5s)
✔ [3591/3683] Built LeanCert.Engine.FloatEval (3.7s)
✔ [3592/3683] Built LeanCert.Engine.Algebra.QPoly (6.6s)
✔ [3593/3683] Built LeanCert.Core.DyadicFrontier (3.4s)
✔ [3594/3683] Built LeanCert.Tactic.Extension.Command (2.6s)
✔ [3595/3683] Built LeanCert.Engine.Algebra.QPolyIntegral (3.0s)
✔ [3596/3683] Built LeanCert.Engine.Eval.Extended (3.7s)
✔ [3597/3683] Built LeanCert.Tactic.Extension (2.1s)
✔ [3598/3683] Built LeanCert.Engine.Bounds.Lemmas (2.0s)
✔ [3599/3683] Built LeanCert.Engine.IntervalEval (1.8s)
✔ [3600/3683] Built LeanCert.Validity.Bounds.Checked (2.0s)
✔ [3601/3683] Built LeanCert.Validity.Bounds.Core (3.1s)
✔ [3602/3683] Built LeanCert.Engine.Affine.Transcendental (4.3s)
✔ [3603/3683] Built LeanCert.Engine.Optimization.Box (3.8s)
✔ [3604/3683] Built LeanCert.Engine.IntervalEvalDyadic (7.1s)
✔ [3605/3683] Built LeanCert.Engine.RootFinding.Basic (5.7s)
✔ [3606/3683] Built LeanCert.Engine.AD.Basic (3.3s)
✔ [3607/3683] Built LeanCert.Engine.Integrate (7.2s)
✔ [3608/3683] Built LeanCert.Engine.Search.Heuristic (4.5s)
✔ [3609/3683] Built LeanCert.Engine.IntervalEvalAffine (6.9s)
✔ [3610/3683] Built LeanCert.Engine.TaylorModel.Core (10s)
✔ [3611/3683] Built LeanCert.Engine.FinSumDyadic (6.1s)
✔ [3612/3683] Built LeanCert.Validity.DyadicBounds (3.6s)
✔ [3613/3683] Built LeanCert.Engine.RootFinding.Bisection (5.7s)
✔ [3614/3683] Built LeanCert.Engine.Affine.Environment (4.0s)
✔ [3615/3683] Built LeanCert.Engine.AD.Transcendental (4.7s)
✔ [3616/3683] Built LeanCert.Engine.TaylorModel.Integral (4.1s)
✔ [3617/3683] Built LeanCert.Engine.TaylorModel.Special (2.9s)
✔ [3618/3683] Built LeanCert.Engine.TaylorModel.ExpLog (9.7s)
✔ [3619/3683] Built LeanCert.Engine.WitnessSum (7.6s)
✔ [3620/3683] Built LeanCert.Engine.AD.Eval (2.7s)
✔ [3621/3683] Built LeanCert.Engine.TaylorModel.Trig (11s)
✔ [3622/3683] Built LeanCert.Engine.TaylorModel.Hyperbolic (13s)
✔ [3623/3683] Built LeanCert.Engine.TaylorModel.Functions (1.9s)
✔ [3624/3683] Built LeanCert.Engine.AD.Correctness (2.6s)
✔ [3625/3683] Built LeanCert.Engine.AD.Computable (3.2s)
✔ [3626/3683] Built LeanCert.Engine.TaylorModel.Expr (4.9s)
✔ [3627/3683] Built LeanCert.Engine.AD.PartialCorrectness (5.0s)
✔ [3628/3683] Built LeanCert.Engine.AD.DomainChecked (3.6s)
✔ [3629/3683] Built LeanCert.Engine.TaylorModel (2.3s)
✔ [3630/3683] Built LeanCert.Engine.AD.Dyadic (2.9s)
✔ [3631/3683] Built LeanCert.Engine.AD (1.8s)
✔ [3632/3683] Built LeanCert.Validity.Bounds.Smart (3.6s)
✔ [3633/3683] Built LeanCert.Meta.ProveSupported (4.5s)
✔ [3634/3683] Built LeanCert.Engine.IntervalEvalRefined (4.6s)
✔ [3635/3683] Built LeanCert.Engine.Optimize (6.5s)
✔ [3636/3683] Built LeanCert.Validity.Bounds.Bridge (3.5s)
✔ [3637/3683] Built LeanCert.Meta.ProveContinuous (5.1s)
✔ [3638/3683] Built LeanCert.Tactic.IntervalAuto.ProveCommon (6.2s)
✔ [3639/3683] Built LeanCert.Engine.RootFinding.Newton (5.3s)
✔ [3640/3683] Built LeanCert.Validity.Bounds.Basic (3.3s)
✔ [3641/3683] Built LeanCert.Engine.Optimization.Gradient (6.5s)
✔ [3642/3683] Built LeanCert.Tactic.LeanCert.Bridge.ReifiedFunction (3.8s)
✔ [3643/3683] Built LeanCert.Tactic.IntervalAuto.Basic (3.9s)
✔ [3644/3683] Built LeanCert.Validity.Integration (6.8s)
✔ [3645/3683] Built LeanCert.Engine.RootFinding.MVTBounds (8.3s)
✔ [3646/3683] Built LeanCert.Tactic.LeanCert.Semantic.Prepare (7.3s)
✔ [3647/3683] Built LeanCert.Engine.RootFinding.Krawczyk (9.0s)
✔ [3648/3683] Built LeanCert.Engine.RootFinding.Contraction (7.8s)
✔ [3649/3683] Built LeanCert.Tactic.LeanCert.Integral (11s)
✔ [3650/3683] Built LeanCert.Tactic.Extension.Execute (10s)
✔ [3651/3683] Built LeanCert.Engine.RootFinding.KrawczykCandidate (4.1s)
✔ [3652/3683] Built LeanCert.Tactic.LeanCert.Solver.Protocol (6.3s)
✔ [3653/3683] Built LeanCert.Validity.Krawczyk (2.9s)
✔ [3654/3683] Built LeanCert.Engine.Optimization.Global (23s)
✔ [3655/3683] Built LeanCert.Engine.RootFinding.Main (2.8s)
✔ [3656/3683] Built LeanCert.Tactic.Enclosure (3.6s)
✔ [3657/3683] Built LeanCert.Tactic.LeanCert.Diagnostic.Render (3.9s)
✔ [3658/3683] Built LeanCert.Validity.Types (3.2s)
✔ [3659/3683] Built LeanCert.Engine.Optimization.Guided (3.4s)
✔ [3660/3683] Built LeanCert.Engine.Search.CounterExample (2.4s)
✔ [3661/3683] Built LeanCert.Engine.Optimization.BoundVerify (3.1s)
✔ [3662/3683] Built LeanCert.Validity.Bounds (5.0s)
✔ [3663/3683] Built LeanCert.Discovery.Find (3.6s)
✔ [3664/3683] Built LeanCert.Tactic.IntervalAuto.OptBound (4.3s)
✔ [3665/3683] Built LeanCert.Tactic.IntervalAuto.Multivariate (6.2s)
✔ [3666/3683] Built LeanCert.Tactic.IntervalAuto.RootBound (3.3s)
✔ [3667/3683] Built LeanCert.Tactic.IntervalAuto.Bound (14s)
✔ [3668/3683] Built LeanCert.Tactic.IntervalAuto.Subdiv (5.2s)
✔ [3669/3683] Built LeanCert.Tactic.IntervalAuto.Adaptive (6.0s)
✔ [3670/3683] Built LeanCert.Tactic.IntervalAuto.PointIneq (8.5s)
✔ [3671/3683] Built LeanCert.Tactic.IntervalAuto (2.3s)
✔ [3672/3683] Built LeanCert.Tactic.Refute (3.5s)
✔ [3673/3683] Built LeanCert.Tactic.FinSumWitness (4.5s)
✔ [3674/3683] Built LeanCert.Tactic.FinSumBound (3.8s)
✔ [3675/3683] Built LeanCert.Tactic.LeanCert.Semantic.Parse (2.9s)
✔ [3676/3683] Built LeanCert.Tactic.Discovery (12s)
✔ [3677/3683] Built LeanCert.Tactic.Krawczyk (2.0s)
✔ [3678/3683] Built LeanCert.Tactic.LeanCert.Router (6.5s)
✔ [3679/3683] Built LeanCert.Tactic.LeanCert (2.3s)
✔ [3680/3683] Built LeanCert.Tactic (2.4s)
ℹ [3681/3683] Built NLA.IE18.Proof (4.2s)
info: NLA/IE18/Proof.lean:257:0: 'NLA.IE18.strict_scalar_gap' depends on axioms: [propext, Classical.choice, Quot.sound]
info: NLA/IE18/Proof.lean:259:0: 'NLA.IE18.residual_certificate_proved' depends on axioms: [propext, Classical.choice, Quot.sound]
info: NLA/IE18/Proof.lean:261:0: 'NLA.IE18.actual_pairMaximum' depends on axioms: [propext, Classical.choice, Quot.sound]
info: NLA/IE18/Proof.lean:263:0: 'NLA.IE18.counterexample_proved' depends on axioms: [propext, Classical.choice, Quot.sound]
info: NLA/IE18/Proof.lean:265:0: 'NLA.IE18.not_fourStepConjecture_proved' depends on axioms: [propext, Classical.choice, Quot.sound]
ℹ [3682/3683] Built Solution (2.6s)
info: Solution.lean:44:0: 'NLA.IE18.residual_certificate' depends on axioms: [propext, Classical.choice, Quot.sound]
info: Solution.lean:46:0: 'NLA.IE18.counterexample' depends on axioms: [propext, Classical.choice, Quot.sound]
info: Solution.lean:48:0: 'NLA.IE18.not_fourStepConjecture' depends on axioms: [propext, Classical.choice, Quot.sound]
Build completed successfully (3683 jobs).
Exporting #[Quot, Quot.mk, Quot.lift, Quot.ind, NLA.IE18.residual_certificate, NLA.IE18.counterexample, NLA.IE18.not_fourStepConjecture, propext, Classical.choice, Quot.sound, Nat.add, Nat.sub, Nat.mul, Nat.pow, Nat.gcd, Nat.div, Nat.mod, Nat.beq, Nat.ble, Nat.land, Nat.lor, Nat.xor, Nat.shiftLeft, Nat.shiftRight, String.ofList, Char.ofNat, List, eagerReduce, Nat, String, String.mk, Char, optParam, autoParam, semiOutParam, outParam] from Solution
Running Lean default kernel on solution.
Lean default kernel accepts the solution
Your solution is okay!

EXIT_STATUS=0
