/private/tmp/nla-lean-ra09-worktree/randomized-and-low-rank-approximation/RA-09/lean/NLA/RA09/OverlapOrder.lean:24:70: error: unsolved goals
n : ℕ
A : RealMatrix n
d : OrderedSpectralData A
j : Fin n
b : ℝ
i l : Fin n
⊢ b * ↑d.orthogonal i j * ↑d.orthogonal l j = b * (↑d.orthogonal i j * ↑d.orthogonal l j)
/private/tmp/nla-lean-ra09-worktree/randomized-and-low-rank-approximation/RA-09/lean/NLA/RA09/OverlapOrder.lean:27:80: warning: This simp argument is unused:
  mul_left_comm

Hint: Omit it from the simp argument list.
  [apply] simp [Pi.single_apply, outerSquare, Matrix.smul_apply, smul_eq_mul, mul_comm]

Note: This linter can be disabled with `set_option linter.unusedSimpArgs false`
/private/tmp/nla-lean-ra09-worktree/randomized-and-low-rank-approximation/RA-09/lean/NLA/RA09/OverlapOrder.lean:39:12: warning: This simp argument is unused:
  Pi.single_apply

Hint: Omit it from the simp argument list.
  [apply] simp [hi, Ne.symm hi, d.nonnegative i]

Note: This linter can be disabled with `set_option linter.unusedSimpArgs false`
/private/tmp/nla-lean-ra09-worktree/randomized-and-low-rank-approximation/RA-09/lean/NLA/RA09/OverlapOrder.lean:39:33: warning: This simp argument is unused:
  Ne.symm hi

Hint: Omit it from the simp argument list.
  [apply] simp [Pi.single_apply, hi, d.nonnegative i]

Note: This linter can be disabled with `set_option linter.unusedSimpArgs false`
/private/tmp/nla-lean-ra09-worktree/randomized-and-low-rank-approximation/RA-09/lean/NLA/RA09/OverlapOrder.lean:102:21: error: #assert_trust: 'NLA.RA09.overlap_semantics_proved' depends on sorry or unrecognized axioms
  foundational: propext, Classical.choice, Quot.sound
  sorryAx: sorryAx
'NLA.RA09.overlap_semantics_proved' depends on axioms: [propext, sorryAx, Classical.choice, Quot.sound]
