⚠ [3099/3105] Replayed NLA.MF12.Geometry
warning: NLA/MF12/Geometry.lean:77:73: Used `tac1 <;> tac2` where `(tac1; tac2)` would suffice

Note: This linter can be disabled with `set_option linter.unnecessarySeqFocus false`
ℹ [3100/3105] Replayed NLA.MF12.Growth
info: NLA/MF12/Growth.lean:74:2: Try this:
  [apply] ring_nf
  
  The `ring` tactic failed to close the goal. Use `ring_nf` to obtain a normal form.
    
  Note that `ring` works primarily in *commutative* rings. If you have a noncommutative ring, abelian group or module, consider using `noncomm_ring`, `abel` or `module` instead.
⚠ [3101/3105] Replayed NLA.MF12.ScalarBudget
warning: NLA/MF12/ScalarBudget.lean:114:47: Variable name `ha1` is not explicitly referenced.

Hint: The binding can be removed (if unused) or named `_` (if used implicitly). Alternatively, prefix the name with `_` to silence this warning:
  [apply] _ha1

Note: This linter can be disabled with `set_option linter.unusedVariables false`
⚠ [3103/3105] Replayed NLA.MF12.ScalarLower
warning: NLA/MF12/ScalarLower.lean:11:32: Variable name `hu` is not explicitly referenced.

Hint: The binding can be removed (if unused) or named `_` (if used implicitly). Alternatively, prefix the name with `_` to silence this warning:
  [apply] _hu

Note: This linter can be disabled with `set_option linter.unusedVariables false`
warning: NLA/MF12/ScalarLower.lean:52:52: This simp argument is unused:
  div_pow

Hint: Omit it from the simp argument list.
  [apply] simp [ell]

Note: This linter can be disabled with `set_option linter.unusedSimpArgs false`
warning: NLA/MF12/ScalarLower.lean:85:12: This simp argument is unused:
  div_pow

Hint: Omit it from the simp argument list.
  [apply] simp

Note: This linter can be disabled with `set_option linter.unusedSimpArgs false`
✔ [3104/3105] Built NLA.MF12.WordLower (6.3s)
✖ [3105/3105] Building NLA.MF12.WordBounds (8.1s)
trace: .> LEAN_PATH=/Users/sholden/Projects/OpenProblemsInNLA/intervals-and-absolute-value-equations/IV-06/lean/.lake/packages/Cli/.lake/build/lib/lean:/Users/sholden/Projects/OpenProblemsInNLA/intervals-and-absolute-value-equations/IV-06/lean/.lake/packages/batteries/.lake/build/lib/lean:/Users/sholden/Projects/OpenProblemsInNLA/intervals-and-absolute-value-equations/IV-06/lean/.lake/packages/Qq/.lake/build/lib/lean:/Users/sholden/Projects/OpenProblemsInNLA/intervals-and-absolute-value-equations/IV-06/lean/.lake/packages/aesop/.lake/build/lib/lean:/Users/sholden/Projects/OpenProblemsInNLA/intervals-and-absolute-value-equations/IV-06/lean/.lake/packages/proofwidgets/.lake/build/lib/lean:/Users/sholden/Projects/OpenProblemsInNLA/intervals-and-absolute-value-equations/IV-06/lean/.lake/packages/importGraph/.lake/build/lib/lean:/Users/sholden/Projects/OpenProblemsInNLA/intervals-and-absolute-value-equations/IV-06/lean/.lake/packages/LeanSearchClient/.lake/build/lib/lean:/Users/sholden/Projects/OpenProblemsInNLA/intervals-and-absolute-value-equations/IV-06/lean/.lake/packages/plausible/.lake/build/lib/lean:/Users/sholden/Projects/OpenProblemsInNLA/intervals-and-absolute-value-equations/IV-06/lean/.lake/packages/mathlib/.lake/build/lib/lean:/Users/sholden/Projects/OpenProblemsInNLA/intervals-and-absolute-value-equations/IV-06/lean/.lake/packages/leancert/.lake/build/lib/lean:/private/tmp/nla-20260922-mf12/matrix-functions-and-stability/MF-12/lean/.lake/build/lib/lean /private/tmp/nla-20260922-runtime/lean-4.33.1-darwin_aarch64/bin/lean /private/tmp/nla-20260922-mf12/matrix-functions-and-stability/MF-12/lean/NLA/MF12/WordBounds.lean -o /private/tmp/nla-20260922-mf12/matrix-functions-and-stability/MF-12/lean/.lake/build/lib/lean/NLA/MF12/WordBounds.olean -i /private/tmp/nla-20260922-mf12/matrix-functions-and-stability/MF-12/lean/.lake/build/lib/lean/NLA/MF12/WordBounds.ilean -c /private/tmp/nla-20260922-mf12/matrix-functions-and-stability/MF-12/lean/.lake/build/ir/NLA/MF12/WordBounds.c --setup /private/tmp/nla-20260922-mf12/matrix-functions-and-stability/MF-12/lean/.lake/build/ir/NLA/MF12/WordBounds.setup.json --json
warning: NLA/MF12/WordBounds.lean:11:32: Variable name `ha` is not explicitly referenced.

Hint: The binding can be removed (if unused) or named `_` (if used implicitly). Alternatively, prefix the name with `_` to silence this warning:
  [apply] _ha

Note: This linter can be disabled with `set_option linter.unusedVariables false`
error: NLA/MF12/WordBounds.lean:39:61: linarith failed to find a contradiction
case «1».«1»
α : ℝ
ha : 0 < α
ha1 : α < 1
hμ0 : 0 < fractionalParameter α
hμ1 : fractionalParameter α < 1
b : ℝ
hb : b ∈ upperBounds (Set.range fun n => ↑n * fractionalParameter α ^ n)
b' : ℝ := max 1 b
hb' : 1 ≤ b'
hqb : ∀ (q : ℕ), ↑q * fractionalParameter α ^ q ≤ b'
H : ℝ := entryConstant * b'
q : ℕ
hpow : fractionalParameter α ^ q ≤ 1
hlambda : (1 / 4) ^ q ≤ 1
hell : ell q ≤ 1
hp0 : 0 ≤ fractionalParameter α ^ q
hqp0 : 0 ≤ ↑q * fractionalParameter α ^ q
hl0 : 0 ≤ ↑q * (1 / 4) ^ q
a✝ : b' < (4 ^ q)⁻¹
⊢ False
failed
error: NLA/MF12/WordBounds.lean:39:61: linarith failed to find a contradiction
case «2».«2»
α : ℝ
ha : 0 < α
ha1 : α < 1
hμ0 : 0 < fractionalParameter α
hμ1 : fractionalParameter α < 1
b : ℝ
hb : b ∈ upperBounds (Set.range fun n => ↑n * fractionalParameter α ^ n)
b' : ℝ := max 1 b
hb' : 1 ≤ b'
hqb : ∀ (q : ℕ), ↑q * fractionalParameter α ^ q ≤ b'
H : ℝ := entryConstant * b'
q : ℕ
hpow : fractionalParameter α ^ q ≤ 1
hlambda : (1 / 4) ^ q ≤ 1
hell : ell q ≤ 1
hp0 : 0 ≤ fractionalParameter α ^ q
hqp0 : 0 ≤ ↑q * fractionalParameter α ^ q
hl0 : 0 ≤ ↑q * (1 / 4) ^ q
a✝ : b' < (4 ^ q)⁻¹
⊢ False
failed
warning: NLA/MF12/WordBounds.lean:37:57: This simp argument is unused:
  abs_of_nonneg hl0

Hint: Omit it from the simp argument list.
  [apply] simp [seedPower, abs_of_nonneg hp0, abs_of_nonneg hqp0,
    abs_of_nonneg (pow_nonneg (by norm_num : (0 : ℝ) ≤ 1 / 4) q)]

Note: This linter can be disabled with `set_option linter.unusedSimpArgs false`
warning: NLA/MF12/WordBounds.lean:38:6: This simp argument is unused:
  abs_of_nonneg (pow_nonneg (by norm_num : (0 : ℝ) ≤ 1 / 4) q)

Hint: Omit it from the simp argument list.
  [apply] simp [seedPower, abs_of_nonneg hp0, abs_of_nonneg hqp0, abs_of_nonneg hl0]

Note: This linter can be disabled with `set_option linter.unusedSimpArgs false`
warning: NLA/MF12/WordBounds.lean:78:96: this tactic is never executed

Note: This linter can be disabled with `set_option linter.unreachableTactic false`
warning: NLA/MF12/WordBounds.lean:78:107: this tactic is never executed

Note: This linter can be disabled with `set_option linter.unreachableTactic false`
warning: NLA/MF12/WordBounds.lean:78:96: Unused tactic linter: `exact ht` does nothing

Note: This linter can be disabled with `set_option linter.unusedTactic false`
warning: NLA/MF12/WordBounds.lean:78:107: Unused tactic linter: `positivity` does nothing

Note: This linter can be disabled with `set_option linter.unusedTactic false`
error: Lean exited with code 1
Some required targets logged failures:
- NLA.MF12.WordBounds
error: build failed
