⚠ [3099/3104] Replayed NLA.MF12.Geometry
warning: NLA/MF12/Geometry.lean:77:73: Used `tac1 <;> tac2` where `(tac1; tac2)` would suffice

Note: This linter can be disabled with `set_option linter.unnecessarySeqFocus false`
ℹ [3100/3104] Replayed NLA.MF12.Growth
info: NLA/MF12/Growth.lean:74:2: Try this:
  [apply] ring_nf
  
  The `ring` tactic failed to close the goal. Use `ring_nf` to obtain a normal form.
    
  Note that `ring` works primarily in *commutative* rings. If you have a noncommutative ring, abelian group or module, consider using `noncomm_ring`, `abel` or `module` instead.
⚠ [3101/3104] Replayed NLA.MF12.ScalarBudget
warning: NLA/MF12/ScalarBudget.lean:114:47: Variable name `ha1` is not explicitly referenced.

Hint: The binding can be removed (if unused) or named `_` (if used implicitly). Alternatively, prefix the name with `_` to silence this warning:
  [apply] _ha1

Note: This linter can be disabled with `set_option linter.unusedVariables false`
⚠ [3103/3104] Replayed NLA.MF12.ScalarLower
warning: NLA/MF12/ScalarLower.lean:11:32: Variable name `hu` is not explicitly referenced.

Hint: The binding can be removed (if unused) or named `_` (if used implicitly). Alternatively, prefix the name with `_` to silence this warning:
  [apply] _hu

Note: This linter can be disabled with `set_option linter.unusedVariables false`
warning: NLA/MF12/ScalarLower.lean:52:52: This simp argument is unused:
  div_pow

Hint: Omit it from the simp argument list.
  [apply] simp [ell]

Note: This linter can be disabled with `set_option linter.unusedSimpArgs false`
warning: NLA/MF12/ScalarLower.lean:85:12: This simp argument is unused:
  div_pow

Hint: Omit it from the simp argument list.
  [apply] simp

Note: This linter can be disabled with `set_option linter.unusedSimpArgs false`
✖ [3104/3104] Building NLA.MF12.WordLower (5.9s)
trace: .> LEAN_PATH=/Users/sholden/Projects/OpenProblemsInNLA/intervals-and-absolute-value-equations/IV-06/lean/.lake/packages/Cli/.lake/build/lib/lean:/Users/sholden/Projects/OpenProblemsInNLA/intervals-and-absolute-value-equations/IV-06/lean/.lake/packages/batteries/.lake/build/lib/lean:/Users/sholden/Projects/OpenProblemsInNLA/intervals-and-absolute-value-equations/IV-06/lean/.lake/packages/Qq/.lake/build/lib/lean:/Users/sholden/Projects/OpenProblemsInNLA/intervals-and-absolute-value-equations/IV-06/lean/.lake/packages/aesop/.lake/build/lib/lean:/Users/sholden/Projects/OpenProblemsInNLA/intervals-and-absolute-value-equations/IV-06/lean/.lake/packages/proofwidgets/.lake/build/lib/lean:/Users/sholden/Projects/OpenProblemsInNLA/intervals-and-absolute-value-equations/IV-06/lean/.lake/packages/importGraph/.lake/build/lib/lean:/Users/sholden/Projects/OpenProblemsInNLA/intervals-and-absolute-value-equations/IV-06/lean/.lake/packages/LeanSearchClient/.lake/build/lib/lean:/Users/sholden/Projects/OpenProblemsInNLA/intervals-and-absolute-value-equations/IV-06/lean/.lake/packages/plausible/.lake/build/lib/lean:/Users/sholden/Projects/OpenProblemsInNLA/intervals-and-absolute-value-equations/IV-06/lean/.lake/packages/mathlib/.lake/build/lib/lean:/Users/sholden/Projects/OpenProblemsInNLA/intervals-and-absolute-value-equations/IV-06/lean/.lake/packages/leancert/.lake/build/lib/lean:/private/tmp/nla-20260922-mf12/matrix-functions-and-stability/MF-12/lean/.lake/build/lib/lean /private/tmp/nla-20260922-runtime/lean-4.33.1-darwin_aarch64/bin/lean /private/tmp/nla-20260922-mf12/matrix-functions-and-stability/MF-12/lean/NLA/MF12/WordLower.lean -o /private/tmp/nla-20260922-mf12/matrix-functions-and-stability/MF-12/lean/.lake/build/lib/lean/NLA/MF12/WordLower.olean -i /private/tmp/nla-20260922-mf12/matrix-functions-and-stability/MF-12/lean/.lake/build/lib/lean/NLA/MF12/WordLower.ilean -c /private/tmp/nla-20260922-mf12/matrix-functions-and-stability/MF-12/lean/.lake/build/ir/NLA/MF12/WordLower.c --setup /private/tmp/nla-20260922-mf12/matrix-functions-and-stability/MF-12/lean/.lake/build/ir/NLA/MF12/WordLower.setup.json --json
error: NLA/MF12/WordLower.lean:20:14: unsolved goals
case succ
α : ℝ
q k : ℕ
ih : (reset * seed (fractionalParameter α) ^ q) ^ k * embedV = embedV * compressed α q ^ k
⊢ embedV * (compressU * (seed (fractionalParameter α) ^ q * (embedV * compressed α q ^ k))) =
    embedV * (compressed α q * compressed α q ^ k)
warning: NLA/MF12/WordLower.lean:22:32: This simp argument is unused:
  compression_eq

Hint: Omit it from the simp argument list.
  [apply] simp only [Matrix.mul_assoc, pow_succ']

Note: This linter can be disabled with `set_option linter.unusedSimpArgs false`
error: Lean exited with code 1
Some required targets logged failures:
- NLA.MF12.WordLower
error: build failed
