{
  "status": "INDEPENDENT_PACKAGING_SEAL_PASS",
  "verdict": "APPROVE: candidate packaging only",
  "file_count": 1102,
  "own_evidence_files_excluding_outer": 86,
  "installer_bound_inputs": 1010,
  "installer_outer_itself_bound": true,
  "baseline_preserved": 958,
  "proof_inputs": 521,
  "statement_inputs": 68,
  "original_live_snapshot_and_recorded_Git_identities": 16,
  "historical_nested_inventories": 14,
  "complete_final_review_inventories": [
    699,
    793
  ],
  "successful_command_receipts": 21,
  "metadata_exports": 12,
  "pins": 10,
  "relative_links": 29,
  "metadata_paths": 40,
  "new_Lean_builds": 0,
  "actual_Linux_Comparator_default_kernel_controls": "pending; not executed",
  "new_mathematical_approval": false,
  "canonical_status": "Solved, unchanged",
  "operational_acceptance_and_publication": "pending",
  "email_like_matches_in_new_review_material": 0,
  "inventory_scope": "All fixed installer inputs and its outer manifest, all actual additional snapshotted tool inputs, own complete evidence and report; only exact own outer self excluded. Later acceptance/publication additions outside this evidence directory are outside this seal."
}
