/private/tmp/nla-lean-ra09-worktree/randomized-and-low-rank-approximation/RA-09/lean/NLA/RA09/Harmonic.lean:37:26: error(lean.unknownIdentifier): Unknown identifier `diagonal_mulVec`
Try this:
  [apply] ring_nf
  
  The `ring` tactic failed to close the goal. Use `ring_nf` to obtain a normal form.
    
  Note that `ring` works primarily in *commutative* rings. If you have a noncommutative ring, abelian group or module, consider using `noncomm_ring`, `abel` or `module` instead.
/private/tmp/nla-lean-ra09-worktree/randomized-and-low-rank-approximation/RA-09/lean/NLA/RA09/Harmonic.lean:39:2: error: unsolved goals
case e_a
n : ℕ
a v z : Fin n → ℝ
b : ℝ
i : Fin n
a✝ : i ∈ Finset.univ
⊢ z i * (diagonal a *ᵥ z) i = z i ^ 2 * a i
/private/tmp/nla-lean-ra09-worktree/randomized-and-low-rank-approximation/RA-09/lean/NLA/RA09/Harmonic.lean:37:55: warning: This simp argument is unused:
  Pi.mul_apply

Hint: Omit it from the simp argument list.
  [apply] simp only [smul_eq_mul, diagonal_mulVec, dotProduct]

Note: This linter can be disabled with `set_option linter.unusedSimpArgs false`
/private/tmp/nla-lean-ra09-worktree/randomized-and-low-rank-approximation/RA-09/lean/NLA/RA09/Harmonic.lean:50:15: error: Function expected at
  PosSemidef.diag_nonneg horder
but this term has type
  0 ≤ (diagonal a - b • outerSquare v) ?m.124 ?m.124

Note: Expected a function because this term is being applied to the argument
  i
/private/tmp/nla-lean-ra09-worktree/randomized-and-low-rank-approximation/RA-09/lean/NLA/RA09/Harmonic.lean:63:6: warning: `push_neg` has been deprecated. Prefer using `push Not` instead.
If you'd rather continue using `push_neg` in your project, you can implement it as follows:
```
open Lean.Parser.Tactic in
macro "push_neg" cfg:optConfig loc:(location)? : tactic =>
  `(tactic| push $cfg:optConfig Not $[$loc]?)
```
/private/tmp/nla-lean-ra09-worktree/randomized-and-low-rank-approximation/RA-09/lean/NLA/RA09/Harmonic.lean:86:29: error(lean.invalidField): Invalid field `mp`: The environment does not contain `Function.mp`, so it is not possible to project the field `mp` from an expression
  mul_le_mul_left ?m.393
of type
  ∀ (a : ?m.387), ?m.391 * a ≤ ?m.392 * a
/private/tmp/nla-lean-ra09-worktree/randomized-and-low-rank-approximation/RA-09/lean/NLA/RA09/Harmonic.lean:86:25: error: Application type mismatch: The argument
  hH
has type
  0 < H
but is expected to have type
  ?m.391 ≤ ?m.392
in the application
  mul_le_mul_left hH
/private/tmp/nla-lean-ra09-worktree/randomized-and-low-rank-approximation/RA-09/lean/NLA/RA09/Harmonic.lean:90:21: error: #assert_trust: 'NLA.RA09.harmonic_constraint_proved' depends on sorry or unrecognized axioms
  foundational: propext, Classical.choice, Quot.sound
  sorryAx: sorryAx
'NLA.RA09.harmonic_constraint_proved' depends on axioms: [propext, sorryAx, Classical.choice, Quot.sound]
