✖ [3145/3147] Building NLA.MI26.Proof (17s)
trace: .> LEAN_PATH=/private/tmp/nla-lean-mi26-worktree/matrix-inequalities-and-norms/MI-26/lean/.lake/packages/Cli/.lake/build/lib/lean:/private/tmp/nla-lean-mi26-worktree/matrix-inequalities-and-norms/MI-26/lean/.lake/packages/batteries/.lake/build/lib/lean:/private/tmp/nla-lean-mi26-worktree/matrix-inequalities-and-norms/MI-26/lean/.lake/packages/Qq/.lake/build/lib/lean:/private/tmp/nla-lean-mi26-worktree/matrix-inequalities-and-norms/MI-26/lean/.lake/packages/aesop/.lake/build/lib/lean:/private/tmp/nla-lean-mi26-worktree/matrix-inequalities-and-norms/MI-26/lean/.lake/packages/proofwidgets/.lake/build/lib/lean:/private/tmp/nla-lean-mi26-worktree/matrix-inequalities-and-norms/MI-26/lean/.lake/packages/importGraph/.lake/build/lib/lean:/private/tmp/nla-lean-mi26-worktree/matrix-inequalities-and-norms/MI-26/lean/.lake/packages/LeanSearchClient/.lake/build/lib/lean:/private/tmp/nla-lean-mi26-worktree/matrix-inequalities-and-norms/MI-26/lean/.lake/packages/plausible/.lake/build/lib/lean:/private/tmp/nla-lean-mi26-worktree/matrix-inequalities-and-norms/MI-26/lean/.lake/packages/mathlib/.lake/build/lib/lean:/private/tmp/nla-lean-mi26-worktree/matrix-inequalities-and-norms/MI-26/lean/.lake/packages/leancert/.lake/build/lib/lean:/private/tmp/nla-lean-mi26-worktree/matrix-inequalities-and-norms/MI-26/lean/.lake/build/lib/lean /Users/georgestepaniants/.elan/toolchains/leanprover--lean4---v4.33.1/bin/lean /private/tmp/nla-lean-mi26-worktree/matrix-inequalities-and-norms/MI-26/lean/NLA/MI26/Proof.lean -o /private/tmp/nla-lean-mi26-worktree/matrix-inequalities-and-norms/MI-26/lean/.lake/build/lib/lean/NLA/MI26/Proof.olean -i /private/tmp/nla-lean-mi26-worktree/matrix-inequalities-and-norms/MI-26/lean/.lake/build/lib/lean/NLA/MI26/Proof.ilean -c /private/tmp/nla-lean-mi26-worktree/matrix-inequalities-and-norms/MI-26/lean/.lake/build/ir/NLA/MI26/Proof.c --setup /private/tmp/nla-lean-mi26-worktree/matrix-inequalities-and-norms/MI-26/lean/.lake/build/ir/NLA/MI26/Proof.setup.json --json
error: NLA/MI26/Proof.lean:48:2: Type mismatch: After simplification, term
  IsHermitian.cfc_eq hA f
 has type
  @Eq (Matrix (Fin n) (Fin n) ℂ) (cfc f A)
    ((↑hA.eigenvectorUnitary * diagonal fun x => ↑(f (hA.eigenvalues x))) * (↑hA.eigenvectorUnitary)ᴴ)
but is expected to have type
  @Eq (Matrix (Fin n) (Fin n) ℂ) (cfc f A)
    ((↑hA.eigenvectorUnitary * diagonal fun i => ↑(f (hA.eigenvalues i))) * (↑hA.eigenvectorUnitary)ᴴ)
error: NLA/MI26/Proof.lean:179:21: #assert_trust: 'NLA.MI26.functionalCalculus_eq_spectral_proved' depends on sorry or unrecognized axioms
  foundational: propext, Classical.choice, Quot.sound
  sorryAx: sorryAx
error: NLA/MI26/Proof.lean:180:21: #assert_trust: 'NLA.MI26.functionalCalculus_congr_nonneg_proved' depends on sorry or unrecognized axioms
  foundational: propext, Classical.choice, Quot.sound
  sorryAx: sorryAx
info: NLA/MI26/Proof.lean:187:0: 'NLA.MI26.admissibleFunction_iff_proved' depends on axioms: [propext, Classical.choice, Quot.sound]
info: NLA/MI26/Proof.lean:188:0: 'NLA.MI26.functionalCalculus_eq_spectral_proved' depends on axioms: [propext, sorryAx, Classical.choice, Quot.sound]
info: NLA/MI26/Proof.lean:189:0: 'NLA.MI26.functionalCalculus_congr_nonneg_proved' depends on axioms: [propext, sorryAx, Classical.choice, Quot.sound]
info: NLA/MI26/Proof.lean:190:0: 'NLA.MI26.quadratic_cfc_proved' depends on axioms: [propext, Classical.choice, Quot.sound]
info: NLA/MI26/Proof.lean:191:0: 'NLA.MI26.witness_positive' depends on axioms: [propext, Classical.choice, Quot.sound]
info: NLA/MI26/Proof.lean:192:0: 'NLA.MI26.witness_data_proved' depends on axioms: [propext, Classical.choice, Quot.sound]
info: NLA/MI26/Proof.lean:193:0: 'NLA.MI26.counterexample_proved' depends on axioms: [propext, Classical.choice, Quot.sound]
info: NLA/MI26/Proof.lean:194:0: 'NLA.MI26.not_subadditivityConjecture_proved' depends on axioms: [propext, Classical.choice, Quot.sound]
error: Lean exited with code 1
Some required targets logged failures:
- NLA.MI26.Proof
error: build failed
