$ lake exe cache get
✔ [1/5] Built Cache.Cli (296ms)
✔ [2/5] Built Cache.Lean (322ms)
✔ [6/26] Built Cache.Cli:c.o (165ms)
✔ [7/26] Built Cache.Lean:c.o (200ms)
✔ [8/26] Built Cache.Infra (440ms)
✔ [9/26] Built Cache.Infra:c.o (198ms)
✔ [10/26] Built Batteries.Tactic.OpenPrivate (864ms)
✔ [11/26] Built Batteries.Tactic.OpenPrivate:c.o (1.1s)
✔ [12/26] Built Cache.IO (1.2s)
✔ [13/26] Built Cache.Hashing (699ms)
✔ [14/26] Built Cache.Hashing:c.o (434ms)
✔ [15/26] Built Cache.IO:c.o (1.5s)
✔ [16/26] Built Cache.Requests (1.8s)
✔ [17/26] Built Cache.Marker (482ms)
✔ [18/26] Built Cache.Marker:c.o (114ms)
✔ [19/26] Built Cache.Query (601ms)
✔ [20/26] Built Cache.Query:c.o (383ms)
✔ [21/26] Built Cache.Warning (611ms)
✔ [22/26] Built Cache.Warning:c.o (321ms)
✔ [23/26] Built Cache.Main (1.1s)
✔ [24/26] Built Cache.Requests:c.o (2.8s)
✔ [25/26] Built Cache.Main:c.o (839ms)
✔ [26/26] Built cache:exe (648ms)
Current branch: HEAD
Using cache from origin: (some leanprover-community/mathlib4)
Attempting to download 8690 file(s) from leanprover-community/mathlib4 cache at https://lakecache.blob.core.windows.net/mathlib4-master

Downloaded: 1 file(s) [attempted 1/8690 = 0%, 17 KB/s], Decompressed: 0
Downloaded: 76 file(s) [attempted 76/8690 = 0%, 536 KB/s], Decompressed: 34
Downloaded: 159 file(s) [attempted 159/8690 = 1%, 1546 KB/s], Decompressed: 34
Downloaded: 250 file(s) [attempted 250/8690 = 2%, 1703 KB/s], Decompressed: 74
Downloaded: 351 file(s) [attempted 351/8690 = 4%, 261 KB/s], Decompressed: 74
Downloaded: 454 file(s) [attempted 454/8690 = 5%, 665 KB/s], Decompressed: 175
Downloaded: 557 file(s) [attempted 557/8690 = 6%, 953 KB/s], Decompressed: 175
Downloaded: 658 file(s) [attempted 658/8690 = 7%, 583 KB/s], Decompressed: 175
Downloaded: 772 file(s) [attempted 772/8690 = 8%, 157 KB/s], Decompressed: 175
Downloaded: 878 file(s) [attempted 878/8690 = 10%, 450 KB/s], Decompressed: 175
Downloaded: 985 file(s) [attempted 985/8690 = 11%, 2288 KB/s], Decompressed: 175
Downloaded: 1090 file(s) [attempted 1090/8690 = 12%, 314 KB/s], Decompressed: 175
Downloaded: 1193 file(s) [attempted 1193/8690 = 13%, 1196 KB/s], Decompressed: 175
Downloaded: 1301 file(s) [attempted 1301/8690 = 14%, 1845 KB/s], Decompressed: 175
Downloaded: 1410 file(s) [attempted 1410/8690 = 16%, 474 KB/s], Decompressed: 452
Downloaded: 1520 file(s) [attempted 1520/8690 = 17%, 820 KB/s], Decompressed: 452
Downloaded: 1628 file(s) [attempted 1628/8690 = 18%, 514 KB/s], Decompressed: 452
Downloaded: 1733 file(s) [attempted 1733/8690 = 19%, 441 KB/s], Decompressed: 452
Downloaded: 1836 file(s) [attempted 1836/8690 = 21%, 1177 KB/s], Decompressed: 452
Downloaded: 1948 file(s) [attempted 1948/8690 = 22%, 2107 KB/s], Decompressed: 452
Downloaded: 2051 file(s) [attempted 2051/8690 = 23%, 310 KB/s], Decompressed: 452
Downloaded: 2154 file(s) [attempted 2154/8690 = 24%, 3437 KB/s], Decompressed: 452
Downloaded: 2259 file(s) [attempted 2259/8690 = 25%, 1961 KB/s], Decompressed: 452
Downloaded: 2362 file(s) [attempted 2362/8690 = 27%, 2096 KB/s], Decompressed: 452
Downloaded: 2472 file(s) [attempted 2472/8690 = 28%, 955 KB/s], Decompressed: 452
Downloaded: 2577 file(s) [attempted 2577/8690 = 29%, 134 KB/s], Decompressed: 452
Downloaded: 2687 file(s) [attempted 2687/8690 = 30%, 1065 KB/s], Decompressed: 452
Downloaded: 2799 file(s) [attempted 2799/8690 = 32%, 187 KB/s], Decompressed: 452
Downloaded: 2904 file(s) [attempted 2904/8690 = 33%, 95 KB/s], Decompressed: 452
Downloaded: 3012 file(s) [attempted 3012/8690 = 34%, 1043 KB/s], Decompressed: 452
Downloaded: 3115 file(s) [attempted 3115/8690 = 35%, 744 KB/s], Decompressed: 452
Downloaded: 3219 file(s) [attempted 3219/8690 = 37%, 256 KB/s], Decompressed: 452
Downloaded: 3329 file(s) [attempted 3329/8690 = 38%, 1007 KB/s], Decompressed: 452
Downloaded: 3439 file(s) [attempted 3439/8690 = 39%, 1495 KB/s], Decompressed: 452
Downloaded: 3546 file(s) [attempted 3546/8690 = 40%, 766 KB/s], Decompressed: 452
Downloaded: 3658 file(s) [attempted 3658/8690 = 42%, 1488 KB/s], Decompressed: 452
Downloaded: 3766 file(s) [attempted 3766/8690 = 43%, 3900 KB/s], Decompressed: 452
Downloaded: 3844 file(s) [attempted 3844/8690 = 44%, 829 KB/s], Decompressed: 452
Downloaded: 3949 file(s) [attempted 3949/8690 = 45%, 2594 KB/s], Decompressed: 452
Downloaded: 4054 file(s) [attempted 4054/8690 = 46%, 255 KB/s], Decompressed: 1321
Downloaded: 4155 file(s) [attempted 4155/8690 = 47%, 4315 KB/s], Decompressed: 1321
Downloaded: 4255 file(s) [attempted 4255/8690 = 48%, 276 KB/s], Decompressed: 1321
Downloaded: 4361 file(s) [attempted 4361/8690 = 50%, 235 KB/s], Decompressed: 1321
Downloaded: 4466 file(s) [attempted 4466/8690 = 51%, 477 KB/s], Decompressed: 1321
Downloaded: 4576 file(s) [attempted 4576/8690 = 52%, 2415 KB/s], Decompressed: 1321
Downloaded: 4686 file(s) [attempted 4686/8690 = 53%, 293 KB/s], Decompressed: 1321
Downloaded: 4793 file(s) [attempted 4793/8690 = 55%, 327 KB/s], Decompressed: 1321
Downloaded: 4893 file(s) [attempted 4893/8690 = 56%, 3593 KB/s], Decompressed: 1321
Downloaded: 5006 file(s) [attempted 5006/8690 = 57%, 252 KB/s], Decompressed: 1321
Downloaded: 5108 file(s) [attempted 5108/8690 = 58%, 1409 KB/s], Decompressed: 1321
Downloaded: 5204 file(s) [attempted 5204/8690 = 59%, 159 KB/s], Decompressed: 1321
Downloaded: 5309 file(s) [attempted 5309/8690 = 61%, 3559 KB/s], Decompressed: 1321
Downloaded: 5423 file(s) [attempted 5423/8690 = 62%, 2213 KB/s], Decompressed: 1321
Downloaded: 5536 file(s) [attempted 5536/8690 = 63%, 66 KB/s], Decompressed: 1321
Downloaded: 5648 file(s) [attempted 5648/8690 = 64%, 2947 KB/s], Decompressed: 1321
Downloaded: 5756 file(s) [attempted 5756/8690 = 66%, 704 KB/s], Decompressed: 1321
Downloaded: 5840 file(s) [attempted 5840/8690 = 67%, 187 KB/s], Decompressed: 1321
Downloaded: 5959 file(s) [attempted 5959/8690 = 68%, 115 KB/s], Decompressed: 1321
Downloaded: 6064 file(s) [attempted 6064/8690 = 69%, 2722 KB/s], Decompressed: 1321
Downloaded: 6174 file(s) [attempted 6174/8690 = 71%, 1951 KB/s], Decompressed: 1321
Downloaded: 6272 file(s) [attempted 6272/8690 = 72%, 103 KB/s], Decompressed: 1321
Downloaded: 6323 file(s) [attempted 6323/8690 = 72%, 1724 KB/s], Decompressed: 1321
Downloaded: 6407 file(s) [attempted 6407/8690 = 73%, 514 KB/s], Decompressed: 1321
Downloaded: 6508 file(s) [attempted 6508/8690 = 74%, 327 KB/s], Decompressed: 1321
Downloaded: 6615 file(s) [attempted 6615/8690 = 76%, 481 KB/s], Decompressed: 1321
Downloaded: 6723 file(s) [attempted 6723/8690 = 77%, 1275 KB/s], Decompressed: 1321
Downloaded: 6824 file(s) [attempted 6824/8690 = 78%, 83 KB/s], Decompressed: 1321
Downloaded: 6936 file(s) [attempted 6936/8690 = 79%, 180 KB/s], Decompressed: 1321
Downloaded: 7045 file(s) [attempted 7045/8690 = 81%, 492 KB/s], Decompressed: 1321
Downloaded: 7157 file(s) [attempted 7157/8690 = 82%, 490 KB/s], Decompressed: 1321
Downloaded: 7263 file(s) [attempted 7263/8690 = 83%, 3402 KB/s], Decompressed: 1321
Downloaded: 7372 file(s) [attempted 7372/8690 = 84%, 386 KB/s], Decompressed: 1321
Downloaded: 7480 file(s) [attempted 7480/8690 = 86%, 1776 KB/s], Decompressed: 1321
Downloaded: 7580 file(s) [attempted 7580/8690 = 87%, 3588 KB/s], Decompressed: 1321
Downloaded: 7690 file(s) [attempted 7690/8690 = 88%, 1574 KB/s], Decompressed: 1321
Downloaded: 7786 file(s) [attempted 7786/8690 = 89%, 4229 KB/s], Decompressed: 1321
Downloaded: 7882 file(s) [attempted 7882/8690 = 90%, 1817 KB/s], Decompressed: 1321
Downloaded: 7992 file(s) [attempted 7992/8690 = 91%, 4587 KB/s], Decompressed: 1321
Downloaded: 8106 file(s) [attempted 8106/8690 = 93%, 163 KB/s], Decompressed: 1321
Downloaded: 8205 file(s) [attempted 8205/8690 = 94%, 498 KB/s], Decompressed: 1321
Downloaded: 8292 file(s) [attempted 8292/8690 = 95%, 665 KB/s], Decompressed: 1321
Downloaded: 8401 file(s) [attempted 8401/8690 = 96%, 155 KB/s], Decompressed: 1321
Downloaded: 8513 file(s) [attempted 8513/8690 = 97%, 338 KB/s], Decompressed: 1321
Downloaded: 8616 file(s) [attempted 8616/8690 = 99%, 248 KB/s], Decompressed: 1321
Downloaded: 8687 file(s) [attempted 8687/8690 = 99%, 291 KB/s], Decompressed: 1321
Downloaded: 8690 file(s) [attempted 8690/8690 = 100%, 291 KB/s], Decompressed: 1321
Decompressed 8690 file(s)
Already decompressed 8690 file(s)

EXIT_STATUS=0
