REFEREE_EDGE FINAL_TARGET NLA.MF16.not_wordUniquenessConjecture: [NLA.MF16.WordUniquenessConjecture,
 NLA.MF16.not_wordUniquenessConjecture_proved]
REFEREE_EDGE FINAL_TARGET NLA.MF16.WordUniquenessConjecture: [NLA.MF16.Letter,
 NLA.MF16.SymmetricWord,
 NLA.MF16.ComplexMatrix,
 NLA.MF16.evalWord]
REFEREE_EDGE FINAL_TARGET NLA.MF16.Letter: []
REFEREE_EDGE FINAL_TARGET NLA.MF16.SymmetricWord: [NLA.MF16.Letter, NLA.MF16.Letter, NLA.MF16.Letter.X]
REFEREE_EDGE FINAL_TARGET NLA.MF16.Letter.X: [NLA.MF16.Letter]
REFEREE_EDGE FINAL_TARGET NLA.MF16.ComplexMatrix: []
REFEREE_EDGE FINAL_TARGET NLA.MF16.evalWord: [NLA.MF16.Letter, NLA.MF16.Letter, NLA.MF16.instReprLetter.repr.match_1]
REFEREE_EDGE FINAL_TARGET NLA.MF16.instReprLetter.repr.match_1: [NLA.MF16.Letter,
 NLA.MF16.Letter.X,
 NLA.MF16.Letter.B,
 NLA.MF16.Letter,
 NLA.MF16.Letter.X,
 NLA.MF16.Letter.B,
 NLA.MF16.Letter.casesOn]
REFEREE_EDGE FINAL_TARGET NLA.MF16.Letter.B: [NLA.MF16.Letter]
REFEREE_EDGE FINAL_TARGET NLA.MF16.Letter.casesOn: [NLA.MF16.Letter,
 NLA.MF16.Letter.X,
 NLA.MF16.Letter.B,
 NLA.MF16.Letter,
 NLA.MF16.Letter.X,
 NLA.MF16.Letter.B,
 NLA.MF16.Letter.rec]
REFEREE_EDGE FINAL_TARGET NLA.MF16.Letter.rec: [NLA.MF16.Letter, NLA.MF16.Letter.X, NLA.MF16.Letter.B]
REFEREE_EDGE FINAL_TARGET NLA.MF16.not_wordUniquenessConjecture_proved: [NLA.MF16.WordUniquenessConjecture,
 NLA.MF16.WordUniquenessConjecture,
 NLA.MF16.SymmetricWord,
 NLA.MF16.witnessWord,
 NLA.MF16.witnessB,
 NLA.MF16.witnessP,
 NLA.MF16.witnessX0,
 NLA.MF16.evalWord,
 NLA.MF16.ComplexMatrix,
 NLA.MF16.counterexample_proved]
REFEREE_EDGE FINAL_TARGET NLA.MF16.witnessWord: [NLA.MF16.Letter, NLA.MF16.Letter, NLA.MF16.Letter.X, NLA.MF16.Letter.B]
REFEREE_EDGE FINAL_TARGET NLA.MF16.witnessB: [NLA.MF16.ComplexMatrix, NLA.MF16.complexify, NLA.MF16.realB]
REFEREE_EDGE FINAL_TARGET NLA.MF16.complexify: [NLA.MF16.RealMatrix, NLA.MF16.ComplexMatrix, NLA.MF16.RealMatrix]
REFEREE_EDGE FINAL_TARGET NLA.MF16.RealMatrix: []
REFEREE_EDGE FINAL_TARGET NLA.MF16.realB: [NLA.MF16.RealMatrix, NLA.MF16.realB._proof_1, NLA.MF16.realB._proof_2]
REFEREE_EDGE FINAL_TARGET NLA.MF16.realB._proof_1: []
REFEREE_EDGE FINAL_TARGET NLA.MF16.realB._proof_2: []
REFEREE_EDGE FINAL_TARGET NLA.MF16.witnessP: [NLA.MF16.ComplexMatrix, NLA.MF16.complexify, NLA.MF16.realP]
REFEREE_EDGE FINAL_TARGET NLA.MF16.realP: [NLA.MF16.RealMatrix,
 NLA.MF16.realP._proof_1,
 NLA.MF16.realP._proof_2,
 NLA.MF16.realP._proof_3]
REFEREE_EDGE FINAL_TARGET NLA.MF16.realP._proof_1: []
REFEREE_EDGE FINAL_TARGET NLA.MF16.realP._proof_2: []
REFEREE_EDGE FINAL_TARGET NLA.MF16.realP._proof_3: []
REFEREE_EDGE FINAL_TARGET NLA.MF16.witnessX0: [NLA.MF16.ComplexMatrix, NLA.MF16.complexify, NLA.MF16.realX0]
REFEREE_EDGE FINAL_TARGET NLA.MF16.realX0: [NLA.MF16.RealMatrix, NLA.MF16.realX0._proof_1]
REFEREE_EDGE FINAL_TARGET NLA.MF16.realX0._proof_1: []
REFEREE_EDGE FINAL_TARGET NLA.MF16.counterexample_proved: [NLA.MF16.SymmetricWord,
 NLA.MF16.witnessWord,
 NLA.MF16.witnessB,
 NLA.MF16.witnessP,
 NLA.MF16.witnessX0,
 NLA.MF16.evalWord,
 NLA.MF16.ComplexMatrix,
 NLA.MF16.rootBox,
 NLA.MF16.polynomialSystem,
 NLA.MF16.SymmetricWord,
 NLA.MF16.witnessWord,
 NLA.MF16.witnessB,
 NLA.MF16.witnessP,
 NLA.MF16.witnessX0,
 NLA.MF16.evalWord,
 NLA.MF16.ComplexMatrix,
 NLA.MF16.certified_root_proved,
 NLA.MF16.complexify,
 NLA.MF16.symmetricMatrix,
 NLA.MF16.root_to_matrix_proved,
 NLA.MF16.Letter,
 NLA.MF16.instDecidableEqLetter,
 NLA.MF16.Letter.X,
 NLA.MF16.Letter.B,
 NLA.MF16.RealMatrix,
 NLA.MF16.word_semantics_proved,
 NLA.MF16.realB,
 NLA.MF16.realX0,
 NLA.MF16.realP,
 NLA.MF16.source_data_proved]
REFEREE_EDGE FINAL_TARGET NLA.MF16.rootBox: [NLA.MF16.rootBox._proof_1,
 NLA.MF16.rootBox._proof_2,
 NLA.MF16.rootBox._proof_3]
REFEREE_EDGE FINAL_TARGET NLA.MF16.rootBox._proof_1: []
REFEREE_EDGE FINAL_TARGET NLA.MF16.rootBox._proof_2: []
REFEREE_EDGE FINAL_TARGET NLA.MF16.rootBox._proof_3: []
REFEREE_EDGE FINAL_TARGET NLA.MF16.polynomialSystem: [NLA.MF16.linearCoefficientExpr,
 NLA.MF16.identityCoefficientExpr,
 NLA.MF16.exprScale,
 NLA.MF16.exprSub]
REFEREE_EDGE FINAL_TARGET NLA.MF16.linearCoefficientExpr: [NLA.MF16.exprSub]
REFEREE_EDGE FINAL_TARGET NLA.MF16.exprSub: []
REFEREE_EDGE FINAL_TARGET NLA.MF16.identityCoefficientExpr: [NLA.MF16.exprScale, NLA.MF16.exprSub]
REFEREE_EDGE FINAL_TARGET NLA.MF16.exprScale: []
REFEREE_EDGE FINAL_TARGET NLA.MF16.certified_root_proved: [NLA.MF16.rootBox,
 NLA.MF16.polynomialSystem,
 LeanCert.Engine.krawczykCheck_sound,
 NLA.MF16.polynomialSystem,
 NLA.MF16.rootBox,
 NLA.MF16.rootCertificate,
 NLA.MF16.actual_krawczyk_checked]
REFEREE_EDGE FINAL_TARGET LeanCert.Engine.krawczykCheck_sound: [LeanCert.Engine.contraction_unique_fixedPoint_in_finBox,
 LeanCert.Engine.newtonMap_mapsTo_of_imageEnclosure,
 LeanCert.Engine.newtonMap_fderiv_norm_le,
 LeanCert.Engine.fixedPoint_iff_systemZero]
REFEREE_EDGE FINAL_TARGET LeanCert.Engine.contraction_unique_fixedPoint_in_finBox: []
REFEREE_EDGE FINAL_TARGET LeanCert.Engine.newtonMap_mapsTo_of_imageEnclosure: [LeanCert.Engine.newtonMap_fderiv_norm_le,
 LeanCert.Engine.newtonMap_center_mem]
REFEREE_EDGE FINAL_TARGET LeanCert.Engine.newtonMap_fderiv_norm_le: [LeanCert.Engine.jacobianAt_mem_intervalJacobian]
REFEREE_EDGE FINAL_TARGET LeanCert.Engine.jacobianAt_mem_intervalJacobian: []
REFEREE_EDGE FINAL_TARGET LeanCert.Engine.newtonMap_center_mem: [LeanCert.Engine.systemEval_mem_pointEvalIntervals]
REFEREE_EDGE FINAL_TARGET LeanCert.Engine.systemEval_mem_pointEvalIntervals: []
REFEREE_EDGE FINAL_TARGET LeanCert.Engine.fixedPoint_iff_systemZero: []
REFEREE_EDGE FINAL_TARGET NLA.MF16.rootCertificate: [NLA.MF16.rootCenter]
REFEREE_EDGE FINAL_TARGET NLA.MF16.rootCenter: []
REFEREE_EDGE FINAL_TARGET NLA.MF16.actual_krawczyk_checked: [NLA.MF16.polynomialSystem,
 NLA.MF16.rootBox,
 NLA.MF16.rootCertificate,
 NLA.MF16.actual_krawczyk_checked._proof_1_1]
REFEREE_EDGE FINAL_TARGET NLA.MF16.actual_krawczyk_checked._proof_1_1: [NLA.MF16.polynomialSystem,
 NLA.MF16.rootBox,
 NLA.MF16.rootCertificate,
 NLA.MF16.polynomialSystem,
 NLA.MF16.rootBox,
 NLA.MF16.rootCertificate]
REFEREE_EDGE FINAL_TARGET NLA.MF16.symmetricMatrix: [NLA.MF16.RealMatrix, NLA.MF16.symmetricMatrix._proof_1]
REFEREE_EDGE FINAL_TARGET NLA.MF16.symmetricMatrix._proof_1: []
REFEREE_EDGE FINAL_TARGET NLA.MF16.root_to_matrix_proved: [NLA.MF16.rootBox,
 NLA.MF16.polynomialSystem,
 NLA.MF16.complexify,
 NLA.MF16.symmetricMatrix,
 NLA.MF16.evalWord,
 NLA.MF16.witnessWord,
 NLA.MF16.witnessB,
 NLA.MF16.witnessP,
 NLA.MF16.ComplexMatrix,
 NLA.MF16.witnessX0,
 NLA.MF16.rootBox,
 NLA.MF16.polynomialSystem,
 NLA.MF16.symmetricMatrix,
 NLA.MF16.evalWord,
 NLA.MF16.witnessWord,
 NLA.MF16.realB,
 NLA.MF16.realP,
 NLA.MF16.complexify,
 NLA.MF16.witnessB,
 NLA.MF16.witnessP,
 NLA.MF16.ComplexMatrix,
 NLA.MF16.witnessX0,
 NLA.MF16.polynomial_word_equivalence_proved,
 NLA.MF16.matrix_recovery_from_equations]
REFEREE_EDGE FINAL_TARGET NLA.MF16.polynomial_word_equivalence_proved: [NLA.MF16.polynomialSystem,
 NLA.MF16.symmetricMatrix,
 NLA.MF16.evalWord,
 NLA.MF16.witnessWord,
 NLA.MF16.realB,
 NLA.MF16.realP,
 NLA.MF16.polynomialSystem,
 NLA.MF16.symmetricMatrix,
 NLA.MF16.evalWord,
 NLA.MF16.witnessWord,
 NLA.MF16.realB,
 NLA.MF16.realP,
 NLA.MF16.reducedWord,
 NLA.MF16.polynomial_reduced_equivalence,
 NLA.MF16.reducedWord_eq]
REFEREE_EDGE FINAL_TARGET NLA.MF16.reducedWord: [NLA.MF16.RealMatrix,
 NLA.MF16.RealMatrix,
 NLA.MF16.symmetricMatrix,
 NLA.MF16.realB,
 NLA.MF16.linearCoefficient,
 NLA.MF16.identityCoefficient]
REFEREE_EDGE FINAL_TARGET NLA.MF16.linearCoefficient: [NLA.MF16.linearCoefficient._proof_1,
 NLA.MF16.linearCoefficient._proof_2,
 NLA.MF16.linearCoefficient._proof_3,
 NLA.MF16.linearCoefficient._proof_4,
 NLA.MF16.linearCoefficient._proof_5]
REFEREE_EDGE FINAL_TARGET NLA.MF16.linearCoefficient._proof_1: []
REFEREE_EDGE FINAL_TARGET NLA.MF16.linearCoefficient._proof_2: []
REFEREE_EDGE FINAL_TARGET NLA.MF16.linearCoefficient._proof_3: []
REFEREE_EDGE FINAL_TARGET NLA.MF16.linearCoefficient._proof_4: []
REFEREE_EDGE FINAL_TARGET NLA.MF16.linearCoefficient._proof_5: []
REFEREE_EDGE FINAL_TARGET NLA.MF16.identityCoefficient: [NLA.MF16.realX0._proof_1,
 NLA.MF16.identityCoefficient._proof_1,
 NLA.MF16.identityCoefficient._proof_2,
 NLA.MF16.identityCoefficient._proof_3,
 NLA.MF16.identityCoefficient._proof_4,
 NLA.MF16.identityCoefficient._proof_5]
REFEREE_EDGE FINAL_TARGET NLA.MF16.identityCoefficient._proof_1: []
REFEREE_EDGE FINAL_TARGET NLA.MF16.identityCoefficient._proof_2: []
REFEREE_EDGE FINAL_TARGET NLA.MF16.identityCoefficient._proof_3: []
REFEREE_EDGE FINAL_TARGET NLA.MF16.identityCoefficient._proof_4: []
REFEREE_EDGE FINAL_TARGET NLA.MF16.identityCoefficient._proof_5: []
REFEREE_EDGE FINAL_TARGET NLA.MF16.polynomial_reduced_equivalence: [NLA.MF16.polynomialSystem,
 NLA.MF16.symmetricMatrix,
 NLA.MF16.reducedWord,
 NLA.MF16.realP,
 NLA.MF16.polynomialSystem,
 NLA.MF16.symmetricMatrix,
 NLA.MF16.reducedWord,
 NLA.MF16.realP,
 NLA.MF16.polynomial_eval_zero,
 NLA.MF16.polynomial_eval_one,
 NLA.MF16.polynomial_eval_two]
REFEREE_EDGE FINAL_TARGET NLA.MF16.polynomial_eval_zero: [NLA.MF16.polynomialSystem,
 NLA.MF16.symmetricMatrix,
 NLA.MF16.polynomialSystem,
 NLA.MF16.symmetricMatrix,
 NLA.MF16.symmetricMatrix._proof_1]
REFEREE_EDGE FINAL_TARGET NLA.MF16.polynomial_eval_one: [NLA.MF16.polynomialSystem,
 NLA.MF16.reducedWord,
 NLA.MF16.realP,
 NLA.MF16.polynomialSystem,
 NLA.MF16.reducedWord,
 NLA.MF16.realP,
 NLA.MF16.linearCoefficient,
 NLA.MF16.identityCoefficient,
 NLA.MF16.symmetricMatrix._proof_1,
 NLA.MF16.realB._proof_1,
 NLA.MF16.realB._proof_2,
 NLA.MF16.realP._proof_1,
 NLA.MF16.linearCoefficientExpr,
 NLA.MF16.identityCoefficientExpr,
 NLA.MF16.linearCoefficientExpr_eval,
 NLA.MF16.identityCoefficientExpr_eval,
 NLA.MF16.RealMatrix,
 NLA.MF16.symmetricMatrix,
 NLA.MF16.realB,
 NLA.MF16.realP._proof_2,
 NLA.MF16.realP._proof_3]
REFEREE_EDGE FINAL_TARGET NLA.MF16.linearCoefficientExpr_eval: [NLA.MF16.linearCoefficientExpr,
 NLA.MF16.linearCoefficient,
 NLA.MF16.linearCoefficientExpr,
 NLA.MF16.linearCoefficient,
 NLA.MF16.linearCoefficient._proof_1,
 NLA.MF16.linearCoefficient._proof_2,
 NLA.MF16.linearCoefficient._proof_3,
 NLA.MF16.linearCoefficient._proof_4,
 NLA.MF16.linearCoefficient._proof_5]
REFEREE_EDGE FINAL_TARGET NLA.MF16.identityCoefficientExpr_eval: [NLA.MF16.identityCoefficientExpr,
 NLA.MF16.identityCoefficient,
 NLA.MF16.identityCoefficientExpr,
 NLA.MF16.identityCoefficient,
 NLA.MF16.realX0._proof_1,
 NLA.MF16.identityCoefficient._proof_1,
 NLA.MF16.identityCoefficient._proof_2,
 NLA.MF16.identityCoefficient._proof_3,
 NLA.MF16.identityCoefficient._proof_4,
 NLA.MF16.identityCoefficient._proof_5]
REFEREE_EDGE FINAL_TARGET NLA.MF16.polynomial_eval_two: [NLA.MF16.polynomialSystem,
 NLA.MF16.reducedWord,
 NLA.MF16.realP,
 NLA.MF16.polynomialSystem,
 NLA.MF16.reducedWord,
 NLA.MF16.realP,
 NLA.MF16.linearCoefficient,
 NLA.MF16.identityCoefficient,
 NLA.MF16.symmetricMatrix._proof_1,
 NLA.MF16.realB._proof_1,
 NLA.MF16.realB._proof_2,
 NLA.MF16.realP._proof_2,
 NLA.MF16.linearCoefficientExpr,
 NLA.MF16.identityCoefficientExpr,
 NLA.MF16.linearCoefficientExpr_eval,
 NLA.MF16.identityCoefficientExpr_eval,
 NLA.MF16.RealMatrix,
 NLA.MF16.symmetricMatrix,
 NLA.MF16.realB,
 NLA.MF16.realP._proof_1,
 NLA.MF16.realP._proof_3]
REFEREE_EDGE FINAL_TARGET NLA.MF16.reducedWord_eq: [NLA.MF16.symmetricMatrix,
 NLA.MF16.RealMatrix,
 NLA.MF16.reducedWord,
 NLA.MF16.evalWord,
 NLA.MF16.witnessWord,
 NLA.MF16.realB,
 NLA.MF16.symmetricMatrix,
 NLA.MF16.RealMatrix,
 NLA.MF16.reducedWord,
 NLA.MF16.evalWord,
 NLA.MF16.witnessWord,
 NLA.MF16.realB,
 NLA.MF16.linearCoefficient,
 NLA.MF16.identityCoefficient,
 NLA.MF16.witness_eval,
 NLA.MF16.twelfth_power_reduction_proved]
REFEREE_EDGE FINAL_TARGET NLA.MF16.witness_eval: [NLA.MF16.evalWord,
 NLA.MF16.witnessWord,
 NLA.MF16.evalWord,
 NLA.MF16.witnessWord,
 NLA.MF16.Letter,
 NLA.MF16.instReprLetter.repr.match_1,
 NLA.MF16.Letter.X,
 NLA.MF16.Letter.B]
REFEREE_EDGE FINAL_TARGET NLA.MF16.twelfth_power_reduction_proved: [NLA.MF16.symmetricMatrix,
 NLA.MF16.RealMatrix,
 NLA.MF16.linearCoefficient,
 NLA.MF16.identityCoefficient,
 NLA.MF16.symmetricMatrix,
 NLA.MF16.matrix_twelfth_power_of_det_three]
REFEREE_EDGE FINAL_TARGET NLA.MF16.matrix_twelfth_power_of_det_three: [NLA.MF16.RealMatrix,
 NLA.MF16.linearCoefficient,
 NLA.MF16.identityCoefficient,
 NLA.MF16.RealMatrix,
 NLA.MF16.linearCoefficient,
 NLA.MF16.identityCoefficient,
 _private.NLA.MF16.CayleyHamilton.0.NLA.MF16.twelfth_polynomial_remainder]
REFEREE_EDGE FINAL_TARGET _private.NLA.MF16.CayleyHamilton.0.NLA.MF16.twelfth_polynomial_remainder: [NLA.MF16.linearCoefficient,
 NLA.MF16.identityCoefficient,
 NLA.MF16.linearCoefficient,
 NLA.MF16.identityCoefficient,
 NLA.MF16.linearCoefficient._proof_1,
 NLA.MF16.linearCoefficient._proof_2,
 NLA.MF16.linearCoefficient._proof_3,
 NLA.MF16.linearCoefficient._proof_4,
 NLA.MF16.linearCoefficient._proof_5,
 NLA.MF16.realX0._proof_1,
 NLA.MF16.identityCoefficient._proof_1,
 NLA.MF16.identityCoefficient._proof_2,
 NLA.MF16.identityCoefficient._proof_3,
 NLA.MF16.identityCoefficient._proof_4,
 NLA.MF16.identityCoefficient._proof_5]
REFEREE_EDGE FINAL_TARGET NLA.MF16.matrix_recovery_from_equations: [NLA.MF16.rootBox,
 NLA.MF16.symmetricMatrix,
 NLA.MF16.evalWord,
 NLA.MF16.witnessWord,
 NLA.MF16.realB,
 NLA.MF16.realP,
 NLA.MF16.complexify,
 NLA.MF16.witnessB,
 NLA.MF16.witnessP,
 NLA.MF16.ComplexMatrix,
 NLA.MF16.witnessX0,
 NLA.MF16.rootBox,
 NLA.MF16.symmetricMatrix,
 NLA.MF16.evalWord,
 NLA.MF16.witnessWord,
 NLA.MF16.realB,
 NLA.MF16.realP,
 NLA.MF16.box_first_coordinate_gt_three,
 NLA.MF16.symmetricMatrix._proof_1,
 NLA.MF16.complexify,
 NLA.MF16.complexify_two_by_two_posDef,
 NLA.MF16.word_eq_of_two_entries,
 NLA.MF16.witnessB,
 NLA.MF16.witnessP,
 NLA.MF16.ComplexMatrix,
 NLA.MF16.witnessX0,
 NLA.MF16.complexify_witness_eval,
 NLA.MF16.RealMatrix,
 NLA.MF16.realX0._proof_1]
REFEREE_EDGE FINAL_TARGET NLA.MF16.box_first_coordinate_gt_three: [NLA.MF16.rootBox,
 NLA.MF16.rootBox,
 NLA.MF16.rootBox._proof_1,
 NLA.MF16.rootBox._proof_2,
 NLA.MF16.rootBox._proof_3]
REFEREE_EDGE FINAL_TARGET NLA.MF16.complexify_two_by_two_posDef: [NLA.MF16.complexify,
 NLA.MF16.RealMatrix,
 NLA.MF16.complexify,
 NLA.MF16.ComplexMatrix,
 NLA.MF16.complexify_mul,
 NLA.MF16.complexify_transpose]
REFEREE_EDGE FINAL_TARGET NLA.MF16.complexify_mul: [NLA.MF16.RealMatrix,
 NLA.MF16.ComplexMatrix,
 NLA.MF16.complexify,
 NLA.MF16.RealMatrix,
 NLA.MF16.ComplexMatrix,
 NLA.MF16.complexify]
REFEREE_EDGE FINAL_TARGET NLA.MF16.complexify_transpose: [NLA.MF16.RealMatrix,
 NLA.MF16.ComplexMatrix,
 NLA.MF16.complexify,
 NLA.MF16.RealMatrix,
 NLA.MF16.complexify]
REFEREE_EDGE FINAL_TARGET NLA.MF16.word_eq_of_two_entries: [NLA.MF16.symmetricMatrix,
 NLA.MF16.evalWord,
 NLA.MF16.witnessWord,
 NLA.MF16.realB,
 NLA.MF16.realP,
 NLA.MF16.symmetricMatrix,
 NLA.MF16.evalWord,
 NLA.MF16.witnessWord,
 NLA.MF16.realB,
 NLA.MF16.realP,
 NLA.MF16.RealMatrix,
 NLA.MF16.witness_word_transpose,
 NLA.MF16.witness_word_det,
 NLA.MF16.realP._proof_3,
 NLA.MF16.realP._proof_1,
 NLA.MF16.realP._proof_2]
REFEREE_EDGE FINAL_TARGET NLA.MF16.witness_word_transpose: [NLA.MF16.evalWord,
 NLA.MF16.witnessWord,
 NLA.MF16.symmetricMatrix,
 NLA.MF16.realB,
 NLA.MF16.evalWord,
 NLA.MF16.witnessWord,
 NLA.MF16.symmetricMatrix,
 NLA.MF16.realB,
 NLA.MF16.witness_eval,
 NLA.MF16.RealMatrix,
 NLA.MF16.symmetricMatrix_transpose,
 NLA.MF16.realB_transpose]
REFEREE_EDGE FINAL_TARGET NLA.MF16.symmetricMatrix_transpose: [NLA.MF16.symmetricMatrix, NLA.MF16.symmetricMatrix]
REFEREE_EDGE FINAL_TARGET NLA.MF16.realB_transpose: [NLA.MF16.realB, NLA.MF16.realB]
REFEREE_EDGE FINAL_TARGET NLA.MF16.witness_word_det: [NLA.MF16.symmetricMatrix,
 NLA.MF16.evalWord,
 NLA.MF16.witnessWord,
 NLA.MF16.realB,
 NLA.MF16.symmetricMatrix,
 NLA.MF16.evalWord,
 NLA.MF16.witnessWord,
 NLA.MF16.realB,
 NLA.MF16.witness_eval,
 NLA.MF16.realX0,
 NLA.MF16.realP,
 NLA.MF16.witnessX0,
 NLA.MF16.witnessB,
 NLA.MF16.witnessP,
 NLA.MF16.source_data_proved]
REFEREE_EDGE FINAL_TARGET NLA.MF16.source_data_proved: [NLA.MF16.witnessB,
 NLA.MF16.witnessP,
 NLA.MF16.witnessX0,
 NLA.MF16.evalWord,
 NLA.MF16.witnessWord,
 NLA.MF16.realB,
 NLA.MF16.realX0,
 NLA.MF16.realP,
 NLA.MF16.witnessB,
 NLA.MF16.complexify_two_by_two_posDef,
 NLA.MF16.witnessP,
 NLA.MF16.witnessX0,
 NLA.MF16.RealMatrix,
 NLA.MF16.realX0,
 NLA.MF16.realX0._proof_1,
 NLA.MF16.evalWord,
 NLA.MF16.witnessWord,
 NLA.MF16.realB,
 NLA.MF16.realP,
 NLA.MF16.witness_eval,
 NLA.MF16.realP._proof_1,
 NLA.MF16.realB._proof_1,
 NLA.MF16.realB._proof_2,
 NLA.MF16.realP._proof_2,
 NLA.MF16.realP._proof_3,
 NLA.MF16.ComplexMatrix,
 NLA.MF16.complexify,
 NLA.MF16.complexify_witness_eval]
REFEREE_EDGE FINAL_TARGET NLA.MF16.complexify_witness_eval: [NLA.MF16.RealMatrix,
 NLA.MF16.ComplexMatrix,
 NLA.MF16.complexify,
 NLA.MF16.evalWord,
 NLA.MF16.witnessWord,
 NLA.MF16.RealMatrix,
 NLA.MF16.ComplexMatrix,
 NLA.MF16.complexify,
 NLA.MF16.evalWord,
 NLA.MF16.witnessWord,
 NLA.MF16.witness_eval,
 NLA.MF16.complexify_mul,
 NLA.MF16.complexify_pow]
REFEREE_EDGE FINAL_TARGET NLA.MF16.complexify_pow: [NLA.MF16.RealMatrix,
 NLA.MF16.ComplexMatrix,
 NLA.MF16.complexify,
 NLA.MF16.RealMatrix]
REFEREE_EDGE FINAL_TARGET NLA.MF16.instDecidableEqLetter: [NLA.MF16.Letter,
 NLA.MF16.Letter,
 NLA.MF16.Letter.ctorIdx,
 NLA.MF16.instDecidableEqLetter._proof_1,
 NLA.MF16.instDecidableEqLetter._proof_2]
REFEREE_EDGE FINAL_TARGET NLA.MF16.Letter.ctorIdx: [NLA.MF16.Letter, NLA.MF16.Letter, NLA.MF16.Letter.casesOn]
REFEREE_EDGE FINAL_TARGET NLA.MF16.instDecidableEqLetter._proof_1: [NLA.MF16.Letter,
 NLA.MF16.Letter.ctorIdx,
 NLA.MF16.Letter,
 NLA.MF16.Letter.ctorIdx,
 NLA.MF16.Letter.ofNat,
 NLA.MF16.Letter.ofNat_ctorIdx]
REFEREE_EDGE FINAL_TARGET NLA.MF16.Letter.ofNat: [NLA.MF16.Letter,
 NLA.MF16.Letter,
 NLA.MF16.Letter.X,
 NLA.MF16.Letter.B]
REFEREE_EDGE FINAL_TARGET NLA.MF16.Letter.ofNat_ctorIdx: [NLA.MF16.Letter,
 NLA.MF16.Letter.ofNat,
 NLA.MF16.Letter.ctorIdx,
 NLA.MF16.Letter,
 NLA.MF16.Letter.casesOn,
 NLA.MF16.Letter.ofNat,
 NLA.MF16.Letter.ctorIdx,
 NLA.MF16.Letter.X,
 NLA.MF16.Letter.B]
REFEREE_EDGE FINAL_TARGET NLA.MF16.instDecidableEqLetter._proof_2: [NLA.MF16.Letter,
 NLA.MF16.Letter.ctorIdx,
 NLA.MF16.Letter,
 NLA.MF16.Letter.ctorIdx]
REFEREE_EDGE FINAL_TARGET NLA.MF16.word_semantics_proved: [NLA.MF16.SymmetricWord,
 NLA.MF16.witnessWord,
 NLA.MF16.Letter,
 NLA.MF16.instDecidableEqLetter,
 NLA.MF16.Letter.X,
 NLA.MF16.Letter.B,
 NLA.MF16.ComplexMatrix,
 NLA.MF16.evalWord,
 NLA.MF16.RealMatrix,
 NLA.MF16.SymmetricWord,
 NLA.MF16.witnessWord,
 NLA.MF16.Letter,
 NLA.MF16.instDecidableEqLetter,
 NLA.MF16.Letter.X,
 NLA.MF16.Letter.B,
 NLA.MF16.ComplexMatrix,
 NLA.MF16.evalWord,
 NLA.MF16.RealMatrix,
 NLA.MF16.word_semantics_proved._proof_1_1,
 NLA.MF16.word_semantics_proved._proof_1_2,
 NLA.MF16.word_semantics_proved._proof_1_3,
 NLA.MF16.word_semantics_proved._proof_1_4,
 NLA.MF16.witness_eval]
REFEREE_EDGE FINAL_TARGET NLA.MF16.word_semantics_proved._proof_1_1: [NLA.MF16.Letter,
 NLA.MF16.witnessWord,
 NLA.MF16.Letter.X,
 NLA.MF16.Letter,
 NLA.MF16.witnessWord,
 NLA.MF16.Letter.X,
 NLA.MF16.instDecidableEqLetter]
REFEREE_EDGE FINAL_TARGET NLA.MF16.word_semantics_proved._proof_1_2: [NLA.MF16.Letter,
 NLA.MF16.witnessWord,
 NLA.MF16.Letter,
 NLA.MF16.witnessWord]
REFEREE_EDGE FINAL_TARGET NLA.MF16.word_semantics_proved._proof_1_3: [NLA.MF16.Letter,
 NLA.MF16.instDecidableEqLetter,
 NLA.MF16.Letter.X,
 NLA.MF16.witnessWord,
 NLA.MF16.Letter,
 NLA.MF16.instDecidableEqLetter,
 NLA.MF16.Letter.X,
 NLA.MF16.witnessWord]
REFEREE_EDGE FINAL_TARGET NLA.MF16.word_semantics_proved._proof_1_4: [NLA.MF16.Letter,
 NLA.MF16.instDecidableEqLetter,
 NLA.MF16.Letter.B,
 NLA.MF16.witnessWord,
 NLA.MF16.Letter,
 NLA.MF16.instDecidableEqLetter,
 NLA.MF16.Letter.B,
 NLA.MF16.witnessWord]
REFEREE_REQUIRED FINAL_TARGET: NLA.MF16.actual_krawczyk_checked
REFEREE_REQUIRED FINAL_TARGET: NLA.MF16.certified_root_proved
REFEREE_REQUIRED FINAL_TARGET: NLA.MF16.polynomial_word_equivalence_proved
REFEREE_REQUIRED FINAL_TARGET: NLA.MF16.polynomial_reduced_equivalence
REFEREE_REQUIRED FINAL_TARGET: NLA.MF16.polynomial_eval_zero
REFEREE_REQUIRED FINAL_TARGET: NLA.MF16.polynomial_eval_one
REFEREE_REQUIRED FINAL_TARGET: NLA.MF16.polynomial_eval_two
REFEREE_REQUIRED FINAL_TARGET: NLA.MF16.matrix_twelfth_power_of_det_three
REFEREE_REQUIRED FINAL_TARGET: NLA.MF16.complexify_two_by_two_posDef
REFEREE_REQUIRED FINAL_TARGET: NLA.MF16.complexify_witness_eval
REFEREE_REQUIRED FINAL_TARGET: NLA.MF16.word_eq_of_two_entries
REFEREE_REQUIRED FINAL_TARGET: NLA.MF16.witness_word_det
REFEREE_REQUIRED FINAL_TARGET: NLA.MF16.witness_word_transpose
REFEREE_REQUIRED FINAL_TARGET: NLA.MF16.matrix_recovery_from_equations
REFEREE_REQUIRED FINAL_TARGET: NLA.MF16.box_first_coordinate_gt_three
REFEREE_REQUIRED FINAL_TARGET: Matrix.aeval_self_charpoly
REFEREE_REQUIRED FINAL_TARGET: Matrix.charpoly_fin_two
REFEREE_REQUIRED FINAL_TARGET: Matrix.PosDef.conjTranspose_mul_mul_same
REFEREE_REQUIRED FINAL_TARGET: Matrix.PosDef.diagonal
REFEREE_REQUIRED FINAL_TARGET: Matrix.map_mul
REFEREE_REQUIRED FINAL_TARGET: Matrix.map_pow
REFEREE_REQUIRED FINAL_TARGET: Matrix.det_mul
REFEREE_REQUIRED FINAL_TARGET: Matrix.det_pow
REFEREE_REQUIRED FINAL_TARGET: LeanCert.Engine.krawczykCheck_sound
REFEREE_REQUIRED FINAL_TARGET: LeanCert.Engine.fixedPoint_iff_systemZero
REFEREE_REQUIRED FINAL_TARGET: LeanCert.Engine.jacobianAt_mem_intervalJacobian
REFEREE_REQUIRED FINAL_TARGET: LeanCert.Engine.newtonMap_mapsTo_of_imageEnclosure
REFEREE_REQUIRED FINAL_TARGET: LeanCert.Engine.newtonMap_fderiv_norm_le
REFEREE_REQUIRED FINAL_TARGET: LeanCert.Engine.evalIntervalCore_correct
REFEREE_REQUIRED FINAL_TARGET: ContractingWith.exists_fixedPoint'
REFEREE_COUNTS FINAL_TARGET: project=94, library=8
REFEREE_EDGE ALL_EXPORTS NLA.MF16.word_semantics: [NLA.MF16.SymmetricWord,
 NLA.MF16.witnessWord,
 NLA.MF16.Letter,
 NLA.MF16.instDecidableEqLetter,
 NLA.MF16.Letter.X,
 NLA.MF16.Letter.B,
 NLA.MF16.ComplexMatrix,
 NLA.MF16.evalWord,
 NLA.MF16.RealMatrix,
 NLA.MF16.word_semantics_proved]
REFEREE_EDGE ALL_EXPORTS NLA.MF16.SymmetricWord: [NLA.MF16.Letter, NLA.MF16.Letter, NLA.MF16.Letter.X]
REFEREE_EDGE ALL_EXPORTS NLA.MF16.Letter: []
REFEREE_EDGE ALL_EXPORTS NLA.MF16.Letter.X: [NLA.MF16.Letter]
REFEREE_EDGE ALL_EXPORTS NLA.MF16.witnessWord: [NLA.MF16.Letter, NLA.MF16.Letter, NLA.MF16.Letter.X, NLA.MF16.Letter.B]
REFEREE_EDGE ALL_EXPORTS NLA.MF16.Letter.B: [NLA.MF16.Letter]
REFEREE_EDGE ALL_EXPORTS NLA.MF16.instDecidableEqLetter: [NLA.MF16.Letter,
 NLA.MF16.Letter,
 NLA.MF16.Letter.ctorIdx,
 NLA.MF16.instDecidableEqLetter._proof_1,
 NLA.MF16.instDecidableEqLetter._proof_2]
REFEREE_EDGE ALL_EXPORTS NLA.MF16.Letter.ctorIdx: [NLA.MF16.Letter, NLA.MF16.Letter, NLA.MF16.Letter.casesOn]
REFEREE_EDGE ALL_EXPORTS NLA.MF16.Letter.casesOn: [NLA.MF16.Letter,
 NLA.MF16.Letter.X,
 NLA.MF16.Letter.B,
 NLA.MF16.Letter,
 NLA.MF16.Letter.X,
 NLA.MF16.Letter.B,
 NLA.MF16.Letter.rec]
REFEREE_EDGE ALL_EXPORTS NLA.MF16.Letter.rec: [NLA.MF16.Letter, NLA.MF16.Letter.X, NLA.MF16.Letter.B]
REFEREE_EDGE ALL_EXPORTS NLA.MF16.instDecidableEqLetter._proof_1: [NLA.MF16.Letter,
 NLA.MF16.Letter.ctorIdx,
 NLA.MF16.Letter,
 NLA.MF16.Letter.ctorIdx,
 NLA.MF16.Letter.ofNat,
 NLA.MF16.Letter.ofNat_ctorIdx]
REFEREE_EDGE ALL_EXPORTS NLA.MF16.Letter.ofNat: [NLA.MF16.Letter, NLA.MF16.Letter, NLA.MF16.Letter.X, NLA.MF16.Letter.B]
REFEREE_EDGE ALL_EXPORTS NLA.MF16.Letter.ofNat_ctorIdx: [NLA.MF16.Letter,
 NLA.MF16.Letter.ofNat,
 NLA.MF16.Letter.ctorIdx,
 NLA.MF16.Letter,
 NLA.MF16.Letter.casesOn,
 NLA.MF16.Letter.ofNat,
 NLA.MF16.Letter.ctorIdx,
 NLA.MF16.Letter.X,
 NLA.MF16.Letter.B]
REFEREE_EDGE ALL_EXPORTS NLA.MF16.instDecidableEqLetter._proof_2: [NLA.MF16.Letter,
 NLA.MF16.Letter.ctorIdx,
 NLA.MF16.Letter,
 NLA.MF16.Letter.ctorIdx]
REFEREE_EDGE ALL_EXPORTS NLA.MF16.ComplexMatrix: []
REFEREE_EDGE ALL_EXPORTS NLA.MF16.evalWord: [NLA.MF16.Letter, NLA.MF16.Letter, NLA.MF16.instReprLetter.repr.match_1]
REFEREE_EDGE ALL_EXPORTS NLA.MF16.instReprLetter.repr.match_1: [NLA.MF16.Letter,
 NLA.MF16.Letter.X,
 NLA.MF16.Letter.B,
 NLA.MF16.Letter,
 NLA.MF16.Letter.X,
 NLA.MF16.Letter.B,
 NLA.MF16.Letter.casesOn]
REFEREE_EDGE ALL_EXPORTS NLA.MF16.RealMatrix: []
REFEREE_EDGE ALL_EXPORTS NLA.MF16.word_semantics_proved: [NLA.MF16.SymmetricWord,
 NLA.MF16.witnessWord,
 NLA.MF16.Letter,
 NLA.MF16.instDecidableEqLetter,
 NLA.MF16.Letter.X,
 NLA.MF16.Letter.B,
 NLA.MF16.ComplexMatrix,
 NLA.MF16.evalWord,
 NLA.MF16.RealMatrix,
 NLA.MF16.SymmetricWord,
 NLA.MF16.witnessWord,
 NLA.MF16.Letter,
 NLA.MF16.instDecidableEqLetter,
 NLA.MF16.Letter.X,
 NLA.MF16.Letter.B,
 NLA.MF16.ComplexMatrix,
 NLA.MF16.evalWord,
 NLA.MF16.RealMatrix,
 NLA.MF16.word_semantics_proved._proof_1_1,
 NLA.MF16.word_semantics_proved._proof_1_2,
 NLA.MF16.word_semantics_proved._proof_1_3,
 NLA.MF16.word_semantics_proved._proof_1_4,
 NLA.MF16.witness_eval]
REFEREE_EDGE ALL_EXPORTS NLA.MF16.word_semantics_proved._proof_1_1: [NLA.MF16.Letter,
 NLA.MF16.witnessWord,
 NLA.MF16.Letter.X,
 NLA.MF16.Letter,
 NLA.MF16.witnessWord,
 NLA.MF16.Letter.X,
 NLA.MF16.instDecidableEqLetter]
REFEREE_EDGE ALL_EXPORTS NLA.MF16.word_semantics_proved._proof_1_2: [NLA.MF16.Letter,
 NLA.MF16.witnessWord,
 NLA.MF16.Letter,
 NLA.MF16.witnessWord]
REFEREE_EDGE ALL_EXPORTS NLA.MF16.word_semantics_proved._proof_1_3: [NLA.MF16.Letter,
 NLA.MF16.instDecidableEqLetter,
 NLA.MF16.Letter.X,
 NLA.MF16.witnessWord,
 NLA.MF16.Letter,
 NLA.MF16.instDecidableEqLetter,
 NLA.MF16.Letter.X,
 NLA.MF16.witnessWord]
REFEREE_EDGE ALL_EXPORTS NLA.MF16.word_semantics_proved._proof_1_4: [NLA.MF16.Letter,
 NLA.MF16.instDecidableEqLetter,
 NLA.MF16.Letter.B,
 NLA.MF16.witnessWord,
 NLA.MF16.Letter,
 NLA.MF16.instDecidableEqLetter,
 NLA.MF16.Letter.B,
 NLA.MF16.witnessWord]
REFEREE_EDGE ALL_EXPORTS NLA.MF16.witness_eval: [NLA.MF16.evalWord,
 NLA.MF16.witnessWord,
 NLA.MF16.evalWord,
 NLA.MF16.witnessWord,
 NLA.MF16.Letter,
 NLA.MF16.instReprLetter.repr.match_1,
 NLA.MF16.Letter.X,
 NLA.MF16.Letter.B]
REFEREE_EDGE ALL_EXPORTS NLA.MF16.source_data: [NLA.MF16.witnessB,
 NLA.MF16.witnessP,
 NLA.MF16.witnessX0,
 NLA.MF16.evalWord,
 NLA.MF16.witnessWord,
 NLA.MF16.realB,
 NLA.MF16.realX0,
 NLA.MF16.realP,
 NLA.MF16.source_data_proved]
REFEREE_EDGE ALL_EXPORTS NLA.MF16.witnessB: [NLA.MF16.ComplexMatrix, NLA.MF16.complexify, NLA.MF16.realB]
REFEREE_EDGE ALL_EXPORTS NLA.MF16.complexify: [NLA.MF16.RealMatrix, NLA.MF16.ComplexMatrix, NLA.MF16.RealMatrix]
REFEREE_EDGE ALL_EXPORTS NLA.MF16.realB: [NLA.MF16.RealMatrix, NLA.MF16.realB._proof_1, NLA.MF16.realB._proof_2]
REFEREE_EDGE ALL_EXPORTS NLA.MF16.realB._proof_1: []
REFEREE_EDGE ALL_EXPORTS NLA.MF16.realB._proof_2: []
REFEREE_EDGE ALL_EXPORTS NLA.MF16.witnessP: [NLA.MF16.ComplexMatrix, NLA.MF16.complexify, NLA.MF16.realP]
REFEREE_EDGE ALL_EXPORTS NLA.MF16.realP: [NLA.MF16.RealMatrix,
 NLA.MF16.realP._proof_1,
 NLA.MF16.realP._proof_2,
 NLA.MF16.realP._proof_3]
REFEREE_EDGE ALL_EXPORTS NLA.MF16.realP._proof_1: []
REFEREE_EDGE ALL_EXPORTS NLA.MF16.realP._proof_2: []
REFEREE_EDGE ALL_EXPORTS NLA.MF16.realP._proof_3: []
REFEREE_EDGE ALL_EXPORTS NLA.MF16.witnessX0: [NLA.MF16.ComplexMatrix, NLA.MF16.complexify, NLA.MF16.realX0]
REFEREE_EDGE ALL_EXPORTS NLA.MF16.realX0: [NLA.MF16.RealMatrix, NLA.MF16.realX0._proof_1]
REFEREE_EDGE ALL_EXPORTS NLA.MF16.realX0._proof_1: []
REFEREE_EDGE ALL_EXPORTS NLA.MF16.source_data_proved: [NLA.MF16.witnessB,
 NLA.MF16.witnessP,
 NLA.MF16.witnessX0,
 NLA.MF16.evalWord,
 NLA.MF16.witnessWord,
 NLA.MF16.realB,
 NLA.MF16.realX0,
 NLA.MF16.realP,
 NLA.MF16.witnessB,
 NLA.MF16.complexify_two_by_two_posDef,
 NLA.MF16.witnessP,
 NLA.MF16.witnessX0,
 NLA.MF16.RealMatrix,
 NLA.MF16.realX0,
 NLA.MF16.realX0._proof_1,
 NLA.MF16.evalWord,
 NLA.MF16.witnessWord,
 NLA.MF16.realB,
 NLA.MF16.realP,
 NLA.MF16.witness_eval,
 NLA.MF16.realP._proof_1,
 NLA.MF16.realB._proof_1,
 NLA.MF16.realB._proof_2,
 NLA.MF16.realP._proof_2,
 NLA.MF16.realP._proof_3,
 NLA.MF16.ComplexMatrix,
 NLA.MF16.complexify,
 NLA.MF16.complexify_witness_eval]
REFEREE_EDGE ALL_EXPORTS NLA.MF16.complexify_two_by_two_posDef: [NLA.MF16.complexify,
 NLA.MF16.RealMatrix,
 NLA.MF16.complexify,
 NLA.MF16.ComplexMatrix,
 NLA.MF16.complexify_mul,
 NLA.MF16.complexify_transpose]
REFEREE_EDGE ALL_EXPORTS NLA.MF16.complexify_mul: [NLA.MF16.RealMatrix,
 NLA.MF16.ComplexMatrix,
 NLA.MF16.complexify,
 NLA.MF16.RealMatrix,
 NLA.MF16.ComplexMatrix,
 NLA.MF16.complexify]
REFEREE_EDGE ALL_EXPORTS NLA.MF16.complexify_transpose: [NLA.MF16.RealMatrix,
 NLA.MF16.ComplexMatrix,
 NLA.MF16.complexify,
 NLA.MF16.RealMatrix,
 NLA.MF16.complexify]
REFEREE_EDGE ALL_EXPORTS NLA.MF16.complexify_witness_eval: [NLA.MF16.RealMatrix,
 NLA.MF16.ComplexMatrix,
 NLA.MF16.complexify,
 NLA.MF16.evalWord,
 NLA.MF16.witnessWord,
 NLA.MF16.RealMatrix,
 NLA.MF16.ComplexMatrix,
 NLA.MF16.complexify,
 NLA.MF16.evalWord,
 NLA.MF16.witnessWord,
 NLA.MF16.witness_eval,
 NLA.MF16.complexify_mul,
 NLA.MF16.complexify_pow]
REFEREE_EDGE ALL_EXPORTS NLA.MF16.complexify_pow: [NLA.MF16.RealMatrix,
 NLA.MF16.ComplexMatrix,
 NLA.MF16.complexify,
 NLA.MF16.RealMatrix]
REFEREE_EDGE ALL_EXPORTS NLA.MF16.twelfth_power_reduction: [NLA.MF16.symmetricMatrix,
 NLA.MF16.RealMatrix,
 NLA.MF16.linearCoefficient,
 NLA.MF16.identityCoefficient,
 NLA.MF16.symmetricMatrix,
 NLA.MF16.twelfth_power_reduction_proved]
REFEREE_EDGE ALL_EXPORTS NLA.MF16.symmetricMatrix: [NLA.MF16.RealMatrix, NLA.MF16.symmetricMatrix._proof_1]
REFEREE_EDGE ALL_EXPORTS NLA.MF16.symmetricMatrix._proof_1: []
REFEREE_EDGE ALL_EXPORTS NLA.MF16.linearCoefficient: [NLA.MF16.linearCoefficient._proof_1,
 NLA.MF16.linearCoefficient._proof_2,
 NLA.MF16.linearCoefficient._proof_3,
 NLA.MF16.linearCoefficient._proof_4,
 NLA.MF16.linearCoefficient._proof_5]
REFEREE_EDGE ALL_EXPORTS NLA.MF16.linearCoefficient._proof_1: []
REFEREE_EDGE ALL_EXPORTS NLA.MF16.linearCoefficient._proof_2: []
REFEREE_EDGE ALL_EXPORTS NLA.MF16.linearCoefficient._proof_3: []
REFEREE_EDGE ALL_EXPORTS NLA.MF16.linearCoefficient._proof_4: []
REFEREE_EDGE ALL_EXPORTS NLA.MF16.linearCoefficient._proof_5: []
REFEREE_EDGE ALL_EXPORTS NLA.MF16.identityCoefficient: [NLA.MF16.realX0._proof_1,
 NLA.MF16.identityCoefficient._proof_1,
 NLA.MF16.identityCoefficient._proof_2,
 NLA.MF16.identityCoefficient._proof_3,
 NLA.MF16.identityCoefficient._proof_4,
 NLA.MF16.identityCoefficient._proof_5]
REFEREE_EDGE ALL_EXPORTS NLA.MF16.identityCoefficient._proof_1: []
REFEREE_EDGE ALL_EXPORTS NLA.MF16.identityCoefficient._proof_2: []
REFEREE_EDGE ALL_EXPORTS NLA.MF16.identityCoefficient._proof_3: []
REFEREE_EDGE ALL_EXPORTS NLA.MF16.identityCoefficient._proof_4: []
REFEREE_EDGE ALL_EXPORTS NLA.MF16.identityCoefficient._proof_5: []
REFEREE_EDGE ALL_EXPORTS NLA.MF16.twelfth_power_reduction_proved: [NLA.MF16.symmetricMatrix,
 NLA.MF16.RealMatrix,
 NLA.MF16.linearCoefficient,
 NLA.MF16.identityCoefficient,
 NLA.MF16.symmetricMatrix,
 NLA.MF16.matrix_twelfth_power_of_det_three]
REFEREE_EDGE ALL_EXPORTS NLA.MF16.matrix_twelfth_power_of_det_three: [NLA.MF16.RealMatrix,
 NLA.MF16.linearCoefficient,
 NLA.MF16.identityCoefficient,
 NLA.MF16.RealMatrix,
 NLA.MF16.linearCoefficient,
 NLA.MF16.identityCoefficient,
 _private.NLA.MF16.CayleyHamilton.0.NLA.MF16.twelfth_polynomial_remainder]
REFEREE_EDGE ALL_EXPORTS _private.NLA.MF16.CayleyHamilton.0.NLA.MF16.twelfth_polynomial_remainder: [NLA.MF16.linearCoefficient,
 NLA.MF16.identityCoefficient,
 NLA.MF16.linearCoefficient,
 NLA.MF16.identityCoefficient,
 NLA.MF16.linearCoefficient._proof_1,
 NLA.MF16.linearCoefficient._proof_2,
 NLA.MF16.linearCoefficient._proof_3,
 NLA.MF16.linearCoefficient._proof_4,
 NLA.MF16.linearCoefficient._proof_5,
 NLA.MF16.realX0._proof_1,
 NLA.MF16.identityCoefficient._proof_1,
 NLA.MF16.identityCoefficient._proof_2,
 NLA.MF16.identityCoefficient._proof_3,
 NLA.MF16.identityCoefficient._proof_4,
 NLA.MF16.identityCoefficient._proof_5]
REFEREE_EDGE ALL_EXPORTS NLA.MF16.polynomial_word_equivalence: [NLA.MF16.polynomialSystem,
 NLA.MF16.symmetricMatrix,
 NLA.MF16.evalWord,
 NLA.MF16.witnessWord,
 NLA.MF16.realB,
 NLA.MF16.realP,
 NLA.MF16.polynomial_word_equivalence_proved]
REFEREE_EDGE ALL_EXPORTS NLA.MF16.polynomialSystem: [NLA.MF16.linearCoefficientExpr,
 NLA.MF16.identityCoefficientExpr,
 NLA.MF16.exprScale,
 NLA.MF16.exprSub]
REFEREE_EDGE ALL_EXPORTS NLA.MF16.linearCoefficientExpr: [NLA.MF16.exprSub]
REFEREE_EDGE ALL_EXPORTS NLA.MF16.exprSub: []
REFEREE_EDGE ALL_EXPORTS NLA.MF16.identityCoefficientExpr: [NLA.MF16.exprScale, NLA.MF16.exprSub]
REFEREE_EDGE ALL_EXPORTS NLA.MF16.exprScale: []
REFEREE_EDGE ALL_EXPORTS NLA.MF16.polynomial_word_equivalence_proved: [NLA.MF16.polynomialSystem,
 NLA.MF16.symmetricMatrix,
 NLA.MF16.evalWord,
 NLA.MF16.witnessWord,
 NLA.MF16.realB,
 NLA.MF16.realP,
 NLA.MF16.polynomialSystem,
 NLA.MF16.symmetricMatrix,
 NLA.MF16.evalWord,
 NLA.MF16.witnessWord,
 NLA.MF16.realB,
 NLA.MF16.realP,
 NLA.MF16.reducedWord,
 NLA.MF16.polynomial_reduced_equivalence,
 NLA.MF16.reducedWord_eq]
REFEREE_EDGE ALL_EXPORTS NLA.MF16.reducedWord: [NLA.MF16.RealMatrix,
 NLA.MF16.RealMatrix,
 NLA.MF16.symmetricMatrix,
 NLA.MF16.realB,
 NLA.MF16.linearCoefficient,
 NLA.MF16.identityCoefficient]
REFEREE_EDGE ALL_EXPORTS NLA.MF16.polynomial_reduced_equivalence: [NLA.MF16.polynomialSystem,
 NLA.MF16.symmetricMatrix,
 NLA.MF16.reducedWord,
 NLA.MF16.realP,
 NLA.MF16.polynomialSystem,
 NLA.MF16.symmetricMatrix,
 NLA.MF16.reducedWord,
 NLA.MF16.realP,
 NLA.MF16.polynomial_eval_zero,
 NLA.MF16.polynomial_eval_one,
 NLA.MF16.polynomial_eval_two]
REFEREE_EDGE ALL_EXPORTS NLA.MF16.polynomial_eval_zero: [NLA.MF16.polynomialSystem,
 NLA.MF16.symmetricMatrix,
 NLA.MF16.polynomialSystem,
 NLA.MF16.symmetricMatrix,
 NLA.MF16.symmetricMatrix._proof_1]
REFEREE_EDGE ALL_EXPORTS NLA.MF16.polynomial_eval_one: [NLA.MF16.polynomialSystem,
 NLA.MF16.reducedWord,
 NLA.MF16.realP,
 NLA.MF16.polynomialSystem,
 NLA.MF16.reducedWord,
 NLA.MF16.realP,
 NLA.MF16.linearCoefficient,
 NLA.MF16.identityCoefficient,
 NLA.MF16.symmetricMatrix._proof_1,
 NLA.MF16.realB._proof_1,
 NLA.MF16.realB._proof_2,
 NLA.MF16.realP._proof_1,
 NLA.MF16.linearCoefficientExpr,
 NLA.MF16.identityCoefficientExpr,
 NLA.MF16.linearCoefficientExpr_eval,
 NLA.MF16.identityCoefficientExpr_eval,
 NLA.MF16.RealMatrix,
 NLA.MF16.symmetricMatrix,
 NLA.MF16.realB,
 NLA.MF16.realP._proof_2,
 NLA.MF16.realP._proof_3]
REFEREE_EDGE ALL_EXPORTS NLA.MF16.linearCoefficientExpr_eval: [NLA.MF16.linearCoefficientExpr,
 NLA.MF16.linearCoefficient,
 NLA.MF16.linearCoefficientExpr,
 NLA.MF16.linearCoefficient,
 NLA.MF16.linearCoefficient._proof_1,
 NLA.MF16.linearCoefficient._proof_2,
 NLA.MF16.linearCoefficient._proof_3,
 NLA.MF16.linearCoefficient._proof_4,
 NLA.MF16.linearCoefficient._proof_5]
REFEREE_EDGE ALL_EXPORTS NLA.MF16.identityCoefficientExpr_eval: [NLA.MF16.identityCoefficientExpr,
 NLA.MF16.identityCoefficient,
 NLA.MF16.identityCoefficientExpr,
 NLA.MF16.identityCoefficient,
 NLA.MF16.realX0._proof_1,
 NLA.MF16.identityCoefficient._proof_1,
 NLA.MF16.identityCoefficient._proof_2,
 NLA.MF16.identityCoefficient._proof_3,
 NLA.MF16.identityCoefficient._proof_4,
 NLA.MF16.identityCoefficient._proof_5]
REFEREE_EDGE ALL_EXPORTS NLA.MF16.polynomial_eval_two: [NLA.MF16.polynomialSystem,
 NLA.MF16.reducedWord,
 NLA.MF16.realP,
 NLA.MF16.polynomialSystem,
 NLA.MF16.reducedWord,
 NLA.MF16.realP,
 NLA.MF16.linearCoefficient,
 NLA.MF16.identityCoefficient,
 NLA.MF16.symmetricMatrix._proof_1,
 NLA.MF16.realB._proof_1,
 NLA.MF16.realB._proof_2,
 NLA.MF16.realP._proof_2,
 NLA.MF16.linearCoefficientExpr,
 NLA.MF16.identityCoefficientExpr,
 NLA.MF16.linearCoefficientExpr_eval,
 NLA.MF16.identityCoefficientExpr_eval,
 NLA.MF16.RealMatrix,
 NLA.MF16.symmetricMatrix,
 NLA.MF16.realB,
 NLA.MF16.realP._proof_1,
 NLA.MF16.realP._proof_3]
REFEREE_EDGE ALL_EXPORTS NLA.MF16.reducedWord_eq: [NLA.MF16.symmetricMatrix,
 NLA.MF16.RealMatrix,
 NLA.MF16.reducedWord,
 NLA.MF16.evalWord,
 NLA.MF16.witnessWord,
 NLA.MF16.realB,
 NLA.MF16.symmetricMatrix,
 NLA.MF16.RealMatrix,
 NLA.MF16.reducedWord,
 NLA.MF16.evalWord,
 NLA.MF16.witnessWord,
 NLA.MF16.realB,
 NLA.MF16.linearCoefficient,
 NLA.MF16.identityCoefficient,
 NLA.MF16.witness_eval,
 NLA.MF16.twelfth_power_reduction_proved]
REFEREE_EDGE ALL_EXPORTS NLA.MF16.krawczyk_certificate: [NLA.MF16.polynomialSystem,
 NLA.MF16.rootBox,
 NLA.MF16.rootCertificate,
 NLA.MF16.rootCenter,
 NLA.MF16.rootRadius,
 NLA.MF16.contractionBound,
 NLA.MF16.polynomialSystem,
 NLA.MF16.rootBox,
 NLA.MF16.rootCertificate,
 NLA.MF16.rootCenter,
 NLA.MF16.rootRadius,
 NLA.MF16.contractionBound,
 NLA.MF16.actual_krawczyk_checked,
 NLA.MF16.preconditioner_det_exact,
 NLA.MF16.box_radius_exact,
 NLA.MF16.contraction_bound_small]
REFEREE_EDGE ALL_EXPORTS NLA.MF16.rootBox: [NLA.MF16.rootBox._proof_1,
 NLA.MF16.rootBox._proof_2,
 NLA.MF16.rootBox._proof_3]
REFEREE_EDGE ALL_EXPORTS NLA.MF16.rootBox._proof_1: []
REFEREE_EDGE ALL_EXPORTS NLA.MF16.rootBox._proof_2: []
REFEREE_EDGE ALL_EXPORTS NLA.MF16.rootBox._proof_3: []
REFEREE_EDGE ALL_EXPORTS NLA.MF16.rootCertificate: [NLA.MF16.rootCenter]
REFEREE_EDGE ALL_EXPORTS NLA.MF16.rootCenter: []
REFEREE_EDGE ALL_EXPORTS NLA.MF16.rootRadius: []
REFEREE_EDGE ALL_EXPORTS NLA.MF16.contractionBound: [NLA.MF16.rootCertificate,
 NLA.MF16.polynomialSystem,
 NLA.MF16.rootBox]
REFEREE_EDGE ALL_EXPORTS NLA.MF16.actual_krawczyk_checked: [NLA.MF16.polynomialSystem,
 NLA.MF16.rootBox,
 NLA.MF16.rootCertificate,
 NLA.MF16.actual_krawczyk_checked._proof_1_1]
REFEREE_EDGE ALL_EXPORTS NLA.MF16.actual_krawczyk_checked._proof_1_1: [NLA.MF16.polynomialSystem,
 NLA.MF16.rootBox,
 NLA.MF16.rootCertificate,
 NLA.MF16.polynomialSystem,
 NLA.MF16.rootBox,
 NLA.MF16.rootCertificate]
REFEREE_EDGE ALL_EXPORTS NLA.MF16.preconditioner_det_exact: [NLA.MF16.rootCertificate,
 NLA.MF16.preconditioner_det_exact._proof_1_1]
REFEREE_EDGE ALL_EXPORTS NLA.MF16.preconditioner_det_exact._proof_1_1: [NLA.MF16.rootCertificate,
 NLA.MF16.rootCertificate]
REFEREE_EDGE ALL_EXPORTS NLA.MF16.box_radius_exact: [NLA.MF16.rootBox,
 NLA.MF16.rootCenter,
 NLA.MF16.rootRadius,
 NLA.MF16.box_radius_exact._proof_1_1]
REFEREE_EDGE ALL_EXPORTS NLA.MF16.box_radius_exact._proof_1_1: [NLA.MF16.rootBox,
 NLA.MF16.rootCenter,
 NLA.MF16.rootRadius,
 NLA.MF16.rootBox,
 NLA.MF16.rootCenter,
 NLA.MF16.rootRadius]
REFEREE_EDGE ALL_EXPORTS NLA.MF16.contraction_bound_small: [NLA.MF16.contractionBound,
 NLA.MF16.contraction_bound_small._proof_1_1]
REFEREE_EDGE ALL_EXPORTS NLA.MF16.contraction_bound_small._proof_1_1: [NLA.MF16.contractionBound,
 NLA.MF16.contractionBound]
REFEREE_EDGE ALL_EXPORTS NLA.MF16.certified_root: [NLA.MF16.rootBox,
 NLA.MF16.polynomialSystem,
 NLA.MF16.certified_root_proved]
REFEREE_EDGE ALL_EXPORTS NLA.MF16.certified_root_proved: [NLA.MF16.rootBox,
 NLA.MF16.polynomialSystem,
 LeanCert.Engine.krawczykCheck_sound,
 NLA.MF16.polynomialSystem,
 NLA.MF16.rootBox,
 NLA.MF16.rootCertificate,
 NLA.MF16.actual_krawczyk_checked]
REFEREE_EDGE ALL_EXPORTS LeanCert.Engine.krawczykCheck_sound: [LeanCert.Engine.contraction_unique_fixedPoint_in_finBox,
 LeanCert.Engine.newtonMap_mapsTo_of_imageEnclosure,
 LeanCert.Engine.newtonMap_fderiv_norm_le,
 LeanCert.Engine.fixedPoint_iff_systemZero]
REFEREE_EDGE ALL_EXPORTS LeanCert.Engine.contraction_unique_fixedPoint_in_finBox: []
REFEREE_EDGE ALL_EXPORTS LeanCert.Engine.newtonMap_mapsTo_of_imageEnclosure: [LeanCert.Engine.newtonMap_fderiv_norm_le,
 LeanCert.Engine.newtonMap_center_mem]
REFEREE_EDGE ALL_EXPORTS LeanCert.Engine.newtonMap_fderiv_norm_le: [LeanCert.Engine.jacobianAt_mem_intervalJacobian]
REFEREE_EDGE ALL_EXPORTS LeanCert.Engine.jacobianAt_mem_intervalJacobian: []
REFEREE_EDGE ALL_EXPORTS LeanCert.Engine.newtonMap_center_mem: [LeanCert.Engine.systemEval_mem_pointEvalIntervals]
REFEREE_EDGE ALL_EXPORTS LeanCert.Engine.systemEval_mem_pointEvalIntervals: []
REFEREE_EDGE ALL_EXPORTS LeanCert.Engine.fixedPoint_iff_systemZero: []
REFEREE_EDGE ALL_EXPORTS NLA.MF16.root_to_matrix: [NLA.MF16.rootBox,
 NLA.MF16.polynomialSystem,
 NLA.MF16.complexify,
 NLA.MF16.symmetricMatrix,
 NLA.MF16.evalWord,
 NLA.MF16.witnessWord,
 NLA.MF16.witnessB,
 NLA.MF16.witnessP,
 NLA.MF16.ComplexMatrix,
 NLA.MF16.witnessX0,
 NLA.MF16.rootBox,
 NLA.MF16.polynomialSystem,
 NLA.MF16.root_to_matrix_proved]
REFEREE_EDGE ALL_EXPORTS NLA.MF16.root_to_matrix_proved: [NLA.MF16.rootBox,
 NLA.MF16.polynomialSystem,
 NLA.MF16.complexify,
 NLA.MF16.symmetricMatrix,
 NLA.MF16.evalWord,
 NLA.MF16.witnessWord,
 NLA.MF16.witnessB,
 NLA.MF16.witnessP,
 NLA.MF16.ComplexMatrix,
 NLA.MF16.witnessX0,
 NLA.MF16.rootBox,
 NLA.MF16.polynomialSystem,
 NLA.MF16.symmetricMatrix,
 NLA.MF16.evalWord,
 NLA.MF16.witnessWord,
 NLA.MF16.realB,
 NLA.MF16.realP,
 NLA.MF16.complexify,
 NLA.MF16.witnessB,
 NLA.MF16.witnessP,
 NLA.MF16.ComplexMatrix,
 NLA.MF16.witnessX0,
 NLA.MF16.polynomial_word_equivalence_proved,
 NLA.MF16.matrix_recovery_from_equations]
REFEREE_EDGE ALL_EXPORTS NLA.MF16.matrix_recovery_from_equations: [NLA.MF16.rootBox,
 NLA.MF16.symmetricMatrix,
 NLA.MF16.evalWord,
 NLA.MF16.witnessWord,
 NLA.MF16.realB,
 NLA.MF16.realP,
 NLA.MF16.complexify,
 NLA.MF16.witnessB,
 NLA.MF16.witnessP,
 NLA.MF16.ComplexMatrix,
 NLA.MF16.witnessX0,
 NLA.MF16.rootBox,
 NLA.MF16.symmetricMatrix,
 NLA.MF16.evalWord,
 NLA.MF16.witnessWord,
 NLA.MF16.realB,
 NLA.MF16.realP,
 NLA.MF16.box_first_coordinate_gt_three,
 NLA.MF16.symmetricMatrix._proof_1,
 NLA.MF16.complexify,
 NLA.MF16.complexify_two_by_two_posDef,
 NLA.MF16.word_eq_of_two_entries,
 NLA.MF16.witnessB,
 NLA.MF16.witnessP,
 NLA.MF16.ComplexMatrix,
 NLA.MF16.witnessX0,
 NLA.MF16.complexify_witness_eval,
 NLA.MF16.RealMatrix,
 NLA.MF16.realX0._proof_1]
REFEREE_EDGE ALL_EXPORTS NLA.MF16.box_first_coordinate_gt_three: [NLA.MF16.rootBox,
 NLA.MF16.rootBox,
 NLA.MF16.rootBox._proof_1,
 NLA.MF16.rootBox._proof_2,
 NLA.MF16.rootBox._proof_3]
REFEREE_EDGE ALL_EXPORTS NLA.MF16.word_eq_of_two_entries: [NLA.MF16.symmetricMatrix,
 NLA.MF16.evalWord,
 NLA.MF16.witnessWord,
 NLA.MF16.realB,
 NLA.MF16.realP,
 NLA.MF16.symmetricMatrix,
 NLA.MF16.evalWord,
 NLA.MF16.witnessWord,
 NLA.MF16.realB,
 NLA.MF16.realP,
 NLA.MF16.RealMatrix,
 NLA.MF16.witness_word_transpose,
 NLA.MF16.witness_word_det,
 NLA.MF16.realP._proof_3,
 NLA.MF16.realP._proof_1,
 NLA.MF16.realP._proof_2]
REFEREE_EDGE ALL_EXPORTS NLA.MF16.witness_word_transpose: [NLA.MF16.evalWord,
 NLA.MF16.witnessWord,
 NLA.MF16.symmetricMatrix,
 NLA.MF16.realB,
 NLA.MF16.evalWord,
 NLA.MF16.witnessWord,
 NLA.MF16.symmetricMatrix,
 NLA.MF16.realB,
 NLA.MF16.witness_eval,
 NLA.MF16.RealMatrix,
 NLA.MF16.symmetricMatrix_transpose,
 NLA.MF16.realB_transpose]
REFEREE_EDGE ALL_EXPORTS NLA.MF16.symmetricMatrix_transpose: [NLA.MF16.symmetricMatrix, NLA.MF16.symmetricMatrix]
REFEREE_EDGE ALL_EXPORTS NLA.MF16.realB_transpose: [NLA.MF16.realB, NLA.MF16.realB]
REFEREE_EDGE ALL_EXPORTS NLA.MF16.witness_word_det: [NLA.MF16.symmetricMatrix,
 NLA.MF16.evalWord,
 NLA.MF16.witnessWord,
 NLA.MF16.realB,
 NLA.MF16.symmetricMatrix,
 NLA.MF16.evalWord,
 NLA.MF16.witnessWord,
 NLA.MF16.realB,
 NLA.MF16.witness_eval,
 NLA.MF16.realX0,
 NLA.MF16.realP,
 NLA.MF16.witnessX0,
 NLA.MF16.witnessB,
 NLA.MF16.witnessP,
 NLA.MF16.source_data_proved]
REFEREE_EDGE ALL_EXPORTS NLA.MF16.counterexample: [NLA.MF16.SymmetricWord,
 NLA.MF16.witnessWord,
 NLA.MF16.witnessB,
 NLA.MF16.witnessP,
 NLA.MF16.witnessX0,
 NLA.MF16.evalWord,
 NLA.MF16.ComplexMatrix,
 NLA.MF16.counterexample_proved]
REFEREE_EDGE ALL_EXPORTS NLA.MF16.counterexample_proved: [NLA.MF16.SymmetricWord,
 NLA.MF16.witnessWord,
 NLA.MF16.witnessB,
 NLA.MF16.witnessP,
 NLA.MF16.witnessX0,
 NLA.MF16.evalWord,
 NLA.MF16.ComplexMatrix,
 NLA.MF16.rootBox,
 NLA.MF16.polynomialSystem,
 NLA.MF16.SymmetricWord,
 NLA.MF16.witnessWord,
 NLA.MF16.witnessB,
 NLA.MF16.witnessP,
 NLA.MF16.witnessX0,
 NLA.MF16.evalWord,
 NLA.MF16.ComplexMatrix,
 NLA.MF16.certified_root_proved,
 NLA.MF16.complexify,
 NLA.MF16.symmetricMatrix,
 NLA.MF16.root_to_matrix_proved,
 NLA.MF16.Letter,
 NLA.MF16.instDecidableEqLetter,
 NLA.MF16.Letter.X,
 NLA.MF16.Letter.B,
 NLA.MF16.RealMatrix,
 NLA.MF16.word_semantics_proved,
 NLA.MF16.realB,
 NLA.MF16.realX0,
 NLA.MF16.realP,
 NLA.MF16.source_data_proved]
REFEREE_EDGE ALL_EXPORTS NLA.MF16.not_wordUniquenessConjecture: [NLA.MF16.WordUniquenessConjecture,
 NLA.MF16.not_wordUniquenessConjecture_proved]
REFEREE_EDGE ALL_EXPORTS NLA.MF16.WordUniquenessConjecture: [NLA.MF16.Letter,
 NLA.MF16.SymmetricWord,
 NLA.MF16.ComplexMatrix,
 NLA.MF16.evalWord]
REFEREE_EDGE ALL_EXPORTS NLA.MF16.not_wordUniquenessConjecture_proved: [NLA.MF16.WordUniquenessConjecture,
 NLA.MF16.WordUniquenessConjecture,
 NLA.MF16.SymmetricWord,
 NLA.MF16.witnessWord,
 NLA.MF16.witnessB,
 NLA.MF16.witnessP,
 NLA.MF16.witnessX0,
 NLA.MF16.evalWord,
 NLA.MF16.ComplexMatrix,
 NLA.MF16.counterexample_proved]
REFEREE_REQUIRED ALL_EXPORTS: NLA.MF16.actual_krawczyk_checked
REFEREE_REQUIRED ALL_EXPORTS: NLA.MF16.certified_root_proved
REFEREE_REQUIRED ALL_EXPORTS: NLA.MF16.polynomial_word_equivalence_proved
REFEREE_REQUIRED ALL_EXPORTS: NLA.MF16.polynomial_reduced_equivalence
REFEREE_REQUIRED ALL_EXPORTS: NLA.MF16.polynomial_eval_zero
REFEREE_REQUIRED ALL_EXPORTS: NLA.MF16.polynomial_eval_one
REFEREE_REQUIRED ALL_EXPORTS: NLA.MF16.polynomial_eval_two
REFEREE_REQUIRED ALL_EXPORTS: NLA.MF16.matrix_twelfth_power_of_det_three
REFEREE_REQUIRED ALL_EXPORTS: NLA.MF16.complexify_two_by_two_posDef
REFEREE_REQUIRED ALL_EXPORTS: NLA.MF16.complexify_witness_eval
REFEREE_REQUIRED ALL_EXPORTS: NLA.MF16.word_eq_of_two_entries
REFEREE_REQUIRED ALL_EXPORTS: NLA.MF16.witness_word_det
REFEREE_REQUIRED ALL_EXPORTS: NLA.MF16.witness_word_transpose
REFEREE_REQUIRED ALL_EXPORTS: NLA.MF16.matrix_recovery_from_equations
REFEREE_REQUIRED ALL_EXPORTS: NLA.MF16.box_first_coordinate_gt_three
REFEREE_REQUIRED ALL_EXPORTS: Matrix.aeval_self_charpoly
REFEREE_REQUIRED ALL_EXPORTS: Matrix.charpoly_fin_two
REFEREE_REQUIRED ALL_EXPORTS: Matrix.PosDef.conjTranspose_mul_mul_same
REFEREE_REQUIRED ALL_EXPORTS: Matrix.PosDef.diagonal
REFEREE_REQUIRED ALL_EXPORTS: Matrix.map_mul
REFEREE_REQUIRED ALL_EXPORTS: Matrix.map_pow
REFEREE_REQUIRED ALL_EXPORTS: Matrix.det_mul
REFEREE_REQUIRED ALL_EXPORTS: Matrix.det_pow
REFEREE_REQUIRED ALL_EXPORTS: LeanCert.Engine.krawczykCheck_sound
REFEREE_REQUIRED ALL_EXPORTS: LeanCert.Engine.fixedPoint_iff_systemZero
REFEREE_REQUIRED ALL_EXPORTS: LeanCert.Engine.jacobianAt_mem_intervalJacobian
REFEREE_REQUIRED ALL_EXPORTS: LeanCert.Engine.newtonMap_mapsTo_of_imageEnclosure
REFEREE_REQUIRED ALL_EXPORTS: LeanCert.Engine.newtonMap_fderiv_norm_le
REFEREE_REQUIRED ALL_EXPORTS: LeanCert.Engine.evalIntervalCore_correct
REFEREE_REQUIRED ALL_EXPORTS: ContractingWith.exists_fixedPoint'
REFEREE_COUNTS ALL_EXPORTS: project=110, library=8
NLA.MF16.word_semantics :
  NLA.MF16.SymmetricWord NLA.MF16.witnessWord ∧
    NLA.MF16.witnessWord.length = 16 ∧
      List.count NLA.MF16.Letter.X NLA.MF16.witnessWord = 14 ∧
        List.count NLA.MF16.Letter.B NLA.MF16.witnessWord = 2 ∧
          (∀ (X B : NLA.MF16.ComplexMatrix), NLA.MF16.evalWord NLA.MF16.witnessWord X B = X * B * X ^ 12 * B * X) ∧
            ∀ (X B : NLA.MF16.RealMatrix), NLA.MF16.evalWord NLA.MF16.witnessWord X B = X * B * X ^ 12 * B * X
NLA.MF16.source_data :
  Matrix.PosDef NLA.MF16.witnessB ∧
    Matrix.PosDef NLA.MF16.witnessP ∧
      Matrix.PosDef NLA.MF16.witnessX0 ∧
        NLA.MF16.evalWord NLA.MF16.witnessWord NLA.MF16.witnessX0 NLA.MF16.witnessB = NLA.MF16.witnessP ∧
          Matrix.det NLA.MF16.realB = 1 ∧ Matrix.det NLA.MF16.realX0 = 3 ∧ Matrix.det NLA.MF16.realP = 3 ^ 14
NLA.MF16.twelfth_power_reduction (v : Fin 3 → ℝ) (hdet : Matrix.det (NLA.MF16.symmetricMatrix v) = 3) :
  NLA.MF16.symmetricMatrix v ^ 12 =
    NLA.MF16.linearCoefficient (Matrix.trace (NLA.MF16.symmetricMatrix v)) • NLA.MF16.symmetricMatrix v -
      NLA.MF16.identityCoefficient (Matrix.trace (NLA.MF16.symmetricMatrix v)) • 1
NLA.MF16.polynomial_word_equivalence (v : Fin 3 → ℝ) :
  LeanCert.Engine.SystemZero NLA.MF16.polynomialSystem v ↔
    Matrix.det (NLA.MF16.symmetricMatrix v) = 3 ∧
      NLA.MF16.evalWord NLA.MF16.witnessWord (NLA.MF16.symmetricMatrix v) NLA.MF16.realB 0 0 = NLA.MF16.realP 0 0 ∧
        NLA.MF16.evalWord NLA.MF16.witnessWord (NLA.MF16.symmetricMatrix v) NLA.MF16.realB 0 1 = NLA.MF16.realP 0 1
NLA.MF16.krawczyk_certificate :
  LeanCert.Engine.krawczykCheck NLA.MF16.polynomialSystem NLA.MF16.rootBox NLA.MF16.rootCertificate = true ∧
    NLA.MF16.rootCertificate.preconditioner.det = 790668616748253 / 62500000000000000000000000000 ∧
      LeanCert.Engine.boxRadius NLA.MF16.rootBox NLA.MF16.rootCenter = NLA.MF16.rootRadius ∧
        NLA.MF16.contractionBound < 27 / 1000
NLA.MF16.certified_root :
  ∃! v, LeanCert.Engine.FinBoxMem v NLA.MF16.rootBox ∧ LeanCert.Engine.SystemZero NLA.MF16.polynomialSystem v
NLA.MF16.root_to_matrix (v : Fin 3 → ℝ) (hv : LeanCert.Engine.FinBoxMem v NLA.MF16.rootBox)
  (hz : LeanCert.Engine.SystemZero NLA.MF16.polynomialSystem v) :
  3 < v 0 ∧
    Matrix.PosDef (NLA.MF16.complexify (NLA.MF16.symmetricMatrix v)) ∧
      NLA.MF16.evalWord NLA.MF16.witnessWord (NLA.MF16.complexify (NLA.MF16.symmetricMatrix v)) NLA.MF16.witnessB =
          NLA.MF16.witnessP ∧
        NLA.MF16.complexify (NLA.MF16.symmetricMatrix v) ≠ NLA.MF16.witnessX0
NLA.MF16.counterexample :
  NLA.MF16.SymmetricWord NLA.MF16.witnessWord ∧
    Matrix.PosDef NLA.MF16.witnessB ∧
      Matrix.PosDef NLA.MF16.witnessP ∧
        Matrix.PosDef NLA.MF16.witnessX0 ∧
          NLA.MF16.evalWord NLA.MF16.witnessWord NLA.MF16.witnessX0 NLA.MF16.witnessB = NLA.MF16.witnessP ∧
            ∃ X,
              Matrix.PosDef X ∧
                NLA.MF16.evalWord NLA.MF16.witnessWord X NLA.MF16.witnessB = NLA.MF16.witnessP ∧ X ≠ NLA.MF16.witnessX0
NLA.MF16.not_wordUniquenessConjecture : ¬NLA.MF16.WordUniquenessConjecture
def NLA.MF16.WordUniquenessConjecture : Prop :=
∀ (w : List.{0} NLA.MF16.Letter),
  NLA.MF16.SymmetricWord w →
    ∀ (B P : NLA.MF16.ComplexMatrix),
      @Matrix.PosDef.{0, 0} (Fin (@OfNat.ofNat.{0} Nat (nat_lit 2) (instOfNatNat (nat_lit 2)))) Complex Complex.instRing
          Complex.partialOrder Complex.instStarRing B →
        @Matrix.PosDef.{0, 0} (Fin (@OfNat.ofNat.{0} Nat (nat_lit 2) (instOfNatNat (nat_lit 2)))) Complex
            Complex.instRing Complex.partialOrder Complex.instStarRing P →
          @ExistsUnique.{1} NLA.MF16.ComplexMatrix fun (X : NLA.MF16.ComplexMatrix) =>
            And
              (@Matrix.PosDef.{0, 0} (Fin (@OfNat.ofNat.{0} Nat (nat_lit 2) (instOfNatNat (nat_lit 2)))) Complex
                Complex.instRing Complex.partialOrder Complex.instStarRing X)
              (@Eq.{1}
                (Matrix.{0, 0, 0} (Fin (@OfNat.ofNat.{0} Nat (nat_lit 2) (instOfNatNat (nat_lit 2))))
                  (Fin (@OfNat.ofNat.{0} Nat (nat_lit 2) (instOfNatNat (nat_lit 2)))) Complex)
                (@NLA.MF16.evalWord.{0} Complex Complex.instSemiring w X B) P)
def NLA.MF16.SymmetricWord : List NLA.MF16.Letter → Prop :=
fun w => w = w.reverse ∧ NLA.MF16.Letter.X ∈ w
def NLA.MF16.evalWord.{u_1} : {R : Type u_1} →
  [Semiring R] →
    List NLA.MF16.Letter → Matrix (Fin 2) (Fin 2) R → Matrix (Fin 2) (Fin 2) R → Matrix (Fin 2) (Fin 2) R :=
fun {R} [Semiring R] w X B =>
  (List.map
      (fun letter =>
        match letter with
        | NLA.MF16.Letter.X => X
        | NLA.MF16.Letter.B => B)
      w).prod
def Matrix.PosDef.{u_2, u_3} : {n : Type u_2} →
  {R : Type u_3} → [inst : Ring R] → [PartialOrder R] → [StarRing R] → Matrix n n R → Prop :=
fun {n} {R} [Ring R] [PartialOrder R] [StarRing R] M =>
  M.IsHermitian ∧ ∀ ⦃x : n →₀ R⦄, x ≠ 0 → 0 < x.sum fun i xi => x.sum fun j xj => star xi * M i j * xj
def LeanCert.Engine.SystemZero : {n : ℕ} → (Fin n → LeanCert.Core.Expr) → (Fin n → ℝ) → Prop :=
fun {n} F x => ∀ (i : Fin n), LeanCert.Engine.evalFin (F i) x = 0
def LeanCert.Engine.FinBoxMem : {n : ℕ} → (Fin n → ℝ) → (Fin n → LeanCert.Core.IntervalRat) → Prop :=
fun {n} x X => ∀ (i : Fin n), x i ∈ X i
theorem NLA.MF16.certified_root_proved : ∃! v,
  LeanCert.Engine.FinBoxMem v NLA.MF16.rootBox ∧ LeanCert.Engine.SystemZero NLA.MF16.polynomialSystem v :=
LeanCert.Engine.krawczykCheck_sound NLA.MF16.polynomialSystem NLA.MF16.rootBox NLA.MF16.rootCertificate { }
  NLA.MF16.actual_krawczyk_checked
theorem NLA.MF16.not_wordUniquenessConjecture_proved : ¬NLA.MF16.WordUniquenessConjecture :=
fun h =>
  And.casesOn NLA.MF16.counterexample_proved fun hw right =>
    And.casesOn right fun hb right =>
      And.casesOn right fun hp right =>
        And.casesOn right fun hx0 right =>
          And.casesOn right fun heq0 right =>
            Exists.casesOn right fun X h_1 =>
              And.casesOn h_1 fun hx right =>
                And.casesOn right fun heq hne =>
                  Exists.casesOn (h NLA.MF16.witnessWord hw NLA.MF16.witnessB NLA.MF16.witnessP hb hp) fun Y h =>
                    And.casesOn h fun left hu =>
                      hne (Eq.trans (hu X ⟨hx, heq⟩) (Eq.symm (hu NLA.MF16.witnessX0 ⟨hx0, heq0⟩)))
'LeanCert.Engine.krawczykCheck_sound' depends on axioms: [propext, Classical.choice, Quot.sound]
'NLA.MF16.complexify_two_by_two_posDef' depends on axioms: [propext, Classical.choice, Quot.sound]
'NLA.MF16.polynomial_reduced_equivalence' depends on axioms: [propext, Classical.choice, Quot.sound]
'NLA.MF16.word_eq_of_two_entries' depends on axioms: [propext, Classical.choice, Quot.sound]
reviews/final-referee-1-evidence/Inspect.lean:138:33: error(lean.unknownIdentifier): Unknown identifier `toJson`
reviews/final-referee-1-evidence/Inspect.lean:144:0: error: Aborting evaluation since the expression depends on the 'sorry' axiom, which can lead to runtime instability and crashes.

To attempt to evaluate anyway despite the risks, use the '#eval!' command.
