'NLA.KE04.Vec' depends on axioms: [propext, Classical.choice, Quot.sound]
'NLA.KE04.Rect' depends on axioms: [propext, Classical.choice, Quot.sound]
'NLA.KE04.Mat' depends on axioms: [propext, Classical.choice, Quot.sound]
'NLA.KE04.column' depends on axioms: [propext, Classical.choice, Quot.sound]
'NLA.KE04.act' depends on axioms: [propext, Classical.choice, Quot.sound]
'NLA.KE04.columnSpace' depends on axioms: [propext, Classical.choice, Quot.sound]
'NLA.KE04.FullColumnRank' depends on axioms: [propext, Classical.choice, Quot.sound]
'NLA.KE04.krylovColumns' depends on axioms: [propext, Classical.choice, Quot.sound]
'NLA.KE04.krylov' depends on axioms: [propext, Classical.choice, Quot.sound]
'NLA.KE04.krylovCombination' depends on axioms: [propext, Classical.choice, Quot.sound]
'NLA.KE04.FullBlockDimension' depends on axioms: [propext, Classical.choice, Quot.sound]
'NLA.KE04.LastFullBlockIteration' depends on axioms: [propext, Classical.choice, Quot.sound]
'NLA.KE04.IsKrylovBasis' depends on axioms: [propext, Classical.choice, Quot.sound]
'NLA.KE04.frameProjection' depends on axioms: [propext, Classical.choice, Quot.sound]
'NLA.KE04.compression' depends on axioms: [propext, Classical.choice, Quot.sound]
'NLA.KE04.orderedEigenvalues' depends on axioms: [propext, Classical.choice, Quot.sound]
'NLA.KE04.orderedEigenbasis' depends on axioms: [propext, Classical.choice, Quot.sound]
'NLA.KE04.eigenvalueAt' depends on axioms: [propext, Classical.choice, Quot.sound]
'NLA.KE04.ritzValues' depends on axioms: [propext, Classical.choice, Quot.sound]
'NLA.KE04.ritzValueAt' depends on axioms: [propext, Classical.choice, Quot.sound]
'NLA.KE04.monicQuadratic' depends on axioms: [propext, Classical.choice, Quot.sound]
'NLA.KE04.quadraticMatrix' depends on axioms: [propext, Classical.choice, Quot.sound]
'NLA.KE04.compressedQuadratic' depends on axioms: [propext, Classical.choice, Quot.sound]
'NLA.KE04.form' depends on axioms: [propext, Classical.choice, Quot.sound]
'NLA.KE04.IterationOccupancy' depends on axioms: [propext, Classical.choice, Quot.sound]
'NLA.KE04.FullPrefixBlockLanczosClaim' depends on axioms: [propext, Classical.choice, Quot.sound]
'NLA.KE04.BlockLanczosConjecture' depends on axioms: [propext, Classical.choice, Quot.sound]
