$ systemd-run --user --quiet --wait --pipe --collect -p 'RestrictAddressFamilies=~AF_UNIX' --working-directory /home/runner/work/_temp/nla-lean-tools/.verification-tmp/nla-fresh-proof-7sgor9fz/project /usr/bin/env -i PATH=/home/runner/.elan/toolchains/leanprover--lean4---v4.33.1/bin:/home/runner/.elan/bin:/home/runner/go/bin:/opt/hostedtoolcache/go/1.27.1/x64/bin:/snap/bin:/home/runner/.local/bin:/opt/pipx_bin:/home/runner/.cargo/bin:/home/runner/.config/composer/vendor/bin:/usr/local/.ghcup/bin:/home/runner/.dotnet/tools:/usr/local/sbin:/usr/local/bin:/usr/sbin:/usr/bin:/sbin:/bin:/usr/games:/usr/local/games:/snap/bin HOME=/home/runner LANG=C.UTF-8 XDG_RUNTIME_DIR=/run/user/1001 DBUS_SESSION_BUS_ADDRESS=unix:path=/run/user/1001/bus GIT_TERMINAL_PROMPT=0 GIT_CONFIG_NOSYSTEM=1 GIT_CONFIG_GLOBAL=/dev/null COMPARATOR_BIN=/home/runner/work/_temp/nla-lean-tools/.tools/comparator/.lake/build/bin/comparator COMPARATOR_LEAN4EXPORT=/home/runner/work/_temp/nla-lean-tools/.tools/lean4export/.lake/build/bin/lean4export COMPARATOR_LANDRUN=/home/runner/work/_temp/nla-lean-tools/scripts/strict_landrun.py XDG_CACHE_HOME=/home/runner/work/_temp/nla-lean-tools/.tools/cache TMPDIR=/home/runner/work/_temp/nla-lean-tools/.verification-tmp lake env /home/runner/work/_temp/nla-lean-tools/.tools/comparator/.lake/build/bin/comparator comparator.json
Building Challenge
✔ [2708/2710] Built NLA.MI06.Definitions (2.5s)
⚠ [2709/2710] Built Challenge (2.2s)
warning: Challenge.lean:11:8: declaration uses `sorry`
warning: Challenge.lean:16:8: declaration uses `sorry`
warning: Challenge.lean:32:8: declaration uses `sorry`
warning: Challenge.lean:38:8: declaration uses `sorry`
warning: Challenge.lean:50:8: declaration uses `sorry`
warning: Challenge.lean:58:8: declaration uses `sorry`
Build completed successfully (2710 jobs).
Exporting #[Quot, Quot.mk, Quot.lift, Quot.ind, NLA.MI06.modulus_eq_sqrt, NLA.MI06.witness_moduli, NLA.MI06.two_vector_orthogonal, NLA.MI06.witness_quadratic_bounds, NLA.MI06.counterexample, NLA.MI06.not_dominationConjecture, propext, Classical.choice, Quot.sound, Nat.add, Nat.sub, Nat.mul, Nat.pow, Nat.gcd, Nat.div, Nat.mod, Nat.beq, Nat.ble, Nat.land, Nat.lor, Nat.xor, Nat.shiftLeft, Nat.shiftRight, String.ofList, Char.ofNat, List, eagerReduce, Nat, String, String.mk, Char, optParam, autoParam, semiOutParam, outParam] from Challenge
Building Solution
✔ [3009/3042] Built LeanCert.Core.Interval (4.4s)
✔ [3010/3042] Built LeanCert.Core.DerivativeIntervals (5.1s)
✔ [3011/3049] Built LeanCert.Contrib.Sinc (6.7s)
✔ [3012/3049] Built LeanCert.Core.Expr (7.0s)
✔ [3013/3053] Built LeanCert.Core.Dyadic (6.6s)
✔ [3014/3053] Built LeanCert.Tactic.Verification (8.1s)
✔ [3015/3053] Built LeanCert.Core.Taylor (12s)
✔ [3016/3054] Built LeanCert.Core.IntervalRat.Basic (13s)
✔ [3017/3054] Built LeanCert.Core.Support (4.8s)
✔ [3018/3054] Built LeanCert.Core.IntervalRat.LogReduction (7.4s)
✔ [3019/3054] Built LeanCert.Tactic.LeanCert.Bridge.Environment (3.7s)
✔ [3020/3054] Built LeanCert.Meta.Numeral (5.3s)
✔ [3021/3054] Built LeanCert.Engine.Eval.Result (3.5s)
✔ [3022/3054] Built LeanCert.Tactic.NumericalRefinement (693ms)
✔ [3023/3054] Built LeanCert.Core.TrigReduction (4.6s)
✔ [3024/3054] Built LeanCert.Tactic.IntervalAuto.Types (4.8s)
✔ [3025/3054] Built LeanCert.Core.IntervalRat.Transcendental (6.3s)
✔ [3026/3079] Built LeanCert.Tactic.IntervalAuto.Extract (5.0s)
✔ [3079/3147] Built LeanCert.Tactic.IntervalAuto.Norm (5.4s)
✔ [3080/3147] Built LeanCert.Meta.ToExpr (8.0s)
✔ [3081/3147] Built LeanCert.Tactic.LeanCert.Normalize (4.0s)
✔ [3082/3147] Built LeanCert.Tactic.IntervalAuto.Parse (6.5s)
✔ [3083/3147] Built LeanCert.Tactic.IntervalAuto.Diagnostic (2.5s)
✔ [3084/3147] Built LeanCert.Core.IntervalRat.Taylor (20s)
✔ [3085/3147] Built LeanCert.Core.IntervalReal (1.9s)
✔ [3086/3147] Built LeanCert.Core.IntervalRat.TrigReduced (2.4s)
✔ [3087/3147] Built LeanCert.Core.IntervalRealEndpoints (5.6s)
✔ [3088/3147] Built LeanCert.Engine.Affine.Basic (9.1s)
✔ [3089/3147] Built LeanCert.Core.IntervalDyadic (9.2s)
✔ [3090/3147] Built LeanCert.Engine.Eval.Core (8.5s)
✔ [3091/3147] Built LeanCert.Engine.Affine.Nonlinear (5.3s)
✔ [3092/3147] Built LeanCert.Engine.Eval.Extended (3.0s)
✔ [3093/3147] Built LeanCert.Engine.Bounds.Lemmas (2.1s)
✔ [3094/3147] Built LeanCert.Engine.IntervalEval (1.9s)
✔ [3095/3147] Built LeanCert.Validity.Bounds.Checked (3.3s)
✔ [3096/3147] Built LeanCert.Validity.Bounds.Core (3.7s)
✔ [3097/3147] Built LeanCert.Engine.Affine.Transcendental (5.6s)
✔ [3098/3147] Built LeanCert.Engine.IntervalEvalDyadic (8.8s)
✔ [3099/3147] Built LeanCert.Engine.Optimization.Box (5.1s)
✔ [3100/3147] Built LeanCert.Engine.RootFinding.Basic (7.2s)
✔ [3101/3147] Built LeanCert.Engine.AD.Basic (3.8s)
✔ [3102/3147] Built LeanCert.Engine.Integrate (9.4s)
✔ [3103/3147] Built LeanCert.Validity.DyadicBounds (5.9s)
✔ [3104/3147] Built LeanCert.Engine.IntervalEvalAffine (9.7s)
✔ [3105/3147] Built LeanCert.Engine.TaylorModel.Core (12s)
✔ [3106/3147] Built LeanCert.Engine.RootFinding.Bisection (7.7s)
✔ [3107/3147] Built LeanCert.Engine.AD.Transcendental (6.2s)
✔ [3108/3147] Built LeanCert.Engine.Affine.Environment (5.0s)
✔ [3109/3147] Built LeanCert.Engine.TaylorModel.Integral (4.8s)
✔ [3110/3147] Built LeanCert.Engine.TaylorModel.Special (3.5s)
✔ [3111/3147] Built LeanCert.Engine.AD.Eval (5.7s)
✔ [3112/3147] Built LeanCert.Engine.TaylorModel.ExpLog (13s)
✔ [3113/3147] Built LeanCert.Engine.AD.Correctness (7.6s)
✔ [3114/3147] Built LeanCert.Engine.TaylorModel.Trig (16s)
✔ [3115/3147] Built LeanCert.Engine.TaylorModel.Hyperbolic (18s)
✔ [3116/3147] Built LeanCert.Engine.AD.Computable (4.8s)
✔ [3117/3147] Built LeanCert.Engine.TaylorModel.Functions (3.0s)
✔ [3118/3147] Built LeanCert.Engine.AD.PartialCorrectness (6.7s)
✔ [3119/3147] Built LeanCert.Engine.AD.DomainChecked (3.5s)
✔ [3120/3147] Built LeanCert.Engine.TaylorModel.Expr (4.5s)
✔ [3121/3147] Built LeanCert.Engine.AD.Dyadic (4.3s)
✔ [3122/3147] Built LeanCert.Engine.TaylorModel (2.2s)
✔ [3123/3147] Built LeanCert.Engine.AD (1.9s)
✔ [3124/3147] Built LeanCert.Validity.Bounds.Smart (4.4s)
✔ [3125/3147] Built LeanCert.Meta.ProveSupported (5.2s)
✔ [3126/3147] Built LeanCert.Engine.IntervalEvalRefined (5.3s)
✔ [3127/3147] Built LeanCert.Engine.Optimize (7.9s)
✔ [3128/3147] Built LeanCert.Validity.Bounds.Bridge (4.5s)
✔ [3129/3147] Built LeanCert.Meta.ProveContinuous (6.2s)
✔ [3130/3147] Built LeanCert.Tactic.IntervalAuto.ProveCommon (7.8s)
✔ [3131/3147] Built LeanCert.Engine.RootFinding.Newton (6.5s)
✔ [3132/3147] Built LeanCert.Validity.Bounds.Basic (4.0s)
✔ [3133/3147] Built LeanCert.Engine.Optimization.Gradient (8.2s)
✔ [3134/3147] Built LeanCert.Tactic.IntervalAuto.Basic (4.4s)
✔ [3135/3147] Built LeanCert.Validity.Integration (8.6s)
✔ [3136/3147] Built LeanCert.Engine.RootFinding.MVTBounds (11s)
✔ [3137/3147] Built LeanCert.Engine.RootFinding.Krawczyk (11s)
✔ [3138/3147] Built LeanCert.Engine.RootFinding.Contraction (8.5s)
✔ [3139/3147] Built LeanCert.Engine.RootFinding.Main (2.0s)
✔ [3140/3147] Built LeanCert.Engine.Optimization.Global (24s)
✔ [3141/3147] Built LeanCert.Engine.Optimization.BoundVerify (2.8s)
✔ [3142/3147] Built LeanCert.Validity.Bounds (5.3s)
✔ [3143/3147] Built LeanCert.Tactic.IntervalAuto.Bound (14s)
✔ [3144/3147] Built LeanCert.Tactic.IntervalAuto.PointIneq (7.5s)
ℹ [3145/3147] Built NLA.MI06.Proof (10s)
info: NLA/MI06/Proof.lean:435:0: 'NLA.MI06.modulus_eq_sqrt_proved' depends on axioms: [propext, Classical.choice, Quot.sound]
info: NLA/MI06/Proof.lean:436:0: '_private.NLA.MI06.Proof.0.NLA.MI06.modulus_of_positive_square' depends on axioms: [propext,
 Classical.choice,
 Quot.sound]
info: NLA/MI06/Proof.lean:437:0: '_private.NLA.MI06.Proof.0.NLA.MI06.rankOne_posSemidef' depends on axioms: [propext, Classical.choice, Quot.sound]
info: NLA/MI06/Proof.lean:438:0: '_private.NLA.MI06.Proof.0.NLA.MI06.diagonal_table_posSemidef' depends on axioms: [propext,
 Classical.choice,
 Quot.sound]
info: NLA/MI06/Proof.lean:439:0: '_private.NLA.MI06.Proof.0.NLA.MI06.rightModulusA_posSemidef' depends on axioms: [propext, Classical.choice, Quot.sound]
info: NLA/MI06/Proof.lean:440:0: '_private.NLA.MI06.Proof.0.NLA.MI06.axialModulus_posSemidef' depends on axioms: [propext, Classical.choice, Quot.sound]
info: NLA/MI06/Proof.lean:441:0: '_private.NLA.MI06.Proof.0.NLA.MI06.leftModulusB_posSemidef' depends on axioms: [propext, Classical.choice, Quot.sound]
info: NLA/MI06/Proof.lean:442:0: '_private.NLA.MI06.Proof.0.NLA.MI06.rightModulusSum_posSemidef' depends on axioms: [propext,
 Classical.choice,
 Quot.sound]
info: NLA/MI06/Proof.lean:443:0: '_private.NLA.MI06.Proof.0.NLA.MI06.leftModulusSum_posSemidef' depends on axioms: [propext,
 Classical.choice,
 Quot.sound]
info: NLA/MI06/Proof.lean:444:0: '_private.NLA.MI06.Proof.0.NLA.MI06.missingA_posSemidef' depends on axioms: [propext, Classical.choice, Quot.sound]
info: NLA/MI06/Proof.lean:445:0: '_private.NLA.MI06.Proof.0.NLA.MI06.missingB_posSemidef' depends on axioms: [propext, Classical.choice, Quot.sound]
info: NLA/MI06/Proof.lean:446:0: '_private.NLA.MI06.Proof.0.NLA.MI06.modulus_witnessA' depends on axioms: [propext, Classical.choice, Quot.sound]
info: NLA/MI06/Proof.lean:447:0: '_private.NLA.MI06.Proof.0.NLA.MI06.modulus_witnessA_adjoint' depends on axioms: [propext, Classical.choice, Quot.sound]
info: NLA/MI06/Proof.lean:448:0: '_private.NLA.MI06.Proof.0.NLA.MI06.modulus_witnessB' depends on axioms: [propext, Classical.choice, Quot.sound]
info: NLA/MI06/Proof.lean:449:0: '_private.NLA.MI06.Proof.0.NLA.MI06.modulus_witnessB_adjoint' depends on axioms: [propext, Classical.choice, Quot.sound]
info: NLA/MI06/Proof.lean:450:0: '_private.NLA.MI06.Proof.0.NLA.MI06.modulus_sum' depends on axioms: [propext, Classical.choice, Quot.sound]
info: NLA/MI06/Proof.lean:451:0: '_private.NLA.MI06.Proof.0.NLA.MI06.modulus_sum_adjoint' depends on axioms: [propext, Classical.choice, Quot.sound]
info: NLA/MI06/Proof.lean:452:0: '_private.NLA.MI06.Proof.0.NLA.MI06.symmetricModulus_A' depends on axioms: [propext, Classical.choice, Quot.sound]
info: NLA/MI06/Proof.lean:453:0: '_private.NLA.MI06.Proof.0.NLA.MI06.symmetricModulus_B' depends on axioms: [propext, Classical.choice, Quot.sound]
info: NLA/MI06/Proof.lean:454:0: '_private.NLA.MI06.Proof.0.NLA.MI06.symmetricModulus_sum' depends on axioms: [propext, Classical.choice, Quot.sound]
info: NLA/MI06/Proof.lean:455:0: '_private.NLA.MI06.Proof.0.NLA.MI06.symmetricA_decomposition' depends on axioms: [propext, Classical.choice, Quot.sound]
info: NLA/MI06/Proof.lean:456:0: '_private.NLA.MI06.Proof.0.NLA.MI06.symmetricB_decomposition' depends on axioms: [propext, Classical.choice, Quot.sound]
info: NLA/MI06/Proof.lean:457:0: 'NLA.MI06.witness_moduli_proved' depends on axioms: [propext, Classical.choice, Quot.sound]
info: NLA/MI06/Proof.lean:458:0: '_private.NLA.MI06.Proof.0.NLA.MI06.squaredLength_pos' depends on axioms: [propext, Classical.choice, Quot.sound]
info: NLA/MI06/Proof.lean:459:0: 'NLA.MI06.two_vector_orthogonal_proved' depends on axioms: [propext, Classical.choice, Quot.sound]
info: NLA/MI06/Proof.lean:460:0: '_private.NLA.MI06.Proof.0.NLA.MI06.quadraticForm_add' depends on axioms: [propext, Classical.choice, Quot.sound]
info: NLA/MI06/Proof.lean:461:0: '_private.NLA.MI06.Proof.0.NLA.MI06.quadraticForm_sub' depends on axioms: [propext, Classical.choice, Quot.sound]
info: NLA/MI06/Proof.lean:462:0: '_private.NLA.MI06.Proof.0.NLA.MI06.quadraticForm_smul' depends on axioms: [propext, Classical.choice, Quot.sound]
info: NLA/MI06/Proof.lean:463:0: '_private.NLA.MI06.Proof.0.NLA.MI06.quadraticForm_one' depends on axioms: [propext, Classical.choice, Quot.sound]
info: NLA/MI06/Proof.lean:464:0: '_private.NLA.MI06.Proof.0.NLA.MI06.quadraticForm_rankOne_zero' depends on axioms: [propext,
 Classical.choice,
 Quot.sound]
info: NLA/MI06/Proof.lean:465:0: '_private.NLA.MI06.Proof.0.NLA.MI06.quadraticForm_nonneg' depends on axioms: [propext, Classical.choice, Quot.sound]
info: NLA/MI06/Proof.lean:466:0: '_private.NLA.MI06.Proof.0.NLA.MI06.quadraticForm_mono' depends on axioms: [propext, Classical.choice, Quot.sound]
info: NLA/MI06/Proof.lean:467:0: '_private.NLA.MI06.Proof.0.NLA.MI06.unitaryConjugate_add' depends on axioms: [propext, Classical.choice, Quot.sound]
info: NLA/MI06/Proof.lean:468:0: '_private.NLA.MI06.Proof.0.NLA.MI06.unitaryConjugate_sub' depends on axioms: [propext, Classical.choice, Quot.sound]
info: NLA/MI06/Proof.lean:469:0: '_private.NLA.MI06.Proof.0.NLA.MI06.unitaryConjugate_smul' depends on axioms: [propext, Classical.choice, Quot.sound]
info: NLA/MI06/Proof.lean:470:0: '_private.NLA.MI06.Proof.0.NLA.MI06.unitaryConjugate_one' depends on axioms: [propext, Classical.choice, Quot.sound]
info: NLA/MI06/Proof.lean:471:0: '_private.NLA.MI06.Proof.0.NLA.MI06.unitaryConjugate_rankOne' depends on axioms: [propext, Classical.choice, Quot.sound]
info: NLA/MI06/Proof.lean:472:0: '_private.NLA.MI06.Proof.0.NLA.MI06.unitaryConjugate_posSemidef' depends on axioms: [propext,
 Classical.choice,
 Quot.sound]
info: NLA/MI06/Proof.lean:473:0: '_private.NLA.MI06.Proof.0.NLA.MI06.upper_bound_of_decomposition' depends on axioms: [propext,
 Classical.choice,
 Quot.sound]
info: NLA/MI06/Proof.lean:474:0: '_private.NLA.MI06.Proof.0.NLA.MI06.symmetricSum_lower_bound' depends on axioms: [propext, Classical.choice, Quot.sound]
info: NLA/MI06/Proof.lean:475:0: 'NLA.MI06.witness_quadratic_bounds_proved' depends on axioms: [propext, Classical.choice, Quot.sound]
info: NLA/MI06/Proof.lean:476:0: '_private.NLA.MI06.Proof.0.NLA.MI06.scalar_squared_gap' depends on axioms: [propext, Classical.choice, Quot.sound]
info: NLA/MI06/Proof.lean:477:0: '_private.NLA.MI06.Proof.0.NLA.MI06.sqrt_two_lt_three_halves' depends on axioms: [propext, Classical.choice, Quot.sound]
info: NLA/MI06/Proof.lean:478:0: '_private.NLA.MI06.Proof.0.NLA.MI06.scalar_coefficient_gap' depends on axioms: [propext, Classical.choice, Quot.sound]
info: NLA/MI06/Proof.lean:479:0: 'NLA.MI06.counterexample_proved' depends on axioms: [propext, Classical.choice, Quot.sound]
info: NLA/MI06/Proof.lean:480:0: 'NLA.MI06.not_dominationConjecture_proved' depends on axioms: [propext, Classical.choice, Quot.sound]
ℹ [3146/3147] Built Solution (2.6s)
info: Solution.lean:81:0: 'NLA.MI06.modulus_eq_sqrt' depends on axioms: [propext, Classical.choice, Quot.sound]
info: Solution.lean:82:0: 'NLA.MI06.witness_moduli' depends on axioms: [propext, Classical.choice, Quot.sound]
info: Solution.lean:83:0: 'NLA.MI06.two_vector_orthogonal' depends on axioms: [propext, Classical.choice, Quot.sound]
info: Solution.lean:84:0: 'NLA.MI06.witness_quadratic_bounds' depends on axioms: [propext, Classical.choice, Quot.sound]
info: Solution.lean:85:0: 'NLA.MI06.counterexample' depends on axioms: [propext, Classical.choice, Quot.sound]
info: Solution.lean:86:0: 'NLA.MI06.not_dominationConjecture' depends on axioms: [propext, Classical.choice, Quot.sound]
Build completed successfully (3147 jobs).
Exporting #[Quot, Quot.mk, Quot.lift, Quot.ind, NLA.MI06.modulus_eq_sqrt, NLA.MI06.witness_moduli, NLA.MI06.two_vector_orthogonal, NLA.MI06.witness_quadratic_bounds, NLA.MI06.counterexample, NLA.MI06.not_dominationConjecture, propext, Classical.choice, Quot.sound, Nat.add, Nat.sub, Nat.mul, Nat.pow, Nat.gcd, Nat.div, Nat.mod, Nat.beq, Nat.ble, Nat.land, Nat.lor, Nat.xor, Nat.shiftLeft, Nat.shiftRight, String.ofList, Char.ofNat, List, eagerReduce, Nat, String, String.mk, Char, optParam, autoParam, semiOutParam, outParam] from Solution
Running Lean default kernel on solution.
Lean default kernel accepts the solution
Your solution is okay!

EXIT_STATUS=0
