/private/tmp/nla-lean-ra09-worktree/randomized-and-low-rank-approximation/RA-09/lean/NLA/RA09/Spectral.lean:93:2: error: Type mismatch
  congrArg (fun M => M i i) he
has type
  diagonal v i i = diagonal w i i
but is expected to have type
  v i = w i
/private/tmp/nla-lean-ra09-worktree/randomized-and-low-rank-approximation/RA-09/lean/NLA/RA09/Spectral.lean:132:8: error: Tactic `rewrite` failed: motive is not type correct:
  fun _a => truncation d k ≤ _a
Error: Application type mismatch: The argument
  d
has type
  OrderedSpectralData A
but is expected to have type
  OrderedSpectralData _a
in the application
  truncation d

Explanation: The rewrite tactic rewrites an expression 'e' using an equality 'a = b' by the following process. First, it looks for all 'a' in 'e'. Second, it tries to abstract these occurrences of 'a' to create a function 'm := fun _a => ...', called the *motive*, with the property that 'm a' is definitionally equal to 'e'. Third, we observe that 'congrArg' implies that 'm a = m b', which can be used with lemmas such as 'Eq.mpr' to change the goal. However, if 'e' depends on specific properties of 'a', then the motive 'm' might not typecheck.

Possible solutions: use rewrite's 'occs' configuration option to limit which occurrences are rewritten, or use 'simp' or 'conv' mode, which have strategies for certain kinds of dependencies (these tactics can handle proofs and 'Decidable' instances whose types depend on the rewritten term, and 'simp' can apply user-defined '@[congr]' theorems as well).

case refine_2
n : ℕ
A : RealMatrix n
d : OrderedSpectralData A
k : ℕ
_hk : k ≤ n
f : ℝ → ℝ
hA : A = spectralCombination d d.eigenvalues
⊢ truncation d k ≤ A
/private/tmp/nla-lean-ra09-worktree/randomized-and-low-rank-approximation/RA-09/lean/NLA/RA09/Spectral.lean:150:10: error: Tactic `rewrite` failed: motive is not type correct:
  fun _a => truncation d k = _a
Error: Application type mismatch: The argument
  d
has type
  OrderedSpectralData A
but is expected to have type
  OrderedSpectralData _a
in the application
  truncation d

Explanation: The rewrite tactic rewrites an expression 'e' using an equality 'a = b' by the following process. First, it looks for all 'a' in 'e'. Second, it tries to abstract these occurrences of 'a' to create a function 'm := fun _a => ...', called the *motive*, with the property that 'm a' is definitionally equal to 'e'. Third, we observe that 'congrArg' implies that 'm a = m b', which can be used with lemmas such as 'Eq.mpr' to change the goal. However, if 'e' depends on specific properties of 'a', then the motive 'm' might not typecheck.

Possible solutions: use rewrite's 'occs' configuration option to limit which occurrences are rewritten, or use 'simp' or 'conv' mode, which have strategies for certain kinds of dependencies (these tactics can handle proofs and 'Decidable' instances whose types depend on the rewritten term, and 'simp' can apply user-defined '@[congr]' theorems as well).

case refine_5.mpr
n : ℕ
A : RealMatrix n
d : OrderedSpectralData A
k : ℕ
_hk : k ≤ n
f : ℝ → ℝ
hA : A = spectralCombination d d.eigenvalues
h : ∀ (i : Fin n), k ≤ ↑i → d.eigenvalues i = 0
⊢ truncation d k = A
/private/tmp/nla-lean-ra09-worktree/randomized-and-low-rank-approximation/RA-09/lean/NLA/RA09/Spectral.lean:158:21: error: #assert_trust: 'NLA.RA09.truncation_semantics_proved' depends on sorry or unrecognized axioms
  foundational: propext, Classical.choice, Quot.sound
  sorryAx: sorryAx
'NLA.RA09.orderedSpectral_semantics_proved' depends on axioms: [propext, Classical.choice, Quot.sound]
'NLA.RA09.truncation_semantics_proved' depends on axioms: [propext, sorryAx, Classical.choice, Quot.sound]
