{
  "AA-01": "arithmetic-and-complexity/AA-01/README.md",
  "AC-01": "arithmetic-and-complexity/AC-01/README.md",
  "AC-02": "arithmetic-and-complexity/AC-02/README.md",
  "AC-03": "arithmetic-and-complexity/AC-03/README.md",
  "AC-04": "arithmetic-and-complexity/AC-04/README.md",
  "AC-05": "arithmetic-and-complexity/AC-05/README.md",
  "AC-06": "arithmetic-and-complexity/AC-06/README.md",
  "AC-07": "arithmetic-and-complexity/AC-07/README.md",
  "AC-08": "arithmetic-and-complexity/AC-08/README.md",
  "AC-09": "arithmetic-and-complexity/AC-09/README.md",
  "AC-10": "arithmetic-and-complexity/AC-10/README.md",
  "AC-11": "arithmetic-and-complexity/AC-11/README.md",
  "AC-12": "arithmetic-and-complexity/AC-12/README.md",
  "AC-13": "arithmetic-and-complexity/AC-13/README.md",
  "AV-01": "intervals-and-absolute-value-equations/AV-01/README.md",
  "AV-02": "intervals-and-absolute-value-equations/AV-02/README.md",
  "AV-03": "intervals-and-absolute-value-equations/AV-03/README.md",
  "FR-01": "frames-and-matrix-designs/FR-01/README.md",
  "FR-02": "frames-and-matrix-designs/FR-02/README.md",
  "FR-03": "frames-and-matrix-designs/FR-03/README.md",
  "FR-04": "frames-and-matrix-designs/FR-04/README.md",
  "FR-05": "frames-and-matrix-designs/FR-05/README.md",
  "FR-06": "frames-and-matrix-designs/FR-06/README.md",
  "FR-07": "frames-and-matrix-designs/FR-07/README.md",
  "FR-08": "frames-and-matrix-designs/FR-08/README.md",
  "FR-09": "frames-and-matrix-designs/FR-09/README.md",
  "FR-10": "frames-and-matrix-designs/FR-10/README.md",
  "FR-11": "frames-and-matrix-designs/FR-11/README.md",
  "IE-01": "linear-systems-and-elimination/IE-01/README.md",
  "IE-02": "linear-systems-and-elimination/IE-02/README.md",
  "IE-03": "linear-systems-and-elimination/IE-03/README.md",
  "IE-04": "linear-systems-and-elimination/IE-04/README.md",
  "IE-05": "linear-systems-and-elimination/IE-05/README.md",
  "IE-06": "linear-systems-and-elimination/IE-06/README.md",
  "IE-07": "eigenvalues-and-inverse-problems/IE-07/README.md",
  "IE-08": "eigenvalues-and-inverse-problems/IE-08/README.md",
  "IE-10": "eigenvalues-and-inverse-problems/IE-10/README.md",
  "IE-11": "linear-systems-and-elimination/IE-11/README.md",
  "IE-12": "linear-systems-and-elimination/IE-12/README.md",
  "IE-13": "linear-systems-and-elimination/IE-13/README.md",
  "IE-14": "linear-systems-and-elimination/IE-14/README.md",
  "IE-15": "linear-systems-and-elimination/IE-15/README.md",
  "IE-16": "linear-systems-and-elimination/IE-16/README.md",
  "IE-17": "linear-systems-and-elimination/IE-17/README.md",
  "IE-18": "linear-systems-and-elimination/IE-18/README.md",
  "IE-19": "linear-systems-and-elimination/IE-19/README.md",
  "IE-20": "linear-systems-and-elimination/IE-20/README.md",
  "IE-21": "linear-systems-and-elimination/IE-21/README.md",
  "IE-22": "linear-systems-and-elimination/IE-22/README.md",
  "IE-23": "linear-systems-and-elimination/IE-23/README.md",
  "IE-24": "linear-systems-and-elimination/IE-24/README.md",
  "IE-25": "linear-systems-and-elimination/IE-25/README.md",
  "IS-01": "eigenvalues-and-inverse-problems/IS-01/README.md",
  "IS-02": "eigenvalues-and-inverse-problems/IS-02/README.md",
  "IS-03": "eigenvalues-and-inverse-problems/IS-03/README.md",
  "IS-04": "eigenvalues-and-inverse-problems/IS-04/README.md",
  "IS-05": "eigenvalues-and-inverse-problems/IS-05/README.md",
  "IV-01": "intervals-and-absolute-value-equations/IV-01/README.md",
  "IV-02": "intervals-and-absolute-value-equations/IV-02/README.md",
  "IV-03": "intervals-and-absolute-value-equations/IV-03/README.md",
  "IV-04": "intervals-and-absolute-value-equations/IV-04/README.md",
  "IV-05": "intervals-and-absolute-value-equations/IV-05/README.md",
  "IV-06": "intervals-and-absolute-value-equations/IV-06/README.md",
  "KE-01": "linear-systems-and-elimination/KE-01/README.md",
  "KE-02": "eigenvalues-and-inverse-problems/KE-02/README.md",
  "KE-03": "eigenvalues-and-inverse-problems/KE-03/README.md",
  "KE-04": "eigenvalues-and-inverse-problems/KE-04/README.md",
  "KE-05": "randomized-and-low-rank-approximation/KE-05/README.md",
  "MD-01": "matrix-discrepancy-and-optimization/MD-01/README.md",
  "MD-02": "matrix-discrepancy-and-optimization/MD-02/README.md",
  "MD-03": "matrix-discrepancy-and-optimization/MD-03/README.md",
  "MD-04": "matrix-discrepancy-and-optimization/MD-04/README.md",
  "MD-05": "matrix-discrepancy-and-optimization/MD-05/README.md",
  "MD-06": "matrix-discrepancy-and-optimization/MD-06/README.md",
  "MF-01": "matrix-functions-and-stability/MF-01/README.md",
  "MF-02": "matrix-functions-and-stability/MF-02/README.md",
  "MF-03": "matrix-functions-and-stability/MF-03/README.md",
  "MF-04": "matrix-functions-and-stability/MF-04/README.md",
  "MF-05": "matrix-functions-and-stability/MF-05/README.md",
  "MF-06": "matrix-functions-and-stability/MF-06/README.md",
  "MF-07": "matrix-functions-and-stability/MF-07/README.md",
  "MF-08": "matrix-functions-and-stability/MF-08/README.md",
  "MF-09": "matrix-functions-and-stability/MF-09/README.md",
  "MF-10": "matrix-functions-and-stability/MF-10/README.md",
  "MF-11": "matrix-functions-and-stability/MF-11/README.md",
  "MF-12": "matrix-functions-and-stability/MF-12/README.md",
  "MF-13": "matrix-functions-and-stability/MF-13/README.md",
  "MF-14": "matrix-functions-and-stability/MF-14/README.md",
  "MF-15": "matrix-functions-and-stability/MF-15/README.md",
  "MF-16": "matrix-functions-and-stability/MF-16/README.md",
  "MF-17": "matrix-functions-and-stability/MF-17/README.md",
  "MF-18": "matrix-functions-and-stability/MF-18/README.md",
  "MF-19": "matrix-functions-and-stability/MF-19/README.md",
  "MF-20": "matrix-functions-and-stability/MF-20/README.md",
  "MF-21": "matrix-functions-and-stability/MF-21/README.md",
  "MF-22": "matrix-functions-and-stability/MF-22/README.md",
  "MI-01": "matrix-inequalities-and-norms/MI-01/README.md",
  "MI-02": "matrix-inequalities-and-norms/MI-02/README.md",
  "MI-03": "matrix-inequalities-and-norms/MI-03/README.md",
  "MI-04": "matrix-inequalities-and-norms/MI-04/README.md",
  "MI-05": "matrix-inequalities-and-norms/MI-05/README.md",
  "MI-06": "matrix-inequalities-and-norms/MI-06/README.md",
  "MI-07": "matrix-inequalities-and-norms/MI-07/README.md",
  "MI-08": "matrix-inequalities-and-norms/MI-08/README.md",
  "MI-09": "matrix-inequalities-and-norms/MI-09/README.md",
  "MI-10": "matrix-inequalities-and-norms/MI-10/README.md",
  "MI-11": "matrix-inequalities-and-norms/MI-11/README.md",
  "MI-12": "matrix-inequalities-and-norms/MI-12/README.md",
  "MI-13": "matrix-inequalities-and-norms/MI-13/README.md",
  "MI-14": "matrix-inequalities-and-norms/MI-14/README.md",
  "MI-15": "matrix-inequalities-and-norms/MI-15/README.md",
  "MI-16": "matrix-inequalities-and-norms/MI-16/README.md",
  "MI-17": "matrix-inequalities-and-norms/MI-17/README.md",
  "MI-18": "matrix-inequalities-and-norms/MI-18/README.md",
  "MI-19": "matrix-inequalities-and-norms/MI-19/README.md",
  "MI-20": "matrix-inequalities-and-norms/MI-20/README.md",
  "MI-21": "matrix-inequalities-and-norms/MI-21/README.md",
  "MI-22": "matrix-inequalities-and-norms/MI-22/README.md",
  "MI-23": "matrix-inequalities-and-norms/MI-23/README.md",
  "MI-24": "matrix-inequalities-and-norms/MI-24/README.md",
  "MI-25": "matrix-inequalities-and-norms/MI-25/README.md",
  "MI-26": "matrix-inequalities-and-norms/MI-26/README.md",
  "MI-27": "matrix-inequalities-and-norms/MI-27/README.md",
  "MI-28": "matrix-inequalities-and-norms/MI-28/README.md",
  "MI-29": "matrix-inequalities-and-norms/MI-29/README.md",
  "NM-01": "nonnegative-and-positive-factorizations/NM-01/README.md",
  "NM-03": "nonnegative-and-positive-factorizations/NM-03/README.md",
  "NM-04": "nonnegative-and-positive-factorizations/NM-04/README.md",
  "NR-01": "nonnegative-and-positive-factorizations/NR-01/README.md",
  "NR-02": "nonnegative-and-positive-factorizations/NR-02/README.md",
  "NR-03": "nonnegative-and-positive-factorizations/NR-03/README.md",
  "NR-04": "nonnegative-and-positive-factorizations/NR-04/README.md",
  "PF-01": "nonnegative-and-positive-factorizations/PF-01/README.md",
  "PF-02": "nonnegative-and-positive-factorizations/PF-02/README.md",
  "PF-03": "nonnegative-and-positive-factorizations/PF-03/README.md",
  "PF-04": "nonnegative-and-positive-factorizations/PF-04/README.md",
  "PF-05": "nonnegative-and-positive-factorizations/PF-05/README.md",
  "RA-01": "randomized-and-low-rank-approximation/RA-01/README.md",
  "RA-02": "randomized-and-low-rank-approximation/RA-02/README.md",
  "RA-03": "randomized-and-low-rank-approximation/RA-03/README.md",
  "RA-04": "randomized-and-low-rank-approximation/RA-04/README.md",
  "RA-05": "randomized-and-low-rank-approximation/RA-05/README.md",
  "RA-06": "randomized-and-low-rank-approximation/RA-06/README.md",
  "RA-07": "randomized-and-low-rank-approximation/RA-07/README.md",
  "RA-08": "randomized-and-low-rank-approximation/RA-08/README.md",
  "RA-09": "randomized-and-low-rank-approximation/RA-09/README.md",
  "RA-10": "randomized-and-low-rank-approximation/RA-10/README.md",
  "RA-11": "randomized-and-low-rank-approximation/RA-11/README.md",
  "RA-12": "randomized-and-low-rank-approximation/RA-12/README.md",
  "RA-13": "randomized-and-low-rank-approximation/RA-13/README.md",
  "RA-14": "randomized-and-low-rank-approximation/RA-14/README.md",
  "RA-15": "randomized-and-low-rank-approximation/RA-15/README.md",
  "RA-16": "randomized-and-low-rank-approximation/RA-16/README.md",
  "RA-17": "randomized-and-low-rank-approximation/RA-17/README.md",
  "RA-18": "randomized-and-low-rank-approximation/RA-18/README.md",
  "RE-01": "randomized-and-low-rank-approximation/RE-01/README.md",
  "RE-02": "randomized-and-low-rank-approximation/RE-02/README.md",
  "RE-03": "randomized-and-low-rank-approximation/RE-03/README.md",
  "RE-05": "randomized-and-low-rank-approximation/RE-05/README.md",
  "RE-06": "randomized-and-low-rank-approximation/RE-06/README.md",
  "SF-01": "matrix-functions-and-stability/SF-01/README.md",
  "SP-01": "eigenvalues-and-inverse-problems/SP-01/README.md",
  "SP-02": "eigenvalues-and-inverse-problems/SP-02/README.md",
  "SP-03": "eigenvalues-and-inverse-problems/SP-03/README.md",
  "SP-04": "eigenvalues-and-inverse-problems/SP-04/README.md",
  "SP-05": "eigenvalues-and-inverse-problems/SP-05/README.md",
  "SP-06": "eigenvalues-and-inverse-problems/SP-06/README.md",
  "SP-07": "eigenvalues-and-inverse-problems/SP-07/README.md",
  "SP-08": "eigenvalues-and-inverse-problems/SP-08/README.md",
  "SP-09": "eigenvalues-and-inverse-problems/SP-09/README.md",
  "SP-10": "eigenvalues-and-inverse-problems/SP-10/README.md",
  "SP-11": "eigenvalues-and-inverse-problems/SP-11/README.md",
  "SP-12": "eigenvalues-and-inverse-problems/SP-12/README.md",
  "TR-01": "randomized-and-low-rank-approximation/TR-01/README.md",
  "TR-03": "randomized-and-low-rank-approximation/TR-03/README.md",
  "TR-04": "tensor-computations/TR-04/README.md",
  "TR-05": "tensor-computations/TR-05/README.md",
  "TR-06": "tensor-computations/TR-06/README.md",
  "TR-07": "randomized-and-low-rank-approximation/TR-07/README.md",
  "TR-08": "randomized-and-low-rank-approximation/TR-08/README.md",
  "TR-09": "tensor-computations/TR-09/README.md",
  "TR-10": "tensor-computations/TR-10/README.md",
  "TR-11": "tensor-computations/TR-11/README.md",
  "TR-12": "tensor-computations/TR-12/README.md",
  "TR-13": "tensor-computations/TR-13/README.md",
  "TR-14": "tensor-computations/TR-14/README.md",
  "TR-15": "tensor-computations/TR-15/README.md",
  "TR-16": "tensor-computations/TR-16/README.md",
  "TR-17": "tensor-computations/TR-17/README.md",
  "TR-18": "tensor-computations/TR-18/README.md",
  "TR-19": "tensor-computations/TR-19/README.md",
  "TR-20": "tensor-computations/TR-20/README.md",
  "TR-21": "tensor-computations/TR-21/README.md",
  "TR-22": "tensor-computations/TR-22/README.md",
  "TR-23": "tensor-computations/TR-23/README.md",
  "TR-24": "tensor-computations/TR-24/README.md",
  "TR-25": "tensor-computations/TR-25/README.md",
  "TR-26": "tensor-computations/TR-26/README.md",
  "TR-27": "tensor-computations/TR-27/README.md",
  "TR-28": "tensor-computations/TR-28/README.md",
  "TR-29": "tensor-computations/TR-29/README.md",
  "TR-30": "tensor-computations/TR-30/README.md",
  "TR-31": "tensor-computations/TR-31/README.md",
  "FR-12": "frames-and-matrix-designs/FR-12/README.md",
  "IE-26": "linear-systems-and-elimination/IE-26/README.md",
  "IE-27": "linear-systems-and-elimination/IE-27/README.md",
  "IE-28": "linear-systems-and-elimination/IE-28/README.md",
  "MF-23": "matrix-functions-and-stability/MF-23/README.md",
  "MF-24": "matrix-functions-and-stability/MF-24/README.md",
  "MI-30": "matrix-inequalities-and-norms/MI-30/README.md",
  "MI-31": "matrix-inequalities-and-norms/MI-31/README.md",
  "MI-32": "matrix-inequalities-and-norms/MI-32/README.md",
  "RA-19": "randomized-and-low-rank-approximation/RA-19/README.md",
  "RA-20": "randomized-and-low-rank-approximation/RA-20/README.md",
  "SP-13": "eigenvalues-and-inverse-problems/SP-13/README.md",
  "SP-14": "eigenvalues-and-inverse-problems/SP-14/README.md",
  "SP-15": "eigenvalues-and-inverse-problems/SP-15/README.md"
}
