$ systemd-run --user --quiet --wait --pipe --collect -p 'RestrictAddressFamilies=~AF_UNIX' --working-directory /home/runner/work/_temp/nla-lean-tools/.verification-tmp/nla-fresh-proof-a438n3ee/project /usr/bin/env -i PATH=/home/runner/.elan/toolchains/leanprover--lean4---v4.33.1/bin:/home/runner/.elan/bin:/home/runner/go/bin:/opt/hostedtoolcache/go/1.27.1/x64/bin:/snap/bin:/home/runner/.local/bin:/opt/pipx_bin:/home/runner/.cargo/bin:/home/runner/.config/composer/vendor/bin:/usr/local/.ghcup/bin:/home/runner/.dotnet/tools:/usr/local/sbin:/usr/local/bin:/usr/sbin:/usr/bin:/sbin:/bin:/usr/games:/usr/local/games:/snap/bin HOME=/home/runner LANG=C.UTF-8 XDG_RUNTIME_DIR=/run/user/1001 DBUS_SESSION_BUS_ADDRESS=unix:path=/run/user/1001/bus GIT_TERMINAL_PROMPT=0 GIT_CONFIG_NOSYSTEM=1 GIT_CONFIG_GLOBAL=/dev/null COMPARATOR_BIN=/home/runner/work/_temp/nla-lean-tools/.tools/comparator/.lake/build/bin/comparator COMPARATOR_LEAN4EXPORT=/home/runner/work/_temp/nla-lean-tools/.tools/lean4export/.lake/build/bin/lean4export COMPARATOR_LANDRUN=/home/runner/work/_temp/nla-lean-tools/scripts/strict_landrun.py XDG_CACHE_HOME=/home/runner/work/_temp/nla-lean-tools/.tools/cache TMPDIR=/home/runner/work/_temp/nla-lean-tools/.verification-tmp lake env /home/runner/work/_temp/nla-lean-tools/.tools/comparator/.lake/build/bin/comparator comparator.json
Building Challenge
✔ [2709/2711] Built NLA.IE17.Definitions (2.4s)
⚠ [2710/2711] Built Challenge (2.1s)
warning: Challenge.lean:7:8: declaration uses `sorry`
warning: Challenge.lean:13:8: declaration uses `sorry`
warning: Challenge.lean:20:8: declaration uses `sorry`
warning: Challenge.lean:28:8: declaration uses `sorry`
Build completed successfully (2711 jobs).
Exporting #[Quot, Quot.mk, Quot.lift, Quot.ind, NLA.IE17.iterates, NLA.IE17.backward_increase, NLA.IE17.approximation_increase, NLA.IE17.counterexample, propext, Classical.choice, Quot.sound, Nat.add, Nat.sub, Nat.mul, Nat.pow, Nat.gcd, Nat.div, Nat.mod, Nat.beq, Nat.ble, Nat.land, Nat.lor, Nat.xor, Nat.shiftLeft, Nat.shiftRight, String.ofList, Char.ofNat, List, eagerReduce, Nat, String, String.mk, Char, optParam, autoParam, semiOutParam, outParam] from Challenge
Building Solution
✔ [3537/3559] Built LeanCert.Tactic.Verification (5.2s)
✔ [3538/3559] Built LeanCert.Core.DerivativeIntervals (4.9s)
✔ [3540/3562] Built LeanCert.Core.Interval (5.1s)
✔ [3541/3566] Built LeanCert.Core.Expr (7.8s)
✔ [3542/3566] Built LeanCert.Core.Taylor (14s)
✔ [3543/3566] Built LeanCert.Core.IntervalRat.LogReduction (12s)
✔ [3544/3567] Built LeanCert.Core.IntervalRat.Basic (15s)
✔ [3545/3567] Built NLA.IE17.Certificates (17s)
✔ [3546/3567] Built LeanCert.Core.Support (4.1s)
✔ [3547/3567] Built LeanCert.Engine.Eval.Result (3.9s)
✔ [3548/3567] Built LeanCert.Meta.Numeral (4.7s)
✔ [3549/3568] Built LeanCert.Core.TrigReduction (4.0s)
✔ [3550/3569] Built LeanCert.Tactic.IntervalAuto.Types (6.6s)
✔ [3551/3569] Built LeanCert.Core.IntervalRat.Transcendental (7.5s)
✔ [3552/3570] Built LeanCert.Tactic.IntervalAuto.Extract (8.9s)
✔ [3553/3575] Built NLA.IE17.Proof (17s)
✔ [3555/3575] Built LeanCert.Meta.ToExpr (12s)
✔ [3556/3581] Built LeanCert.Tactic.IntervalAuto.Norm (6.2s)
✔ [3557/3585] Built LeanCert.Contrib.Sinc (6.4s)
✔ [3558/3586] Built LeanCert.Core.Dyadic (6.1s)
✔ [3559/3586] Built LeanCert.Tactic.IntervalAuto.Parse (8.7s)
✔ [3560/3632] Built LeanCert.Tactic.NumericalRefinement (807ms)
✔ [3611/3677] Built LeanCert.Tactic.LeanCert.Bridge.Environment (3.8s)
✔ [3612/3677] Built LeanCert.Core.IntervalRat.Taylor (30s)
✔ [3613/3677] Built LeanCert.Tactic.IntervalAuto.Diagnostic (3.8s)
✔ [3614/3677] Built LeanCert.Core.IntervalReal (2.8s)
✔ [3615/3677] Built LeanCert.Core.IntervalRat.TrigReduced (3.8s)
✔ [3616/3677] Built LeanCert.Tactic.LeanCert.Normalize (4.2s)
✔ [3617/3677] Built LeanCert.Core.IntervalRealEndpoints (6.9s)
✔ [3618/3677] Built LeanCert.Engine.Affine.Basic (8.8s)
✔ [3619/3677] Built LeanCert.Core.IntervalDyadic (10s)
✔ [3620/3677] Built LeanCert.Engine.Affine.Nonlinear (5.6s)
✔ [3621/3677] Built LeanCert.Engine.Eval.Core (7.4s)
✔ [3622/3677] Built LeanCert.Engine.Eval.Extended (3.1s)
✔ [3623/3677] Built LeanCert.Engine.Bounds.Lemmas (2.2s)
✔ [3624/3677] Built LeanCert.Engine.IntervalEval (1.9s)
✔ [3625/3677] Built LeanCert.Validity.Bounds.Core (3.9s)
✔ [3626/3677] Built LeanCert.Engine.Affine.Transcendental (5.9s)
✔ [3627/3677] Built LeanCert.Engine.RootFinding.Basic (6.4s)
✔ [3628/3677] Built LeanCert.Validity.Bounds.Checked (4.5s)
✔ [3629/3677] Built LeanCert.Engine.IntervalEvalDyadic (8.6s)
✔ [3630/3677] Built LeanCert.Engine.Optimization.Box (4.1s)
✔ [3631/3677] Built LeanCert.Engine.AD.Basic (3.8s)
✔ [3632/3677] Built LeanCert.Engine.Integrate (8.7s)
✔ [3633/3677] Built LeanCert.Engine.IntervalEvalAffine (9.7s)
✔ [3634/3677] Built LeanCert.Engine.TaylorModel.Core (12s)
✔ [3635/3677] Built LeanCert.Validity.DyadicBounds (5.5s)
✔ [3636/3677] Built LeanCert.Engine.RootFinding.Bisection (8.5s)
✔ [3637/3677] Built LeanCert.Engine.TaylorModel.Special (3.8s)
✔ [3638/3677] Built LeanCert.Engine.TaylorModel.Integral (4.6s)
✔ [3639/3677] Built LeanCert.Engine.Affine.Environment (4.9s)
✔ [3640/3677] Built LeanCert.Engine.AD.Transcendental (6.0s)
✔ [3641/3677] Built LeanCert.Engine.AD.Eval (4.3s)
✔ [3642/3677] Built LeanCert.Engine.TaylorModel.ExpLog (11s)
✔ [3643/3677] Built LeanCert.Engine.AD.Correctness (8.6s)
✔ [3644/3677] Built LeanCert.Engine.TaylorModel.Trig (15s)
✔ [3645/3677] Built LeanCert.Engine.TaylorModel.Hyperbolic (17s)
✔ [3646/3677] Built LeanCert.Engine.AD.Computable (5.1s)
✔ [3647/3677] Built LeanCert.Engine.AD.PartialCorrectness (6.7s)
✔ [3648/3677] Built LeanCert.Engine.TaylorModel.Functions (2.9s)
✔ [3649/3677] Built LeanCert.Engine.AD.DomainChecked (3.3s)
✔ [3650/3677] Built LeanCert.Engine.TaylorModel.Expr (4.2s)
✔ [3651/3677] Built LeanCert.Engine.AD.Dyadic (4.1s)
✔ [3652/3677] Built LeanCert.Engine.TaylorModel (2.2s)
✔ [3653/3677] Built LeanCert.Engine.AD (1.8s)
✔ [3654/3677] Built LeanCert.Validity.Bounds.Smart (4.2s)
✔ [3655/3677] Built LeanCert.Meta.ProveSupported (4.6s)
✔ [3656/3677] Built LeanCert.Engine.IntervalEvalRefined (5.3s)
✔ [3657/3677] Built LeanCert.Engine.Optimize (7.8s)
✔ [3658/3677] Built LeanCert.Validity.Bounds.Bridge (3.9s)
✔ [3659/3677] Built LeanCert.Meta.ProveContinuous (6.1s)
✔ [3660/3677] Built LeanCert.Tactic.IntervalAuto.ProveCommon (7.4s)
✔ [3661/3677] Built LeanCert.Validity.Bounds.Basic (3.6s)
✔ [3662/3677] Built LeanCert.Engine.RootFinding.Newton (6.7s)
✔ [3663/3677] Built LeanCert.Engine.Optimization.Gradient (7.6s)
✔ [3664/3677] Built LeanCert.Tactic.IntervalAuto.Basic (4.2s)
✔ [3665/3677] Built LeanCert.Validity.Integration (8.6s)
✔ [3666/3677] Built LeanCert.Engine.RootFinding.MVTBounds (11s)
✔ [3667/3677] Built LeanCert.Engine.RootFinding.Krawczyk (11s)
✔ [3668/3677] Built LeanCert.Engine.RootFinding.Contraction (7.8s)
✔ [3669/3677] Built LeanCert.Engine.RootFinding.Main (2.2s)
✔ [3670/3677] Built LeanCert.Engine.Optimization.Global (23s)
✔ [3671/3677] Built LeanCert.Engine.Optimization.BoundVerify (2.8s)
✔ [3672/3677] Built LeanCert.Validity.Bounds (5.2s)
✔ [3673/3677] Built LeanCert.Tactic.IntervalAuto.Bound (13s)
✔ [3674/3677] Built LeanCert.Tactic.IntervalAuto.PointIneq (7.4s)
⚠ [3675/3677] Built NLA.IE17.Approximation (5.1s)
warning: NLA/IE17/Approximation.lean:104:4: `Set.mem_setOf` has been deprecated: Use `Set.mem_ofPred` instead
warning: NLA/IE17/Approximation.lean:107:4: `Set.mem_setOf` has been deprecated: Use `Set.mem_ofPred` instead
✔ [3676/3677] Built Solution (2.7s)
Build completed successfully (3677 jobs).
Exporting #[Quot, Quot.mk, Quot.lift, Quot.ind, NLA.IE17.iterates, NLA.IE17.backward_increase, NLA.IE17.approximation_increase, NLA.IE17.counterexample, propext, Classical.choice, Quot.sound, Nat.add, Nat.sub, Nat.mul, Nat.pow, Nat.gcd, Nat.div, Nat.mod, Nat.beq, Nat.ble, Nat.land, Nat.lor, Nat.xor, Nat.shiftLeft, Nat.shiftRight, String.ofList, Char.ofNat, List, eagerReduce, Nat, String, String.mk, Char, optParam, autoParam, semiOutParam, outParam] from Solution
Running Lean default kernel on solution.
Lean default kernel accepts the solution
Your solution is okay!

EXIT_STATUS=0
