CHECKED_PROJECT_EDGE NLA.IE23.inducedNorm_semantics: [NLA.IE23.Mat,
 NLA.IE23.inducedNorm_semantics_proved,
 NLA.IE23.Mat,
 NLA.IE23.Vec,
 NLA.IE23.lpNorm,
 NLA.IE23.ratioSet,
 NLA.IE23.inducedNorm,
 NLA.IE23.euclideanNorm]
CHECKED_PROJECT_EDGE NLA.IE23.Mat: []
CHECKED_PROJECT_EDGE NLA.IE23.inducedNorm_semantics_proved: [NLA.IE23.Mat,
 NLA.IE23.Vec,
 NLA.IE23.lpNorm,
 NLA.IE23.ratioSet,
 NLA.IE23.inducedNorm,
 NLA.IE23.euclideanNorm,
 NLA.IE23.lpNorm_pos,
 NLA.IE23.ratioSet_nonempty,
 NLA.IE23.ratioSet_bddAbove,
 NLA.IE23.inducedNorm_nonneg,
 NLA.IE23.mulVec_le_inducedNorm,
 NLA.IE23.Mat,
 NLA.IE23.Vec,
 NLA.IE23.lpNorm,
 NLA.IE23.ratioSet,
 NLA.IE23.inducedNorm,
 NLA.IE23.euclideanNorm]
CHECKED_PROJECT_EDGE NLA.IE23.Vec: []
CHECKED_PROJECT_EDGE NLA.IE23.lpNorm: [NLA.IE23.Vec, NLA.IE23.Vec]
CHECKED_PROJECT_EDGE NLA.IE23.ratioSet: [NLA.IE23.Mat,
 NLA.IE23.Vec,
 NLA.IE23.euclideanNorm,
 NLA.IE23.lpNorm,
 NLA.IE23.Mat]
CHECKED_PROJECT_EDGE NLA.IE23.euclideanNorm: [NLA.IE23.Vec, NLA.IE23.euclideanNorm._proof_1, NLA.IE23.Vec]
CHECKED_PROJECT_EDGE NLA.IE23.euclideanNorm._proof_1: []
CHECKED_PROJECT_EDGE NLA.IE23.inducedNorm: [NLA.IE23.Mat, NLA.IE23.ratioSet, NLA.IE23.Mat]
CHECKED_PROJECT_EDGE NLA.IE23.lpNorm_pos: [NLA.IE23.Vec, NLA.IE23.lpNorm, NLA.IE23.Vec, NLA.IE23.lpNorm]
CHECKED_PROJECT_EDGE NLA.IE23.ratioSet_nonempty: [NLA.IE23.Mat,
 NLA.IE23.Vec,
 NLA.IE23.ratioSet_nonempty._proof_1_1,
 NLA.IE23.ratioSet,
 NLA.IE23.euclideanNorm,
 NLA.IE23.lpNorm,
 NLA.IE23.Mat,
 NLA.IE23.ratioSet]
CHECKED_PROJECT_EDGE NLA.IE23.ratioSet_nonempty._proof_1_1: []
CHECKED_PROJECT_EDGE NLA.IE23.ratioSet_bddAbove: [NLA.IE23.Mat,
 NLA.IE23.ratioSet,
 NLA.IE23.Vec,
 NLA.IE23.euclideanNorm,
 NLA.IE23.lpNorm,
 NLA.IE23.lpNorm_pos,
 NLA.IE23.mulVec_lp_bound,
 NLA.IE23.Mat,
 NLA.IE23.ratioSet]
CHECKED_PROJECT_EDGE NLA.IE23.mulVec_lp_bound: [NLA.IE23.Mat,
 NLA.IE23.Vec,
 NLA.IE23.euclideanNorm,
 NLA.IE23.lpNorm,
 NLA.IE23.euclideanNorm_le_sum,
 NLA.IE23.norm_coord_le_lpNorm,
 NLA.IE23.Mat,
 NLA.IE23.Vec,
 NLA.IE23.euclideanNorm,
 NLA.IE23.lpNorm]
CHECKED_PROJECT_EDGE NLA.IE23.euclideanNorm_le_sum: [NLA.IE23.Vec,
 NLA.IE23.euclideanNorm,
 NLA.IE23.euclideanNorm_nonneg,
 NLA.IE23.euclideanNorm_sq,
 NLA.IE23.Vec,
 NLA.IE23.euclideanNorm]
CHECKED_PROJECT_EDGE NLA.IE23.euclideanNorm_nonneg: [NLA.IE23.Vec,
 NLA.IE23.euclideanNorm._proof_1,
 NLA.IE23.Vec,
 NLA.IE23.euclideanNorm]
CHECKED_PROJECT_EDGE NLA.IE23.euclideanNorm_sq: [NLA.IE23.Vec, NLA.IE23.Vec, NLA.IE23.euclideanNorm]
CHECKED_PROJECT_EDGE NLA.IE23.norm_coord_le_lpNorm: [NLA.IE23.Vec, NLA.IE23.lpNorm, NLA.IE23.Vec, NLA.IE23.lpNorm]
CHECKED_PROJECT_EDGE NLA.IE23.inducedNorm_nonneg: [NLA.IE23.Mat,
 NLA.IE23.ratioSet,
 NLA.IE23.inducedNorm,
 NLA.IE23.ratioSet_nonempty,
 NLA.IE23.Vec,
 NLA.IE23.euclideanNorm,
 NLA.IE23.lpNorm,
 NLA.IE23.euclideanNorm_nonneg,
 NLA.IE23.lpNorm_nonneg,
 NLA.IE23.ratio_le_inducedNorm,
 NLA.IE23.Mat,
 NLA.IE23.inducedNorm]
CHECKED_PROJECT_EDGE NLA.IE23.lpNorm_nonneg: [NLA.IE23.Vec, NLA.IE23.Vec, NLA.IE23.lpNorm]
CHECKED_PROJECT_EDGE NLA.IE23.ratio_le_inducedNorm: [NLA.IE23.Mat,
 NLA.IE23.Vec,
 NLA.IE23.ratioSet,
 NLA.IE23.euclideanNorm,
 NLA.IE23.lpNorm,
 NLA.IE23.ratioSet_bddAbove,
 NLA.IE23.Mat,
 NLA.IE23.Vec,
 NLA.IE23.euclideanNorm,
 NLA.IE23.lpNorm,
 NLA.IE23.inducedNorm]
CHECKED_PROJECT_EDGE NLA.IE23.mulVec_le_inducedNorm: [NLA.IE23.Mat,
 NLA.IE23.Vec,
 NLA.IE23.euclideanNorm,
 NLA.IE23.inducedNorm,
 NLA.IE23.lpNorm,
 NLA.IE23.euclideanNorm_zero,
 NLA.IE23.lpNorm_zero,
 NLA.IE23.lpNorm_pos,
 NLA.IE23.ratio_le_inducedNorm,
 NLA.IE23.Mat,
 NLA.IE23.Vec,
 NLA.IE23.euclideanNorm,
 NLA.IE23.inducedNorm,
 NLA.IE23.lpNorm]
CHECKED_PROJECT_EDGE NLA.IE23.euclideanNorm_zero: [NLA.IE23.euclideanNorm,
 NLA.IE23.Vec,
 NLA.IE23.euclideanNorm._proof_1,
 NLA.IE23.euclideanNorm,
 NLA.IE23.Vec]
CHECKED_PROJECT_EDGE NLA.IE23.lpNorm_zero: [NLA.IE23.lpNorm, NLA.IE23.Vec, NLA.IE23.lpNorm, NLA.IE23.Vec]
CHECKED_PROJECT_EDGE NLA.IE23.witness_matrix_identities: [NLA.IE23.witness_matrix_identities_proved,
 NLA.IE23.FullRowRank,
 NLA.IE23.witnessA,
 NLA.IE23.Mat,
 NLA.IE23.witnessGram,
 NLA.IE23.witnessGramInv,
 NLA.IE23.moorePenrose,
 NLA.IE23.witnessB,
 NLA.IE23.IsRightInverse,
 NLA.IE23.witnessX]
CHECKED_PROJECT_EDGE NLA.IE23.witness_matrix_identities_proved: [NLA.IE23.FullRowRank,
 NLA.IE23.witnessA,
 NLA.IE23.Mat,
 NLA.IE23.witnessGram,
 NLA.IE23.witnessGramInv,
 NLA.IE23.moorePenrose,
 NLA.IE23.witnessB,
 NLA.IE23.IsRightInverse,
 NLA.IE23.witnessX,
 NLA.IE23.witness_fullRowRank,
 NLA.IE23.witness_gram,
 NLA.IE23.witness_gram_isUnit,
 NLA.IE23.witness_gram_inverse,
 NLA.IE23.witness_moorePenrose,
 NLA.IE23.witness_B_rightInverse,
 NLA.IE23.witness_X_rightInverse,
 NLA.IE23.witness_B_ne_X,
 NLA.IE23.witness_B_gram,
 NLA.IE23.witness_X_gram,
 NLA.IE23.FullRowRank,
 NLA.IE23.witnessA,
 NLA.IE23.Mat,
 NLA.IE23.witnessGram,
 NLA.IE23.witnessGramInv,
 NLA.IE23.moorePenrose,
 NLA.IE23.witnessB,
 NLA.IE23.IsRightInverse,
 NLA.IE23.witnessX]
CHECKED_PROJECT_EDGE NLA.IE23.FullRowRank: [NLA.IE23.Mat, NLA.IE23.Mat]
CHECKED_PROJECT_EDGE NLA.IE23.witnessA: [NLA.IE23.Mat]
CHECKED_PROJECT_EDGE NLA.IE23.witnessGram: [NLA.IE23.euclideanNorm._proof_1, NLA.IE23.Mat]
CHECKED_PROJECT_EDGE NLA.IE23.witnessGramInv: [NLA.IE23.Mat,
 NLA.IE23.witnessGramInv._proof_1,
 NLA.IE23.euclideanNorm._proof_1,
 NLA.IE23.Mat]
CHECKED_PROJECT_EDGE NLA.IE23.witnessGramInv._proof_1: []
CHECKED_PROJECT_EDGE NLA.IE23.moorePenrose: [NLA.IE23.Mat, NLA.IE23.Mat]
CHECKED_PROJECT_EDGE NLA.IE23.witnessB: [NLA.IE23.Mat,
 NLA.IE23.witnessGramInv._proof_1,
 NLA.IE23.euclideanNorm._proof_1,
 NLA.IE23.Mat]
CHECKED_PROJECT_EDGE NLA.IE23.IsRightInverse: [NLA.IE23.Mat, NLA.IE23.Mat]
CHECKED_PROJECT_EDGE NLA.IE23.witnessX: [NLA.IE23.Mat]
CHECKED_PROJECT_EDGE NLA.IE23.witness_fullRowRank: [NLA.IE23.witnessA,
 NLA.IE23.witnessX,
 NLA.IE23.Mat,
 NLA.IE23.witness_X_rightInverse,
 NLA.IE23.FullRowRank,
 NLA.IE23.witnessA]
CHECKED_PROJECT_EDGE NLA.IE23.witness_X_rightInverse: [NLA.IE23.IsRightInverse,
 NLA.IE23.witnessA,
 NLA.IE23.witnessX,
 NLA.IE23.Mat,
 NLA.IE23.IsRightInverse,
 NLA.IE23.witnessA,
 NLA.IE23.witnessX]
CHECKED_PROJECT_EDGE NLA.IE23.witness_gram: [NLA.IE23.Mat,
 NLA.IE23.witnessA,
 NLA.IE23.witnessGram,
 NLA.IE23.euclideanNorm._proof_1,
 NLA.IE23.Mat,
 NLA.IE23.witnessA,
 NLA.IE23.witnessGram]
CHECKED_PROJECT_EDGE NLA.IE23.witness_gram_isUnit: [NLA.IE23.Mat,
 NLA.IE23.witnessGram,
 NLA.IE23.witnessGramInv,
 NLA.IE23.witness_gram_mul_inv,
 NLA.IE23.witness_inv_mul_gram,
 NLA.IE23.Mat,
 NLA.IE23.witnessGram]
CHECKED_PROJECT_EDGE NLA.IE23.witness_gram_mul_inv: [NLA.IE23.Mat,
 NLA.IE23.witnessGram,
 NLA.IE23.witnessGramInv,
 NLA.IE23.euclideanNorm._proof_1,
 NLA.IE23.witnessGramInv._proof_1,
 NLA.IE23.Mat,
 NLA.IE23.witnessGram,
 NLA.IE23.witnessGramInv]
CHECKED_PROJECT_EDGE NLA.IE23.witness_inv_mul_gram: [NLA.IE23.Mat,
 NLA.IE23.witnessGramInv,
 NLA.IE23.witnessGram,
 NLA.IE23.euclideanNorm._proof_1,
 NLA.IE23.witnessGramInv._proof_1,
 NLA.IE23.Mat,
 NLA.IE23.witnessGramInv,
 NLA.IE23.witnessGram]
CHECKED_PROJECT_EDGE NLA.IE23.witness_gram_inverse: [NLA.IE23.witnessGram,
 NLA.IE23.witnessGramInv,
 NLA.IE23.witness_inv_mul_gram,
 NLA.IE23.Mat,
 NLA.IE23.witnessGram,
 NLA.IE23.witnessGramInv]
CHECKED_PROJECT_EDGE NLA.IE23.witness_moorePenrose: [NLA.IE23.Mat,
 NLA.IE23.moorePenrose,
 NLA.IE23.witnessA,
 NLA.IE23.witnessB,
 NLA.IE23.witnessGram,
 NLA.IE23.witness_gram,
 NLA.IE23.witnessGramInv,
 NLA.IE23.witness_gram_inverse,
 NLA.IE23.witnessGramInv._proof_1,
 NLA.IE23.euclideanNorm._proof_1,
 NLA.IE23.Mat,
 NLA.IE23.moorePenrose,
 NLA.IE23.witnessA,
 NLA.IE23.witnessB]
CHECKED_PROJECT_EDGE NLA.IE23.witness_B_rightInverse: [NLA.IE23.IsRightInverse,
 NLA.IE23.witnessA,
 NLA.IE23.witnessB,
 NLA.IE23.Mat,
 NLA.IE23.witnessGramInv._proof_1,
 NLA.IE23.euclideanNorm._proof_1,
 NLA.IE23.IsRightInverse,
 NLA.IE23.witnessA,
 NLA.IE23.witnessB]
CHECKED_PROJECT_EDGE NLA.IE23.witness_B_ne_X: [NLA.IE23.Mat,
 NLA.IE23.witnessB,
 NLA.IE23.witnessX,
 NLA.IE23.witnessGramInv._proof_1,
 NLA.IE23.euclideanNorm._proof_1,
 NLA.IE23.Mat,
 NLA.IE23.witnessB,
 NLA.IE23.witnessX]
CHECKED_PROJECT_EDGE NLA.IE23.witness_B_gram: [NLA.IE23.Mat,
 NLA.IE23.witnessB,
 NLA.IE23.witnessGramInv,
 NLA.IE23.witnessGramInv._proof_1,
 NLA.IE23.euclideanNorm._proof_1,
 NLA.IE23.Mat,
 NLA.IE23.witnessB,
 NLA.IE23.witnessGramInv]
CHECKED_PROJECT_EDGE NLA.IE23.witness_X_gram: [NLA.IE23.Mat, NLA.IE23.witnessX, NLA.IE23.Mat, NLA.IE23.witnessX]
CHECKED_PROJECT_EDGE NLA.IE23.fourth_power_norm_control: [NLA.IE23.fourth_power_norm_control_proved,
 NLA.IE23.witnessNorm,
 NLA.IE23.Vec,
 NLA.IE23.euclideanNorm,
 NLA.IE23.lpNorm]
CHECKED_PROJECT_EDGE NLA.IE23.fourth_power_norm_control_proved: [NLA.IE23.witnessNorm,
 NLA.IE23.Vec,
 NLA.IE23.euclideanNorm,
 NLA.IE23.lpNorm,
 NLA.IE23.witnessNorm_pos,
 NLA.IE23.witnessNorm_sq,
 NLA.IE23.witnessNorm_pow_four,
 NLA.IE23.witnessNorm_rpow,
 NLA.IE23.euclideanNorm_sq_normSq,
 NLA.IE23.lpNorm_fourth_power,
 NLA.IE23.euclideanNorm_le_four_norm,
 NLA.IE23.witnessNorm,
 NLA.IE23.Vec,
 NLA.IE23.euclideanNorm,
 NLA.IE23.lpNorm]
CHECKED_PROJECT_EDGE NLA.IE23.witnessNorm: [NLA.IE23.euclideanNorm._proof_1]
CHECKED_PROJECT_EDGE NLA.IE23.witnessNorm_pos: [NLA.IE23.witnessNorm,
 NLA.IE23.euclideanNorm._proof_1,
 NLA.IE23.witnessNorm]
CHECKED_PROJECT_EDGE NLA.IE23.witnessNorm_sq: [NLA.IE23.euclideanNorm._proof_1, NLA.IE23.witnessNorm]
CHECKED_PROJECT_EDGE NLA.IE23.witnessNorm_pow_four: [NLA.IE23.witnessNorm,
 NLA.IE23.witnessNorm_sq,
 NLA.IE23.witnessNorm]
CHECKED_PROJECT_EDGE NLA.IE23.witnessNorm_rpow: [NLA.IE23.witnessNorm,
 NLA.IE23.euclideanNorm._proof_1,
 NLA.IE23.witnessNorm]
CHECKED_PROJECT_EDGE NLA.IE23.euclideanNorm_sq_normSq: [NLA.IE23.Vec,
 NLA.IE23.euclideanNorm,
 NLA.IE23.euclideanNorm_sq,
 NLA.IE23.Vec,
 NLA.IE23.euclideanNorm]
CHECKED_PROJECT_EDGE NLA.IE23.lpNorm_fourth_power: [NLA.IE23.Vec, NLA.IE23.lpNorm, NLA.IE23.Vec, NLA.IE23.lpNorm]
CHECKED_PROJECT_EDGE NLA.IE23.euclideanNorm_le_four_norm: [NLA.IE23.Vec,
 NLA.IE23.euclideanNorm,
 NLA.IE23.euclideanNorm_sq,
 NLA.IE23.lpNorm,
 NLA.IE23.lpNorm_fourth_power,
 NLA.IE23.witnessNorm,
 NLA.IE23.witnessNorm_pow_four,
 NLA.IE23.euclideanNorm_nonneg,
 NLA.IE23.witnessNorm_pos,
 NLA.IE23.lpNorm_nonneg,
 NLA.IE23.Vec,
 NLA.IE23.euclideanNorm,
 NLA.IE23.witnessNorm,
 NLA.IE23.lpNorm]
CHECKED_PROJECT_EDGE NLA.IE23.witness_action_identities: [NLA.IE23.witness_action_identities_proved,
 NLA.IE23.Vec,
 NLA.IE23.euclideanNorm,
 NLA.IE23.witnessB,
 NLA.IE23.witnessX,
 NLA.IE23.Mat,
 NLA.IE23.IsRightInverse,
 NLA.IE23.witnessA,
 NLA.IE23.normingVector]
CHECKED_PROJECT_EDGE NLA.IE23.witness_action_identities_proved: [NLA.IE23.Vec,
 NLA.IE23.euclideanNorm,
 NLA.IE23.witnessB,
 NLA.IE23.witnessX,
 NLA.IE23.Mat,
 NLA.IE23.IsRightInverse,
 NLA.IE23.witnessA,
 NLA.IE23.normingVector,
 NLA.IE23.witnessB_norm_identity,
 NLA.IE23.witnessX_norm_identity,
 NLA.IE23.competitor_norm_identity,
 NLA.IE23.Vec,
 NLA.IE23.euclideanNorm,
 NLA.IE23.witnessB,
 NLA.IE23.witnessX,
 NLA.IE23.Mat,
 NLA.IE23.IsRightInverse,
 NLA.IE23.witnessA,
 NLA.IE23.normingVector]
CHECKED_PROJECT_EDGE NLA.IE23.normingVector: [NLA.IE23.Vec]
CHECKED_PROJECT_EDGE NLA.IE23.witnessB_norm_identity: [NLA.IE23.Vec,
 NLA.IE23.euclideanNorm,
 NLA.IE23.witnessB,
 NLA.IE23.witnessB_action,
 NLA.IE23.euclideanNorm_sq_normSq,
 NLA.IE23.Vec,
 NLA.IE23.euclideanNorm,
 NLA.IE23.witnessB]
CHECKED_PROJECT_EDGE NLA.IE23.witnessB_action: [NLA.IE23.Vec,
 NLA.IE23.witnessB,
 NLA.IE23.Mat,
 NLA.IE23.witnessGramInv._proof_1,
 NLA.IE23.euclideanNorm._proof_1,
 NLA.IE23.Vec,
 NLA.IE23.witnessB]
CHECKED_PROJECT_EDGE NLA.IE23.witnessX_norm_identity: [NLA.IE23.Vec,
 NLA.IE23.euclideanNorm,
 NLA.IE23.witnessX,
 NLA.IE23.euclideanNorm_nonneg,
 NLA.IE23.witnessX_action,
 NLA.IE23.euclideanNorm_sq_normSq,
 NLA.IE23.Vec,
 NLA.IE23.euclideanNorm,
 NLA.IE23.witnessX]
CHECKED_PROJECT_EDGE NLA.IE23.witnessX_action: [NLA.IE23.Vec, NLA.IE23.witnessX, NLA.IE23.Vec, NLA.IE23.witnessX]
CHECKED_PROJECT_EDGE NLA.IE23.competitor_norm_identity: [NLA.IE23.Mat,
 NLA.IE23.IsRightInverse,
 NLA.IE23.witnessA,
 NLA.IE23.euclideanNorm,
 NLA.IE23.normingVector,
 NLA.IE23.euclideanNorm_sq_normSq,
 NLA.IE23.competitor_norming_action,
 NLA.IE23.Mat,
 NLA.IE23.IsRightInverse,
 NLA.IE23.witnessA,
 NLA.IE23.euclideanNorm,
 NLA.IE23.normingVector]
CHECKED_PROJECT_EDGE NLA.IE23.competitor_norming_action: [NLA.IE23.Mat,
 NLA.IE23.IsRightInverse,
 NLA.IE23.witnessA,
 NLA.IE23.normingVector,
 NLA.IE23.Mat,
 NLA.IE23.IsRightInverse,
 NLA.IE23.witnessA,
 NLA.IE23.normingVector]
CHECKED_PROJECT_EDGE NLA.IE23.witness_attainment: [NLA.IE23.witness_attainment_proved,
 NLA.IE23.Vec,
 NLA.IE23.normingVector,
 NLA.IE23.lpNorm,
 NLA.IE23.witnessNorm,
 NLA.IE23.euclideanNorm,
 NLA.IE23.witnessB,
 NLA.IE23.witnessX]
CHECKED_PROJECT_EDGE NLA.IE23.witness_attainment_proved: [NLA.IE23.Vec,
 NLA.IE23.normingVector,
 NLA.IE23.lpNorm,
 NLA.IE23.witnessNorm,
 NLA.IE23.euclideanNorm,
 NLA.IE23.witnessB,
 NLA.IE23.witnessX,
 NLA.IE23.normingVector_ne_zero,
 NLA.IE23.normingVector_lpNorm,
 NLA.IE23.witnessB_norming_norm,
 NLA.IE23.witnessX_norming_norm,
 NLA.IE23.witnessB_norming_ratio,
 NLA.IE23.witnessX_norming_ratio,
 NLA.IE23.Vec,
 NLA.IE23.normingVector,
 NLA.IE23.lpNorm,
 NLA.IE23.witnessNorm,
 NLA.IE23.euclideanNorm,
 NLA.IE23.witnessB,
 NLA.IE23.witnessX]
CHECKED_PROJECT_EDGE NLA.IE23.normingVector_ne_zero: [NLA.IE23.Vec,
 NLA.IE23.normingVector,
 NLA.IE23.Vec,
 NLA.IE23.normingVector]
CHECKED_PROJECT_EDGE NLA.IE23.normingVector_lpNorm: [NLA.IE23.lpNorm,
 NLA.IE23.normingVector,
 NLA.IE23.lpNorm_fourth_power,
 NLA.IE23.witnessNorm,
 NLA.IE23.witnessNorm_pow_four,
 NLA.IE23.lpNorm_nonneg,
 NLA.IE23.witnessNorm_pos,
 NLA.IE23.lpNorm,
 NLA.IE23.normingVector,
 NLA.IE23.witnessNorm]
CHECKED_PROJECT_EDGE NLA.IE23.witnessB_norming_norm: [NLA.IE23.euclideanNorm,
 NLA.IE23.witnessB,
 NLA.IE23.normingVector,
 NLA.IE23.euclideanNorm_nonneg,
 NLA.IE23.witnessB_action,
 NLA.IE23.euclideanNorm_sq_normSq,
 NLA.IE23.euclideanNorm,
 NLA.IE23.witnessB,
 NLA.IE23.normingVector]
CHECKED_PROJECT_EDGE NLA.IE23.witnessX_norming_norm: [NLA.IE23.euclideanNorm,
 NLA.IE23.witnessX,
 NLA.IE23.normingVector,
 NLA.IE23.euclideanNorm_nonneg,
 NLA.IE23.witnessX_action,
 NLA.IE23.euclideanNorm_sq_normSq,
 NLA.IE23.euclideanNorm,
 NLA.IE23.witnessX,
 NLA.IE23.normingVector]
CHECKED_PROJECT_EDGE NLA.IE23.witnessB_norming_ratio: [NLA.IE23.euclideanNorm,
 NLA.IE23.witnessB,
 NLA.IE23.normingVector,
 NLA.IE23.lpNorm,
 NLA.IE23.witnessNorm,
 NLA.IE23.witnessB_norming_norm,
 NLA.IE23.normingVector_lpNorm,
 NLA.IE23.sqrt_two_div_witnessNorm,
 NLA.IE23.euclideanNorm,
 NLA.IE23.witnessB,
 NLA.IE23.normingVector,
 NLA.IE23.lpNorm,
 NLA.IE23.witnessNorm]
CHECKED_PROJECT_EDGE NLA.IE23.sqrt_two_div_witnessNorm: [NLA.IE23.witnessNorm,
 NLA.IE23.witnessNorm_pos,
 NLA.IE23.witnessNorm_sq,
 NLA.IE23.witnessNorm]
CHECKED_PROJECT_EDGE NLA.IE23.witnessX_norming_ratio: [NLA.IE23.euclideanNorm,
 NLA.IE23.witnessX,
 NLA.IE23.normingVector,
 NLA.IE23.lpNorm,
 NLA.IE23.witnessNorm,
 NLA.IE23.witnessX_norming_norm,
 NLA.IE23.normingVector_lpNorm,
 NLA.IE23.sqrt_two_div_witnessNorm,
 NLA.IE23.euclideanNorm,
 NLA.IE23.witnessX,
 NLA.IE23.normingVector,
 NLA.IE23.lpNorm,
 NLA.IE23.witnessNorm]
CHECKED_PROJECT_EDGE NLA.IE23.witness_norms: [NLA.IE23.witness_norms_proved,
 NLA.IE23.inducedNorm,
 NLA.IE23.witnessB,
 NLA.IE23.witnessNorm,
 NLA.IE23.witnessX]
CHECKED_PROJECT_EDGE NLA.IE23.witness_norms_proved: [NLA.IE23.inducedNorm,
 NLA.IE23.witnessB,
 NLA.IE23.witnessNorm,
 NLA.IE23.witnessX,
 NLA.IE23.witnessB_inducedNorm,
 NLA.IE23.witnessX_inducedNorm,
 NLA.IE23.inducedNorm,
 NLA.IE23.witnessB,
 NLA.IE23.witnessNorm,
 NLA.IE23.witnessX]
CHECKED_PROJECT_EDGE NLA.IE23.witnessB_inducedNorm: [NLA.IE23.inducedNorm,
 NLA.IE23.witnessB,
 NLA.IE23.witnessNorm,
 NLA.IE23.inducedNorm_le_of_bound,
 NLA.IE23.euclideanNorm,
 NLA.IE23.lpNorm,
 NLA.IE23.witnessB_norm_le,
 NLA.IE23.euclideanNorm_le_four_norm,
 NLA.IE23.normingVector,
 NLA.IE23.witnessB_norming_ratio,
 NLA.IE23.ratio_le_inducedNorm,
 NLA.IE23.normingVector_ne_zero,
 NLA.IE23.inducedNorm,
 NLA.IE23.witnessB,
 NLA.IE23.witnessNorm]
CHECKED_PROJECT_EDGE NLA.IE23.inducedNorm_le_of_bound: [NLA.IE23.Mat,
 NLA.IE23.euclideanNorm,
 NLA.IE23.lpNorm,
 NLA.IE23.ratioSet,
 NLA.IE23.ratioSet_nonempty,
 NLA.IE23.Vec,
 NLA.IE23.lpNorm_pos,
 NLA.IE23.Mat,
 NLA.IE23.euclideanNorm,
 NLA.IE23.lpNorm,
 NLA.IE23.inducedNorm]
CHECKED_PROJECT_EDGE NLA.IE23.witnessB_norm_le: [NLA.IE23.Vec,
 NLA.IE23.euclideanNorm,
 NLA.IE23.witnessB,
 NLA.IE23.euclideanNorm_nonneg,
 NLA.IE23.witnessB_norm_identity,
 NLA.IE23.Vec,
 NLA.IE23.euclideanNorm,
 NLA.IE23.witnessB]
CHECKED_PROJECT_EDGE NLA.IE23.witnessX_inducedNorm: [NLA.IE23.inducedNorm,
 NLA.IE23.witnessX,
 NLA.IE23.witnessNorm,
 NLA.IE23.inducedNorm_le_of_bound,
 NLA.IE23.euclideanNorm,
 NLA.IE23.lpNorm,
 NLA.IE23.witnessX_norm_identity,
 NLA.IE23.euclideanNorm_le_four_norm,
 NLA.IE23.normingVector,
 NLA.IE23.witnessX_norming_ratio,
 NLA.IE23.ratio_le_inducedNorm,
 NLA.IE23.normingVector_ne_zero,
 NLA.IE23.inducedNorm,
 NLA.IE23.witnessX,
 NLA.IE23.witnessNorm]
CHECKED_PROJECT_EDGE NLA.IE23.witness_global_minimizers: [NLA.IE23.witness_global_minimizers_proved,
 NLA.IE23.IsNormMinimizer,
 NLA.IE23.witnessA,
 NLA.IE23.witnessB,
 NLA.IE23.witnessX,
 NLA.IE23.rightInverseNorms,
 NLA.IE23.witnessNorm]
CHECKED_PROJECT_EDGE NLA.IE23.witness_global_minimizers_proved: [NLA.IE23.IsNormMinimizer,
 NLA.IE23.witnessA,
 NLA.IE23.witnessB,
 NLA.IE23.witnessX,
 NLA.IE23.rightInverseNorms,
 NLA.IE23.witnessNorm,
 NLA.IE23.witnessB_global_minimizer,
 NLA.IE23.witnessX_global_minimizer,
 NLA.IE23.witness_minimum,
 NLA.IE23.IsNormMinimizer,
 NLA.IE23.witnessA,
 NLA.IE23.witnessB,
 NLA.IE23.witnessX,
 NLA.IE23.rightInverseNorms,
 NLA.IE23.witnessNorm]
CHECKED_PROJECT_EDGE NLA.IE23.IsNormMinimizer: [NLA.IE23.Mat,
 NLA.IE23.IsRightInverse,
 NLA.IE23.inducedNorm,
 NLA.IE23.Mat]
CHECKED_PROJECT_EDGE NLA.IE23.rightInverseNorms: [NLA.IE23.Mat,
 NLA.IE23.IsRightInverse,
 NLA.IE23.inducedNorm,
 NLA.IE23.Mat]
CHECKED_PROJECT_EDGE NLA.IE23.witnessB_global_minimizer: [NLA.IE23.IsRightInverse,
 NLA.IE23.witnessA,
 NLA.IE23.witnessB,
 NLA.IE23.Mat,
 NLA.IE23.inducedNorm,
 NLA.IE23.witness_B_rightInverse,
 NLA.IE23.witnessNorm,
 NLA.IE23.witnessB_inducedNorm,
 NLA.IE23.competitor_inducedNorm_lower,
 NLA.IE23.IsNormMinimizer,
 NLA.IE23.witnessA,
 NLA.IE23.witnessB]
CHECKED_PROJECT_EDGE NLA.IE23.competitor_inducedNorm_lower: [NLA.IE23.Mat,
 NLA.IE23.IsRightInverse,
 NLA.IE23.witnessA,
 NLA.IE23.euclideanNorm,
 NLA.IE23.normingVector,
 NLA.IE23.euclideanNorm_nonneg,
 NLA.IE23.competitor_norm_identity,
 NLA.IE23.witnessNorm,
 NLA.IE23.lpNorm,
 NLA.IE23.inducedNorm,
 NLA.IE23.sqrt_two_div_witnessNorm,
 NLA.IE23.witnessNorm_pos,
 NLA.IE23.normingVector_lpNorm,
 NLA.IE23.ratio_le_inducedNorm,
 NLA.IE23.normingVector_ne_zero,
 NLA.IE23.Mat,
 NLA.IE23.IsRightInverse,
 NLA.IE23.witnessA,
 NLA.IE23.witnessNorm,
 NLA.IE23.inducedNorm]
CHECKED_PROJECT_EDGE NLA.IE23.witnessX_global_minimizer: [NLA.IE23.IsRightInverse,
 NLA.IE23.witnessA,
 NLA.IE23.witnessX,
 NLA.IE23.Mat,
 NLA.IE23.inducedNorm,
 NLA.IE23.witness_X_rightInverse,
 NLA.IE23.witnessNorm,
 NLA.IE23.witnessX_inducedNorm,
 NLA.IE23.competitor_inducedNorm_lower,
 NLA.IE23.IsNormMinimizer,
 NLA.IE23.witnessA,
 NLA.IE23.witnessX]
CHECKED_PROJECT_EDGE NLA.IE23.witness_minimum: [NLA.IE23.rightInverseNorms,
 NLA.IE23.witnessA,
 NLA.IE23.witnessNorm,
 NLA.IE23.Mat,
 NLA.IE23.IsRightInverse,
 NLA.IE23.inducedNorm,
 NLA.IE23.witnessB,
 NLA.IE23.witness_B_rightInverse,
 NLA.IE23.witnessB_inducedNorm,
 NLA.IE23.competitor_inducedNorm_lower,
 NLA.IE23.rightInverseNorms,
 NLA.IE23.witnessA,
 NLA.IE23.witnessNorm]
CHECKED_PROJECT_EDGE NLA.IE23.not_rightInverseUniqueConjecture: [NLA.IE23.not_rightInverseUniqueConjecture_proved,
 NLA.IE23.RightInverseUniqueConjecture]
CHECKED_PROJECT_EDGE NLA.IE23.not_rightInverseUniqueConjecture_proved: [NLA.IE23.full_conjecture_negation,
 NLA.IE23.RightInverseUniqueConjecture]
CHECKED_PROJECT_EDGE NLA.IE23.full_conjecture_negation: [NLA.IE23.RightInverseUniqueConjecture,
 NLA.IE23.Mat,
 NLA.IE23.witnessX,
 NLA.IE23.moorePenrose,
 NLA.IE23.witnessA,
 NLA.IE23.witnessB,
 NLA.IE23.witness_moorePenrose,
 NLA.IE23.witness_B_ne_X,
 NLA.IE23.inducedNorm,
 NLA.IE23.witness_fullRowRank,
 NLA.IE23.euclideanNorm._proof_1,
 NLA.IE23.witness_X_rightInverse,
 NLA.IE23.witnessNorm,
 NLA.IE23.witnessX_inducedNorm,
 NLA.IE23.witnessB_inducedNorm,
 NLA.IE23.RightInverseUniqueConjecture]
CHECKED_PROJECT_EDGE NLA.IE23.RightInverseUniqueConjecture: [NLA.IE23.Mat,
 NLA.IE23.FullRowRank,
 NLA.IE23.euclideanNorm._proof_1,
 NLA.IE23.IsRightInverse,
 NLA.IE23.moorePenrose,
 NLA.IE23.inducedNorm]
REQUIRED_DEPENDENCY_PRESENT EuclideanSpace.norm_sq_eq
REQUIRED_DEPENDENCY_PRESENT Real.le_rpow_inv_iff_of_pos
REQUIRED_DEPENDENCY_PRESENT Real.rpow_inv_natCast_pow
REQUIRED_DEPENDENCY_PRESENT Real.sq_sqrt
REQUIRED_DEPENDENCY_PRESENT Real.rpow_mul
REQUIRED_DEPENDENCY_PRESENT Matrix.inv_eq_left_inv
REQUIRED_DEPENDENCY_PRESENT Matrix.rank_mul_le_left
REQUIRED_DEPENDENCY_PRESENT Matrix.rank_one
REQUIRED_DEPENDENCY_PRESENT Matrix.rank_le_height
REQUIRED_DEPENDENCY_PRESENT isLUB_csSup
REQUIRED_DEPENDENCY_PRESENT le_csSup
REQUIRED_DEPENDENCY_PRESENT csSup_le
REQUIRED_DEPENDENCY_PRESENT NLA.IE23.lpNorm_pos
REQUIRED_DEPENDENCY_PRESENT NLA.IE23.norm_coord_le_lpNorm
REQUIRED_DEPENDENCY_PRESENT NLA.IE23.mulVec_lp_bound
REQUIRED_DEPENDENCY_PRESENT NLA.IE23.ratioSet_nonempty
REQUIRED_DEPENDENCY_PRESENT NLA.IE23.ratioSet_bddAbove
REQUIRED_DEPENDENCY_PRESENT NLA.IE23.witness_gram_inverse
REQUIRED_DEPENDENCY_PRESENT NLA.IE23.witness_moorePenrose
REQUIRED_DEPENDENCY_PRESENT NLA.IE23.witness_fullRowRank
REQUIRED_DEPENDENCY_PRESENT NLA.IE23.euclideanNorm_le_four_norm
REQUIRED_DEPENDENCY_PRESENT NLA.IE23.competitor_norming_action
REQUIRED_DEPENDENCY_PRESENT NLA.IE23.competitor_norm_identity
REQUIRED_DEPENDENCY_PRESENT NLA.IE23.witnessB_inducedNorm
REQUIRED_DEPENDENCY_PRESENT NLA.IE23.witnessX_inducedNorm
REQUIRED_DEPENDENCY_PRESENT NLA.IE23.competitor_inducedNorm_lower
REQUIRED_DEPENDENCY_PRESENT NLA.IE23.witness_minimum
REQUIRED_DEPENDENCY_PRESENT NLA.IE23.full_conjecture_negation
SAFE_PROJECT_DECLARATIONS_TRAVERSED 93
PUBLIC_THEOREM_KINDS_VERIFIED 8
'NLA.IE23.inducedNorm_semantics' depends on axioms: [propext, Classical.choice, Quot.sound]
'NLA.IE23.witness_matrix_identities' depends on axioms: [propext, Classical.choice, Quot.sound]
'NLA.IE23.fourth_power_norm_control' depends on axioms: [propext, Classical.choice, Quot.sound]
'NLA.IE23.witness_action_identities' depends on axioms: [propext, Classical.choice, Quot.sound]
'NLA.IE23.witness_attainment' depends on axioms: [propext, Classical.choice, Quot.sound]
'NLA.IE23.witness_norms' depends on axioms: [propext, Classical.choice, Quot.sound]
'NLA.IE23.witness_global_minimizers' depends on axioms: [propext, Classical.choice, Quot.sound]
'NLA.IE23.not_rightInverseUniqueConjecture' depends on axioms: [propext, Classical.choice, Quot.sound]
'NLA.IE23.ratioSet_bddAbove' depends on axioms: [propext, Classical.choice, Quot.sound]
'NLA.IE23.witness_moorePenrose' depends on axioms: [propext, Classical.choice, Quot.sound]
'NLA.IE23.competitor_inducedNorm_lower' depends on axioms: [propext, Classical.choice, Quot.sound]
'NLA.IE23.witness_minimum' depends on axioms: [propext, Classical.choice, Quot.sound]
def NLA.IE23.euclideanNorm : {n : Nat} → NLA.IE23.Vec n → Real :=
fun {n} y =>
  @norm
    (WithLp
      (@OfNat.ofNat ENNReal (nat_lit 2)
        (@instOfNatAtLeastTwo ENNReal (nat_lit 2)
          (@AddMonoidWithOne.toNatCast ENNReal
            (@AddCommMonoidWithOne.toAddMonoidWithOne ENNReal ENNReal.instAddCommMonoidWithOne))
          NLA.IE23.euclideanNorm._proof_1))
      ((i : Fin n) → (fun x => Complex) i))
    (@PiLp.instNorm
      (@OfNat.ofNat ENNReal (nat_lit 2)
        (@instOfNatAtLeastTwo ENNReal (nat_lit 2)
          (@AddMonoidWithOne.toNatCast ENNReal
            (@AddCommMonoidWithOne.toAddMonoidWithOne ENNReal ENNReal.instAddCommMonoidWithOne))
          NLA.IE23.euclideanNorm._proof_1))
      (Fin n) (fun x => Complex) (Fin.fintype n) fun i => Complex.instNorm)
    (@WithLp.toLp
      (@OfNat.ofNat ENNReal (nat_lit 2)
        (@instOfNatAtLeastTwo ENNReal (nat_lit 2)
          (@AddMonoidWithOne.toNatCast ENNReal
            (@AddCommMonoidWithOne.toAddMonoidWithOne ENNReal ENNReal.instAddCommMonoidWithOne))
          NLA.IE23.euclideanNorm._proof_1))
      ((i : Fin n) → (fun x => Complex) i) y)
def NLA.IE23.lpNorm : {n : Nat} → Real → NLA.IE23.Vec n → Real :=
fun {n} p y =>
  @HPow.hPow Real Real Real (@instHPow Real Real Real.instPow)
    (∑ i, @HPow.hPow Real Real Real (@instHPow Real Real Real.instPow) (@norm Complex Complex.instNorm (y i)) p)
    (@HDiv.hDiv Real Real Real (@instHDiv Real (@DivInvMonoid.toDiv Real Real.instDivInvMonoid))
      (@OfNat.ofNat Real (nat_lit 1) (@One.toOfNat1 Real Real.instOne)) p)
def NLA.IE23.inducedNorm : {m n : Nat} → Real → NLA.IE23.Mat n m → Real :=
fun {m n} p X => @sSup Real Real.instSupSet (@NLA.IE23.ratioSet m n p X)
def NLA.IE23.moorePenrose : {m n : Nat} → NLA.IE23.Mat m n → NLA.IE23.Mat n m :=
fun {m n} A =>
  @HMul.hMul (Matrix (Fin n) (Fin m) Complex) (Matrix (Fin m) (Fin m) Complex) (Matrix (Fin n) (Fin m) Complex)
    (@Matrix.instHMulOfFintypeOfMulOfAddCommMonoid (Fin n) (Fin m) (Fin m) Complex (Fin.fintype m) Complex.instMul
      Complex.instAddCommMonoid)
    (@Matrix.conjTranspose (Fin m) (Fin n) Complex
      (@InvolutiveStar.toStar Complex
        (@StarAddMonoid.toInvolutiveStar Complex
          (@AddCommMonoid.toAddMonoid Complex
            (@NonUnitalNonAssocSemiring.toAddCommMonoid Complex
              (@NonUnitalNonAssocRing.toNonUnitalNonAssocSemiring Complex
                (@NonUnitalNonAssocCommRing.toNonUnitalNonAssocRing Complex
                  (@NonUnitalCommRing.toNonUnitalNonAssocCommRing Complex Complex.instNonUnitalCommRing)))))
          (@StarRing.toStarAddMonoid Complex
            (@NonUnitalNonAssocRing.toNonUnitalNonAssocSemiring Complex
              (@NonUnitalNonAssocCommRing.toNonUnitalNonAssocRing Complex
                (@NonUnitalCommRing.toNonUnitalNonAssocCommRing Complex Complex.instNonUnitalCommRing)))
            Complex.instStarRing)))
      A)
    (@Inv.inv (Matrix (Fin m) (Fin m) Complex)
      (@Matrix.inv (Fin m) Complex (Fin.fintype m) (instDecidableEqFin m) Complex.commRing)
      (@HMul.hMul (NLA.IE23.Mat m n) (Matrix (Fin n) (Fin m) Complex) (Matrix (Fin m) (Fin m) Complex)
        (@Matrix.instHMulOfFintypeOfMulOfAddCommMonoid (Fin m) (Fin n) (Fin m) Complex (Fin.fintype n) Complex.instMul
          Complex.instAddCommMonoid)
        A
        (@Matrix.conjTranspose (Fin m) (Fin n) Complex
          (@InvolutiveStar.toStar Complex
            (@StarAddMonoid.toInvolutiveStar Complex
              (@AddCommMonoid.toAddMonoid Complex
                (@NonUnitalNonAssocSemiring.toAddCommMonoid Complex
                  (@NonUnitalNonAssocRing.toNonUnitalNonAssocSemiring Complex
                    (@NonUnitalNonAssocCommRing.toNonUnitalNonAssocRing Complex
                      (@NonUnitalCommRing.toNonUnitalNonAssocCommRing Complex Complex.instNonUnitalCommRing)))))
              (@StarRing.toStarAddMonoid Complex
                (@NonUnitalNonAssocRing.toNonUnitalNonAssocSemiring Complex
                  (@NonUnitalNonAssocCommRing.toNonUnitalNonAssocRing Complex
                    (@NonUnitalCommRing.toNonUnitalNonAssocCommRing Complex Complex.instNonUnitalCommRing)))
                Complex.instStarRing)))
          A)))
def Matrix.rank.{um, un, uR} : {m : Type um} →
  {n : Type un} → {R : Type uR} → [Fintype n] → [CommSemiring R] → Matrix m n R → ℕ :=
fun {m} {n} {R} [Fintype n] [CommSemiring R] A => Module.finrank R ↥A.mulVecLin.range
@[instance_reducible] def Matrix.inv.{u', v} : {n : Type u'} →
  {α : Type v} → [Fintype n] → [DecidableEq n] → [CommRing α] → Inv (Matrix n n α) :=
fun {n} {α} [Fintype n] [DecidableEq n] [CommRing α] => { inv := fun A => Ring.inverse A.det • A.adjugate }
def NLA.IE23.ratioSet : {m n : ℕ} → ℝ → NLA.IE23.Mat n m → Set ℝ :=
fun {m n} p X => {r | ∃ y, y ≠ 0 ∧ r = NLA.IE23.euclideanNorm (Matrix.mulVec X y) / NLA.IE23.lpNorm p y}
def NLA.IE23.rightInverseNorms : {m n : ℕ} → NLA.IE23.Mat m n → ℝ → Set ℝ :=
fun {m n} A p => {c | ∃ Y, NLA.IE23.IsRightInverse A Y ∧ c = NLA.IE23.inducedNorm p Y}
def NLA.IE23.IsNormMinimizer : {m n : ℕ} → NLA.IE23.Mat m n → ℝ → NLA.IE23.Mat n m → Prop :=
fun {m n} A p X =>
  NLA.IE23.IsRightInverse A X ∧
    ∀ (Y : NLA.IE23.Mat n m), NLA.IE23.IsRightInverse A Y → NLA.IE23.inducedNorm p X ≤ NLA.IE23.inducedNorm p Y
def NLA.IE23.RightInverseUniqueConjecture : Prop :=
∀ (m n : ℕ),
  1 ≤ m →
    m < n →
      ∀ (A : NLA.IE23.Mat m n),
        NLA.IE23.FullRowRank A →
          ∀ (p : ℝ),
            2 < p →
              ∀ (X : NLA.IE23.Mat n m),
                NLA.IE23.IsRightInverse A X →
                  X ≠ NLA.IE23.moorePenrose A →
                    NLA.IE23.inducedNorm p (NLA.IE23.moorePenrose A) < NLA.IE23.inducedNorm p X
@NLA.IE23.inducedNorm_semantics : ∀ {m n : ℕ},
  1 ≤ m →
    ∀ (p : ℝ),
      2 < p →
        ∀ (X : NLA.IE23.Mat n m),
          (∀ (y : NLA.IE23.Vec m), y ≠ 0 → 0 < NLA.IE23.lpNorm p y) ∧
            (NLA.IE23.ratioSet p X).Nonempty ∧
              BddAbove (NLA.IE23.ratioSet p X) ∧
                IsLUB (NLA.IE23.ratioSet p X) (NLA.IE23.inducedNorm p X) ∧
                  0 ≤ NLA.IE23.inducedNorm p X ∧
                    ∀ (y : NLA.IE23.Vec m),
                      NLA.IE23.euclideanNorm (Matrix.mulVec X y) ≤ NLA.IE23.inducedNorm p X * NLA.IE23.lpNorm p y
NLA.IE23.witness_matrix_identities : NLA.IE23.FullRowRank NLA.IE23.witnessA ∧
  NLA.IE23.witnessA * Matrix.conjTranspose NLA.IE23.witnessA = NLA.IE23.witnessGram ∧
    IsUnit NLA.IE23.witnessGram ∧
      NLA.IE23.witnessGram⁻¹ = NLA.IE23.witnessGramInv ∧
        NLA.IE23.moorePenrose NLA.IE23.witnessA = NLA.IE23.witnessB ∧
          NLA.IE23.IsRightInverse NLA.IE23.witnessA NLA.IE23.witnessB ∧
            NLA.IE23.IsRightInverse NLA.IE23.witnessA NLA.IE23.witnessX ∧
              NLA.IE23.witnessB ≠ NLA.IE23.witnessX ∧
                Matrix.conjTranspose NLA.IE23.witnessB * NLA.IE23.witnessB = NLA.IE23.witnessGramInv ∧
                  Matrix.conjTranspose NLA.IE23.witnessX * NLA.IE23.witnessX = 1
NLA.IE23.fourth_power_norm_control : 2 < 4 ∧
  0 < NLA.IE23.witnessNorm ∧
    NLA.IE23.witnessNorm ^ 2 = √2 ∧
      NLA.IE23.witnessNorm ^ 4 = 2 ∧
        NLA.IE23.witnessNorm = 2 ^ (1 / 2 - 1 / 4) ∧
          (∀ (y : NLA.IE23.Vec 2), NLA.IE23.euclideanNorm y ^ 2 = ∑ i, Complex.normSq (y i)) ∧
            (∀ (y : NLA.IE23.Vec 2), NLA.IE23.lpNorm 4 y ^ 4 = ∑ i, ‖y i‖ ^ 4) ∧
              ∀ (y : NLA.IE23.Vec 2), NLA.IE23.euclideanNorm y ≤ NLA.IE23.witnessNorm * NLA.IE23.lpNorm 4 y
NLA.IE23.witness_action_identities : (∀ (y : NLA.IE23.Vec 2),
    NLA.IE23.euclideanNorm (Matrix.mulVec NLA.IE23.witnessB y) ^ 2 + Complex.normSq (y 0 + y 1) / 3 =
      NLA.IE23.euclideanNorm y ^ 2) ∧
  (∀ (y : NLA.IE23.Vec 2), NLA.IE23.euclideanNorm (Matrix.mulVec NLA.IE23.witnessX y) = NLA.IE23.euclideanNorm y) ∧
    ∀ (Y : NLA.IE23.Mat 3 2),
      NLA.IE23.IsRightInverse NLA.IE23.witnessA Y →
        NLA.IE23.euclideanNorm (Matrix.mulVec Y NLA.IE23.normingVector) ^ 2 =
          2 + 3 * Complex.normSq (Matrix.mulVec Y NLA.IE23.normingVector 0)
NLA.IE23.witness_attainment : NLA.IE23.normingVector ≠ 0 ∧
  NLA.IE23.lpNorm 4 NLA.IE23.normingVector = NLA.IE23.witnessNorm ∧
    NLA.IE23.euclideanNorm (Matrix.mulVec NLA.IE23.witnessB NLA.IE23.normingVector) = √2 ∧
      NLA.IE23.euclideanNorm (Matrix.mulVec NLA.IE23.witnessX NLA.IE23.normingVector) = √2 ∧
        NLA.IE23.euclideanNorm (Matrix.mulVec NLA.IE23.witnessB NLA.IE23.normingVector) /
              NLA.IE23.lpNorm 4 NLA.IE23.normingVector =
            NLA.IE23.witnessNorm ∧
          NLA.IE23.euclideanNorm (Matrix.mulVec NLA.IE23.witnessX NLA.IE23.normingVector) /
              NLA.IE23.lpNorm 4 NLA.IE23.normingVector =
            NLA.IE23.witnessNorm
NLA.IE23.witness_norms : NLA.IE23.inducedNorm 4 NLA.IE23.witnessB = NLA.IE23.witnessNorm ∧
  NLA.IE23.inducedNorm 4 NLA.IE23.witnessX = NLA.IE23.witnessNorm
NLA.IE23.witness_global_minimizers : NLA.IE23.IsNormMinimizer NLA.IE23.witnessA 4 NLA.IE23.witnessB ∧
  NLA.IE23.IsNormMinimizer NLA.IE23.witnessA 4 NLA.IE23.witnessX ∧
    IsLeast (NLA.IE23.rightInverseNorms NLA.IE23.witnessA 4) NLA.IE23.witnessNorm
NLA.IE23.not_rightInverseUniqueConjecture : ¬NLA.IE23.RightInverseUniqueConjecture
theorem NLA.IE23.competitor_inducedNorm_lower : ∀ (Y : NLA.IE23.Mat 3 2),
  NLA.IE23.IsRightInverse NLA.IE23.witnessA Y → NLA.IE23.witnessNorm ≤ NLA.IE23.inducedNorm 4 Y :=
fun Y hY =>
  have hn :=
    (sq_le_sq₀ (Real.sqrt_nonneg 2) (NLA.IE23.euclideanNorm_nonneg (Matrix.mulVec Y NLA.IE23.normingVector))).mp
      (Eq.mpr
        (id
          (congrArg (fun _a => _a ≤ NLA.IE23.euclideanNorm (Matrix.mulVec Y NLA.IE23.normingVector) ^ 2)
            (Real.sq_sqrt
              (Mathlib.Meta.NormNum.isNat_le_true (Mathlib.Meta.NormNum.isNat_ofNat ℝ Nat.cast_zero)
                (Mathlib.Meta.NormNum.isNat_ofNat ℝ (Eq.refl 2)) (Eq.refl true)))))
        (Eq.mpr (id (congrArg (fun _a => 2 ≤ _a) (NLA.IE23.competitor_norm_identity Y hY)))
          (have h := Complex.normSq_nonneg (Matrix.mulVec Y NLA.IE23.normingVector 0);
          le_of_not_gt fun a =>
            Mathlib.Tactic.Linarith.lt_irrefl
              (Eq.mp
                (congrArg (fun _a => _a < 0)
                  (Mathlib.Tactic.Ring.of_eq
                    (Mathlib.Tactic.Ring.Common.add_congr
                      (Mathlib.Tactic.Ring.Common.mul_congr
                        (Mathlib.Tactic.Ring.cast_pos (Mathlib.Meta.NormNum.isNat_ofNat ℝ (Eq.refl 3)))
                        (Mathlib.Tactic.Ring.Common.sub_congr
                          (Mathlib.Tactic.Ring.cast_zero (Mathlib.Meta.NormNum.isNat_ofNat ℝ Nat.cast_zero))
                          (Mathlib.Tactic.Ring.Common.atom_pf
                            (Complex.normSq (Matrix.mulVec Y NLA.IE23.normingVector 0)) rfl
                            (Eq.mpr
                              (id
                                (congrArg
                                  (fun _a =>
                                    Complex.normSq (Matrix.mulVec Y NLA.IE23.normingVector 0) ^ Nat.rawCast 1 *
                                        Nat.rawCast 1 =
                                      Complex.normSq (Matrix.mulVec Y NLA.IE23.normingVector 0) ^ Nat.rawCast 1 * _a)
                                  (Eq.symm rfl)))
                              (Eq.refl
                                (Complex.normSq (Matrix.mulVec Y NLA.IE23.normingVector 0) ^ Nat.rawCast 1 *
                                  Nat.rawCast 1))))
                          (Mathlib.Tactic.Ring.Common.sub_pf
                            (Mathlib.Tactic.Ring.Common.neg_add
                              (Mathlib.Tactic.Ring.Common.neg_mul
                                (Complex.normSq (Matrix.mulVec Y NLA.IE23.normingVector 0)) (Nat.rawCast 1)
                                (Mathlib.Meta.NormNum.IsInt.to_raw_eq
                                  (Mathlib.Meta.NormNum.isInt_neg (Eq.refl Neg.neg)
                                    (Mathlib.Meta.NormNum.IsNat.to_isInt (Mathlib.Meta.NormNum.IsNat.of_raw ℝ 1))
                                    (Eq.refl (Int.negOfNat 1)))))
                              Mathlib.Tactic.Ring.Common.neg_zero)
                            (Mathlib.Tactic.Ring.Common.add_pf_zero_add
                              (Complex.normSq (Matrix.mulVec Y NLA.IE23.normingVector 0) ^ Nat.rawCast 1 *
                                  (Int.negOfNat 1).rawCast +
                                0))))
                        (Mathlib.Tactic.Ring.Common.add_mul
                          (Mathlib.Tactic.Ring.Common.mul_add
                            (Mathlib.Tactic.Ring.Common.mul_pf_right
                              (Complex.normSq (Matrix.mulVec Y NLA.IE23.normingVector 0)) (Nat.rawCast 1)
                              (Mathlib.Meta.NormNum.IsInt.to_raw_eq
                                (Mathlib.Meta.NormNum.isInt_mul (Eq.refl HMul.hMul)
                                  (Mathlib.Meta.NormNum.IsNat.to_isInt (Mathlib.Meta.NormNum.IsNat.of_raw ℝ 3))
                                  (Mathlib.Meta.NormNum.IsInt.of_raw ℝ (Int.negOfNat 1)) (Eq.refl (Int.negOfNat 3)))))
                            (Mathlib.Tactic.Ring.Common.mul_zero (Nat.rawCast 3))
                            (Mathlib.Tactic.Ring.Common.add_pf_add_zero
                              (Complex.normSq (Matrix.mulVec Y NLA.IE23.normingVector 0) ^ Nat.rawCast 1 *
                                  (Int.negOfNat 3).rawCast +
                                0)))
                          (Mathlib.Tactic.Ring.Common.zero_mul
                            (Complex.normSq (Matrix.mulVec Y NLA.IE23.normingVector 0) ^ Nat.rawCast 1 *
                                (Int.negOfNat 1).rawCast +
                              0))
                          (Mathlib.Tactic.Ring.Common.add_pf_add_zero
                            (Complex.normSq (Matrix.mulVec Y NLA.IE23.normingVector 0) ^ Nat.rawCast 1 *
                                (Int.negOfNat 3).rawCast +
                              0))))
                      (Mathlib.Tactic.Ring.Common.sub_congr
                        (Mathlib.Tactic.Ring.Common.add_congr
                          (Mathlib.Tactic.Ring.cast_pos (Mathlib.Meta.NormNum.isNat_ofNat ℝ (Eq.refl 2)))
                          (Mathlib.Tactic.Ring.Common.mul_congr
                            (Mathlib.Tactic.Ring.cast_pos (Mathlib.Meta.NormNum.isNat_ofNat ℝ (Eq.refl 3)))
                            (Mathlib.Tactic.Ring.Common.atom_pf
                              (Complex.normSq (Matrix.mulVec Y NLA.IE23.normingVector 0)) rfl
                              (Eq.mpr
                                (id
                                  (congrArg
                                    (fun _a =>
                                      Complex.normSq (Matrix.mulVec Y NLA.IE23.normingVector 0) ^ Nat.rawCast 1 *
                                          Nat.rawCast 1 =
                                        Complex.normSq (Matrix.mulVec Y NLA.IE23.normingVector 0) ^ Nat.rawCast 1 * _a)
                                    (Eq.symm rfl)))
                                (Eq.refl
                                  (Complex.normSq (Matrix.mulVec Y NLA.IE23.normingVector 0) ^ Nat.rawCast 1 *
                                    Nat.rawCast 1))))
                            (Mathlib.Tactic.Ring.Common.add_mul
                              (Mathlib.Tactic.Ring.Common.mul_add
                                (Mathlib.Tactic.Ring.Common.mul_pf_right
                                  (Complex.normSq (Matrix.mulVec Y NLA.IE23.normingVector 0)) (Nat.rawCast 1)
                                  (Mathlib.Meta.NormNum.IsNat.to_raw_eq
                                    (Mathlib.Meta.NormNum.isNat_mul (Eq.refl HMul.hMul)
                                      (Mathlib.Meta.NormNum.IsNat.of_raw ℝ 3) (Mathlib.Meta.NormNum.IsNat.of_raw ℝ 1)
                                      (Eq.refl 3))))
                                (Mathlib.Tactic.Ring.Common.mul_zero (Nat.rawCast 3))
                                (Mathlib.Tactic.Ring.Common.add_pf_add_zero
                                  (Complex.normSq (Matrix.mulVec Y NLA.IE23.normingVector 0) ^ Nat.rawCast 1 *
                                      Nat.rawCast 3 +
                                    0)))
                              (Mathlib.Tactic.Ring.Common.zero_mul
                                (Complex.normSq (Matrix.mulVec Y NLA.IE23.normingVector 0) ^ Nat.rawCast 1 *
                                    Nat.rawCast 1 +
                                  0))
                              (Mathlib.Tactic.Ring.Common.add_pf_add_zero
                                (Complex.normSq (Matrix.mulVec Y NLA.IE23.normingVector 0) ^ Nat.rawCast 1 *
                                    Nat.rawCast 3 +
                                  0))))
                          (Mathlib.Tactic.Ring.Common.add_pf_add_lt (Nat.rawCast 2)
                            (Mathlib.Tactic.Ring.Common.add_pf_zero_add
                              (Complex.normSq (Matrix.mulVec Y NLA.IE23.normingVector 0) ^ Nat.rawCast 1 *
                                  Nat.rawCast 3 +
                                0))))
                        (Mathlib.Tactic.Ring.cast_pos (Mathlib.Meta.NormNum.isNat_ofNat ℝ (Eq.refl 2)))
                        (Mathlib.Tactic.Ring.Common.sub_pf
                          (Mathlib.Tactic.Ring.Common.neg_add
                            (Mathlib.Meta.NormNum.IsInt.to_raw_eq
                              (Mathlib.Meta.NormNum.isInt_neg (Eq.refl Neg.neg)
                                (Mathlib.Meta.NormNum.IsNat.to_isInt (Mathlib.Meta.NormNum.IsNat.of_raw ℝ 2))
                                (Eq.refl (Int.negOfNat 2))))
                            Mathlib.Tactic.Ring.Common.neg_zero)
                          (Mathlib.Tactic.Ring.Common.add_pf_add_overlap_zero
                            (Mathlib.Meta.NormNum.IsInt.to_isNat
                              (Mathlib.Meta.NormNum.isInt_add (Eq.refl HAdd.hAdd)
                                (Mathlib.Meta.NormNum.IsNat.to_isInt (Mathlib.Meta.NormNum.IsNat.of_raw ℝ 2))
                                (Mathlib.Meta.NormNum.IsInt.of_raw ℝ (Int.negOfNat 2)) (Eq.refl (Int.ofNat 0))))
                            (Mathlib.Tactic.Ring.Common.add_pf_add_zero
                              (Complex.normSq (Matrix.mulVec Y NLA.IE23.normingVector 0) ^ Nat.rawCast 1 *
                                  Nat.rawCast 3 +
                                0)))))
                      (Mathlib.Tactic.Ring.Common.add_pf_add_overlap_zero
                        (Mathlib.Tactic.Ring.Common.add_overlap_pf_zero
                          (Complex.normSq (Matrix.mulVec Y NLA.IE23.normingVector 0)) (Nat.rawCast 1)
                          (Mathlib.Meta.NormNum.IsInt.to_isNat
                            (Mathlib.Meta.NormNum.isInt_add (Eq.refl HAdd.hAdd)
                              (Mathlib.Meta.NormNum.IsInt.of_raw ℝ (Int.negOfNat 3))
                              (Mathlib.Meta.NormNum.IsNat.to_isInt (Mathlib.Meta.NormNum.IsNat.of_raw ℝ 3))
                              (Eq.refl (Int.ofNat 0)))))
                        (Mathlib.Tactic.Ring.Common.add_pf_zero_add 0)))
                    (Mathlib.Tactic.Ring.cast_zero (Mathlib.Meta.NormNum.isNat_ofNat ℝ Nat.cast_zero))))
                (Mathlib.Tactic.Linarith.add_lt_of_le_of_neg
                  (Mathlib.Tactic.Linarith.mul_nonpos (Mathlib.Tactic.Linarith.sub_nonpos_of_le h)
                    (Mathlib.Meta.NormNum.isNat_lt_true (Mathlib.Meta.NormNum.isNat_ofNat ℝ Nat.cast_zero)
                      (Mathlib.Meta.NormNum.isNat_ofNat ℝ (Eq.refl 3)) (Eq.refl false)))
                  (Mathlib.Tactic.Linarith.sub_neg_of_lt a))))));
  Trans.trans
    (Trans.trans
      (Trans.trans (Eq.symm NLA.IE23.sqrt_two_div_witnessNorm)
        (div_le_div_of_nonneg_right hn (LT.lt.le NLA.IE23.witnessNorm_pos)))
      (Eq.mpr
        (id
          (congrArg
            (fun _a =>
              NLA.IE23.euclideanNorm (Matrix.mulVec Y NLA.IE23.normingVector) / NLA.IE23.witnessNorm =
                NLA.IE23.euclideanNorm (Matrix.mulVec Y NLA.IE23.normingVector) / _a)
            NLA.IE23.normingVector_lpNorm))
        (Eq.refl (NLA.IE23.euclideanNorm (Matrix.mulVec Y NLA.IE23.normingVector) / NLA.IE23.witnessNorm))))
    (NLA.IE23.ratio_le_inducedNorm
      (Mathlib.Meta.NormNum.isNat_lt_true (Mathlib.Meta.NormNum.isNat_ofNat ℝ Nat.cast_zero)
        (Mathlib.Meta.NormNum.isNat_ofNat ℝ (Eq.refl 4)) (Eq.refl false))
      Y NLA.IE23.normingVector_ne_zero)
theorem NLA.IE23.witness_minimum : IsLeast (NLA.IE23.rightInverseNorms NLA.IE23.witnessA 4) NLA.IE23.witnessNorm :=
⟨Exists.intro NLA.IE23.witnessB ⟨NLA.IE23.witness_B_rightInverse, Eq.symm NLA.IE23.witnessB_inducedNorm⟩, fun ⦃c⦄ a =>
  Exists.casesOn a fun Y h => And.casesOn h fun hY right => Eq.symm right ▸ NLA.IE23.competitor_inducedNorm_lower Y hY⟩
theorem NLA.IE23.full_conjecture_negation : ¬NLA.IE23.RightInverseUniqueConjecture :=
fun h =>
  have hx :=
    Eq.mpr (id (congrArg (fun _a => NLA.IE23.witnessX ≠ _a) NLA.IE23.witness_moorePenrose))
      (Ne.symm NLA.IE23.witness_B_ne_X);
  have hc :=
    h 2 3 (of_decide_eq_true (id (Eq.refl true))) (of_decide_eq_true (id (Eq.refl true))) NLA.IE23.witnessA
      NLA.IE23.witness_fullRowRank 4
      (Mathlib.Meta.NormNum.isNat_lt_true (Mathlib.Meta.NormNum.isNat_ofNat ℝ (Eq.refl 2))
        (Mathlib.Meta.NormNum.isNat_ofNat ℝ (Eq.refl 4)) (Eq.refl false))
      NLA.IE23.witnessX NLA.IE23.witness_X_rightInverse hx;
  lt_irrefl NLA.IE23.witnessNorm
    (Eq.mp (congrArg (fun _a => NLA.IE23.witnessNorm < _a) NLA.IE23.witnessX_inducedNorm)
      (Eq.mp (congrArg (fun _a => _a < NLA.IE23.inducedNorm 4 NLA.IE23.witnessX) NLA.IE23.witnessB_inducedNorm)
        (Eq.mp
          (congrArg (fun _a => NLA.IE23.inducedNorm 4 _a < NLA.IE23.inducedNorm 4 NLA.IE23.witnessX)
            NLA.IE23.witness_moorePenrose)
          hc)))
