randomized-and-low-rank-approximation/RA-08/lean/verification/canonical-reproduction-addendum-2026-09-13/archive/README.md:3: trailing whitespace.
+**Difficulty:** challenging  
randomized-and-low-rank-approximation/RA-08/lean/verification/canonical-reproduction-addendum-2026-09-13/archive/README.md:4: trailing whitespace.
+**Importance:** interesting to the community  
randomized-and-low-rank-approximation/RA-08/lean/verification/canonical-reproduction-addendum-2026-09-13/archive/README.md:5: trailing whitespace.
+**Rating rationale:** Challenging because scalar concavity must control noncommuting spectral errors; community impact is reusing low-rank approximations across matrix functions.  
randomized-and-low-rank-approximation/RA-08/lean/verification/canonical-reproduction-addendum-2026-09-13/archive/README.md:6: trailing whitespace.
+**Topic:** Low-rank approximation of matrix functions.  
randomized-and-low-rank-approximation/RA-08/lean/verification/canonical-reproduction-addendum-2026-09-13/initial-layout-diagnostic/README.md:3: trailing whitespace.
+**Difficulty:** challenging  
randomized-and-low-rank-approximation/RA-08/lean/verification/canonical-reproduction-addendum-2026-09-13/initial-layout-diagnostic/README.md:4: trailing whitespace.
+**Importance:** interesting to the community  
randomized-and-low-rank-approximation/RA-08/lean/verification/canonical-reproduction-addendum-2026-09-13/initial-layout-diagnostic/README.md:5: trailing whitespace.
+**Rating rationale:** Challenging because scalar concavity must control noncommuting spectral errors; community impact is reusing low-rank approximations across matrix functions.  
randomized-and-low-rank-approximation/RA-08/lean/verification/canonical-reproduction-addendum-2026-09-13/initial-layout-diagnostic/README.md:6: trailing whitespace.
+**Topic:** Low-rank approximation of matrix functions.  
randomized-and-low-rank-approximation/RA-08/lean/verification/canonical-reproduction-referee-2026-09-13/canonical-addendum.patch:5: trailing whitespace.
+ 
randomized-and-low-rank-approximation/RA-08/lean/verification/canonical-reproduction-referee-2026-09-13/canonical-addendum.patch:41: trailing whitespace.
+ 
randomized-and-low-rank-approximation/RA-08/lean/verification/canonical-reproduction-referee-2026-09-13/canonical-addendum.patch:43: trailing whitespace.
+ 
randomized-and-low-rank-approximation/RA-08/lean/verification/canonical-reproduction-referee-2026-09-13/canonical-addendum.patch:43: new blank line at EOF.
randomized-and-low-rank-approximation/RA-08/lean/verification/linux-2026-09-12/job-103665470662.log:224: trailing whitespace.
+2026-09-13T03:21:32.4912615Z 
randomized-and-low-rank-approximation/RA-08/lean/verification/linux-2026-09-12/job-103665470662.log:227: trailing whitespace.
+2026-09-13T03:21:32.4913617Z 
randomized-and-low-rank-approximation/RA-08/lean/verification/linux-2026-09-12/job-103665470662.log:246: trailing whitespace.
+2026-09-13T03:21:32.6832432Z 
randomized-and-low-rank-approximation/RA-08/lean/verification/linux-2026-09-12/job-103665470662.log:249: trailing whitespace.
+2026-09-13T03:21:32.6833100Z 
randomized-and-low-rank-approximation/RA-08/lean/verification/linux-2026-09-12/job-103665499333.log:140: trailing whitespace.
+2026-09-13T03:21:51.0522523Z 
randomized-and-low-rank-approximation/RA-08/lean/verification/linux-2026-09-12/job-103665499333.log:189: trailing whitespace.
+2026-09-13T03:21:51.1908036Z 
randomized-and-low-rank-approximation/RA-08/lean/verification/linux-2026-09-12/job-103665499333.log:227: trailing whitespace.
+2026-09-13T03:22:03.1618314Z 
randomized-and-low-rank-approximation/RA-08/lean/verification/linux-2026-09-12/job-103665499333.log:324: trailing whitespace.
+2026-09-13T03:22:14.7741567Z (Reading database ... 
randomized-and-low-rank-approximation/RA-08/lean/verification/linux-2026-09-12/job-103665499333.log:351: trailing whitespace.
+2026-09-13T03:22:20.3402878Z 
randomized-and-low-rank-approximation/RA-08/lean/verification/linux-2026-09-12/job-103665499333.log:353: trailing whitespace.
+2026-09-13T03:22:20.3403929Z 
randomized-and-low-rank-approximation/RA-08/lean/verification/linux-2026-09-12/job-103665499333.log:355: trailing whitespace.
+2026-09-13T03:22:20.3404374Z 
randomized-and-low-rank-approximation/RA-08/lean/verification/linux-2026-09-12/job-103665499333.log:357: trailing whitespace.
+2026-09-13T03:22:20.3404782Z 
randomized-and-low-rank-approximation/RA-08/lean/verification/linux-2026-09-12/job-103665499333.log:359: trailing whitespace.
+2026-09-13T03:22:20.3405636Z 
randomized-and-low-rank-approximation/RA-08/lean/verification/linux-2026-09-12/job-103665499333.log:442: trailing whitespace.
+2026-09-13T03:22:40.4906421Z 
randomized-and-low-rank-approximation/RA-08/lean/verification/linux-2026-09-12/job-103665499333.log:473: trailing whitespace.
+2026-09-13T03:22:40.4916540Z 
randomized-and-low-rank-approximation/RA-08/lean/verification/linux-2026-09-12/job-103665499333.log:483: trailing whitespace.
+2026-09-13T03:22:40.4919801Z 
randomized-and-low-rank-approximation/RA-08/lean/verification/linux-2026-09-12/job-103665499333.log:493: trailing whitespace.
+2026-09-13T03:22:40.4922773Z 
randomized-and-low-rank-approximation/RA-08/lean/verification/linux-2026-09-12/job-103665499333.log:503: trailing whitespace.
+2026-09-13T03:22:40.4926068Z 
randomized-and-low-rank-approximation/RA-08/lean/verification/linux-2026-09-12/job-103665499333.log:513: trailing whitespace.
+2026-09-13T03:22:40.4929033Z 
randomized-and-low-rank-approximation/RA-08/lean/verification/linux-2026-09-12/job-103665499333.log:544: trailing whitespace.
+2026-09-13T03:22:42.0237138Z 
randomized-and-low-rank-approximation/RA-08/lean/verification/linux-2026-09-12/job-103665499333.log:561: trailing whitespace.
+2026-09-13T03:22:44.0722927Z 
randomized-and-low-rank-approximation/RA-08/lean/verification/linux-2026-09-12/job-103665499333.log:576: trailing whitespace.
+2026-09-13T03:22:45.9469396Z 
randomized-and-low-rank-approximation/RA-08/lean/verification/linux-2026-09-12/job-103665499333.log:591: trailing whitespace.
+2026-09-13T03:22:47.7774767Z 
randomized-and-low-rank-approximation/RA-08/lean/verification/linux-2026-09-12/job-103665499333.log:606: trailing whitespace.
+2026-09-13T03:22:49.6370551Z 
randomized-and-low-rank-approximation/RA-08/lean/verification/linux-2026-09-12/job-103665499545.log:171: trailing whitespace.
+2026-09-13T03:29:13.9351412Z 
randomized-and-low-rank-approximation/RA-08/lean/verification/linux-2026-09-12/job-103665499545.log:220: trailing whitespace.
+2026-09-13T03:29:14.0334083Z 
randomized-and-low-rank-approximation/RA-08/lean/verification/linux-2026-09-12/job-103665499545.log:258: trailing whitespace.
+2026-09-13T03:29:30.5171050Z 
randomized-and-low-rank-approximation/RA-08/lean/verification/linux-2026-09-12/job-103665499545.log:355: trailing whitespace.
+2026-09-13T03:29:38.3221638Z (Reading database ... 
randomized-and-low-rank-approximation/RA-08/lean/verification/linux-2026-09-12/job-103665499545.log:382: trailing whitespace.
+2026-09-13T03:29:40.2233207Z 
randomized-and-low-rank-approximation/RA-08/lean/verification/linux-2026-09-12/job-103665499545.log:384: trailing whitespace.
+2026-09-13T03:29:40.2233997Z 
randomized-and-low-rank-approximation/RA-08/lean/verification/linux-2026-09-12/job-103665499545.log:386: trailing whitespace.
+2026-09-13T03:29:40.2234346Z 
randomized-and-low-rank-approximation/RA-08/lean/verification/linux-2026-09-12/job-103665499545.log:388: trailing whitespace.
+2026-09-13T03:29:40.2234878Z 
randomized-and-low-rank-approximation/RA-08/lean/verification/linux-2026-09-12/job-103665499545.log:390: trailing whitespace.
+2026-09-13T03:29:40.2235292Z 
randomized-and-low-rank-approximation/RA-08/lean/verification/linux-2026-09-12/job-103665499545.log:474: trailing whitespace.
+2026-09-13T03:29:56.2478228Z 
randomized-and-low-rank-approximation/RA-08/lean/verification/linux-2026-09-12/job-103665499545.log:505: trailing whitespace.
+2026-09-13T03:29:56.2486315Z 
randomized-and-low-rank-approximation/RA-08/lean/verification/linux-2026-09-12/job-103665499545.log:515: trailing whitespace.
+2026-09-13T03:29:56.2490006Z 
randomized-and-low-rank-approximation/RA-08/lean/verification/linux-2026-09-12/job-103665499545.log:525: trailing whitespace.
+2026-09-13T03:29:56.2493442Z 
randomized-and-low-rank-approximation/RA-08/lean/verification/linux-2026-09-12/job-103665499545.log:535: trailing whitespace.
+2026-09-13T03:29:56.2496255Z 
randomized-and-low-rank-approximation/RA-08/lean/verification/linux-2026-09-12/job-103665499545.log:545: trailing whitespace.
+2026-09-13T03:29:56.2498448Z 
randomized-and-low-rank-approximation/RA-08/lean/verification/linux-2026-09-12/job-103665499545.log:576: trailing whitespace.
+2026-09-13T03:29:57.5797076Z 
randomized-and-low-rank-approximation/RA-08/lean/verification/linux-2026-09-12/job-103665499545.log:593: trailing whitespace.
+2026-09-13T03:29:59.2677733Z 
randomized-and-low-rank-approximation/RA-08/lean/verification/linux-2026-09-12/job-103665499545.log:608: trailing whitespace.
+2026-09-13T03:30:00.7046357Z 
randomized-and-low-rank-approximation/RA-08/lean/verification/linux-2026-09-12/job-103665499545.log:623: trailing whitespace.
+2026-09-13T03:30:02.1401202Z 
randomized-and-low-rank-approximation/RA-08/lean/verification/linux-2026-09-12/job-103665499545.log:638: trailing whitespace.
+2026-09-13T03:30:03.6868208Z 
randomized-and-low-rank-approximation/RA-08/lean/verification/linux-2026-09-12/job-103665499545.log:730: trailing whitespace.
+2026-09-13T03:31:03.7710579Z 
randomized-and-low-rank-approximation/RA-08/lean/verification/linux-2026-09-12/permanent-id-job-103665470561.log:195: trailing whitespace.
+2026-09-13T03:21:26.9471374Z 
randomized-and-low-rank-approximation/RA-08/lean/verification/linux-2026-09-12/permanent-id-job-103665470561.log:198: trailing whitespace.
+2026-09-13T03:21:26.9472066Z 
randomized-and-low-rank-approximation/RA-08/lean/verification/linux-2026-09-12/permanent-id-job-103665470561.log:207: trailing whitespace.
+2026-09-13T03:21:27.1055654Z 
randomized-and-low-rank-approximation/RA-08/lean/verification/linux-2026-09-12/permanent-id-job-103665470561.log:210: trailing whitespace.
+2026-09-13T03:21:27.1056709Z 
randomized-and-low-rank-approximation/RA-08/lean/verification/linux-2026-09-12/permanent-id-job-103665470561.log:265: trailing whitespace.
+2026-09-13T03:21:33.2293849Z (Reading database ... 
randomized-and-low-rank-approximation/RA-08/lean/verification/linux-2026-09-12/permanent-id-job-103665470561.log:296: trailing whitespace.
+2026-09-13T03:21:36.1153540Z 
randomized-and-low-rank-approximation/RA-08/lean/verification/linux-2026-09-12/permanent-id-job-103665470561.log:298: trailing whitespace.
+2026-09-13T03:21:36.1154618Z 
randomized-and-low-rank-approximation/RA-08/lean/verification/linux-2026-09-12/permanent-id-job-103665470561.log:300: trailing whitespace.
+2026-09-13T03:21:36.1155408Z 
randomized-and-low-rank-approximation/RA-08/lean/verification/linux-2026-09-12/permanent-id-job-103665470561.log:302: trailing whitespace.
+2026-09-13T03:21:36.1155902Z 
randomized-and-low-rank-approximation/RA-08/lean/verification/linux-2026-09-12/permanent-id-job-103665470561.log:304: trailing whitespace.
+2026-09-13T03:21:36.1156476Z 
randomized-and-low-rank-approximation/RA-08/lean/verification/linux-2026-09-12/permanent-id-job-103665470561.log:329: trailing whitespace.
+2026-09-13T03:21:37.2299964Z 
randomized-and-low-rank-approximation/RA-08/lean/verification/linux-2026-09-12/permanent-id-job-103665470561.log:332: trailing whitespace.
+2026-09-13T03:21:37.2300587Z 
randomized-and-low-rank-approximation/RA-08/lean/verification/linux-2026-09-12/permanent-id-job-103665470561.log:345: trailing whitespace.
+2026-09-13T03:21:38.4401161Z 
randomized-and-low-rank-approximation/RA-08/lean/verification/linux-2026-09-12/permanent-id-job-103665470561.log:348: trailing whitespace.
+2026-09-13T03:21:38.4402848Z 
randomized-and-low-rank-approximation/RA-08/lean/verification/linux-2026-09-12/source/forsythe/.tools/lean4export/format_ndjson.md:7: trailing whitespace.
+{ 
randomized-and-low-rank-approximation/RA-08/lean/verification/linux-2026-09-12/source/forsythe/.tools/lean4export/format_ndjson.md:9: trailing whitespace.
+        "exporter": { 
randomized-and-low-rank-approximation/RA-08/lean/verification/linux-2026-09-12/source/forsythe/.tools/lean4export/format_ndjson.md:11: trailing whitespace.
+            "version": string 
randomized-and-low-rank-approximation/RA-08/lean/verification/linux-2026-09-12/source/forsythe/.tools/lean4export/format_ndjson.md:12: trailing whitespace.
+            }, 
randomized-and-low-rank-approximation/RA-08/lean/verification/linux-2026-09-12/source/forsythe/.tools/lean4export/format_ndjson.md:13: trailing whitespace.
+        "lean": { 
randomized-and-low-rank-approximation/RA-08/lean/verification/linux-2026-09-12/source/forsythe/.tools/lean4export/format_ndjson.md:15: trailing whitespace.
+            "version": string 
randomized-and-low-rank-approximation/RA-08/lean/verification/linux-2026-09-12/source/forsythe/.tools/lean4export/format_ndjson.md:19: trailing whitespace.
+        } 
randomized-and-low-rank-approximation/RA-08/lean/verification/linux-2026-09-12/source/forsythe/.tools/lean4export/format_ndjson.md:182: trailing whitespace.
+ 
randomized-and-low-rank-approximation/RA-08/lean/verification/linux-2026-09-12/source/forsythe/.tools/lean4export/format_ndjson.md:183: trailing whitespace.
+Expr.lit (Literal.natVal) 
randomized-and-low-rank-approximation/RA-08/lean/verification/linux-2026-09-12/source/forsythe/.tools/lean4export/format_ndjson.md:269: trailing whitespace.
+NB: The official Lean kernel uses the field-less constructor `Lean.Declaration.quotDecl : Lean.Declaration` as the input to declare the quotient declarations, and then adds the four declarations that make up the quotient package to the environment. The export format includes the data of these generated declarations for convenience. 
randomized-and-low-rank-approximation/RA-08/lean/verification/linux-2026-09-12/source/forsythe/.tools/lean4export/format_ndjson.md:284: trailing whitespace.
+NB: The official Lean kernel expects a `Lean.Declaration.inductDecl`, which contains a (mutual) group of inductive declarations with their constructors. From that the kernel derives the recursors, and informational fields like `isRec`, `isReflexive` or `cidx`. The export format includes the data of these generated declarations for convenience. 
randomized-and-low-rank-approximation/RA-08/lean/verification/linux-2026-09-12/source/forsythe/.tools/lean4export/format_ndjson.md:352: new blank line at EOF.
randomized-and-low-rank-approximation/RA-08/lean/verification/linux-2026-09-12/source/randomized-and-low-rank-approximation/RA-08/README.md:3: trailing whitespace.
+**Difficulty:** challenging  
randomized-and-low-rank-approximation/RA-08/lean/verification/linux-2026-09-12/source/randomized-and-low-rank-approximation/RA-08/README.md:4: trailing whitespace.
+**Importance:** interesting to the community  
randomized-and-low-rank-approximation/RA-08/lean/verification/linux-2026-09-12/source/randomized-and-low-rank-approximation/RA-08/README.md:5: trailing whitespace.
+**Rating rationale:** Challenging because scalar concavity must control noncommuting spectral errors; community impact is reusing low-rank approximations across matrix functions.  
randomized-and-low-rank-approximation/RA-08/lean/verification/linux-2026-09-12/source/randomized-and-low-rank-approximation/RA-08/README.md:6: trailing whitespace.
+**Topic:** Low-rank approximation of matrix functions.  
randomized-and-low-rank-approximation/RA-08/lean/verification/linux-2026-09-12/source/randomized-and-low-rank-approximation/RA-08/README.md:7: trailing whitespace.
+**Last checked:** 2026-09-11  
randomized-and-low-rank-approximation/RA-08/lean/verification/linux-2026-09-12/source/randomized-and-low-rank-approximation/RA-08/README.md:8: trailing whitespace.
+**Status:** Solved  
randomized-and-low-rank-approximation/RA-08/lean/verification/linux-2026-09-12/source/randomized-and-low-rank-approximation/RA-08/lean/verification/development/attempt-6run8wbm/NLA-RA08-Location.log:3: trailing whitespace.
+  
randomized-and-low-rank-approximation/RA-08/lean/verification/linux-2026-09-12/source/randomized-and-low-rank-approximation/RA-08/lean/verification/development/attempt-6run8wbm/NLA-RA08-Location.log:5: trailing whitespace.
+    
randomized-and-low-rank-approximation/RA-08/lean/verification/linux-2026-09-12/source/randomized-and-low-rank-approximation/RA-08/lean/verification/development/attempt-w291m1kk/NLA-RA08-Location.log:3: trailing whitespace.
+  
randomized-and-low-rank-approximation/RA-08/lean/verification/linux-2026-09-12/source/randomized-and-low-rank-approximation/RA-08/lean/verification/development/attempt-w291m1kk/NLA-RA08-Location.log:5: trailing whitespace.
+    
randomized-and-low-rank-approximation/RA-08/lean/verification/linux-2026-09-12/source/randomized-and-low-rank-approximation/RA-08/lean/verification/linux-candidate-2026-09-12/draft-source/README.md.diff:6: trailing whitespace.
+ 
randomized-and-low-rank-approximation/RA-08/lean/verification/linux-2026-09-12/source/randomized-and-low-rank-approximation/RA-08/lean/verification/linux-candidate-2026-09-12/draft-source/README.md.diff:13: trailing whitespace.
+ 
randomized-and-low-rank-approximation/RA-08/lean/verification/linux-2026-09-12/source/randomized-and-low-rank-approximation/RA-08/lean/verification/linux-candidate-2026-09-12/draft-source/README.md.diff:21: trailing whitespace.
+ 
randomized-and-low-rank-approximation/RA-08/lean/verification/linux-2026-09-12/source/randomized-and-low-rank-approximation/RA-08/lean/verification/linux-candidate-2026-09-12/draft-source/README.md.diff:30: trailing whitespace.
+ 
randomized-and-low-rank-approximation/RA-08/lean/verification/linux-2026-09-12/source/randomized-and-low-rank-approximation/RA-08/lean/verification/linux-candidate-2026-09-12/draft-source/README.md.diff:38: trailing whitespace.
+ 
randomized-and-low-rank-approximation/RA-08/lean/verification/linux-2026-09-12/source/randomized-and-low-rank-approximation/RA-08/lean/verification/linux-candidate-2026-09-12/draft-source/README.md.diff:45: trailing whitespace.
+ 
randomized-and-low-rank-approximation/RA-08/lean/verification/linux-2026-09-12/source/randomized-and-low-rank-approximation/RA-08/lean/verification/linux-candidate-2026-09-12/draft-source/README.md.diff:56: trailing whitespace.
+ 
randomized-and-low-rank-approximation/RA-08/lean/verification/linux-2026-09-12/source/randomized-and-low-rank-approximation/RA-08/lean/verification/linux-candidate-2026-09-12/draft-source/README.md.diff:68: trailing whitespace.
+ 
randomized-and-low-rank-approximation/RA-08/lean/verification/linux-2026-09-12/source/randomized-and-low-rank-approximation/RA-08/lean/verification/linux-candidate-2026-09-12/draft-source/README.md.diff:77: trailing whitespace.
+ 
randomized-and-low-rank-approximation/RA-08/lean/verification/linux-2026-09-12/source/randomized-and-low-rank-approximation/RA-08/lean/verification/linux-candidate-2026-09-12/draft-source/README.md.diff:88: trailing whitespace.
+ 
randomized-and-low-rank-approximation/RA-08/lean/verification/linux-2026-09-12/source/references/colbrook-transfer-2026-09-11/README.md:3: trailing whitespace.
+**Author:** Matthew J. Colbrook. **Date:** 11 September 2026.  
randomized-and-low-rank-approximation/RA-08/lean/verification/linux-2026-09-12/source/references/colbrook-transfer-2026-09-11/README.md:20: trailing whitespace.
+**RA-07.** The sequence $(j+1)e_{j+1}/e_j$ is decreasing and discretely convex for every positive spectrum, including both endpoints. The exact second-difference certificate proves the full canonical conjecture. 
randomized-and-low-rank-approximation/RA-08/lean/verification/linux-2026-09-12/source/references/colbrook-transfer-2026-09-11/README.md:22: trailing whitespace.
+**RA-08.** A rational positive definite $6\times6$ matrix and its exact rank-three Nyström approximation attain the optimal input spectral error but violate transformed optimality for $f(x)=\min(x,1)$. At $t=1/65536$, the output ratio is at least $1+334583/15769728$. Since the input excess is zero, this also excludes every finite factor $1+C\varepsilon$ for that scalar-concave class. 
randomized-and-low-rank-approximation/RA-08/lean/verification/linux-2026-09-12/source/references/colbrook-transfer-2026-09-11/README.md:24: trailing whitespace.
+**RA-09.** The ordered theorem transfers ordinary relative Frobenius residual error with no loss for the larger monotone subhomogeneous function class. Put $B=\widehat A_k$. Since $0\preceq B\preceq A$, $\|A-B\|_F^2=\|A\|_F^2-\|B\|_F^2-2\operatorname{tr}(B(A-B))\le\|A\|_F^2-\|B\|_F^2$. Thus the original stronger trace-deficit premise implies the proved residual premise, establishing the exact canonical conclusion. All specified eigenbasis choices and zero-tail cases are covered. 
randomized-and-low-rank-approximation/RA-08/lean/verification/linux-2026-09-12/source/references/colbrook-transfer-2026-09-11/README.md:32: trailing whitespace.
+**RE-05.** The nonadaptive two-sided algorithm achieves pure relative Frobenius error with $O(\sqrt{q(\log q+1/\varepsilon)}+\log q)$ queries at constant success. Fifteen independent copies with internal squared parameter $\varepsilon/9$ and the proved median selector give failure at most $e^{-4.8}<0.01$ and norm factor at most $1+\varepsilon$. This meets the exact canonical uniform query bound and arithmetic model. 
randomized-and-low-rank-approximation/RA-08/lean/verification/publication-referee-2026-09-13/publication-diff.patch:6: trailing whitespace.
+ 
randomized-and-low-rank-approximation/RA-08/lean/verification/publication-referee-2026-09-13/publication-diff.patch:8: trailing whitespace.
+ 
randomized-and-low-rank-approximation/RA-08/lean/verification/publication-referee-2026-09-13/publication-diff.patch:11: trailing whitespace.
+ 
randomized-and-low-rank-approximation/RA-08/lean/verification/publication-referee-2026-09-13/publication-diff.patch:13: trailing whitespace.
+ 
randomized-and-low-rank-approximation/RA-08/lean/verification/publication-referee-2026-09-13/publication-diff.patch:30: trailing whitespace.
+ 
randomized-and-low-rank-approximation/RA-08/lean/verification/publication-referee-2026-09-13/publication-diff.patch:33: trailing whitespace.
+ 
randomized-and-low-rank-approximation/RA-08/lean/verification/publication-referee-2026-09-13/publication-diff.patch:35: trailing whitespace.
+ 
randomized-and-low-rank-approximation/RA-08/lean/verification/publication-referee-2026-09-13/publication-diff.patch:41: trailing whitespace.
+ 
randomized-and-low-rank-approximation/RA-08/lean/verification/publication-referee-2026-09-13/publication-diff.patch:43: trailing whitespace.
+ 
randomized-and-low-rank-approximation/RA-08/lean/verification/publication-referee-2026-09-13/publication-diff.patch:46: trailing whitespace.
+ 
randomized-and-low-rank-approximation/RA-08/lean/verification/publication-referee-2026-09-13/publication-diff.patch:48: trailing whitespace.
+ 
randomized-and-low-rank-approximation/RA-08/lean/verification/publication-referee-2026-09-13/publication-diff.patch:54: trailing whitespace.
+ **Importance:** interesting to the community  
randomized-and-low-rank-approximation/RA-08/lean/verification/publication-referee-2026-09-13/publication-diff.patch:55: trailing whitespace.
+ **Rating rationale:** Challenging because scalar concavity must control noncommuting spectral errors; community impact is reusing low-rank approximations across matrix functions.  
randomized-and-low-rank-approximation/RA-08/lean/verification/publication-referee-2026-09-13/publication-diff.patch:56: trailing whitespace.
+ **Topic:** Low-rank approximation of matrix functions.  
randomized-and-low-rank-approximation/RA-08/lean/verification/publication-referee-2026-09-13/publication-diff.patch:57: trailing whitespace.
+-**Last checked:** 2026-09-11  
randomized-and-low-rank-approximation/RA-08/lean/verification/publication-referee-2026-09-13/publication-diff.patch:58: trailing whitespace.
+-**Status:** Solved  
randomized-and-low-rank-approximation/RA-08/lean/verification/publication-referee-2026-09-13/publication-diff.patch:62: trailing whitespace.
+ 
randomized-and-low-rank-approximation/RA-08/lean/verification/publication-referee-2026-09-13/publication-diff.patch:66: trailing whitespace.
+ 
randomized-and-low-rank-approximation/RA-08/lean/verification/publication-referee-2026-09-13/publication-diff.patch:68: trailing whitespace.
+ 
randomized-and-low-rank-approximation/RA-08/lean/verification/publication-referee-2026-09-13/publication-diff.patch:71: trailing whitespace.
+ 
randomized-and-low-rank-approximation/RA-08/lean/verification/publication-referee-2026-09-13/publication-diff.patch:73: trailing whitespace.
+ 
randomized-and-low-rank-approximation/RA-08/lean/verification/publication-referee-2026-09-13/publication-diff.patch:85: trailing whitespace.
+ 
randomized-and-low-rank-approximation/RA-08/lean/verification/publication-referee-2026-09-13/publication-diff.patch:93: trailing whitespace.
+ 
randomized-and-low-rank-approximation/RA-08/lean/verification/publication-referee-2026-09-13/publication-diff.patch:96: trailing whitespace.
+ 
randomized-and-low-rank-approximation/RA-08/lean/verification/publication-referee-2026-09-13/publication-diff.patch:98: trailing whitespace.
+ 
randomized-and-low-rank-approximation/RA-08/lean/verification/publication-referee-2026-09-13/publication-diff.patch:100: trailing whitespace.
+ 
randomized-and-low-rank-approximation/RA-08/lean/verification/publication-referee-2026-09-13/publication-diff.patch:102: trailing whitespace.
+ 
randomized-and-low-rank-approximation/RA-08/lean/verification/publication-referee-2026-09-13/publication-diff.patch:105: trailing whitespace.
+ 
randomized-and-low-rank-approximation/RA-08/lean/verification/publication-referee-2026-09-13/publication-diff.patch:107: trailing whitespace.
+ 
randomized-and-low-rank-approximation/RA-08/lean/verification/publication-referee-2026-09-13/publication-diff.patch:111: trailing whitespace.
+ 
randomized-and-low-rank-approximation/RA-08/lean/verification/publication-referee-2026-09-13/publication-diff.patch:114: trailing whitespace.
+ 
randomized-and-low-rank-approximation/RA-08/lean/verification/publication-referee-2026-09-13/publication-diff.patch:457: trailing whitespace.
+ 
randomized-and-low-rank-approximation/RA-08/lean/verification/publication-referee-2026-09-13/publication-diff.patch:465: trailing whitespace.
+ 
randomized-and-low-rank-approximation/RA-08/lean/verification/publication-referee-2026-09-13/publication-diff.patch:468: trailing whitespace.
+ 
randomized-and-low-rank-approximation/RA-08/lean/verification/publication-referee-2026-09-13/publication-diff.patch:473: trailing whitespace.
+ 
randomized-and-low-rank-approximation/RA-08/lean/verification/publication-referee-2026-09-13/publication-diff.patch:475: trailing whitespace.
+ 
randomized-and-low-rank-approximation/RA-08/lean/verification/publication-referee-2026-09-13/publication-diff.patch:480: trailing whitespace.
+ 
