$ systemd-run --user --quiet --wait --pipe --collect -p 'RestrictAddressFamilies=~AF_UNIX' --working-directory /home/runner/work/_temp/nla-lean-tools/.verification-tmp/nla-fresh-proof-gwrj86i6/project /usr/bin/env -i PATH=/home/runner/.elan/toolchains/leanprover--lean4---v4.33.1/bin:/home/runner/.elan/bin:/home/runner/go/bin:/opt/hostedtoolcache/go/1.27.1/x64/bin:/snap/bin:/home/runner/.local/bin:/opt/pipx_bin:/home/runner/.cargo/bin:/home/runner/.config/composer/vendor/bin:/usr/local/.ghcup/bin:/home/runner/.dotnet/tools:/usr/local/sbin:/usr/local/bin:/usr/sbin:/usr/bin:/sbin:/bin:/usr/games:/usr/local/games:/snap/bin HOME=/home/runner LANG=C.UTF-8 XDG_RUNTIME_DIR=/run/user/1001 DBUS_SESSION_BUS_ADDRESS=unix:path=/run/user/1001/bus GIT_TERMINAL_PROMPT=0 GIT_CONFIG_NOSYSTEM=1 GIT_CONFIG_GLOBAL=/dev/null COMPARATOR_BIN=/home/runner/work/_temp/nla-lean-tools/.tools/comparator/.lake/build/bin/comparator COMPARATOR_LEAN4EXPORT=/home/runner/work/_temp/nla-lean-tools/.tools/lean4export/.lake/build/bin/lean4export COMPARATOR_LANDRUN=/home/runner/work/_temp/nla-lean-tools/scripts/strict_landrun.py XDG_CACHE_HOME=/home/runner/work/_temp/nla-lean-tools/.tools/cache TMPDIR=/home/runner/work/_temp/nla-lean-tools/.verification-tmp lake env /home/runner/work/_temp/nla-lean-tools/.tools/comparator/.lake/build/bin/comparator comparator.json
Building Challenge
✔ [2147/2149] Built NLA.FR12.Definitions (2.1s)
⚠ [2148/2149] Built Challenge (1.9s)
warning: Challenge.lean:15:8: declaration uses `sorry`
warning: Challenge.lean:23:8: declaration uses `sorry`
warning: Challenge.lean:30:8: declaration uses `sorry`
warning: Challenge.lean:35:8: declaration uses `sorry`
warning: Challenge.lean:40:8: declaration uses `sorry`
warning: Challenge.lean:46:8: declaration uses `sorry`
warning: Challenge.lean:54:8: declaration uses `sorry`
Build completed successfully (2149 jobs).
Exporting #[Quot, Quot.mk, Quot.lift, Quot.ind, NLA.FR12.counting_semantics, NLA.FR12.injective_doubling, NLA.FR12.factorial_doubling, NLA.FR12.power_two_nonempty, NLA.FR12.power_two_lower_bound, NLA.FR12.counterexample, NLA.FR12.not_countingConjecture, propext, Classical.choice, Quot.sound, Nat.add, Nat.sub, Nat.mul, Nat.pow, Nat.gcd, Nat.div, Nat.mod, Nat.beq, Nat.ble, Nat.land, Nat.lor, Nat.xor, Nat.shiftLeft, Nat.shiftRight, String.ofList, Char.ofNat, List, eagerReduce, Nat, String, String.mk, Char, optParam, autoParam, semiOutParam, outParam] from Challenge
Building Solution
✔ [2151/2157] Built NLA.FR12.Semantics (2.4s)
✔ [2152/2157] Built LeanCert.Tactic.Verification (2.6s)
✔ [2153/2157] Built NLA.FR12.Doubling (2.1s)
✔ [2154/2157] Built NLA.FR12.Growth (2.3s)
ℹ [2155/2157] Built NLA.FR12.Proof (2.1s)
info: NLA/FR12/Proof.lean:20:0: 'NLA.FR12.counting_semantics_proved' depends on axioms: [propext, Classical.choice, Quot.sound]
info: NLA/FR12/Proof.lean:22:0: 'NLA.FR12.injective_doubling_proved' depends on axioms: [propext, Classical.choice, Quot.sound]
info: NLA/FR12/Proof.lean:24:0: 'NLA.FR12.factorial_doubling_proved' depends on axioms: [propext, Classical.choice, Quot.sound]
info: NLA/FR12/Proof.lean:26:0: 'NLA.FR12.power_two_nonempty_proved' depends on axioms: [propext, Classical.choice, Quot.sound]
info: NLA/FR12/Proof.lean:28:0: 'NLA.FR12.power_two_lower_bound_proved' depends on axioms: [propext, Classical.choice, Quot.sound]
info: NLA/FR12/Proof.lean:30:0: 'NLA.FR12.counterexample_proved' depends on axioms: [propext, Classical.choice, Quot.sound]
info: NLA/FR12/Proof.lean:32:0: 'NLA.FR12.not_countingConjecture_proved' depends on axioms: [propext, Classical.choice, Quot.sound]
ℹ [2156/2157] Built Solution (2.3s)
info: Solution.lean:60:0: 'NLA.FR12.counting_semantics' depends on axioms: [propext, Classical.choice, Quot.sound]
info: Solution.lean:62:0: 'NLA.FR12.injective_doubling' depends on axioms: [propext, Classical.choice, Quot.sound]
info: Solution.lean:64:0: 'NLA.FR12.factorial_doubling' depends on axioms: [propext, Classical.choice, Quot.sound]
info: Solution.lean:66:0: 'NLA.FR12.power_two_nonempty' depends on axioms: [propext, Classical.choice, Quot.sound]
info: Solution.lean:68:0: 'NLA.FR12.power_two_lower_bound' depends on axioms: [propext, Classical.choice, Quot.sound]
info: Solution.lean:70:0: 'NLA.FR12.counterexample' depends on axioms: [propext, Classical.choice, Quot.sound]
info: Solution.lean:72:0: 'NLA.FR12.not_countingConjecture' depends on axioms: [propext, Classical.choice, Quot.sound]
Build completed successfully (2157 jobs).
Exporting #[Quot, Quot.mk, Quot.lift, Quot.ind, NLA.FR12.counting_semantics, NLA.FR12.injective_doubling, NLA.FR12.factorial_doubling, NLA.FR12.power_two_nonempty, NLA.FR12.power_two_lower_bound, NLA.FR12.counterexample, NLA.FR12.not_countingConjecture, propext, Classical.choice, Quot.sound, Nat.add, Nat.sub, Nat.mul, Nat.pow, Nat.gcd, Nat.div, Nat.mod, Nat.beq, Nat.ble, Nat.land, Nat.lor, Nat.xor, Nat.shiftLeft, Nat.shiftRight, String.ofList, Char.ofNat, List, eagerReduce, Nat, String, String.mk, Char, optParam, autoParam, semiOutParam, outParam] from Solution
Running Lean default kernel on solution.
Lean default kernel accepts the solution
Your solution is okay!

EXIT_STATUS=0
