✔ [3585/3632] Built LeanCert.Tactic.LeanCert.Semantic.Domain (16s)
✔ [3586/3632] Built LeanCert.Tactic.VecUtil (18s)
✔ [3587/3632] Built LeanCert.Tactic.BridgeNative (18s)
✔ [3588/3632] Built LeanCert.Tactic.LeanCert.Config (16s)
✔ [3589/3632] Built LeanCert.Engine.FloatEval (33s)
✔ [3590/3632] Built LeanCert.Engine.Search.CounterExample (35s)
✔ [3591/3632] Built LeanCert.Validity.Krawczyk (33s)
✔ [3592/3632] Built LeanCert.Tactic.Extension.Protocol (33s)
✔ [3593/3632] Built LeanCert.Engine.RootFinding.KrawczykCandidate (34s)
✔ [3594/3632] Built LeanCert.Engine.Algebra.QPoly (34s)
✔ [3595/3632] Built LeanCert.Validity.Types (34s)
✔ [3596/3632] Built LeanCert.Engine.FinSumDyadic (36s)
✔ [3597/3632] Built LeanCert.Tactic.VecSimp (18s)
✔ [3598/3632] Built LeanCert.Tactic.LeanCert.Semantic.Goal (18s)
✔ [3599/3632] Built LeanCert.Validity.Eventual (35s)
✔ [3600/3632] Built LeanCert.Tactic.FinsetParse (38s)
✔ [3601/3632] Built LeanCert.Tactic.LeanCert.Bridge.ReifiedFunction (36s)
✔ [3602/3632] Built LeanCert.Tactic.FinSumExpand (25s)
✔ [3603/3632] Built LeanCert.Tactic.LeanCert.Semantic.Parse.Comparison (17s)
✔ [3604/3632] Built LeanCert.Tactic.Extension.Registry (36s)
✔ [3605/3632] Built LeanCert.Engine.Search.Heuristic (37s)
✔ [3606/3632] Built LeanCert.Engine.Algebra.QPolyIntegral (37s)
✔ [3607/3632] Built LeanCert.Engine.WitnessSum (37s)
✔ [3608/3632] Built LeanCert.Tactic.Refute (44s)
✔ [3609/3632] Built LeanCert.Tactic.LeanCert.Diagnostic.Evidence (43s)
✔ [3610/3632] Built LeanCert.Discovery.Find (44s)
✔ [3611/3632] Built LeanCert.Tactic.EventualBound (50s)
✔ [3612/3632] Built LeanCert.Tactic.LeanCert.Semantic.Parse.Bound (40s)
✔ [3613/3632] Built LeanCert.Tactic.Extension.Command (28s)
✔ [3614/3632] Built LeanCert.Engine.Optimization.Guided (29s)
✔ [3615/3632] Built LeanCert.Tactic.LeanCert.Semantic.Prepare (32s)
✔ [3616/3632] Built LeanCert.Tactic.FinSumWitness (33s)
✔ [3617/3632] Built LeanCert.Tactic.LeanCert.Integral (37s)
✔ [3618/3632] Built LeanCert.Tactic.Extension (23s)
✔ [3619/3632] Built LeanCert.Tactic.LeanCert.Solver.Protocol (28s)
✔ [3620/3632] Built LeanCert.Tactic.Extension.Execute (29s)
✔ [3621/3632] Built LeanCert.Tactic.Discovery (33s)
✔ [3622/3632] Built LeanCert.Tactic.FinSumBound (28s)
✔ [3623/3632] Built LeanCert.Tactic.LeanCert.Diagnostic.Render (4.1s)
✔ [3624/3632] Built LeanCert.Tactic.Enclosure (3.9s)
✔ [3625/3632] Built LeanCert.Tactic.LeanCert.Semantic.Parse (3.8s)
✔ [3626/3632] Built LeanCert.Tactic.Krawczyk (3.3s)
✔ [3627/3632] Built LeanCert.Tactic.LeanCert.Router (7.6s)
✔ [3628/3632] Built LeanCert.Tactic.LeanCert (6.5s)
✔ [3629/3632] Built LeanCert.Tactic (6.4s)
ℹ [3630/3632] Built NLA.IE19.Proof (8.7s)
info: NLA/IE19/Proof.lean:128:0: 'NLA.IE19.strict_scalar_gap' depends on axioms: [propext, Classical.choice, Quot.sound]
info: NLA/IE19/Proof.lean:130:0: 'NLA.IE19.counterexample_proved' depends on axioms: [propext, Classical.choice, Quot.sound]
info: NLA/IE19/Proof.lean:132:0: 'NLA.IE19.not_lowerBoundConjecture_proved' depends on axioms: [propext, Classical.choice, Quot.sound]
info: NLA/IE19/Proof.lean:134:0: 'NLA.IE19.not_sharpConjecture_proved' depends on axioms: [propext, Classical.choice, Quot.sound]
ℹ [3631/3632] Built Solution (10s)
info: Solution.lean:29:0: 'NLA.IE19.counterexample' depends on axioms: [propext, Classical.choice, Quot.sound]
info: Solution.lean:31:0: 'NLA.IE19.not_lowerBoundConjecture' depends on axioms: [propext, Classical.choice, Quot.sound]
info: Solution.lean:33:0: 'NLA.IE19.not_sharpConjecture' depends on axioms: [propext, Classical.choice, Quot.sound]
Build completed successfully (3632 jobs).
