PF-02
Manifest schema and comparator coverage: PASS (9 declarations)
SP-04
Manifest schema and comparator coverage: PASS (9 declarations)
IV-03
Manifest schema and comparator coverage: PASS (4 declarations)
IE-04
Manifest schema and comparator coverage: PASS (12 declarations)
KE-05
Manifest schema and comparator coverage: PASS (10 declarations)
MI-03
Manifest schema and comparator coverage: PASS (4 declarations)
IE-17
Manifest schema and comparator coverage: PASS (4 declarations)
IE-05
Manifest schema and comparator coverage: PASS (4 declarations)
IS-02
Manifest schema and comparator coverage: PASS (4 declarations)
MI-08
Manifest schema and comparator coverage: PASS (4 declarations)
IS-03
Manifest schema and comparator coverage: PASS (7 declarations)
KE-04
Manifest schema and comparator coverage: PASS (24 declarations)
SP-06
Manifest schema and comparator coverage: PASS (20 declarations)
IE-16
Manifest schema and comparator coverage: PASS (15 declarations)
RA-08
Manifest schema and comparator coverage: PASS (14 declarations)
MI-06
Manifest schema and comparator coverage: PASS (6 declarations)
MI-07
Manifest schema and comparator coverage: PASS (7 declarations)
MI-26
Manifest schema and comparator coverage: PASS (7 declarations)
NR-03
Manifest schema and comparator coverage: PASS (10 declarations)
RA-09
Manifest schema and comparator coverage: PASS (17 declarations)
FR-12
Manifest schema and comparator coverage: PASS (7 declarations)
MF-16
Manifest schema and comparator coverage: PASS (9 declarations)
TR-15
Manifest schema and comparator coverage: PASS (7 declarations)
IE-18
Manifest schema and comparator coverage: PASS (3 declarations)
IE-19
Manifest schema and comparator coverage: PASS (3 declarations)
MI-19
Manifest schema and comparator coverage: PASS (2 declarations)
MI-21
Manifest schema and comparator coverage: PASS (3 declarations)
MI-29
Manifest schema and comparator coverage: PASS (5 declarations)
RA-03
Manifest schema and comparator coverage: PASS (4 declarations)
RA-07
Manifest schema and comparator coverage: PASS (6 declarations)
IE-23
Manifest schema and comparator coverage: PASS (8 declarations)
MI-22
Manifest schema and comparator coverage: PASS (8 declarations)
MI-23
Manifest schema and comparator coverage: PASS (8 declarations)
RA-20
Manifest schema and comparator coverage: PASS (12 declarations)
IV-06
Manifest schema and comparator coverage: PASS (8 declarations)
