/private/tmp/nla-lean-ra09-worktree/randomized-and-low-rank-approximation/RA-09/lean/NLA/RA09/Overlap.lean:25:40: error(lean.unknownIdentifier): Unknown identifier `transpose_diagonal`
/private/tmp/nla-lean-ra09-worktree/randomized-and-low-rank-approximation/RA-09/lean/NLA/RA09/Overlap.lean:22:45: error: unsolved goals
n : ℕ
A : RealMatrix n
d : OrderedSpectralData A
u : Fin n → ℝ
⊢ ↑d.orthogonal * ((diagonal u)ᵀ * (↑d.orthogonal)ᵀ) = ↑d.orthogonal * (diagonal u * (↑d.orthogonal)ᵀ)
/private/tmp/nla-lean-ra09-worktree/randomized-and-low-rank-approximation/RA-09/lean/NLA/RA09/Overlap.lean:30:85: error: unsolved goals
n : ℕ
A : RealMatrix n
d : OrderedSpectralData A
u : Fin n → ℝ
i j : Fin n
⊢ ∑ j_1, (∑ j, ↑d.orthogonal i j * diagonal u j j_1) * ↑d.orthogonal j j_1 =
    ∑ l, ↑d.orthogonal i l * u l * ↑d.orthogonal j l
/private/tmp/nla-lean-ra09-worktree/randomized-and-low-rank-approximation/RA-09/lean/NLA/RA09/Overlap.lean:31:45: warning: This simp argument is unused:
  mul_diagonal

Hint: Omit it from the simp argument list.
  [apply] simp only [spectralCombination, mul_apply, transpose_apply]

Note: This linter can be disabled with `set_option linter.unusedSimpArgs false`
/private/tmp/nla-lean-ra09-worktree/randomized-and-low-rank-approximation/RA-09/lean/NLA/RA09/Overlap.lean:71:6: error: Tactic `apply` failed: could not unify the conclusion of `congrArg fun x => v j * x`
  v j * ?m.238 = v j * ?m.239
with the goal
  ∑ x, diagonal v j x * ∑ x_1, (∑ j, V j x * diagonal u j x_1) * V x_1 j = v j * ∑ i, overlapWeights dA dHat i j * u i

Note: The full type of `congrArg fun x => v j * x` is
  ?m.238 = ?m.239 → v j * ?m.238 = v j * ?m.239

n : ℕ
A Ahat : RealMatrix n
dA : OrderedSpectralData A
dHat : OrderedSpectralData Ahat
u v : Fin n → ℝ
V : RealMatrix n := overlapMatrix dA dHat
hin : (↑dHat.orthogonal)ᵀ * spectralCombination dA u * ↑dHat.orthogonal = Vᵀ * diagonal u * V
j : Fin n
a✝ : j ∈ Finset.univ
⊢ ∑ x, diagonal v j x * ∑ x_1, (∑ j, V j x * diagonal u j x_1) * V x_1 j = v j * ∑ i, overlapWeights dA dHat i j * u i
/private/tmp/nla-lean-ra09-worktree/randomized-and-low-rank-approximation/RA-09/lean/NLA/RA09/Overlap.lean:70:17: warning: This simp argument is unused:
  diagonal_mul

Hint: Omit it from the simp argument list.
  [apply] simp only [mul_apply, mul_diagonal, transpose_apply]

Note: This linter can be disabled with `set_option linter.unusedSimpArgs false`
/private/tmp/nla-lean-ra09-worktree/randomized-and-low-rank-approximation/RA-09/lean/NLA/RA09/Overlap.lean:70:42: warning: This simp argument is unused:
  mul_diagonal

Hint: Omit it from the simp argument list.
  [apply] simp only [diagonal_mul, mul_apply, transpose_apply]

Note: This linter can be disabled with `set_option linter.unusedSimpArgs false`
/private/tmp/nla-lean-ra09-worktree/randomized-and-low-rank-approximation/RA-09/lean/NLA/RA09/Overlap.lean:94:32: error(lean.unknownIdentifier): Unknown identifier `Unitary.coe_mul`
/private/tmp/nla-lean-ra09-worktree/randomized-and-low-rank-approximation/RA-09/lean/NLA/RA09/Overlap.lean:93:74: error: unsolved goals
n : ℕ
A Ahat : RealMatrix n
dA : OrderedSpectralData A
dHat : OrderedSpectralData Ahat
⊢ ↑(star dA.orthogonal * dHat.orthogonal) = (↑dA.orthogonal)ᵀ * ↑dHat.orthogonal
/private/tmp/nla-lean-ra09-worktree/randomized-and-low-rank-approximation/RA-09/lean/NLA/RA09/Overlap.lean:94:49: warning: This simp argument is unused:
  Unitary.coe_star

Hint: Omit it from the simp argument list.
  [apply] simp only [overlapOrthogonal, Unitary.coe_mul, Matrix.star_eq_conjTranspose,
    conjTranspose_eq_transpose_of_trivial, overlapMatrix]

Note: This linter can be disabled with `set_option linter.unusedSimpArgs false`
/private/tmp/nla-lean-ra09-worktree/randomized-and-low-rank-approximation/RA-09/lean/NLA/RA09/Overlap.lean:95:4: warning: This simp argument is unused:
  Matrix.star_eq_conjTranspose

Hint: Omit it from the simp argument list.
  [apply] simp only [overlapOrthogonal, Unitary.coe_mul, Unitary.coe_star, conjTranspose_eq_transpose_of_trivial,
    overlapMatrix]

Note: This linter can be disabled with `set_option linter.unusedSimpArgs false`
/private/tmp/nla-lean-ra09-worktree/randomized-and-low-rank-approximation/RA-09/lean/NLA/RA09/Overlap.lean:95:34: warning: This simp argument is unused:
  conjTranspose_eq_transpose_of_trivial

Hint: Omit it from the simp argument list.
  [apply] simp only [overlapOrthogonal, Unitary.coe_mul, Unitary.coe_star, Matrix.star_eq_conjTranspose, overlapMatrix]

Note: This linter can be disabled with `set_option linter.unusedSimpArgs false`
/private/tmp/nla-lean-ra09-worktree/randomized-and-low-rank-approximation/RA-09/lean/NLA/RA09/Overlap.lean:139:21: error: #assert_trust: 'NLA.RA09.overlap_error_expansions_proved' depends on sorry or unrecognized axioms
  foundational: propext, Classical.choice, Quot.sound
  sorryAx: sorryAx
'NLA.RA09.overlap_error_expansions_proved' depends on axioms: [propext, sorryAx, Classical.choice, Quot.sound]
