.lake/packages/mathlib/Mathlib/Analysis/CStarAlgebra/Matrix.lean:229:lemma l2_opNorm_toEuclideanCLM (A : Matrix n n 𝕜) :
.lake/packages/mathlib/Mathlib/Analysis/CStarAlgebra/Matrix.lean:233:lemma l2_opNorm_diagonal (v : n → 𝕜) : ‖(diagonal v : Matrix n n 𝕜)‖ = ‖v‖ := by
.lake/packages/mathlib/Mathlib/Analysis/CStarAlgebra/Matrix.lean:235:  rw [← l2_opNorm_toEuclideanCLM]
.lake/packages/mathlib/Mathlib/Analysis/CStarAlgebra/Matrix.lean:250:  Subtype.ext <| l2_opNorm_diagonal (n := n) (𝕜 := 𝕜) v
.lake/packages/mathlib/Mathlib/Analysis/SpecialFunctions/ContinuousFunctionalCalculus/Rpow/Basic.lean:418:lemma rpow_eq_cfc_real [IsSemitopologicalRing A] [T2Space A] {a : A} {y : ℝ}
.lake/packages/mathlib/Mathlib/Analysis/SpecialFunctions/ContinuousFunctionalCalculus/Rpow/Basic.lean:431:  rw [CFC.rpow_eq_cfc_real (by grind [cfc_nonneg]), ← cfc_comp _ _ a ha]
.lake/packages/mathlib/Mathlib/Analysis/SpecialFunctions/ContinuousFunctionalCalculus/Rpow/Basic.lean:469:lemma rpow_rpow [IsSemitopologicalRing A] [T2Space A]
.lake/packages/mathlib/Mathlib/Analysis/SpecialFunctions/ContinuousFunctionalCalculus/Rpow/Basic.lean:478:lemma rpow_rpow_inv [IsSemitopologicalRing A] [T2Space A]
.lake/packages/mathlib/Mathlib/Analysis/SpecialFunctions/ContinuousFunctionalCalculus/Rpow/Basic.lean:481:  rw [rpow_rpow a x x⁻¹ hx, mul_inv_cancel₀ hx, rpow_one a ha.nonneg]
.lake/packages/mathlib/Mathlib/Analysis/SpecialFunctions/ContinuousFunctionalCalculus/Rpow/Basic.lean:486:  simpa using rpow_rpow_inv a x⁻¹ (inv_ne_zero hx)
.lake/packages/mathlib/Mathlib/Analysis/SpecialFunctions/ContinuousFunctionalCalculus/Rpow/Basic.lean:488:lemma rpow_rpow_of_exponent_nonneg [IsSemitopologicalRing A] [T2Space A] (a : A) (x y : ℝ)
.lake/packages/mathlib/Mathlib/Analysis/SpecialFunctions/ContinuousFunctionalCalculus/Rpow/Basic.lean:678:    simp [sqrt_eq_rpow, div_eq_mul_inv, one_mul, rpow_rpow _ _ _ hx]
.lake/packages/mathlib/Mathlib/Analysis/SpecialFunctions/ContinuousFunctionalCalculus/Rpow/Basic.lean:687:      rpow_rpow _ _ _ (by simp), inv_mul_eq_div]
.lake/packages/mathlib/Mathlib/Analysis/SpecialFunctions/ContinuousFunctionalCalculus/Rpow/Basic.lean:708:    rw [sqrt_eq_rpow, rpow_rpow_of_exponent_nonneg _ _ _ (by simp) h₁, one_div_mul_eq_div]
.lake/packages/mathlib/Mathlib/Analysis/SpecialFunctions/ContinuousFunctionalCalculus/Rpow/Basic.lean:758:    rw [rpow_rpow (hx := hx) (ha := by grind)]
.lake/packages/mathlib/Mathlib/Analysis/SpecialFunctions/ContinuousFunctionalCalculus/Rpow/Basic.lean:795:        inverse_eq_rpow_neg_one, rpow_rpow _ _ _ (by grind)]
.lake/packages/mathlib/Mathlib/Analysis/CStarAlgebra/Basic.lean:271:theorem IsSelfAdjoint.nnnorm_pow_two_pow {x : E} (hx : IsSelfAdjoint x) (n : ℕ) :
.lake/packages/mathlib/Mathlib/Analysis/CStarAlgebra/Basic.lean:278:theorem IsSelfAdjoint.norm_pow_two_pow {x : E} (hx : IsSelfAdjoint x) (n : ℕ) :
.lake/packages/mathlib/Mathlib/Analysis/CStarAlgebra/Basic.lean:280:  congr($(hx.nnnorm_pow_two_pow n))
.lake/packages/mathlib/Mathlib/Analysis/Matrix/HermitianFunctionalCalculus.lean:24:- `cfc_eq` : Proof that the above agrees with the continuous functional calculus.
.lake/packages/mathlib/Mathlib/Analysis/Matrix/HermitianFunctionalCalculus.lean:130:the generic continuous functional calculus API in `Matrix.IsHermitian.cfc_eq`. In general, users
.lake/packages/mathlib/Mathlib/Analysis/Matrix/HermitianFunctionalCalculus.lean:143:lemma cfc_eq (f : ℝ → ℝ) : cfc f A = hA.cfc f := by
.lake/packages/mathlib/Mathlib/Analysis/Matrix/HermitianFunctionalCalculus.lean:152:lemma charpoly_cfc_eq (f : ℝ → ℝ) :
.lake/packages/mathlib/Mathlib/Analysis/Matrix/HermitianFunctionalCalculus.lean:154:  rw [cfc_eq hA f, IsHermitian.cfc, conjStarAlgAut_apply, charpoly_mul_comm, ← mul_assoc]
.lake/packages/mathlib/Mathlib/Analysis/InnerProductSpace/Spectrum.lean:34:* The definition `LinearMap.IsSymmetric.eigenvectorBasis` provides an orthonormal basis for `E`
.lake/packages/mathlib/Mathlib/Analysis/InnerProductSpace/Spectrum.lean:37:  `LinearMap.IsSymmetric.eigenvectorBasis` gives the associated linear isometry equivalence
.lake/packages/mathlib/Mathlib/Analysis/InnerProductSpace/Spectrum.lean:39:  `LinearMap.IsSymmetric.eigenvectorBasis_apply_self_apply` states that, when `T` is
.lake/packages/mathlib/Mathlib/Analysis/InnerProductSpace/Spectrum.lean:211:Instead use the functions eigenvalues and eigenvectorBasis defined below. -/
.lake/packages/mathlib/Mathlib/Analysis/InnerProductSpace/Spectrum.lean:253:private theorem hasEigenvector_eigenvectorBasis_helper (hT : T.IsSymmetric)
.lake/packages/mathlib/Mathlib/Analysis/InnerProductSpace/Spectrum.lean:300:noncomputable irreducible_def eigenvectorBasis (hT : T.IsSymmetric) (hn : Module.finrank 𝕜 E = n) :
.lake/packages/mathlib/Mathlib/Analysis/InnerProductSpace/Spectrum.lean:306:theorem hasEigenvector_eigenvectorBasis (hT : T.IsSymmetric) (hn : Module.finrank 𝕜 E = n)
.lake/packages/mathlib/Mathlib/Analysis/InnerProductSpace/Spectrum.lean:307:    (i : Fin n) : HasEigenvector T (hT.eigenvalues hn i) (hT.eigenvectorBasis hn i) := by
.lake/packages/mathlib/Mathlib/Analysis/InnerProductSpace/Spectrum.lean:308:  rw [eigenvalues_def, eigenvectorBasis_def, OrthonormalBasis.reindex_apply]
.lake/packages/mathlib/Mathlib/Analysis/InnerProductSpace/Spectrum.lean:309:  apply hasEigenvector_eigenvectorBasis_helper
.lake/packages/mathlib/Mathlib/Analysis/InnerProductSpace/Spectrum.lean:312:theorem eigenvalues_antitone (hT : T.IsSymmetric) (hn : Module.finrank 𝕜 E = n) :
.lake/packages/mathlib/Mathlib/Analysis/InnerProductSpace/Spectrum.lean:322:  Module.End.hasEigenvalue_of_hasEigenvector (hT.hasEigenvector_eigenvectorBasis hn i)
.lake/packages/mathlib/Mathlib/Analysis/InnerProductSpace/Spectrum.lean:325:theorem apply_eigenvectorBasis (hT : T.IsSymmetric) (hn : Module.finrank 𝕜 E = n) (i : Fin n) :
.lake/packages/mathlib/Mathlib/Analysis/InnerProductSpace/Spectrum.lean:326:    T (hT.eigenvectorBasis hn i) = (hT.eigenvalues hn i : 𝕜) • hT.eigenvectorBasis hn i :=
.lake/packages/mathlib/Mathlib/Analysis/InnerProductSpace/Spectrum.lean:327:  mem_eigenspace_iff.mp (hT.hasEigenvector_eigenvectorBasis hn i).1
.lake/packages/mathlib/Mathlib/Analysis/InnerProductSpace/Spectrum.lean:332:theorem eigenvectorBasis_apply_self_apply (hT : T.IsSymmetric) (hn : Module.finrank 𝕜 E = n)
.lake/packages/mathlib/Mathlib/Analysis/InnerProductSpace/Spectrum.lean:334:    (hT.eigenvectorBasis hn).repr (T v) i =
.lake/packages/mathlib/Mathlib/Analysis/InnerProductSpace/Spectrum.lean:335:      hT.eigenvalues hn i * (hT.eigenvectorBasis hn).repr v i := by
.lake/packages/mathlib/Mathlib/Analysis/InnerProductSpace/Spectrum.lean:338:      T ((hT.eigenvectorBasis hn).repr.symm w) =
.lake/packages/mathlib/Mathlib/Analysis/InnerProductSpace/Spectrum.lean:339:        (hT.eigenvectorBasis hn).repr.symm (toLp 2 fun i ↦ hT.eigenvalues hn i * w i) by
.lake/packages/mathlib/Mathlib/Analysis/InnerProductSpace/Spectrum.lean:341:      congr_arg (fun v => (hT.eigenvectorBasis hn).repr v i)
.lake/packages/mathlib/Mathlib/Analysis/InnerProductSpace/Spectrum.lean:342:        (this ((hT.eigenvectorBasis hn).repr v))
.lake/packages/mathlib/Mathlib/Analysis/InnerProductSpace/Spectrum.lean:344:  simp_rw [← OrthonormalBasis.sum_repr_symm, map_sum, map_smul, apply_eigenvectorBasis]
.lake/packages/mathlib/Mathlib/Analysis/InnerProductSpace/Spectrum.lean:349:theorem toMatrix_eigenvectorBasis (hT : T.IsSymmetric) (hn : Module.finrank 𝕜 E = n) :
.lake/packages/mathlib/Mathlib/Analysis/InnerProductSpace/Spectrum.lean:350:    letI b := (hT.eigenvectorBasis hn).toBasis
.lake/packages/mathlib/Mathlib/Analysis/InnerProductSpace/Spectrum.lean:359:  simp [← T.charpoly_toMatrix (hT.eigenvectorBasis hn).toBasis, toMatrix_eigenvectorBasis,
.lake/packages/mathlib/Mathlib/Analysis/InnerProductSpace/Spectrum.lean:364:  rw [← charpoly_toMatrix _ (hT.eigenvectorBasis hn).toBasis, toMatrix_eigenvectorBasis,
.lake/packages/mathlib/Mathlib/Analysis/InnerProductSpace/Spectrum.lean:376:  convert! (hT.eigenvalues_antitone hn).sortedGE_ofFn
