reviews/referee-1-final-consumer.lean:18:105: warning: this tactic is never executed

Note: This linter can be disabled with `set_option linter.unreachableTactic false`
reviews/referee-1-final-consumer.lean:18:105: warning: Unused tactic linter: `assumption` does nothing

Note: This linter can be disabled with `set_option linter.unusedTactic false`
reviews/referee-1-final-consumer.lean:22:111: warning: Used `tac1 <;> tac2` where `(tac1; tac2)` would suffice

Note: This linter can be disabled with `set_option linter.unnecessarySeqFocus false`
reviews/referee-1-final-consumer.lean:28:100: warning: this tactic is never executed

Note: This linter can be disabled with `set_option linter.unreachableTactic false`
reviews/referee-1-final-consumer.lean:28:100: warning: Unused tactic linter: `assumption` does nothing

Note: This linter can be disabled with `set_option linter.unusedTactic false`
reviews/referee-1-final-consumer.lean:39:118: warning: this tactic is never executed

Note: This linter can be disabled with `set_option linter.unreachableTactic false`
reviews/referee-1-final-consumer.lean:39:118: warning: Unused tactic linter: `assumption` does nothing

Note: This linter can be disabled with `set_option linter.unusedTactic false`
reviews/referee-1-final-consumer.lean:49:122: warning: this tactic is never executed

Note: This linter can be disabled with `set_option linter.unreachableTactic false`
reviews/referee-1-final-consumer.lean:49:122: warning: Unused tactic linter: `assumption` does nothing

Note: This linter can be disabled with `set_option linter.unusedTactic false`
reviews/referee-1-final-consumer.lean:53:64: warning: this tactic is never executed

Note: This linter can be disabled with `set_option linter.unreachableTactic false`
reviews/referee-1-final-consumer.lean:53:64: warning: Unused tactic linter: `assumption` does nothing

Note: This linter can be disabled with `set_option linter.unusedTactic false`
reviews/referee-1-final-consumer.lean:57:101: warning: this tactic is never executed

Note: This linter can be disabled with `set_option linter.unreachableTactic false`
reviews/referee-1-final-consumer.lean:57:101: warning: Unused tactic linter: `assumption` does nothing

Note: This linter can be disabled with `set_option linter.unusedTactic false`
reviews/referee-1-final-consumer.lean:59:139: warning: this tactic is never executed

Note: This linter can be disabled with `set_option linter.unreachableTactic false`
reviews/referee-1-final-consumer.lean:59:139: warning: Unused tactic linter: `assumption` does nothing

Note: This linter can be disabled with `set_option linter.unusedTactic false`
'NLA.KE05.literal_recurrence_contract' depends on axioms: [propext, Classical.choice, Quot.sound]
'NLA.KE05.admissibility_and_endpoints' depends on axioms: [propext, Classical.choice, Quot.sound]
'NLA.KE05.exact_rational_witness' depends on axioms: [propext, Classical.choice, Quot.sound]
'NLA.KE05.probability_one_validity' depends on axioms: [propext, Classical.choice, Quot.sound]
'NLA.KE05.probability_one_nonzero_limit' depends on axioms: [propext, Classical.choice, Quot.sound]
'NLA.KE05.literal_lower_bound' depends on axioms: [propext, Classical.choice, Quot.sound]
'NLA.KE05.almost_sure_divergence' depends on axioms: [propext, Classical.choice, Quot.sound]
'NLA.KE05.marginal_probability_limit' depends on axioms: [propext, Classical.choice, Quot.sound]
'NLA.KE05.no_finite_uniform_constant' depends on axioms: [propext, Classical.choice, Quot.sound]
'NLA.KE05.not_uniform_probability_conjecture' depends on axioms: [propext, Classical.choice, Quot.sound]
