/private/tmp/nla-lean-ra08-worktree/randomized-and-low-rank-approximation/RA-08/lean/NLA/RA08/Polynomial.lean:24:2: error: Type mismatch: After simplification, term
  h
 has type
  cfc (fun x => x * (x - 2⁻¹) * (x - witnessB)) A = A * (A - 2⁻¹ • 1) * (A - witnessB • 1)
but is expected to have type
  cfc cubicFunction A = A * (A - 2⁻¹ • 1) * (A - witnessB • 1)
/private/tmp/nla-lean-ra08-worktree/randomized-and-low-rank-approximation/RA-08/lean/NLA/RA08/Polynomial.lean:36:2: error: Tactic `simp` failed with a nested error:
maximum recursion depth has been reached
use `set_option maxRecDepth <num>` to increase limit
use `set_option diagnostics true` to get diagnostic information
/private/tmp/nla-lean-ra08-worktree/randomized-and-low-rank-approximation/RA-08/lean/NLA/RA08/Polynomial.lean:42:4: error: Function expected at
  IsSelfAdjoint.cfc
but this term has type
  IsSelfAdjoint (cfc ?m.27 ?m.28)

Note: Expected a function because this term is being applied to the argument
  cubicFunction
/private/tmp/nla-lean-ra08-worktree/randomized-and-low-rank-approximation/RA-08/lean/NLA/RA08/Polynomial.lean:54:2: error: Tactic `simp` failed with a nested error:
maximum recursion depth has been reached
use `set_option maxRecDepth <num>` to increase limit
use `set_option diagnostics true` to get diagnostic information
/private/tmp/nla-lean-ra08-worktree/randomized-and-low-rank-approximation/RA-08/lean/NLA/RA08/Polynomial.lean:58:91: error: unsolved goals
case «0».«1»
he :
  functionalCalculus witnessFunction witnessApproximation =
    functionalCalculus approximationPolynomialFunction witnessApproximation
⊢ 1 / 2 * ((if 0 = 2 then 1 / 2 else 0) - 1 / 2 * 1 0 (Fin.succ 0).succ) *
        ((if 2 = 1 then 17 / 16 else 0) - 127 / 128 * 1 (Fin.succ 0).succ 1) +
      (-(1 / 2 * ((if 0 = Fin.succ 2 then 1 / 2 else 0) - 1 / 2 * 1 0 (Fin.succ 0).succ.succ) *
            (127 / 128 * 1 (Fin.succ 0).succ.succ 1)) +
        (-(1 / 2 * ((if 0 = (Fin.succ 2).succ then 1 / 2 else 0) - 1 / 2 * 1 0 (Fin.succ 0).succ.succ.succ) *
              (127 / 128 * 1 (Fin.succ 0).succ.succ.succ 1)) +
          -(1 / 2 * ((if 0 = (Fin.succ 2).succ.succ then 1 / 2 else 0) - 1 / 2 * 1 0 (Fin.succ 0).succ.succ.succ.succ) *
              (127 / 128 * 1 (Fin.succ 0).succ.succ.succ.succ 1)))) =
    0

case «0».«2»
he :
  functionalCalculus witnessFunction witnessApproximation =
    functionalCalculus approximationPolynomialFunction witnessApproximation
⊢ 1 / 2 * ((if 0 = 2 then 1 / 2 else 0) - 1 / 2 * 1 0 (Fin.succ 0).succ) *
        ((if 2 = ⟨2, ⋯⟩ then 17 / 16 else 0) - 127 / 128 * 1 (Fin.succ 0).succ ⟨2, ⋯⟩) +
      (-(1 / 2 * ((if 0 = Fin.succ 2 then 1 / 2 else 0) - 1 / 2 * 1 0 (Fin.succ 0).succ.succ) *
            (127 / 128 * 1 (Fin.succ 0).succ.succ ⟨2, ⋯⟩)) +
        (-(1 / 2 * ((if 0 = (Fin.succ 2).succ then 1 / 2 else 0) - 1 / 2 * 1 0 (Fin.succ 0).succ.succ.succ) *
              (127 / 128 * 1 (Fin.succ 0).succ.succ.succ ⟨2, ⋯⟩)) +
          -(1 / 2 * ((if 0 = (Fin.succ 2).succ.succ then 1 / 2 else 0) - 1 / 2 * 1 0 (Fin.succ 0).succ.succ.succ.succ) *
              (127 / 128 * 1 (Fin.succ 0).succ.succ.succ.succ ⟨2, ⋯⟩)))) =
    0

case «0».«3»
he :
  functionalCalculus witnessFunction witnessApproximation =
    functionalCalculus approximationPolynomialFunction witnessApproximation
⊢ 1 / 2 * ((if 0 = 2 then 1 / 2 else 0) - 1 / 2 * 1 0 (Fin.succ 0).succ) *
        ((if 2 = ⟨3, ⋯⟩ then 17 / 16 else 0) - 127 / 128 * 1 (Fin.succ 0).succ ⟨3, ⋯⟩) +
      (-(1 / 2 * ((if 0 = Fin.succ 2 then 1 / 2 else 0) - 1 / 2 * 1 0 (Fin.succ 0).succ.succ) *
            (127 / 128 * 1 (Fin.succ 0).succ.succ ⟨3, ⋯⟩)) +
        (-(1 / 2 * ((if 0 = (Fin.succ 2).succ then 1 / 2 else 0) - 1 / 2 * 1 0 (Fin.succ 0).succ.succ.succ) *
              (127 / 128 * 1 (Fin.succ 0).succ.succ.succ ⟨3, ⋯⟩)) +
          -(1 / 2 * ((if 0 = (Fin.succ 2).succ.succ then 1 / 2 else 0) - 1 / 2 * 1 0 (Fin.succ 0).succ.succ.succ.succ) *
              (127 / 128 * 1 (Fin.succ 0).succ.succ.succ.succ ⟨3, ⋯⟩)))) =
    0

case «0».«4»
he :
  functionalCalculus witnessFunction witnessApproximation =
    functionalCalculus approximationPolynomialFunction witnessApproximation
⊢ 1 / 2 * ((if 0 = 2 then 1 / 2 else 0) - 1 / 2 * 1 0 (Fin.succ 0).succ) *
        ((if 2 = ⟨4, ⋯⟩ then 17 / 16 else 0) - 127 / 128 * 1 (Fin.succ 0).succ ⟨4, ⋯⟩) +
      (-(1 / 2 * ((if 0 = Fin.succ 2 then 1 / 2 else 0) - 1 / 2 * 1 0 (Fin.succ 0).succ.succ) *
            (127 / 128 * 1 (Fin.succ 0).succ.succ ⟨4, ⋯⟩)) +
        (-(1 / 2 * ((if 0 = (Fin.succ 2).succ then 1 / 2 else 0) - 1 / 2 * 1 0 (Fin.succ 0).succ.succ.succ) *
              (127 / 128 * 1 (Fin.succ 0).succ.succ.succ ⟨4, ⋯⟩)) +
          -(1 / 2 * ((if 0 = (Fin.succ 2).succ.succ then 1 / 2 else 0) - 1 / 2 * 1 0 (Fin.succ 0).succ.succ.succ.succ) *
              (127 / 128 * 1 (Fin.succ 0).succ.succ.succ.succ ⟨4, ⋯⟩)))) =
    0

case «0».«5»
he :
  functionalCalculus witnessFunction witnessApproximation =
    functionalCalculus approximationPolynomialFunction witnessApproximation
⊢ 1 / 2 * ((if 0 = 2 then 1 / 2 else 0) - 1 / 2 * 1 0 (Fin.succ 0).succ) *
        ((if 2 = ⟨5, ⋯⟩ then 17 / 16 else 0) - 127 / 128 * 1 (Fin.succ 0).succ ⟨5, ⋯⟩) +
      (-(1 / 2 * ((if 0 = Fin.succ 2 then 1 / 2 else 0) - 1 / 2 * 1 0 (Fin.succ 0).succ.succ) *
            (127 / 128 * 1 (Fin.succ 0).succ.succ ⟨5, ⋯⟩)) +
        (-(1 / 2 * ((if 0 = (Fin.succ 2).succ then 1 / 2 else 0) - 1 / 2 * 1 0 (Fin.succ 0).succ.succ.succ) *
              (127 / 128 * 1 (Fin.succ 0).succ.succ.succ ⟨5, ⋯⟩)) +
          -(1 / 2 * ((if 0 = (Fin.succ 2).succ.succ then 1 / 2 else 0) - 1 / 2 * 1 0 (Fin.succ 0).succ.succ.succ.succ) *
              (127 / 128 * 1 (Fin.succ 0).succ.succ.succ.succ ⟨5, ⋯⟩)))) =
    0

case «1».«1»
he :
  functionalCalculus witnessFunction witnessApproximation =
    functionalCalculus approximationPolynomialFunction witnessApproximation
⊢ 127 / 128 * (127 / 128 - 1 / 2 * 1 1 (Fin.succ 0)) * (127 / 128 - 127 / 128 * 1 (Fin.succ 0) 1) +
      (127 / 128 * ((if 1 = 2 then 127 / 128 else 0) - 1 / 2 * 1 1 (Fin.succ 0).succ) *
          ((if 2 = 1 then 17 / 16 else 0) - 127 / 128 * 1 (Fin.succ 0).succ 1) +
        (-(127 / 128 * ((if 1 = Fin.succ 2 then 127 / 128 else 0) - 1 / 2 * 1 1 (Fin.succ 0).succ.succ) *
              (127 / 128 * 1 (Fin.succ 0).succ.succ 1)) +
          (-(127 / 128 * ((if 1 = (Fin.succ 2).succ then 127 / 128 else 0) - 1 / 2 * 1 1 (Fin.succ 0).succ.succ.succ) *
                (127 / 128 * 1 (Fin.succ 0).succ.succ.succ 1)) +
            -(127 / 128 *
                  ((if 1 = (Fin.succ 2).succ.succ then 127 / 128 else 0) -
                    1 / 2 * 1 1 (Fin.succ 0).succ.succ.succ.succ) *
                (127 / 128 * 1 (Fin.succ 0).succ.succ.succ.succ 1))))) =
    0

case «1».«2»
he :
  functionalCalculus witnessFunction witnessApproximation =
    functionalCalculus approximationPolynomialFunction witnessApproximation
⊢ 127 / 128 * ((if 1 = 2 then 127 / 128 else 0) - 1 / 2 * 1 1 (Fin.succ 0).succ) *
        ((if 2 = ⟨2, ⋯⟩ then 17 / 16 else 0) - 127 / 128 * 1 (Fin.succ 0).succ ⟨2, ⋯⟩) +
      (-(127 / 128 * ((if 1 = Fin.succ 2 then 127 / 128 else 0) - 1 / 2 * 1 1 (Fin.succ 0).succ.succ) *
            (127 / 128 * 1 (Fin.succ 0).succ.succ ⟨2, ⋯⟩)) +
        (-(127 / 128 * ((if 1 = (Fin.succ 2).succ then 127 / 128 else 0) - 1 / 2 * 1 1 (Fin.succ 0).succ.succ.succ) *
              (127 / 128 * 1 (Fin.succ 0).succ.succ.succ ⟨2, ⋯⟩)) +
          -(127 / 128 *
                ((if 1 = (Fin.succ 2).succ.succ then 127 / 128 else 0) - 1 / 2 * 1 1 (Fin.succ 0).succ.succ.succ.succ) *
              (127 / 128 * 1 (Fin.succ 0).succ.succ.succ.succ ⟨2, ⋯⟩)))) =
    0

case «1».«3»
he :
  functionalCalculus witnessFunction witnessApproximation =
    functionalCalculus approximationPolynomialFunction witnessApproximation
⊢ 127 / 128 * ((if 1 = 2 then 127 / 128 else 0) - 1 / 2 * 1 1 (Fin.succ 0).succ) *
        ((if 2 = ⟨3, ⋯⟩ then 17 / 16 else 0) - 127 / 128 * 1 (Fin.succ 0).succ ⟨3, ⋯⟩) +
      (-(127 / 128 * ((if 1 = Fin.succ 2 then 127 / 128 else 0) - 1 / 2 * 1 1 (Fin.succ 0).succ.succ) *
            (127 / 128 * 1 (Fin.succ 0).succ.succ ⟨3, ⋯⟩)) +
        (-(127 / 128 * ((if 1 = (Fin.succ 2).succ then 127 / 128 else 0) - 1 / 2 * 1 1 (Fin.succ 0).succ.succ.succ) *
              (127 / 128 * 1 (Fin.succ 0).succ.succ.succ ⟨3, ⋯⟩)) +
          -(127 / 128 *
                ((if 1 = (Fin.succ 2).succ.succ then 127 / 128 else 0) - 1 / 2 * 1 1 (Fin.succ 0).succ.succ.succ.succ) *
              (127 / 128 * 1 (Fin.succ 0).succ.succ.succ.succ ⟨3, ⋯⟩)))) =
    0

case «1».«4»
he :
  functionalCalculus witnessFunction witnessApproximation =
    functionalCalculus approximationPolynomialFunction witnessApproximation
⊢ 127 / 128 * ((if 1 = 2 then 127 / 128 else 0) - 1 / 2 * 1 1 (Fin.succ 0).succ) *
        ((if 2 = ⟨4, ⋯⟩ then 17 / 16 else 0) - 127 / 128 * 1 (Fin.succ 0).succ ⟨4, ⋯⟩) +
      (-(127 / 128 * ((if 1 = Fin.succ 2 then 127 / 128 else 0) - 1 / 2 * 1 1 (Fin.succ 0).succ.succ) *
            (127 / 128 * 1 (Fin.succ 0).succ.succ ⟨4, ⋯⟩)) +
        (-(127 / 128 * ((if 1 = (Fin.succ 2).succ then 127 / 128 else 0) - 1 / 2 * 1 1 (Fin.succ 0).succ.succ.succ) *
              (127 / 128 * 1 (Fin.succ 0).succ.succ.succ ⟨4, ⋯⟩)) +
          -(127 / 128 *
                ((if 1 = (Fin.succ 2).succ.succ then 127 / 128 else 0) - 1 / 2 * 1 1 (Fin.succ 0).succ.succ.succ.succ) *
              (127 / 128 * 1 (Fin.succ 0).succ.succ.succ.succ ⟨4, ⋯⟩)))) =
    0

case «1».«5»
he :
  functionalCalculus witnessFunction witnessApproximation =
    functionalCalculus approximationPolynomialFunction witnessApproximation
⊢ 127 / 128 * ((if 1 = 2 then 127 / 128 else 0) - 1 / 2 * 1 1 (Fin.succ 0).succ) *
        ((if 2 = ⟨5, ⋯⟩ then 17 / 16 else 0) - 127 / 128 * 1 (Fin.succ 0).succ ⟨5, ⋯⟩) +
      (-(127 / 128 * ((if 1 = Fin.succ 2 then 127 / 128 else 0) - 1 / 2 * 1 1 (Fin.succ 0).succ.succ) *
            (127 / 128 * 1 (Fin.succ 0).succ.succ ⟨5, ⋯⟩)) +
        (-(127 / 128 * ((if 1 = (Fin.succ 2).succ then 127 / 128 else 0) - 1 / 2 * 1 1 (Fin.succ 0).succ.succ.succ) *
              (127 / 128 * 1 (Fin.succ 0).succ.succ.succ ⟨5, ⋯⟩)) +
          -(127 / 128 *
                ((if 1 = (Fin.succ 2).succ.succ then 127 / 128 else 0) - 1 / 2 * 1 1 (Fin.succ 0).succ.succ.succ.succ) *
              (127 / 128 * 1 (Fin.succ 0).succ.succ.succ.succ ⟨5, ⋯⟩)))) =
    0

case «2».«1»
he :
  functionalCalculus witnessFunction witnessApproximation =
    functionalCalculus approximationPolynomialFunction witnessApproximation
⊢ 17 / 16 * ((if ⟨2, ⋯⟩ = 2 then 17 / 16 else 0) - 1 / 2 * 1 ⟨2, ⋯⟩ (Fin.succ 0).succ) *
        ((if 2 = 1 then 17 / 16 else 0) - 127 / 128 * 1 (Fin.succ 0).succ 1) +
      (-(17 / 16 * ((if ⟨2, ⋯⟩ = Fin.succ 2 then 17 / 16 else 0) - 1 / 2 * 1 ⟨2, ⋯⟩ (Fin.succ 0).succ.succ) *
            (127 / 128 * 1 (Fin.succ 0).succ.succ 1)) +
        (-(17 / 16 *
                ((if ⟨2, ⋯⟩ = (Fin.succ 2).succ then 17 / 16 else 0) - 1 / 2 * 1 ⟨2, ⋯⟩ (Fin.succ 0).succ.succ.succ) *
              (127 / 128 * 1 (Fin.succ 0).succ.succ.succ 1)) +
          -(17 / 16 *
                ((if ⟨2, ⋯⟩ = (Fin.succ 2).succ.succ then 17 / 16 else 0) -
                  1 / 2 * 1 ⟨2, ⋯⟩ (Fin.succ 0).succ.succ.succ.succ) *
              (127 / 128 * 1 (Fin.succ 0).succ.succ.succ.succ 1)))) =
    0

case «2».«2»
he :
  functionalCalculus witnessFunction witnessApproximation =
    functionalCalculus approximationPolynomialFunction witnessApproximation
⊢ 17 / 16 -
      2048 / 1377 *
        (17 / 16 * ((if ⟨2, ⋯⟩ = 2 then 17 / 16 else 0) - 1 / 2 * 1 ⟨2, ⋯⟩ (Fin.succ 0).succ) *
            ((if 2 = ⟨2, ⋯⟩ then 17 / 16 else 0) - 127 / 128 * 1 (Fin.succ 0).succ ⟨2, ⋯⟩) +
          (-(17 / 16 * ((if ⟨2, ⋯⟩ = Fin.succ 2 then 17 / 16 else 0) - 1 / 2 * 1 ⟨2, ⋯⟩ (Fin.succ 0).succ.succ) *
                (127 / 128 * 1 (Fin.succ 0).succ.succ ⟨2, ⋯⟩)) +
            (-(17 / 16 *
                    ((if ⟨2, ⋯⟩ = (Fin.succ 2).succ then 17 / 16 else 0) -
                      1 / 2 * 1 ⟨2, ⋯⟩ (Fin.succ 0).succ.succ.succ) *
                  (127 / 128 * 1 (Fin.succ 0).succ.succ.succ ⟨2, ⋯⟩)) +
              -(17 / 16 *
                    ((if ⟨2, ⋯⟩ = (Fin.succ 2).succ.succ then 17 / 16 else 0) -
                      1 / 2 * 1 ⟨2, ⋯⟩ (Fin.succ 0).succ.succ.succ.succ) *
                  (127 / 128 * 1 (Fin.succ 0).succ.succ.succ.succ ⟨2, ⋯⟩))))) =
    1

case «2».«3»
he :
  functionalCalculus witnessFunction witnessApproximation =
    functionalCalculus approximationPolynomialFunction witnessApproximation
⊢ 17 / 16 * ((if ⟨2, ⋯⟩ = 2 then 17 / 16 else 0) - 1 / 2 * 1 ⟨2, ⋯⟩ (Fin.succ 0).succ) *
        ((if 2 = ⟨3, ⋯⟩ then 17 / 16 else 0) - 127 / 128 * 1 (Fin.succ 0).succ ⟨3, ⋯⟩) +
      (-(17 / 16 * ((if ⟨2, ⋯⟩ = Fin.succ 2 then 17 / 16 else 0) - 1 / 2 * 1 ⟨2, ⋯⟩ (Fin.succ 0).succ.succ) *
            (127 / 128 * 1 (Fin.succ 0).succ.succ ⟨3, ⋯⟩)) +
        (-(17 / 16 *
                ((if ⟨2, ⋯⟩ = (Fin.succ 2).succ then 17 / 16 else 0) - 1 / 2 * 1 ⟨2, ⋯⟩ (Fin.succ 0).succ.succ.succ) *
              (127 / 128 * 1 (Fin.succ 0).succ.succ.succ ⟨3, ⋯⟩)) +
          -(17 / 16 *
                ((if ⟨2, ⋯⟩ = (Fin.succ 2).succ.succ then 17 / 16 else 0) -
                  1 / 2 * 1 ⟨2, ⋯⟩ (Fin.succ 0).succ.succ.succ.succ) *
              (127 / 128 * 1 (Fin.succ 0).succ.succ.succ.succ ⟨3, ⋯⟩)))) =
    0

case «2».«4»
he :
  functionalCalculus witnessFunction witnessApproximation =
    functionalCalculus approximationPolynomialFunction witnessApproximation
⊢ 17 / 16 * ((if ⟨2, ⋯⟩ = 2 then 17 / 16 else 0) - 1 / 2 * 1 ⟨2, ⋯⟩ (Fin.succ 0).succ) *
        ((if 2 = ⟨4, ⋯⟩ then 17 / 16 else 0) - 127 / 128 * 1 (Fin.succ 0).succ ⟨4, ⋯⟩) +
      (-(17 / 16 * ((if ⟨2, ⋯⟩ = Fin.succ 2 then 17 / 16 else 0) - 1 / 2 * 1 ⟨2, ⋯⟩ (Fin.succ 0).succ.succ) *
            (127 / 128 * 1 (Fin.succ 0).succ.succ ⟨4, ⋯⟩)) +
        (-(17 / 16 *
                ((if ⟨2, ⋯⟩ = (Fin.succ 2).succ then 17 / 16 else 0) - 1 / 2 * 1 ⟨2, ⋯⟩ (Fin.succ 0).succ.succ.succ) *
              (127 / 128 * 1 (Fin.succ 0).succ.succ.succ ⟨4, ⋯⟩)) +
          -(17 / 16 *
                ((if ⟨2, ⋯⟩ = (Fin.succ 2).succ.succ then 17 / 16 else 0) -
                  1 / 2 * 1 ⟨2, ⋯⟩ (Fin.succ 0).succ.succ.succ.succ) *
              (127 / 128 * 1 (Fin.succ 0).succ.succ.succ.succ ⟨4, ⋯⟩)))) =
    0

case «2».«5»
he :
  functionalCalculus witnessFunction witnessApproximation =
    functionalCalculus approximationPolynomialFunction witnessApproximation
⊢ 17 / 16 * ((if ⟨2, ⋯⟩ = 2 then 17 / 16 else 0) - 1 / 2 * 1 ⟨2, ⋯⟩ (Fin.succ 0).succ) *
        ((if 2 = ⟨5, ⋯⟩ then 17 / 16 else 0) - 127 / 128 * 1 (Fin.succ 0).succ ⟨5, ⋯⟩) +
      (-(17 / 16 * ((if ⟨2, ⋯⟩ = Fin.succ 2 then 17 / 16 else 0) - 1 / 2 * 1 ⟨2, ⋯⟩ (Fin.succ 0).succ.succ) *
            (127 / 128 * 1 (Fin.succ 0).succ.succ ⟨5, ⋯⟩)) +
        (-(17 / 16 *
                ((if ⟨2, ⋯⟩ = (Fin.succ 2).succ then 17 / 16 else 0) - 1 / 2 * 1 ⟨2, ⋯⟩ (Fin.succ 0).succ.succ.succ) *
              (127 / 128 * 1 (Fin.succ 0).succ.succ.succ ⟨5, ⋯⟩)) +
          -(17 / 16 *
                ((if ⟨2, ⋯⟩ = (Fin.succ 2).succ.succ then 17 / 16 else 0) -
                  1 / 2 * 1 ⟨2, ⋯⟩ (Fin.succ 0).succ.succ.succ.succ) *
              (127 / 128 * 1 (Fin.succ 0).succ.succ.succ.succ ⟨5, ⋯⟩)))) =
    0
/private/tmp/nla-lean-ra08-worktree/randomized-and-low-rank-approximation/RA-08/lean/NLA/RA08/Polynomial.lean:73:21: error: #assert_trust: 'NLA.RA08.matrixK_cfc' depends on sorry or unrecognized axioms
  foundational: propext, Classical.choice, Quot.sound
  sorryAx: sorryAx
/private/tmp/nla-lean-ra08-worktree/randomized-and-low-rank-approximation/RA-08/lean/NLA/RA08/Polynomial.lean:74:21: error: #assert_trust: 'NLA.RA08.minorant_cfc' depends on sorry or unrecognized axioms
  foundational: propext, Classical.choice, Quot.sound
  sorryAx: sorryAx
/private/tmp/nla-lean-ra08-worktree/randomized-and-low-rank-approximation/RA-08/lean/NLA/RA08/Polynomial.lean:75:21: error: #assert_trust: 'NLA.RA08.matrixK_symmetric' depends on sorry or unrecognized axioms
  foundational: propext, Classical.choice, Quot.sound
  sorryAx: sorryAx
/private/tmp/nla-lean-ra08-worktree/randomized-and-low-rank-approximation/RA-08/lean/NLA/RA08/Polynomial.lean:76:21: error: #assert_trust: 'NLA.RA08.approximation_cfc' depends on sorry or unrecognized axioms
  foundational: propext, Classical.choice, Quot.sound
  sorryAx: sorryAx
'NLA.RA08.matrixK_cfc' depends on axioms: [propext, sorryAx, Classical.choice, Quot.sound]
'NLA.RA08.minorant_cfc' depends on axioms: [propext, sorryAx, Classical.choice, Quot.sound]
'NLA.RA08.matrixK_symmetric' depends on axioms: [propext, sorryAx, Classical.choice, Quot.sound]
'NLA.RA08.approximation_cfc' depends on axioms: [propext, sorryAx, Classical.choice, Quot.sound]
