$ systemd-run --user --quiet --wait --pipe --collect -p 'RestrictAddressFamilies=~AF_UNIX' --working-directory /home/runner/work/_temp/nla-lean-tools/.verification-tmp/nla-fresh-proof-_mievtza/project /usr/bin/env -i PATH=/home/runner/.elan/toolchains/leanprover--lean4---v4.33.1/bin:/home/runner/.elan/bin:/home/runner/go/bin:/opt/hostedtoolcache/go/1.27.1/x64/bin:/snap/bin:/home/runner/.local/bin:/opt/pipx_bin:/home/runner/.cargo/bin:/home/runner/.config/composer/vendor/bin:/usr/local/.ghcup/bin:/home/runner/.dotnet/tools:/usr/local/sbin:/usr/local/bin:/usr/sbin:/usr/bin:/sbin:/bin:/usr/games:/usr/local/games:/snap/bin HOME=/home/runner LANG=C.UTF-8 XDG_RUNTIME_DIR=/run/user/1001 DBUS_SESSION_BUS_ADDRESS=unix:path=/run/user/1001/bus GIT_TERMINAL_PROMPT=0 GIT_CONFIG_NOSYSTEM=1 GIT_CONFIG_GLOBAL=/dev/null COMPARATOR_BIN=/home/runner/work/_temp/nla-lean-tools/.tools/comparator/.lake/build/bin/comparator COMPARATOR_LEAN4EXPORT=/home/runner/work/_temp/nla-lean-tools/.tools/lean4export/.lake/build/bin/lean4export COMPARATOR_LANDRUN=/home/runner/work/_temp/nla-lean-tools/scripts/strict_landrun.py XDG_CACHE_HOME=/home/runner/work/_temp/nla-lean-tools/.tools/cache TMPDIR=/home/runner/work/_temp/nla-lean-tools/.verification-tmp lake env /home/runner/work/_temp/nla-lean-tools/.tools/comparator/.lake/build/bin/comparator comparator.json
Building Challenge
✔ [8706/8708] Built NLA.IV03.Definitions (4.4s)
⚠ [8707/8708] Built Challenge (3.0s)
warning: Challenge.lean:8:8: declaration uses `sorry`
warning: Challenge.lean:12:8: declaration uses `sorry`
warning: Challenge.lean:16:8: declaration uses `sorry`
warning: Challenge.lean:21:8: declaration uses `sorry`
Build completed successfully (8708 jobs).
Exporting #[Quot, Quot.mk, Quot.lift, Quot.ind, NLA.IV03.vertex_formula, NLA.IV03.vertices_admissible, NLA.IV03.nSquaredCriterion, NLA.IV03.twoSignCriterion, propext, Classical.choice, Quot.sound, Nat.add, Nat.sub, Nat.mul, Nat.pow, Nat.gcd, Nat.div, Nat.mod, Nat.beq, Nat.ble, Nat.land, Nat.lor, Nat.xor, Nat.shiftLeft, Nat.shiftRight, String.ofList, Char.ofNat, List, eagerReduce, Nat, String, String.mk, Char, optParam, autoParam, semiOutParam, outParam] from Challenge
Building Solution
✔ [8707/8743] Built LeanCert.Core.Interval (4.0s)
✔ [8708/8743] Built LeanCert.Core.DerivativeIntervals (4.0s)
✔ [8709/8744] Built LeanCert.Core.Expr (6.8s)
✔ [8710/8744] Built NLA.IV03.Proof (11s)
✔ [8711/8744] Built LeanCert.Core.Taylor (11s)
✔ [8712/8746] Built LeanCert.Core.IntervalRat.LogReduction (9.1s)
✔ [8713/8746] Built LeanCert.Core.IntervalRat.Basic (11s)
✔ [8714/8747] Built LeanCert.Core.Support (5.6s)
✔ [8715/8747] Built LeanCert.Meta.Numeral (4.3s)
✔ [8716/8747] Built LeanCert.Engine.Eval.Result (3.4s)
⚠ [8717/8747] Built NLA.IV03.Principal (8.6s)
warning: NLA/IV03/Principal.lean:31:2: Try this: 
  letI̵

The goal is a proposition, so `let` is preferred over `letI`.
The difference between `let` and `letI` is that `letI` inlines the value.
But this is not relevant for proofs because of proof irrelevance.

Note: This linter can be disabled with `set_option linter.style.haveILetI false`
warning: NLA/IV03/Principal.lean:32:2: Try this: 
  letI̵

The goal is a proposition, so `let` is preferred over `letI`.
The difference between `let` and `letI` is that `letI` inlines the value.
But this is not relevant for proofs because of proof irrelevance.

Note: This linter can be disabled with `set_option linter.style.haveILetI false`
warning: NLA/IV03/Principal.lean:33:2: Try this: 
  letI̵

The goal is a proposition, so `let` is preferred over `letI`.
The difference between `let` and `letI` is that `letI` inlines the value.
But this is not relevant for proofs because of proof irrelevance.

Note: This linter can be disabled with `set_option linter.style.haveILetI false`
warning: NLA/IV03/Principal.lean:111:2: Try this: 
  letI̵

The goal is a proposition, so `let` is preferred over `letI`.
The difference between `let` and `letI` is that `letI` inlines the value.
But this is not relevant for proofs because of proof irrelevance.

Note: This linter can be disabled with `set_option linter.style.haveILetI false`
warning: NLA/IV03/Principal.lean:112:2: Try this: 
  letI̵

The goal is a proposition, so `let` is preferred over `letI`.
The difference between `let` and `letI` is that `letI` inlines the value.
But this is not relevant for proofs because of proof irrelevance.

Note: This linter can be disabled with `set_option linter.style.haveILetI false`
warning: NLA/IV03/Principal.lean:113:2: Try this: 
  letI̵

The goal is a proposition, so `let` is preferred over `letI`.
The difference between `let` and `letI` is that `letI` inlines the value.
But this is not relevant for proofs because of proof irrelevance.

Note: This linter can be disabled with `set_option linter.style.haveILetI false`
✔ [8718/8747] Built LeanCert.Core.TrigReduction (4.9s)
⚠ [8719/8750] Built NLA.IV03.Vertices (9.3s)
warning: NLA/IV03/Vertices.lean:46:16: Used `tac1 <;> tac2` where `(tac1; tac2)` would suffice

Note: This linter can be disabled with `set_option linter.unnecessarySeqFocus false`
✔ [8720/8750] Built LeanCert.Tactic.IntervalAuto.Extract (5.2s)
✔ [8721/8750] Built LeanCert.Tactic.IntervalAuto.Types (6.3s)
✔ [8722/8750] Built LeanCert.Core.IntervalRat.Transcendental (8.7s)
✔ [8723/8751] Built LeanCert.Meta.ToExpr (9.9s)
✔ [8724/8751] Built LeanCert.Contrib.Sinc (7.4s)
⚠ [8725/8751] Built NLA.IV03.Complementary (11s)
warning: NLA/IV03/Complementary.lean:28:2: Try this: 
  letI̵

The goal is a proposition, so `let` is preferred over `letI`.
The difference between `let` and `letI` is that `letI` inlines the value.
But this is not relevant for proofs because of proof irrelevance.

Note: This linter can be disabled with `set_option linter.style.haveILetI false`
warning: NLA/IV03/Complementary.lean:29:2: Try this: 
  letI̵

The goal is a proposition, so `let` is preferred over `letI`.
The difference between `let` and `letI` is that `letI` inlines the value.
But this is not relevant for proofs because of proof irrelevance.

Note: This linter can be disabled with `set_option linter.style.haveILetI false`
warning: NLA/IV03/Complementary.lean:30:2: Try this: 
  letI̵

The goal is a proposition, so `let` is preferred over `letI`.
The difference between `let` and `letI` is that `letI` inlines the value.
But this is not relevant for proofs because of proof irrelevance.

Note: This linter can be disabled with `set_option linter.style.haveILetI false`
✔ [8726/8751] Built LeanCert.Tactic.IntervalAuto.Norm (4.7s)
✔ [8727/8758] Built LeanCert.Core.IntervalRat.Taylor (26s)
✔ [8728/8762] Built LeanCert.Tactic.IntervalAuto.Parse (6.0s)
✔ [8729/8762] Built LeanCert.Core.Dyadic (5.3s)
✔ [8730/8762] Built LeanCert.Core.IntervalReal (4.2s)
✔ [8731/8762] Built LeanCert.Tactic.Verification (4.8s)
✔ [8732/8763] Built LeanCert.Core.IntervalRat.TrigReduced (3.8s)
✔ [8733/8763] Built LeanCert.Tactic.LeanCert.Bridge.Environment (2.8s)
⚠ [8734/8763] Built NLA.IV03.Adjugate (12s)
warning: NLA/IV03/Adjugate.lean:33:25: This simp argument is unused:
  Matrix.head_cons

Hint: Omit it from the simp argument list.
  [apply] simp only [Matrix.det_fin_two, Matrix.submatrix_apply, Matrix.cons_val_zero, Matrix.cons_val_one] at h₁ h₂ h₃

Note: This linter can be disabled with `set_option linter.unusedSimpArgs false`
✔ [8735/8763] Built LeanCert.Tactic.IntervalAuto.Diagnostic (3.5s)
✔ [8736/8763] Built LeanCert.Tactic.NumericalRefinement (705ms)
✔ [8737/8763] Built LeanCert.Core.IntervalRealEndpoints (5.5s)
✔ [8738/8779] Built LeanCert.Tactic.LeanCert.Normalize (5.4s)
✔ [8740/8804] Built LeanCert.Core.IntervalDyadic (9.6s)
⚠ [8741/8804] Built NLA.IV03.Cofactor (9.4s)
warning: NLA/IV03/Cofactor.lean:29:2: Try this: 
  letI̵

The goal is a proposition, so `let` is preferred over `letI`.
The difference between `let` and `letI` is that `letI` inlines the value.
But this is not relevant for proofs because of proof irrelevance.

Note: This linter can be disabled with `set_option linter.style.haveILetI false`
warning: NLA/IV03/Cofactor.lean:24:67: This simp argument is unused:
  Pi.single_apply

Hint: Omit it from the simp argument list.
  [apply] simp [P', Q', Matrix.updateRow_apply, Matrix.fromBlocks]

Note: This linter can be disabled with `set_option linter.unusedSimpArgs false`
warning: NLA/IV03/Cofactor.lean:26:67: This simp argument is unused:
  Pi.single_apply

Hint: Omit it from the simp argument list.
  [apply] simp [P', Q', Matrix.updateRow_apply, Matrix.fromBlocks]

Note: This linter can be disabled with `set_option linter.unusedSimpArgs false`
warning: NLA/IV03/Cofactor.lean:28:57: This simp argument is unused:
  Pi.single_apply

Hint: Omit it from the simp argument list.
  [apply] simp [Matrix.updateRow_apply, Matrix.fromBlocks]

Note: This linter can be disabled with `set_option linter.unusedSimpArgs false`
✔ [8742/8804] Built LeanCert.Engine.Affine.Basic (9.0s)
✔ [8743/8804] Built LeanCert.Engine.Eval.Core (10s)
✔ [8744/8804] Built NLA.IV03.Monotonicity (7.7s)
✔ [8745/8804] Built LeanCert.Engine.Eval.Extended (4.7s)
✔ [8746/8804] Built LeanCert.Engine.Affine.Nonlinear (4.0s)
✔ [8747/8804] Built LeanCert.Engine.Bounds.Lemmas (2.2s)
✔ [8748/8804] Built NLA.IV03.IntervalStructure (5.4s)
✔ [8749/8804] Built LeanCert.Engine.IntervalEval (1.9s)
✔ [8750/8804] Built LeanCert.Validity.Bounds.Checked (3.2s)
✔ [8751/8804] Built LeanCert.Validity.Bounds.Core (3.3s)
✔ [8752/8804] Built LeanCert.Engine.Affine.Transcendental (4.0s)
✔ [8753/8804] Built LeanCert.Engine.Optimization.Box (4.1s)
✔ [8754/8804] Built NLA.IV03.SchurInterval (9.1s)
✔ [8755/8804] Built LeanCert.Engine.RootFinding.Basic (6.2s)
✔ [8756/8804] Built LeanCert.Engine.IntervalEvalDyadic (9.7s)
✔ [8757/8804] Built LeanCert.Engine.AD.Basic (5.4s)
✔ [8758/8804] Built LeanCert.Engine.Integrate (9.1s)
✔ [8759/8804] Built LeanCert.Engine.TaylorModel.Core (12s)
✔ [8760/8804] Built LeanCert.Engine.IntervalEvalAffine (7.5s)
✔ [8761/8804] Built LeanCert.Engine.RootFinding.Bisection (6.9s)
✔ [8762/8804] Built LeanCert.Validity.DyadicBounds (4.1s)
✔ [8763/8804] Built NLA.IV03.IntervalAdjugate (9.9s)
✔ [8764/8804] Built LeanCert.Engine.TaylorModel.Integral (4.2s)
✔ [8765/8804] Built LeanCert.Engine.AD.Transcendental (5.5s)
✔ [8766/8804] Built LeanCert.Engine.TaylorModel.Special (3.4s)
✔ [8767/8804] Built LeanCert.Engine.Affine.Environment (8.8s)
✔ [8768/8804] Built LeanCert.Engine.TaylorModel.ExpLog (12s)
✔ [8769/8804] Built LeanCert.Engine.TaylorModel.Hyperbolic (17s)
✔ [8770/8804] Built LeanCert.Engine.TaylorModel.Trig (14s)
✔ [8771/8804] Built LeanCert.Engine.AD.Eval (3.2s)
✔ [8772/8804] Built NLA.IV03.IntervalInduction (7.0s)
✔ [8773/8804] Built LeanCert.Engine.TaylorModel.Functions (2.1s)
✔ [8774/8804] Built LeanCert.Engine.AD.Correctness (2.0s)
✔ [8775/8804] Built LeanCert.Engine.TaylorModel.Expr (4.0s)
✔ [8776/8804] Built LeanCert.Engine.AD.Computable (4.7s)
✔ [8777/8804] Built LeanCert.Engine.TaylorModel (2.9s)
✔ [8778/8804] Built LeanCert.Engine.AD.PartialCorrectness (6.0s)
✔ [8779/8804] Built LeanCert.Engine.AD.DomainChecked (2.9s)
✔ [8780/8804] Built LeanCert.Engine.AD.Dyadic (3.1s)
✔ [8781/8804] Built LeanCert.Engine.AD (1.8s)
✔ [8782/8804] Built LeanCert.Validity.Bounds.Smart (4.4s)
✔ [8783/8804] Built LeanCert.Meta.ProveSupported (5.0s)
✔ [8784/8804] Built LeanCert.Engine.IntervalEvalRefined (5.2s)
✔ [8785/8804] Built LeanCert.Engine.Optimize (7.6s)
✔ [8786/8804] Built LeanCert.Validity.Bounds.Bridge (4.0s)
✔ [8787/8804] Built LeanCert.Meta.ProveContinuous (5.8s)
✔ [8788/8804] Built LeanCert.Tactic.IntervalAuto.ProveCommon (7.1s)
✔ [8789/8804] Built LeanCert.Engine.RootFinding.Newton (6.5s)
✔ [8790/8804] Built LeanCert.Validity.Bounds.Basic (3.0s)
✔ [8791/8804] Built LeanCert.Engine.Optimization.Gradient (7.8s)
✔ [8792/8804] Built LeanCert.Tactic.IntervalAuto.Basic (4.1s)
✔ [8793/8804] Built LeanCert.Validity.Integration (9.1s)
✔ [8794/8804] Built LeanCert.Engine.RootFinding.MVTBounds (11s)
✔ [8795/8804] Built LeanCert.Engine.RootFinding.Krawczyk (10s)
✔ [8796/8804] Built LeanCert.Engine.RootFinding.Contraction (7.5s)
✔ [8797/8804] Built LeanCert.Engine.RootFinding.Main (2.1s)
✔ [8798/8804] Built LeanCert.Engine.Optimization.Global (23s)
✔ [8799/8804] Built LeanCert.Engine.Optimization.BoundVerify (2.7s)
✔ [8800/8804] Built LeanCert.Validity.Bounds (5.1s)
✔ [8801/8804] Built LeanCert.Tactic.IntervalAuto.Bound (13s)
✔ [8802/8804] Built LeanCert.Tactic.IntervalAuto.PointIneq (7.1s)
ℹ [8803/8804] Built Solution (4.2s)
info: Solution.lean:45:0: 'NLA.IV03.vertex_formula' depends on axioms: [propext, Classical.choice, Quot.sound]
info: Solution.lean:46:0: 'NLA.IV03.vertices_admissible' depends on axioms: [propext, Classical.choice, Quot.sound]
info: Solution.lean:47:0: 'NLA.IV03.nSquaredCriterion' depends on axioms: [propext, Classical.choice, Quot.sound]
info: Solution.lean:48:0: 'NLA.IV03.twoSignCriterion' depends on axioms: [propext, Classical.choice, Quot.sound]
Build completed successfully (8804 jobs).
Exporting #[Quot, Quot.mk, Quot.lift, Quot.ind, NLA.IV03.vertex_formula, NLA.IV03.vertices_admissible, NLA.IV03.nSquaredCriterion, NLA.IV03.twoSignCriterion, propext, Classical.choice, Quot.sound, Nat.add, Nat.sub, Nat.mul, Nat.pow, Nat.gcd, Nat.div, Nat.mod, Nat.beq, Nat.ble, Nat.land, Nat.lor, Nat.xor, Nat.shiftLeft, Nat.shiftRight, String.ofList, Char.ofNat, List, eagerReduce, Nat, String, String.mk, Char, optParam, autoParam, semiOutParam, outParam] from Solution
Running Lean default kernel on solution.
Lean default kernel accepts the solution
Your solution is okay!

EXIT_STATUS=0
