✔ [3636/3683] Built LeanCert.Tactic.LeanCert.Semantic.Domain (16s)
✔ [3637/3683] Built LeanCert.Tactic.VecUtil (17s)
✔ [3638/3683] Built LeanCert.Tactic.BridgeNative (17s)
✔ [3639/3683] Built LeanCert.Tactic.LeanCert.Config (16s)
✔ [3640/3683] Built LeanCert.Engine.FloatEval (33s)
✔ [3641/3683] Built LeanCert.Engine.Search.CounterExample (34s)
✔ [3642/3683] Built LeanCert.Validity.Krawczyk (33s)
✔ [3643/3683] Built LeanCert.Tactic.Extension.Protocol (33s)
✔ [3644/3683] Built LeanCert.Engine.RootFinding.KrawczykCandidate (34s)
✔ [3645/3683] Built LeanCert.Validity.Types (34s)
✔ [3646/3683] Built LeanCert.Engine.Algebra.QPoly (34s)
✔ [3647/3683] Built LeanCert.Engine.FinSumDyadic (35s)
✔ [3648/3683] Built LeanCert.Tactic.VecSimp (18s)
✔ [3649/3683] Built LeanCert.Tactic.LeanCert.Semantic.Goal (18s)
✔ [3650/3683] Built LeanCert.Validity.Eventual (35s)
✔ [3651/3683] Built LeanCert.Tactic.FinsetParse (37s)
✔ [3652/3683] Built LeanCert.Tactic.LeanCert.Bridge.ReifiedFunction (36s)
✔ [3653/3683] Built LeanCert.Tactic.FinSumExpand (25s)
✔ [3654/3683] Built LeanCert.Tactic.LeanCert.Semantic.Parse.Comparison (17s)
✔ [3655/3683] Built LeanCert.Engine.Search.Heuristic (36s)
✔ [3656/3683] Built LeanCert.Tactic.Extension.Registry (36s)
✔ [3657/3683] Built LeanCert.Engine.Algebra.QPolyIntegral (37s)
✔ [3658/3683] Built LeanCert.Engine.WitnessSum (37s)
✔ [3659/3683] Built LeanCert.Tactic.Refute (45s)
✔ [3660/3683] Built LeanCert.Discovery.Find (44s)
✔ [3661/3683] Built LeanCert.Tactic.LeanCert.Diagnostic.Evidence (43s)
✔ [3662/3683] Built LeanCert.Tactic.EventualBound (50s)
✔ [3663/3683] Built LeanCert.Tactic.LeanCert.Semantic.Parse.Bound (40s)
✔ [3664/3683] Built LeanCert.Tactic.Extension.Command (28s)
✔ [3665/3683] Built LeanCert.Engine.Optimization.Guided (29s)
✔ [3666/3683] Built LeanCert.Tactic.LeanCert.Semantic.Prepare (32s)
✔ [3667/3683] Built LeanCert.Tactic.FinSumWitness (33s)
✔ [3668/3683] Built LeanCert.Tactic.LeanCert.Integral (36s)
✔ [3669/3683] Built LeanCert.Tactic.Extension (23s)
✔ [3670/3683] Built LeanCert.Tactic.LeanCert.Solver.Protocol (28s)
✔ [3671/3683] Built LeanCert.Tactic.Extension.Execute (29s)
✔ [3672/3683] Built LeanCert.Tactic.Discovery (33s)
✔ [3673/3683] Built LeanCert.Tactic.FinSumBound (28s)
✔ [3674/3683] Built LeanCert.Tactic.LeanCert.Diagnostic.Render (4.2s)
✔ [3675/3683] Built LeanCert.Tactic.Enclosure (3.9s)
✔ [3676/3683] Built LeanCert.Tactic.LeanCert.Semantic.Parse (3.8s)
✔ [3677/3683] Built LeanCert.Tactic.Krawczyk (3.2s)
✔ [3678/3683] Built LeanCert.Tactic.LeanCert.Router (7.6s)
✔ [3679/3683] Built LeanCert.Tactic.LeanCert (6.5s)
✔ [3680/3683] Built LeanCert.Tactic (6.4s)
ℹ [3681/3683] Built NLA.IE18.Proof (8.7s)
info: NLA/IE18/Proof.lean:257:0: 'NLA.IE18.strict_scalar_gap' depends on axioms: [propext, Classical.choice, Quot.sound]
info: NLA/IE18/Proof.lean:259:0: 'NLA.IE18.residual_certificate_proved' depends on axioms: [propext, Classical.choice, Quot.sound]
info: NLA/IE18/Proof.lean:261:0: 'NLA.IE18.actual_pairMaximum' depends on axioms: [propext, Classical.choice, Quot.sound]
info: NLA/IE18/Proof.lean:263:0: 'NLA.IE18.counterexample_proved' depends on axioms: [propext, Classical.choice, Quot.sound]
info: NLA/IE18/Proof.lean:265:0: 'NLA.IE18.not_fourStepConjecture_proved' depends on axioms: [propext, Classical.choice, Quot.sound]
ℹ [3682/3683] Built Solution (10s)
info: Solution.lean:44:0: 'NLA.IE18.residual_certificate' depends on axioms: [propext, Classical.choice, Quot.sound]
info: Solution.lean:46:0: 'NLA.IE18.counterexample' depends on axioms: [propext, Classical.choice, Quot.sound]
info: Solution.lean:48:0: 'NLA.IE18.not_fourStepConjecture' depends on axioms: [propext, Classical.choice, Quot.sound]
Build completed successfully (3683 jobs).
