{
  "status": "FINAL_SUPPLEMENTAL_AND_PRIVACY_PASS",
  "fourteen_whitespace_exception_hashes": {
    "randomized-and-low-rank-approximation/RA-20/lean/reviews/final-referee-1-evidence/attempt-06/lean.log": "3204984acbb389dce15d3d04fbaf4f78168139ab1e97c0128f35d7a037312ae8",
    "randomized-and-low-rank-approximation/RA-20/lean/reviews/final-referee-2-evidence/command-043/raw.log": "3204984acbb389dce15d3d04fbaf4f78168139ab1e97c0128f35d7a037312ae8",
    "randomized-and-low-rank-approximation/RA-20/lean/verification/candidate-packaging-referee-2026-09-13/command-01/raw.log": "c3f4e740305ff07c2bb58e9136dd6fee1c60e2c2d4a92d2f2647adac976912e7",
    "randomized-and-low-rank-approximation/RA-20/lean/verification/conclusion-development/attempt-006/lean.log": "3204984acbb389dce15d3d04fbaf4f78168139ab1e97c0128f35d7a037312ae8",
    "randomized-and-low-rank-approximation/RA-20/lean/verification/critical-development/attempt-xqo7jh7s/NLA-RA20-Differential.lean.log": "902491bcd9c09ad9f2b669d84ff46840494b9c93e10fb6f2dc94d25adae7a0dd",
    "randomized-and-low-rank-approximation/RA-20/lean/verification/critical-development/final-f7_nxk8d/NLA-RA20-Differential.lean.log": "902491bcd9c09ad9f2b669d84ff46840494b9c93e10fb6f2dc94d25adae7a0dd",
    "randomized-and-low-rank-approximation/RA-20/lean/verification/differential-development/attempt-002/compile.log": "6427953be09d68db50cada20dd39748994e0c328bf713a895caa90e5145e61f9",
    "randomized-and-low-rank-approximation/RA-20/lean/verification/differential-development/attempt-005/compile.log": "902491bcd9c09ad9f2b669d84ff46840494b9c93e10fb6f2dc94d25adae7a0dd",
    "randomized-and-low-rank-approximation/RA-20/lean/verification/differential-development/inspector-runner-stdout.log": "3b4798693fabe4c70398bb5100b5462671545b2e8badb669704b70595bb78619",
    "randomized-and-low-rank-approximation/RA-20/lean/verification/generic-development/inspection-runner-stdout.log": "31c8ffdb63290d6ed3450708f5c60d4eb8f2417727930ca063f13bf79db35113",
    "randomized-and-low-rank-approximation/RA-20/lean/verification/original-sources/randomized-and-low-rank-approximation/RA-20/README.md": "c3f4e740305ff07c2bb58e9136dd6fee1c60e2c2d4a92d2f2647adac976912e7",
    "randomized-and-low-rank-approximation/RA-20/lean/verification/smooth-development/attempt-8ls8viy7/NLA-RA20-Smooth.lean.log": "883aa850a55e237c34ce415558e4af153a2fdee4e4a323059388014658b8de5b",
    "randomized-and-low-rank-approximation/RA-20/lean/verification/root-candidate-2026-09-13/initial-preflight-diagnostic/subsequent-staged-whitespace.stdout.log": "41d7fafcbae9da292b7c9ff41a3705be600391df5d62fa9e65512ce122dc4bb7",
    "randomized-and-low-rank-approximation/RA-20/lean/verification/root-candidate-2026-09-13/git-diff-check-initial.log": "41d7fafcbae9da292b7c9ff41a3705be600391df5d62fa9e65512ce122dc4bb7"
  },
  "candidate_Git_ID_checker_sha256": "c9506baa9605cfad49bf1cf138ed592479983ee98b03dde43494dac26bccc5e8",
  "private_email_addresses_added": 0,
  "unrecognized_address_shaped_tokens": 0,
  "exact_non_address_forms_allowed": 4,
  "scanned_review_files": 470,
  "scanned_archive_members": 422
}
